**********************
Windows PowerShell transcript start
Start time: 20171013092004
Username: DESKTOP-TBE27PS\lukas
RunAs User: DESKTOP-TBE27PS\lukas
Configuration Name: 
Machine: DESKTOP-TBE27PS (Microsoft Windows NT 10.0.17004.0)
Host Application: C:\Windows\System32\WindowsPowerShell\v1.0\powershell_ise.exe
Process ID: 9952
PSVersion: 5.1.17004.1000
PSEdition: Desktop
PSCompatibleVersions: 1.0, 2.0, 3.0, 4.0, 5.0, 5.1.17004.1000
BuildVersion: 10.0.17004.1000
CLRVersion: 4.0.30319.42000
WSManStackVersion: 3.0
PSRemotingProtocolVersion: 2.3
SerializationVersion: 1.1.0.1
**********************
PS C:\WINDOWS\system32> ParameterBinding(Trace-SteroidsOutput): name="InputObject"; value="Transcript started, output file is D:\SICZ\avas\AVAS_2017_10_13.log"
Transcript started, output file is D:\SICZ\avas\AVAS_2017_10_13.log
PS C:\WINDOWS\system32> ParameterBinding(Trace-SteroidsOutput): name="InputObject"; value="Transcript started, output file is ./transcript2017-10-13-09-20-04.txt"
Transcript started, output file is ./transcript2017-10-13-09-20-04.txt
10/13/2017 09:20:04 - Nacitani json konfiguracniho souboru
PS C:\WINDOWS\system32> TerminatingError(Get-Content): "Cannot bind argument to parameter 'Path' because it is an empty string."
Get-Content : Cannot bind argument to parameter 'Path' because it is an empty string.
At D:\SICZ\avas\avas.ps1:38 char:60
+ $inputdata                                   = Get-Content $inputfile
+                                                            ~~~~~~~~~~
    + CategoryInfo          : InvalidData: (:) [Get-Content], ParameterBindingValidationException
    + FullyQualifiedErrorId : ParameterArgumentValidationErrorEmptyStringNotAllowed,Microsoft.PowerShell.Commands.GetCon
tentCommand
>> ParameterBinding(Trace-SteroidsOutput): name="InputObject"; value="Cannot bind argument to parameter 'Path' because it is an empty string."
Get-Content : Cannot bind argument to parameter 'Path' because it is an empty string.
At D:\SICZ\avas\avas.ps1:38 char:60
+ $inputdata                                   = Get-Content $inputfile
+                                                            ~~~~~~~~~~
    + CategoryInfo          : InvalidData: (:) [Get-Content], ParameterBindingValidationException
    + FullyQualifiedErrorId : ParameterArgumentValidationErrorEmptyStringNotAllowed,Microsoft.PowerShell.Commands.GetContentCommand

PS C:\WINDOWS\system32> ParameterBinding(Trace-SteroidsOutput): name="InputObject"; value="Transcript started, output file is D:\SICZ\avas/debug-2017-10-13-09-20-15.log"
Transcript started, output file is D:\SICZ\avas/debug-2017-10-13-09-20-15.log
-message pokracuji ve zpracovani
spoustim test app diff
PS C:\WINDOWS\system32> ParameterBinding(Trace-SteroidsOutput): name="InputObject"; value="@{DisplayName=Dell SupportAssist; DisplayVersion=2.0.6875.668; Publisher=Dell}"

>> ParameterBinding(Trace-SteroidsOutput): name="InputObject"; value="@{DisplayName=Total Commander 64-bit (Remove or Repair); DisplayVersion=9.0a; Publisher=Ghisler Software GmbH}"
spoustim test services diff
PS C:\WINDOWS\system32> ParameterBinding(Trace-SteroidsOutput): name="InputObject"; value="@{DisplayName=Background Intelligent Transfer Service; StartType=3}"
>> ParameterBinding(Trace-SteroidsOutput): name="InputObject"; value="@{DisplayName=Offline Files; StartType=2}"
>> ParameterBinding(Trace-SteroidsOutput): name="InputObject"; value="@{DisplayName=Connected User Experiences and Telemetry; StartType=2}"
>> ParameterBinding(Trace-SteroidsOutput): name="InputObject"; value="@{DisplayName=Diagnostic Policy Service; StartType=2}"
>> ParameterBinding(Trace-SteroidsOutput): name="InputObject"; value="@{DisplayName=File History Service; StartType=2}"
>> ParameterBinding(Trace-SteroidsOutput): name="InputObject"; value="@{DisplayName=IKE and AuthIP IPsec Keying Modules; StartType=2}"
>> ParameterBinding(Trace-SteroidsOutput): name="InputObject"; value="@{DisplayName=Geolocation Service; StartType=3}"
>> ParameterBinding(Trace-SteroidsOutput): name="InputObject"; value="@{DisplayName=Net.Tcp Port Sharing Service; StartType=4}"
>> ParameterBinding(Trace-SteroidsOutput): name="InputObject"; value="@{DisplayName=Remote Access Connection Manager; StartType=2}"
>> ParameterBinding(Trace-SteroidsOutput): name="InputObject"; value="@{DisplayName=Routing and Remote Access; StartType=4}"
>> ParameterBinding(Trace-SteroidsOutput): name="InputObject"; value="@{DisplayName=Shell Hardware Detection; StartType=2}"
>> ParameterBinding(Trace-SteroidsOutput): name="InputObject"; value="@{DisplayName=Shared PC Account Manager; StartType=4}"
>> ParameterBinding(Trace-SteroidsOutput): name="InputObject"; value="@{DisplayName=Windows Image Acquisition (WIA); StartType=2}"
>> ParameterBinding(Trace-SteroidsOutput): name="InputObject"; value="@{DisplayName=Touch Keyboard and Handwriting Panel Service; StartType=4}"
>> ParameterBinding(Trace-SteroidsOutput): name="InputObject"; value="@{DisplayName=Themes; StartType=2}"
>> ParameterBinding(Trace-SteroidsOutput): name="InputObject"; value="@{DisplayName=Auto Time Zone Updater; StartType=4}"
>> ParameterBinding(Trace-SteroidsOutput): name="InputObject"; value="@{DisplayName=Windows Time; StartType=3}"
>> ParameterBinding(Trace-SteroidsOutput): name="InputObject"; value="@{DisplayName=Windows Event Collector; StartType=2}"
>> ParameterBinding(Trace-SteroidsOutput): name="InputObject"; value="@{DisplayName=Windows Defender Antivirus Service; StartType=3}"
>> ParameterBinding(Trace-SteroidsOutput): name="InputObject"; value="@{DisplayName=Windows Remote Management (WS-Management); StartType=3}"
spoustim test scheduled tasks diff
spoustim test hotfix diff
PS C:\WINDOWS\system32> ParameterBinding(Trace-SteroidsOutput): name="InputObject"; value="
InputObject     SideIndicator
-----------     -------------
DESKTOP-TBE27PS =>           
MICA            <=           


"
DisplayName                                  DisplayVersion Publisher
-----------                                  -------------- ---------
Dell SupportAssist                           2.0.6875.668   Dell
Total Commander 64-bit (Remove or Repair)    9.0a           Ghisler Software GmbH
Background Intelligent Transfer Service
Offline Files
Connected User Experiences and Telemetry
Diagnostic Policy Service
File History Service
IKE and AuthIP IPsec Keying Modules
Geolocation Service
Net.Tcp Port Sharing Service
Remote Access Connection Manager
Routing and Remote Access
Shell Hardware Detection
Shared PC Account Manager
Windows Image Acquisition (WIA)
Touch Keyboard and Handwriting Panel Service
Themes
Auto Time Zone Updater
Windows Time
Windows Event Collector
Windows Defender Antivirus Service
Windows Remote Management (WS-Management)

InputObject     SideIndicator
-----------     -------------
DESKTOP-TBE27PS =>           
MICA            <=
PS C:\WINDOWS\system32> ParameterBinding(Trace-SteroidsOutput): name="InputObject"; value=""

PS C:\WINDOWS\system32> ParameterBinding(Trace-SteroidsOutput): name="InputObject"; value="@{WindowsBuildLabEx=15063.0.amd64fre.rs2_release.170317-1834; WindowsCurrentVersion=6.3; WindowsEditionId=Professional; WindowsInstallationType=Client; WindowsInstallDateFromRegistry=24.03.2017 19:35:51; WindowsProductId=00330-80000-00000-AA628; WindowsProductName=Windows 10 Pro; WindowsRegisteredOrganization=; WindowsRegisteredOwner=Windows User; WindowsSystemRoot=C:\WINDOWS; WindowsVersion=1703; BiosCharacteristics=System.Object[]; BiosBIOSVersion=System.Object[]; BiosBuildNumber=; BiosCaption=BIOS Date: 12/22/16 01:25:40 Ver: A20.00 ; BiosCodeSet=; BiosCurrentLanguage=en|US|iso8859-1; BiosDescription=BIOS Date: 12/22/16 01:25:40 Ver: A20.00 ; BiosEmbeddedControllerMajorVersion=255; BiosEmbeddedControllerMinorVersion=255; BiosFirmwareType=1; BiosIdentificationCode=; BiosInstallableLanguages=1; BiosInstallDate=; BiosLanguageEdition=; BiosListOfLanguages=System.Object[]; BiosManufacturer=Dell Inc.; BiosName=BIOS Date: 12/22/16 01:25:40 Ver: A20.00 ; BiosOtherTargetOS=; BiosPrimaryBIOS=True; BiosReleaseDate=22.12.2016 0:00:00; BiosSeralNumber=H0PMD12; BiosSMBIOSBIOSVersion=A20; BiosSMBIOSMajorVersion=2; BiosSMBIOSMinorVersion=7; BiosSMBIOSPresent=True; BiosSoftwareElementState=3; BiosStatus=OK; BiosSystemBiosMajorVersion=65; BiosSystemBiosMinorVersion=20; BiosTargetOperatingSystem=0; BiosVersion=DELL   - 1072009; CsAdminPasswordStatus=0; CsAutomaticManagedPagefile=False; CsAutomaticResetBootOption=True; CsAutomaticResetCapability=True; CsBootOptionOnLimit=; CsBootOptionOnWatchDog=; CsBootROMSupported=True; CsBootStatus=System.Object[]; CsBootupState=Normal boot; CsCaption=MICA; CsChassisBootupState=3; CsChassisSKUNumber=To be filled by O.E.M.; CsCurrentTimeZone=120; CsDaylightInEffect=True; CsDescription=AT/AT COMPATIBLE; CsDNSHostName=mica; CsDomain=WORKGROUP; CsDomainRole=0; CsEnableDaylightSavingsTime=True; CsFrontPanelResetStatus=0; CsHypervisorPresent=True; CsInfraredSupported=False; CsInitialLoadInfo=; CsInstallDate=; CsKeyboardPasswordStatus=0; CsLastLoadInfo=; CsManufacturer=Dell Inc.; CsModel=Latitude E7440; CsName=MICA; CsNetworkAdapters=System.Object[]; CsNetworkServerModeEnabled=True; CsNumberOfLogicalProcessors=4; CsNumberOfProcessors=1; CsProcessors=System.Object[]; CsOEMStringArray=System.Object[]; CsPartOfDomain=False; CsPauseAfterReset=-1; CsPCSystemType=2; CsPCSystemTypeEx=2; CsPowerManagementCapabilities=; CsPowerManagementSupported=; CsPowerOnPasswordStatus=0; CsPowerState=0; CsPowerSupplyState=3; CsPrimaryOwnerContact=; CsPrimaryOwnerName=Windows User; CsResetCapability=1; CsResetCount=-1; CsResetLimit=-1; CsRoles=System.Object[]; CsStatus=OK; CsSupportContactDescription=; CsSystemFamily=; CsSystemSKUNumber=05CB; CsSystemType=x64-based PC; CsThermalState=3; CsTotalPhysicalMemory=17080684544; CsPhyicallyInstalledMemory=16777216; CsUserName=MICA\caith; CsWakeUpType=6; CsWorkgroup=WORKGROUP; OsName=Microsoft Windows 10 Pro; OsType=18; OsOperatingSystemSKU=48; OsVersion=10.0.15063; OsCSDVersion=; OsBuildNumber=15063; OsHotFixes=System.Object[]; OsBootDevice=\Device\HarddiskVolume3; OsSystemDevice=\Device\HarddiskVolume2; OsSystemDirectory=C:\WINDOWS\system32; OsSystemDrive=C:; OsWindowsDirectory=C:\WINDOWS; OsCountryCode=420; OsCurrentTimeZone=120; OsLocaleID=0405; OsLocale=cs-CZ; OsLocalDateTime=07.09.2017 13:38:28; OsLastBootUpTime=05.09.2017 6:09:54; OsUptime=; OsBuildType=Multiprocessor Free; OsCodeSet=1250; OsDataExecutionPreventionAvailable=True; OsDataExecutionPrevention32BitApplications=True; OsDataExecutionPreventionDrivers=True; OsDataExecutionPreventionSupportPolicy=2; OsDebug=False; OsDistributed=False; OsEncryptionLevel=256; OsForegroundApplicationBoost=2; OsTotalVisibleMemorySize=16680356; OsFreePhysicalMemory=8156388; OsTotalVirtualMemorySize=34506148; OsFreeVirtualMemory=22165628; OsInUseVirtualMemory=12340520; OsTotalSwapSpaceSize=; OsSizeStoredInPagingFiles=17825792; OsFreeSpaceInPagingFiles=17698596; OsPagingFiles=System.Object[]; OsHardwareAbstractionLayer=10.0.15063.502; OsInstallDate=24.03.2017 20:35:51; OsManufacturer=Microsoft Corporation; OsMaxNumberOfProcesses=4294967295; OsMaxProcessMemorySize=137438953344; OsMuiLanguages=System.Object[]; OsNumberOfLicensedUsers=0; OsNumberOfProcesses=254; OsNumberOfUsers=2; OsOrganization=; OsArchitecture=64-bit; OsLanguage=en-US; OsProductSuites=System.Object[]; OsOtherTypeDescription=; OsPAEEnabled=; OsPortableOperatingSystem=False; OsPrimary=True; OsProductType=1; OsRegisteredUser=Windows User; OsSerialNumber=00330-80000-00000-AA628; OsServicePackMajorVersion=0; OsServicePackMinorVersion=0; OsStatus=OK; OsSuites=System.Object[]; OsServerLevel=; KeyboardLayout=00020405; TimeZone=(UTC+01:00) Belgrade, Bratislava, Budapest, Ljubljana, Prague; LogonServer=\\MICA; PowerPlatformRole=2; HyperVisorPresent=True; HyperVRequirementDataExecutionPreventionAvailable=; HyperVRequirementSecondLevelAddressTranslation=; HyperVRequirementVirtualizationFirmwareEnabled=; HyperVRequirementVMMonitorModeExtensions=; DeviceGuardSmartStatus=0; DeviceGuardRequiredSecurityProperties=; DeviceGuardAvailableSecurityProperties=; DeviceGuardSecurityServicesConfigured=; DeviceGuardSecurityServicesRunning=; DeviceGuardCodeIntegrityPolicyEnforcementStatus=; DeviceGuardUserModeCodeIntegrityPolicyEnforcementStatus=}"

PS C:\WINDOWS\system32> ParameterBinding(Trace-SteroidsOutput): name="InputObject"; value="@{Apps=System.Object[]; services=System.Object[]; scheduledtasks=; hotfix=; uwp=; Active_DC=; Allow_deviceclasses=; Allow_deviceids=; Application_log_length=18944000; Applocker=System.Object[]; BIOS=DELL   - 1072009 | BIOS Date: 12/22/16 01:25:40 Ver: A20.00 ; Bios_date=; Bitlocker=System.Object[]; Computerturen_root_certifikates=System.Object[]; ComputerName=MICA; Country=420; Date=; Default_locale=00000409; Deny_deviceclasses=; Deny_deviceids=; deny_UnspecifiedDevices=; Domain=; Domain_dhcp=sicz.local; Domain_tcp=; AV_MS_product=; AV_MS_residenton=; AV_MS_scanner_build=; AV_MS_scanner_version=; AV_MS_version=; rozdily=System.Object[]; hdd=System.Object[]; pcinfo=; Local_groups=System.Object[]}"



PS C:\WINDOWS\system32> CommandInvocation(Trace-SteroidsOutput): "Trace-SteroidsOutput"
PS C:\WINDOWS\system32> ParameterBinding(Trace-SteroidsOutput): name="InputObject"; value="The source name "AVAS" does not exist on computer "localhost"."
Write-EventLog : The source name "AVAS" does not exist on computer "localhost".
At D:\SICZ\avas\avas.ps1:10 char:1
+ Write-EventLog -LogName "Application" -Source "AVAS" -EventId 3001 -E ...
+ ~~~~~~~~~~~~~~~~~~~~~~~~~~~~~~~~~~~~~~~~~~~~~~~~~~~~~~~~~~~~~~~~~~~~~
    + CategoryInfo          : InvalidOperation: (:) [Write-EventLog], InvalidOperationException
    + FullyQualifiedErrorId : Microsoft.PowerShell.Commands.WriteEventLogCommand

PS C:\WINDOWS\system32> ParameterBinding(Trace-SteroidsOutput): name="InputObject"; value="Transcript started, output file is D:\SICZ\avas\AVAS_2017_10_13.log"
Transcript started, output file is D:\SICZ\avas\AVAS_2017_10_13.log
PS C:\WINDOWS\system32> ParameterBinding(Trace-SteroidsOutput): name="InputObject"; value="Transcript started, output file is ./transcript2017-10-13-09-20-21.txt"
Transcript started, output file is ./transcript2017-10-13-09-20-21.txt
10/13/2017 09:20:21 - Nacitani json konfiguracniho souboru
PS C:\WINDOWS\system32> TerminatingError(Get-Content): "Cannot bind argument to parameter 'Path' because it is an empty string."
Get-Content : Cannot bind argument to parameter 'Path' because it is an empty string.
At D:\SICZ\avas\avas.ps1:38 char:60
+ $inputdata                                   = Get-Content $inputfile
+                                                            ~~~~~~~~~~
    + CategoryInfo          : InvalidData: (:) [Get-Content], ParameterBindingValidationException
    + FullyQualifiedErrorId : ParameterArgumentValidationErrorEmptyStringNotAllowed,Microsoft.PowerShell.Commands.GetCon
tentCommand
>> ParameterBinding(Trace-SteroidsOutput): name="InputObject"; value="Cannot bind argument to parameter 'Path' because it is an empty string."
Get-Content : Cannot bind argument to parameter 'Path' because it is an empty string.
At D:\SICZ\avas\avas.ps1:38 char:60
+ $inputdata                                   = Get-Content $inputfile
+                                                            ~~~~~~~~~~
    + CategoryInfo          : InvalidData: (:) [Get-Content], ParameterBindingValidationException
    + FullyQualifiedErrorId : ParameterArgumentValidationErrorEmptyStringNotAllowed,Microsoft.PowerShell.Commands.GetContentCommand

PS C:\WINDOWS\system32> ParameterBinding(Trace-SteroidsOutput): name="InputObject"; value="Transcript started, output file is D:\SICZ\avas/debug-2017-10-13-09-20-31.log"
Transcript started, output file is D:\SICZ\avas/debug-2017-10-13-09-20-31.log
-message pokracuji ve zpracovani
spoustim test app diff
PS C:\WINDOWS\system32> ParameterBinding(Trace-SteroidsOutput): name="InputObject"; value="@{DisplayName=Dell SupportAssist; DisplayVersion=2.0.6875.668; Publisher=Dell}"

>> ParameterBinding(Trace-SteroidsOutput): name="InputObject"; value="@{DisplayName=Total Commander 64-bit (Remove or Repair); DisplayVersion=9.0a; Publisher=Ghisler Software GmbH}"
spoustim test services diff
PS C:\WINDOWS\system32> ParameterBinding(Trace-SteroidsOutput): name="InputObject"; value="@{DisplayName=Background Intelligent Transfer Service; StartType=3}"
>> ParameterBinding(Trace-SteroidsOutput): name="InputObject"; value="@{DisplayName=Offline Files; StartType=2}"
>> ParameterBinding(Trace-SteroidsOutput): name="InputObject"; value="@{DisplayName=Connected User Experiences and Telemetry; StartType=2}"
>> ParameterBinding(Trace-SteroidsOutput): name="InputObject"; value="@{DisplayName=Diagnostic Policy Service; StartType=2}"
>> ParameterBinding(Trace-SteroidsOutput): name="InputObject"; value="@{DisplayName=File History Service; StartType=2}"
>> ParameterBinding(Trace-SteroidsOutput): name="InputObject"; value="@{DisplayName=IKE and AuthIP IPsec Keying Modules; StartType=2}"
>> ParameterBinding(Trace-SteroidsOutput): name="InputObject"; value="@{DisplayName=Geolocation Service; StartType=3}"
>> ParameterBinding(Trace-SteroidsOutput): name="InputObject"; value="@{DisplayName=Net.Tcp Port Sharing Service; StartType=4}"
>> ParameterBinding(Trace-SteroidsOutput): name="InputObject"; value="@{DisplayName=Remote Access Connection Manager; StartType=2}"
>> ParameterBinding(Trace-SteroidsOutput): name="InputObject"; value="@{DisplayName=Routing and Remote Access; StartType=4}"
>> ParameterBinding(Trace-SteroidsOutput): name="InputObject"; value="@{DisplayName=Shell Hardware Detection; StartType=2}"
>> ParameterBinding(Trace-SteroidsOutput): name="InputObject"; value="@{DisplayName=Shared PC Account Manager; StartType=4}"
>> ParameterBinding(Trace-SteroidsOutput): name="InputObject"; value="@{DisplayName=Windows Image Acquisition (WIA); StartType=2}"
>> ParameterBinding(Trace-SteroidsOutput): name="InputObject"; value="@{DisplayName=Touch Keyboard and Handwriting Panel Service; StartType=4}"
>> ParameterBinding(Trace-SteroidsOutput): name="InputObject"; value="@{DisplayName=Themes; StartType=2}"
>> ParameterBinding(Trace-SteroidsOutput): name="InputObject"; value="@{DisplayName=Auto Time Zone Updater; StartType=4}"
>> ParameterBinding(Trace-SteroidsOutput): name="InputObject"; value="@{DisplayName=Windows Time; StartType=3}"
>> ParameterBinding(Trace-SteroidsOutput): name="InputObject"; value="@{DisplayName=Windows Event Collector; StartType=2}"
>> ParameterBinding(Trace-SteroidsOutput): name="InputObject"; value="@{DisplayName=Windows Defender Antivirus Service; StartType=3}"
>> ParameterBinding(Trace-SteroidsOutput): name="InputObject"; value="@{DisplayName=Windows Remote Management (WS-Management); StartType=3}"
spoustim test scheduled tasks diff
spoustim test hotfix diff
PS C:\WINDOWS\system32> ParameterBinding(Trace-SteroidsOutput): name="InputObject"; value="
InputObject     SideIndicator
-----------     -------------
DESKTOP-TBE27PS =>           
MICA            <=           


"
DisplayName                                  DisplayVersion Publisher
-----------                                  -------------- ---------
Dell SupportAssist                           2.0.6875.668   Dell
Total Commander 64-bit (Remove or Repair)    9.0a           Ghisler Software GmbH
Background Intelligent Transfer Service
Offline Files
Connected User Experiences and Telemetry
Diagnostic Policy Service
File History Service
IKE and AuthIP IPsec Keying Modules
Geolocation Service
Net.Tcp Port Sharing Service
Remote Access Connection Manager
Routing and Remote Access
Shell Hardware Detection
Shared PC Account Manager
Windows Image Acquisition (WIA)
Touch Keyboard and Handwriting Panel Service
Themes
Auto Time Zone Updater
Windows Time
Windows Event Collector
Windows Defender Antivirus Service
Windows Remote Management (WS-Management)

InputObject     SideIndicator
-----------     -------------
DESKTOP-TBE27PS =>           
MICA            <=
PS C:\WINDOWS\system32> ParameterBinding(Trace-SteroidsOutput): name="InputObject"; value=""

PS C:\WINDOWS\system32> ParameterBinding(Trace-SteroidsOutput): name="InputObject"; value="@{WindowsBuildLabEx=15063.0.amd64fre.rs2_release.170317-1834; WindowsCurrentVersion=6.3; WindowsEditionId=Professional; WindowsInstallationType=Client; WindowsInstallDateFromRegistry=24.03.2017 19:35:51; WindowsProductId=00330-80000-00000-AA628; WindowsProductName=Windows 10 Pro; WindowsRegisteredOrganization=; WindowsRegisteredOwner=Windows User; WindowsSystemRoot=C:\WINDOWS; WindowsVersion=1703; BiosCharacteristics=System.Object[]; BiosBIOSVersion=System.Object[]; BiosBuildNumber=; BiosCaption=BIOS Date: 12/22/16 01:25:40 Ver: A20.00 ; BiosCodeSet=; BiosCurrentLanguage=en|US|iso8859-1; BiosDescription=BIOS Date: 12/22/16 01:25:40 Ver: A20.00 ; BiosEmbeddedControllerMajorVersion=255; BiosEmbeddedControllerMinorVersion=255; BiosFirmwareType=1; BiosIdentificationCode=; BiosInstallableLanguages=1; BiosInstallDate=; BiosLanguageEdition=; BiosListOfLanguages=System.Object[]; BiosManufacturer=Dell Inc.; BiosName=BIOS Date: 12/22/16 01:25:40 Ver: A20.00 ; BiosOtherTargetOS=; BiosPrimaryBIOS=True; BiosReleaseDate=22.12.2016 0:00:00; BiosSeralNumber=H0PMD12; BiosSMBIOSBIOSVersion=A20; BiosSMBIOSMajorVersion=2; BiosSMBIOSMinorVersion=7; BiosSMBIOSPresent=True; BiosSoftwareElementState=3; BiosStatus=OK; BiosSystemBiosMajorVersion=65; BiosSystemBiosMinorVersion=20; BiosTargetOperatingSystem=0; BiosVersion=DELL   - 1072009; CsAdminPasswordStatus=0; CsAutomaticManagedPagefile=False; CsAutomaticResetBootOption=True; CsAutomaticResetCapability=True; CsBootOptionOnLimit=; CsBootOptionOnWatchDog=; CsBootROMSupported=True; CsBootStatus=System.Object[]; CsBootupState=Normal boot; CsCaption=MICA; CsChassisBootupState=3; CsChassisSKUNumber=To be filled by O.E.M.; CsCurrentTimeZone=120; CsDaylightInEffect=True; CsDescription=AT/AT COMPATIBLE; CsDNSHostName=mica; CsDomain=WORKGROUP; CsDomainRole=0; CsEnableDaylightSavingsTime=True; CsFrontPanelResetStatus=0; CsHypervisorPresent=True; CsInfraredSupported=False; CsInitialLoadInfo=; CsInstallDate=; CsKeyboardPasswordStatus=0; CsLastLoadInfo=; CsManufacturer=Dell Inc.; CsModel=Latitude E7440; CsName=MICA; CsNetworkAdapters=System.Object[]; CsNetworkServerModeEnabled=True; CsNumberOfLogicalProcessors=4; CsNumberOfProcessors=1; CsProcessors=System.Object[]; CsOEMStringArray=System.Object[]; CsPartOfDomain=False; CsPauseAfterReset=-1; CsPCSystemType=2; CsPCSystemTypeEx=2; CsPowerManagementCapabilities=; CsPowerManagementSupported=; CsPowerOnPasswordStatus=0; CsPowerState=0; CsPowerSupplyState=3; CsPrimaryOwnerContact=; CsPrimaryOwnerName=Windows User; CsResetCapability=1; CsResetCount=-1; CsResetLimit=-1; CsRoles=System.Object[]; CsStatus=OK; CsSupportContactDescription=; CsSystemFamily=; CsSystemSKUNumber=05CB; CsSystemType=x64-based PC; CsThermalState=3; CsTotalPhysicalMemory=17080684544; CsPhyicallyInstalledMemory=16777216; CsUserName=MICA\caith; CsWakeUpType=6; CsWorkgroup=WORKGROUP; OsName=Microsoft Windows 10 Pro; OsType=18; OsOperatingSystemSKU=48; OsVersion=10.0.15063; OsCSDVersion=; OsBuildNumber=15063; OsHotFixes=System.Object[]; OsBootDevice=\Device\HarddiskVolume3; OsSystemDevice=\Device\HarddiskVolume2; OsSystemDirectory=C:\WINDOWS\system32; OsSystemDrive=C:; OsWindowsDirectory=C:\WINDOWS; OsCountryCode=420; OsCurrentTimeZone=120; OsLocaleID=0405; OsLocale=cs-CZ; OsLocalDateTime=07.09.2017 13:38:28; OsLastBootUpTime=05.09.2017 6:09:54; OsUptime=; OsBuildType=Multiprocessor Free; OsCodeSet=1250; OsDataExecutionPreventionAvailable=True; OsDataExecutionPrevention32BitApplications=True; OsDataExecutionPreventionDrivers=True; OsDataExecutionPreventionSupportPolicy=2; OsDebug=False; OsDistributed=False; OsEncryptionLevel=256; OsForegroundApplicationBoost=2; OsTotalVisibleMemorySize=16680356; OsFreePhysicalMemory=8156388; OsTotalVirtualMemorySize=34506148; OsFreeVirtualMemory=22165628; OsInUseVirtualMemory=12340520; OsTotalSwapSpaceSize=; OsSizeStoredInPagingFiles=17825792; OsFreeSpaceInPagingFiles=17698596; OsPagingFiles=System.Object[]; OsHardwareAbstractionLayer=10.0.15063.502; OsInstallDate=24.03.2017 20:35:51; OsManufacturer=Microsoft Corporation; OsMaxNumberOfProcesses=4294967295; OsMaxProcessMemorySize=137438953344; OsMuiLanguages=System.Object[]; OsNumberOfLicensedUsers=0; OsNumberOfProcesses=254; OsNumberOfUsers=2; OsOrganization=; OsArchitecture=64-bit; OsLanguage=en-US; OsProductSuites=System.Object[]; OsOtherTypeDescription=; OsPAEEnabled=; OsPortableOperatingSystem=False; OsPrimary=True; OsProductType=1; OsRegisteredUser=Windows User; OsSerialNumber=00330-80000-00000-AA628; OsServicePackMajorVersion=0; OsServicePackMinorVersion=0; OsStatus=OK; OsSuites=System.Object[]; OsServerLevel=; KeyboardLayout=00020405; TimeZone=(UTC+01:00) Belgrade, Bratislava, Budapest, Ljubljana, Prague; LogonServer=\\MICA; PowerPlatformRole=2; HyperVisorPresent=True; HyperVRequirementDataExecutionPreventionAvailable=; HyperVRequirementSecondLevelAddressTranslation=; HyperVRequirementVirtualizationFirmwareEnabled=; HyperVRequirementVMMonitorModeExtensions=; DeviceGuardSmartStatus=0; DeviceGuardRequiredSecurityProperties=; DeviceGuardAvailableSecurityProperties=; DeviceGuardSecurityServicesConfigured=; DeviceGuardSecurityServicesRunning=; DeviceGuardCodeIntegrityPolicyEnforcementStatus=; DeviceGuardUserModeCodeIntegrityPolicyEnforcementStatus=}"

PS C:\WINDOWS\system32> ParameterBinding(Trace-SteroidsOutput): name="InputObject"; value="@{Apps=System.Object[]; services=System.Object[]; scheduledtasks=; hotfix=; uwp=; Active_DC=; Allow_deviceclasses=; Allow_deviceids=; Application_log_length=18944000; Applocker=System.Object[]; BIOS=DELL   - 1072009 | BIOS Date: 12/22/16 01:25:40 Ver: A20.00 ; Bios_date=; Bitlocker=System.Object[]; Computerturen_root_certifikates=System.Object[]; ComputerName=MICA; Country=420; Date=; Default_locale=00000409; Deny_deviceclasses=; Deny_deviceids=; deny_UnspecifiedDevices=; Domain=; Domain_dhcp=sicz.local; Domain_tcp=; AV_MS_product=; AV_MS_residenton=; AV_MS_scanner_build=; AV_MS_scanner_version=; AV_MS_version=; rozdily=System.Object[]; hdd=System.Object[]; pcinfo=; Local_groups=System.Object[]}"



PS C:\WINDOWS\system32> Get-EventLog -list
>> CommandInvocation(Trace-SteroidsOutput): "Trace-SteroidsOutput"
>> ParameterBinding(Trace-SteroidsOutput): name="InputObject"; value="System.Diagnostics.EventLog"

  Max(K) Retain OverflowAction        Entries Log
  ------ ------ --------------        ------- ---
  20 480      0 OverwriteAsNeeded         375 Application
>> ParameterBinding(Trace-SteroidsOutput): name="InputObject"; value="System.Diagnostics.EventLog"
  20 480      0 OverwriteAsNeeded           0 HardwareEvents
>> ParameterBinding(Trace-SteroidsOutput): name="InputObject"; value="System.Diagnostics.EventLog"
     512      7 OverwriteOlder              0 Internet Explorer
>> ParameterBinding(Trace-SteroidsOutput): name="InputObject"; value="System.Diagnostics.EventLog"
  20 480      0 OverwriteAsNeeded           0 Key Management Service
>> ParameterBinding(Trace-SteroidsOutput): name="InputObject"; value="System.Diagnostics.EventLog"
     128      0 OverwriteAsNeeded           8 OAlerts
>> ParameterBinding(Trace-SteroidsOutput): name="InputObject"; value="System.Diagnostics.EventLog"
  20 480      0 OverwriteAsNeeded      12 203 Security
>> ParameterBinding(Trace-SteroidsOutput): name="InputObject"; value="System.Diagnostics.EventLog"
  20 480      0 OverwriteAsNeeded         193 System
>> ParameterBinding(Trace-SteroidsOutput): name="InputObject"; value="System.Diagnostics.EventLog"
     512      0 OverwriteAsNeeded           0 Veeam Agent
>> ParameterBinding(Trace-SteroidsOutput): name="InputObject"; value="System.Diagnostics.EventLog"
  15 360      0 OverwriteAsNeeded      11 104 Windows PowerShell


PS C:\WINDOWS\system32> CommandInvocation(Trace-SteroidsOutput): "Trace-SteroidsOutput"
PS C:\WINDOWS\system32> ParameterBinding(Trace-SteroidsOutput): name="InputObject"; value="Transcript started, output file is D:\SICZ\avas\AVAS_2017_10_13.log"
Transcript started, output file is D:\SICZ\avas\AVAS_2017_10_13.log
PS C:\WINDOWS\system32> ParameterBinding(Trace-SteroidsOutput): name="InputObject"; value="Transcript started, output file is ./transcript2017-10-13-09-21-32.txt"
Transcript started, output file is ./transcript2017-10-13-09-21-32.txt
10/13/2017 09:21:32 - Nacitani json konfiguracniho souboru
PS C:\WINDOWS\system32> ParameterBinding(Trace-SteroidsOutput): name="InputObject"; value="Transcript started, output file is D:\SICZ\avas/debug-2017-10-13-09-21-37.log"
Transcript started, output file is D:\SICZ\avas/debug-2017-10-13-09-21-37.log
-message pokracuji ve zpracovani
spoustim test app diff
spoustim test services diff
spoustim test scheduled tasks diff
spoustim test hotfix diff
PS C:\WINDOWS\system32> ParameterBinding(Trace-SteroidsOutput): name="InputObject"; value=""

PS C:\WINDOWS\system32> ParameterBinding(Trace-SteroidsOutput): name="InputObject"; value=""

PS C:\WINDOWS\system32> ParameterBinding(Trace-SteroidsOutput): name="InputObject"; value="@{WindowsBuildLabEx=17004.1000.amd64fre.rs_prerelease.170922-2229; WindowsCurrentVersion=6.3; WindowsEditionId=Professional; WindowsInstallationType=Client; WindowsInstallDateFromRegistry=03.10.2017 12:58:36; WindowsProductId=00330-80000-00000-AA671; WindowsProductName=Windows 10 Pro; WindowsRegisteredOrganization=; WindowsRegisteredOwner=; WindowsSystemRoot=C:\WINDOWS; WindowsVersion=1709; BiosCharacteristics=; BiosBIOSVersion=; BiosBuildNumber=; BiosCaption=; BiosCodeSet=; BiosCurrentLanguage=; BiosDescription=; BiosEmbeddedControllerMajorVersion=; BiosEmbeddedControllerMinorVersion=; BiosFirmwareType=; BiosIdentificationCode=; BiosInstallableLanguages=; BiosInstallDate=; BiosLanguageEdition=; BiosListOfLanguages=; BiosManufacturer=; BiosName=; BiosOtherTargetOS=; BiosPrimaryBIOS=; BiosReleaseDate=; BiosSeralNumber=; BiosSMBIOSBIOSVersion=; BiosSMBIOSMajorVersion=; BiosSMBIOSMinorVersion=; BiosSMBIOSPresent=; BiosSoftwareElementState=; BiosStatus=; BiosSystemBiosMajorVersion=; BiosSystemBiosMinorVersion=; BiosTargetOperatingSystem=; BiosVersion=; CsAdminPasswordStatus=; CsAutomaticManagedPagefile=; CsAutomaticResetBootOption=; CsAutomaticResetCapability=; CsBootOptionOnLimit=; CsBootOptionOnWatchDog=; CsBootROMSupported=; CsBootStatus=; CsBootupState=; CsCaption=; CsChassisBootupState=; CsChassisSKUNumber=; CsCurrentTimeZone=; CsDaylightInEffect=; CsDescription=; CsDNSHostName=; CsDomain=; CsDomainRole=; CsEnableDaylightSavingsTime=; CsFrontPanelResetStatus=; CsHypervisorPresent=; CsInfraredSupported=; CsInitialLoadInfo=; CsInstallDate=; CsKeyboardPasswordStatus=; CsLastLoadInfo=; CsManufacturer=; CsModel=; CsName=; CsNetworkAdapters=; CsNetworkServerModeEnabled=; CsNumberOfLogicalProcessors=; CsNumberOfProcessors=; CsProcessors=; CsOEMStringArray=; CsPartOfDomain=; CsPauseAfterReset=; CsPCSystemType=; CsPCSystemTypeEx=; CsPowerManagementCapabilities=; CsPowerManagementSupported=; CsPowerOnPasswordStatus=; CsPowerState=; CsPowerSupplyState=; CsPrimaryOwnerContact=; CsPrimaryOwnerName=; CsResetCapability=; CsResetCount=; CsResetLimit=; CsRoles=; CsStatus=; CsSupportContactDescription=; CsSystemFamily=; CsSystemSKUNumber=; CsSystemType=; CsThermalState=; CsTotalPhysicalMemory=; CsPhyicallyInstalledMemory=; CsUserName=; CsWakeUpType=; CsWorkgroup=; OsName=; OsType=; OsOperatingSystemSKU=; OsVersion=; OsCSDVersion=; OsBuildNumber=; OsHotFixes=System.Object[]; OsBootDevice=; OsSystemDevice=; OsSystemDirectory=; OsSystemDrive=; OsWindowsDirectory=; OsCountryCode=; OsCurrentTimeZone=; OsLocaleID=; OsLocale=; OsLocalDateTime=; OsLastBootUpTime=; OsUptime=; OsBuildType=; OsCodeSet=; OsDataExecutionPreventionAvailable=; OsDataExecutionPrevention32BitApplications=; OsDataExecutionPreventionDrivers=; OsDataExecutionPreventionSupportPolicy=; OsDebug=; OsDistributed=; OsEncryptionLevel=; OsForegroundApplicationBoost=; OsTotalVisibleMemorySize=; OsFreePhysicalMemory=; OsTotalVirtualMemorySize=; OsFreeVirtualMemory=; OsInUseVirtualMemory=; OsTotalSwapSpaceSize=; OsSizeStoredInPagingFiles=; OsFreeSpaceInPagingFiles=; OsPagingFiles=; OsHardwareAbstractionLayer=; OsInstallDate=; OsManufacturer=; OsMaxNumberOfProcesses=; OsMaxProcessMemorySize=; OsMuiLanguages=; OsNumberOfLicensedUsers=; OsNumberOfProcesses=; OsNumberOfUsers=; OsOrganization=; OsArchitecture=; OsLanguage=; OsProductSuites=; OsOtherTypeDescription=; OsPAEEnabled=; OsPortableOperatingSystem=; OsPrimary=; OsProductType=; OsRegisteredUser=; OsSerialNumber=; OsServicePackMajorVersion=; OsServicePackMinorVersion=; OsStatus=; OsSuites=; OsServerLevel=; KeyboardLayout=; TimeZone=(UTC+01:00) Belgrade, Bratislava, Budapest, Ljubljana, Prague; LogonServer=\\DESKTOP-TBE27PS; PowerPlatformRole=2; HyperVisorPresent=; HyperVRequirementDataExecutionPreventionAvailable=; HyperVRequirementSecondLevelAddressTranslation=; HyperVRequirementVirtualizationFirmwareEnabled=; HyperVRequirementVMMonitorModeExtensions=; DeviceGuardSmartStatus=0; DeviceGuardRequiredSecurityProperties=; DeviceGuardAvailableSecurityProperties=; DeviceGuardSecurityServicesConfigured=; DeviceGuardSecurityServicesRunning=; DeviceGuardCodeIntegrityPolicyEnforcementStatus=; DeviceGuardUserModeCodeIntegrityPolicyEnforcementStatus=}"


WindowsBuildLabEx                                       : 17004.1000.amd64fre.rs_prerelease.170922-2229
WindowsCurrentVersion                                   : 6.3
WindowsEditionId                                        : Professional
WindowsInstallationType                                 : Client
WindowsInstallDateFromRegistry                          : 03.10.2017 12:58:36
WindowsProductId                                        : 00330-80000-00000-AA671
WindowsProductName                                      : Windows 10 Pro
WindowsRegisteredOrganization                           :
WindowsRegisteredOwner                                  :
WindowsSystemRoot                                       : C:\WINDOWS
WindowsVersion                                          : 1709
BiosCharacteristics                                     :
BiosBIOSVersion                                         :
BiosBuildNumber                                         :
BiosCaption                                             :
BiosCodeSet                                             :
BiosCurrentLanguage                                     :
BiosDescription                                         :
BiosEmbeddedControllerMajorVersion                      :
BiosEmbeddedControllerMinorVersion                      :
BiosFirmwareType                                        :
BiosIdentificationCode                                  :
BiosInstallableLanguages                                :
BiosInstallDate                                         :
BiosLanguageEdition                                     :
BiosListOfLanguages                                     :
BiosManufacturer                                        :
BiosName                                                :
BiosOtherTargetOS                                       :
BiosPrimaryBIOS                                         :
BiosReleaseDate                                         :
BiosSeralNumber                                         :
BiosSMBIOSBIOSVersion                                   :
BiosSMBIOSMajorVersion                                  :
BiosSMBIOSMinorVersion                                  :
BiosSMBIOSPresent                                       :
BiosSoftwareElementState                                :
BiosStatus                                              :
BiosSystemBiosMajorVersion                              :
BiosSystemBiosMinorVersion                              :
BiosTargetOperatingSystem                               :
BiosVersion                                             :
CsAdminPasswordStatus                                   :
CsAutomaticManagedPagefile                              :
CsAutomaticResetBootOption                              :
CsAutomaticResetCapability                              :
CsBootOptionOnLimit                                     :
CsBootOptionOnWatchDog                                  :
CsBootROMSupported                                      :
CsBootStatus                                            :
CsBootupState                                           :
CsCaption                                               :
CsChassisBootupState                                    :
CsChassisSKUNumber                                      :
CsCurrentTimeZone                                       :
CsDaylightInEffect                                      :
CsDescription                                           :
CsDNSHostName                                           :
CsDomain                                                :
CsDomainRole                                            :
CsEnableDaylightSavingsTime                             :
CsFrontPanelResetStatus                                 :
CsHypervisorPresent                                     :
CsInfraredSupported                                     :
CsInitialLoadInfo                                       :
CsInstallDate                                           :
CsKeyboardPasswordStatus                                :
CsLastLoadInfo                                          :
CsManufacturer                                          :
CsModel                                                 :
CsName                                                  :
CsNetworkAdapters                                       :
CsNetworkServerModeEnabled                              :
CsNumberOfLogicalProcessors                             :
CsNumberOfProcessors                                    :
CsProcessors                                            :
CsOEMStringArray                                        :
CsPartOfDomain                                          :
CsPauseAfterReset                                       :
CsPCSystemType                                          :
CsPCSystemTypeEx                                        :
CsPowerManagementCapabilities                           :
CsPowerManagementSupported                              :
CsPowerOnPasswordStatus                                 :
CsPowerState                                            :
CsPowerSupplyState                                      :
CsPrimaryOwnerContact                                   :
CsPrimaryOwnerName                                      :
CsResetCapability                                       :
CsResetCount                                            :
CsResetLimit                                            :
CsRoles                                                 :
CsStatus                                                :
CsSupportContactDescription                             :
CsSystemFamily                                          :
CsSystemSKUNumber                                       :
CsSystemType                                            :
CsThermalState                                          :
CsTotalPhysicalMemory                                   :
CsPhyicallyInstalledMemory                              :
CsUserName                                              :
CsWakeUpType                                            :
CsWorkgroup                                             :
OsName                                                  :
OsType                                                  :
OsOperatingSystemSKU                                    :
OsVersion                                               :
OsCSDVersion                                            :
OsBuildNumber                                           :
OsHotFixes                                              : {Test.hotfixu1, test, Microsoft.PowerShell.test2, test...}
OsBootDevice                                            :
OsSystemDevice                                          :
OsSystemDirectory                                       :
OsSystemDrive                                           :
OsWindowsDirectory                                      :
OsCountryCode                                           :
OsCurrentTimeZone                                       :
OsLocaleID                                              :
OsLocale                                                :
OsLocalDateTime                                         :
OsLastBootUpTime                                        :
OsUptime                                                :
OsBuildType                                             :
OsCodeSet                                               :
OsDataExecutionPreventionAvailable                      :
OsDataExecutionPrevention32BitApplications              :
OsDataExecutionPreventionDrivers                        :
OsDataExecutionPreventionSupportPolicy                  :
OsDebug                                                 :
OsDistributed                                           :
OsEncryptionLevel                                       :
OsForegroundApplicationBoost                            :
OsTotalVisibleMemorySize                                :
OsFreePhysicalMemory                                    :
OsTotalVirtualMemorySize                                :
OsFreeVirtualMemory                                     :
OsInUseVirtualMemory                                    :
OsTotalSwapSpaceSize                                    :
OsSizeStoredInPagingFiles                               :
OsFreeSpaceInPagingFiles                                :
OsPagingFiles                                           :
OsHardwareAbstractionLayer                              :
OsInstallDate                                           :
OsManufacturer                                          :
OsMaxNumberOfProcesses                                  :
OsMaxProcessMemorySize                                  :
OsMuiLanguages                                          :
OsNumberOfLicensedUsers                                 :
OsNumberOfProcesses                                     :
OsNumberOfUsers                                         :
OsOrganization                                          :
OsArchitecture                                          :
OsLanguage                                              :
OsProductSuites                                         :
OsOtherTypeDescription                                  :
OsPAEEnabled                                            :
OsPortableOperatingSystem                               :
OsPrimary                                               :
OsProductType                                           :
OsRegisteredUser                                        :
OsSerialNumber                                          :
OsServicePackMajorVersion                               :
OsServicePackMinorVersion                               :
OsStatus                                                :
OsSuites                                                :
OsServerLevel                                           :
KeyboardLayout                                          :
TimeZone                                                : (UTC+01:00) Belgrade, Bratislava, Budapest, Ljubljana, Prague
LogonServer                                             : \\DESKTOP-TBE27PS
PowerPlatformRole                                       : 2
HyperVisorPresent                                       :
HyperVRequirementDataExecutionPreventionAvailable       :
HyperVRequirementSecondLevelAddressTranslation          :
HyperVRequirementVirtualizationFirmwareEnabled          :
HyperVRequirementVMMonitorModeExtensions                :
DeviceGuardSmartStatus                                  : 0
DeviceGuardRequiredSecurityProperties                   :
DeviceGuardAvailableSecurityProperties                  :
DeviceGuardSecurityServicesConfigured                   :
DeviceGuardSecurityServicesRunning                      :
DeviceGuardCodeIntegrityPolicyEnforcementStatus         :
DeviceGuardUserModeCodeIntegrityPolicyEnforcementStatus :

PS C:\WINDOWS\system32> ParameterBinding(Trace-SteroidsOutput): name="InputObject"; value="@{Apps=; services=; scheduledtasks=; hotfix=; uwp=; Active_DC=; Allow_deviceclasses=; Allow_deviceids=; Application_log_length=1118208; Applocker=System.Object[]; BIOS=DELL   - 1072009 | BIOS Date: 05/08/17 02:04:05 Ver: A21.00 ; Bios_date=; Bitlocker=; Computerturen_root_certifikates=System.Object[]; ComputerName=DESKTOP-TBE27PS; Country=420; Date=; Default_locale=00000409; Deny_deviceclasses=; Deny_deviceids=; deny_UnspecifiedDevices=; Domain=; Domain_dhcp=; Domain_tcp=; AV_MS_product=; AV_MS_residenton=; AV_MS_scanner_build=; AV_MS_scanner_version=; AV_MS_version=; rozdily=; hdd=System.Object[]; pcinfo=; Local_groups=System.Object[]}"
Apps                            :
services                        :
scheduledtasks                  :
hotfix                          :
uwp                             :
Active_DC                       :
Allow_deviceclasses             :
Allow_deviceids                 :
Application_log_length          : 1118208
Applocker                       : {}
BIOS                            : DELL   - 1072009 | BIOS Date: 05/08/17 02:04:05 Ver: A21.00
Bios_date                       : @{value=08.05.2017 0:00:00; DateTime=pondělí 8. května 2017 2:00:00}
Bitlocker                       :
Computerturen_root_certifikates : {@{pageHeaderEntry=; pageFooterEntry=; autosizeInfo=; shapeInfo=Microsoft.PowerShell.Commands.Internal.Format.ListViewHeaderInfo; groupingEntry=; ClassId2e4f51ef21dd47e99d
                                  3c952918aff9cd=033ecb2bc07a4d43b5ef94ed5a35d280}, @{shapeInfo=; groupingEntry=; ClassId2e4f51ef21dd47e99d3c952918aff9cd=9e210fe47d09416682b841769c78b8a3}, @{formatEntryInf
                                  o=Microsoft.PowerShell.Commands.Internal.Format.ListViewEntry; outOfBand=False; writeStream=0; ClassId2e4f51ef21dd47e99d3c952918aff9cd=27c87ef9bbda4f709f6b4002fa4af63c}, @
                                  {formatEntryInfo=Microsoft.PowerShell.Commands.Internal.Format.ListViewEntry; outOfBand=False; writeStream=0; ClassId2e4f51ef21dd47e99d3c952918aff9cd=27c87ef9bbda4f709f6b4
                                  002fa4af63c}...}
ComputerName                    : DESKTOP-TBE27PS
Country                         : 420
Date                            : @{value=09.10.2017 8:56:09; DisplayHint=2; DateTime=pondělí 9. října 2017 10:56:09}
Default_locale                  : 00000409
Deny_deviceclasses              :
Deny_deviceids                  :
deny_UnspecifiedDevices         :
Domain                          :
Domain_dhcp                     :
Domain_tcp                      :
AV_MS_product                   :
AV_MS_residenton                :
AV_MS_scanner_build             :
AV_MS_scanner_version           :
AV_MS_version                   :
rozdily                         :
hdd                             : {@{FileSystem=NTFS; Type=Local Fixed Disk; Volume=C:; Available=24753836032; Computer=DESKTOP-TBE27PS; Used=102702669824; Size=127456505856}, @{FileSystem=NTFS; Type=Local
                                   Fixed Disk; Volume=D:; Available=69784735744; Computer=DESKTOP-TBE27PS; Used=430186782720; Size=499971518464}, @{FileSystem=NTFS; Type=Network Connection; Volume=K:; Avai
                                  lable=5656399302656; Computer=DESKTOP-TBE27PS; Used=6236694138880; Size=11893093441536}, @{FileSystem=NTFS; Type=Network Connection; Volume=X:; Available=5656399302656; Co
                                  mputer=DESKTOP-TBE27PS; Used=6236694138880; Size=11893093441536}...}
pcinfo                          : @{WindowsBuildLabEx=17004.1000.amd64fre.rs_prerelease.170922-2229; WindowsCurrentVersion=6.3; WindowsEditionId=Professional; WindowsInstallationType=Client; WindowsInstall
                                  DateFromRegistry=03.10.2017 12:58:36; WindowsProductId=00330-80000-00000-AA671; WindowsProductName=Windows 10 Pro; WindowsRegisteredOrganization=; WindowsRegisteredOwner=;
                                   WindowsSystemRoot=C:\WINDOWS; WindowsVersion=1709; BiosCharacteristics=; BiosBIOSVersion=; BiosBuildNumber=; BiosCaption=; BiosCodeSet=; BiosCurrentLanguage=; BiosDescrip
                                  tion=; BiosEmbeddedControllerMajorVersion=; BiosEmbeddedControllerMinorVersion=; BiosFirmwareType=; BiosIdentificationCode=; BiosInstallableLanguages=; BiosInstallDate=; B
                                  iosLanguageEdition=; BiosListOfLanguages=; BiosManufacturer=; BiosName=; BiosOtherTargetOS=; BiosPrimaryBIOS=; BiosReleaseDate=; BiosSeralNumber=; BiosSMBIOSBIOSVersion=;
                                  BiosSMBIOSMajorVersion=; BiosSMBIOSMinorVersion=; BiosSMBIOSPresent=; BiosSoftwareElementState=; BiosStatus=; BiosSystemBiosMajorVersion=; BiosSystemBiosMinorVersion=; Bio
                                  sTargetOperatingSystem=; BiosVersion=; CsAdminPasswordStatus=; CsAutomaticManagedPagefile=; CsAutomaticResetBootOption=; CsAutomaticResetCapability=; CsBootOptionOnLimit=;
                                   CsBootOptionOnWatchDog=; CsBootROMSupported=; CsBootStatus=; CsBootupState=; CsCaption=; CsChassisBootupState=; CsChassisSKUNumber=; CsCurrentTimeZone=; CsDaylightInEffec
                                  t=; CsDescription=; CsDNSHostName=; CsDomain=; CsDomainRole=; CsEnableDaylightSavingsTime=; CsFrontPanelResetStatus=; CsHypervisorPresent=; CsInfraredSupported=; CsInitial
                                  LoadInfo=; CsInstallDate=; CsKeyboardPasswordStatus=; CsLastLoadInfo=; CsManufacturer=; CsModel=; CsName=; CsNetworkAdapters=; CsNetworkServerModeEnabled=; CsNumberOfLogic
                                  alProcessors=; CsNumberOfProcessors=; CsProcessors=; CsOEMStringArray=; CsPartOfDomain=; CsPauseAfterReset=; CsPCSystemType=; CsPCSystemTypeEx=; CsPowerManagementCapabilit
                                  ies=; CsPowerManagementSupported=; CsPowerOnPasswordStatus=; CsPowerState=; CsPowerSupplyState=; CsPrimaryOwnerContact=; CsPrimaryOwnerName=; CsResetCapability=; CsResetCo
                                  unt=; CsResetLimit=; CsRoles=; CsStatus=; CsSupportContactDescription=; CsSystemFamily=; CsSystemSKUNumber=; CsSystemType=; CsThermalState=; CsTotalPhysicalMemory=; CsPhyi
                                  callyInstalledMemory=; CsUserName=; CsWakeUpType=; CsWorkgroup=; OsName=; OsType=; OsOperatingSystemSKU=; OsVersion=; OsCSDVersion=; OsBuildNumber=; OsHotFixes=System.Obje
                                  ct[]; OsBootDevice=; OsSystemDevice=; OsSystemDirectory=; OsSystemDrive=; OsWindowsDirectory=; OsCountryCode=; OsCurrentTimeZone=; OsLocaleID=; OsLocale=; OsLocalDateTime=
                                  ; OsLastBootUpTime=; OsUptime=; OsBuildType=; OsCodeSet=; OsDataExecutionPreventionAvailable=; OsDataExecutionPrevention32BitApplications=; OsDataExecutionPreventionDriver
                                  s=; OsDataExecutionPreventionSupportPolicy=; OsDebug=; OsDistributed=; OsEncryptionLevel=; OsForegroundApplicationBoost=; OsTotalVisibleMemorySize=; OsFreePhysicalMemory=;
                                   OsTotalVirtualMemorySize=; OsFreeVirtualMemory=; OsInUseVirtualMemory=; OsTotalSwapSpaceSize=; OsSizeStoredInPagingFiles=; OsFreeSpaceInPagingFiles=; OsPagingFiles=; OsHa
                                  rdwareAbstractionLayer=; OsInstallDate=; OsManufacturer=; OsMaxNumberOfProcesses=; OsMaxProcessMemorySize=; OsMuiLanguages=; OsNumberOfLicensedUsers=; OsNumberOfProcesses=
                                  ; OsNumberOfUsers=; OsOrganization=; OsArchitecture=; OsLanguage=; OsProductSuites=; OsOtherTypeDescription=; OsPAEEnabled=; OsPortableOperatingSystem=; OsPrimary=; OsProd
                                  uctType=; OsRegisteredUser=; OsSerialNumber=; OsServicePackMajorVersion=; OsServicePackMinorVersion=; OsStatus=; OsSuites=; OsServerLevel=; KeyboardLayout=; TimeZone=(UTC+
                                  01:00) Belgrade, Bratislava, Budapest, Ljubljana, Prague; LogonServer=\\DESKTOP-TBE27PS; PowerPlatformRole=2; HyperVisorPresent=; HyperVRequirementDataExecutionPreventionA
                                  vailable=; HyperVRequirementSecondLevelAddressTranslation=; HyperVRequirementVirtualizationFirmwareEnabled=; HyperVRequirementVMMonitorModeExtensions=; DeviceGuardSmartSta
                                  tus=0; DeviceGuardRequiredSecurityProperties=; DeviceGuardAvailableSecurityProperties=; DeviceGuardSecurityServicesConfigured=; DeviceGuardSecurityServicesRunning=; Device
                                  GuardCodeIntegrityPolicyEnforcementStatus=; DeviceGuardUserModeCodeIntegrityPolicyEnforcementStatus=}
Local_groups                    : {@{pageHeaderEntry=; pageFooterEntry=; autosizeInfo=; shapeInfo=Microsoft.PowerShell.Commands.Internal.Format.ListViewHeaderInfo; groupingEntry=; ClassId2e4f51ef21dd47e99d
                                  3c952918aff9cd=033ecb2bc07a4d43b5ef94ed5a35d280}, @{shapeInfo=; groupingEntry=; ClassId2e4f51ef21dd47e99d3c952918aff9cd=9e210fe47d09416682b841769c78b8a3}, @{formatEntryInf
                                  o=Microsoft.PowerShell.Commands.Internal.Format.ListViewEntry; outOfBand=False; writeStream=0; ClassId2e4f51ef21dd47e99d3c952918aff9cd=27c87ef9bbda4f709f6b4002fa4af63c}, @
                                  {formatEntryInfo=Microsoft.PowerShell.Commands.Internal.Format.ListViewEntry; outOfBand=False; writeStream=0; ClassId2e4f51ef21dd47e99d3c952918aff9cd=27c87ef9bbda4f709f6b4
                                  002fa4af63c}...}



PS C:\WINDOWS\system32> CommandInvocation(Trace-SteroidsOutput): "Trace-SteroidsOutput"
PS C:\WINDOWS\system32> ParameterBinding(Trace-SteroidsOutput): name="InputObject"; value="The "AVAS" source is already registered on the "localhost" computer."
New-EventLog : The "AVAS" source is already registered on the "localhost" computer.
At D:\SICZ\avas\avas.ps1:10 char:1
+ New-EventLog -LogName Application -Source "AVAS"
+ ~~~~~~~~~~~~~~~~~~~~~~~~~~~~~~~~~~~~~~~~~~~~~~~~
    + CategoryInfo          : InvalidOperation: (:) [New-EventLog], InvalidOperationException
    + FullyQualifiedErrorId : Microsoft.PowerShell.Commands.NewEventLogCommand

PS C:\WINDOWS\system32> ParameterBinding(Trace-SteroidsOutput): name="InputObject"; value="Transcript started, output file is D:\SICZ\avas\AVAS_2017_10_13.log"
Transcript started, output file is D:\SICZ\avas\AVAS_2017_10_13.log
PS C:\WINDOWS\system32> ParameterBinding(Trace-SteroidsOutput): name="InputObject"; value="Transcript started, output file is ./transcript2017-10-13-09-23-07.txt"
Transcript started, output file is ./transcript2017-10-13-09-23-07.txt
10/13/2017 09:23:07 - Nacitani json konfiguracniho souboru
PS C:\WINDOWS\system32> TerminatingError(Get-Content): "Cannot bind argument to parameter 'Path' because it is an empty string."
Get-Content : Cannot bind argument to parameter 'Path' because it is an empty string.
At D:\SICZ\avas\avas.ps1:39 char:60
+ $inputdata                                   = Get-Content $inputfile
+                                                            ~~~~~~~~~~
    + CategoryInfo          : InvalidData: (:) [Get-Content], ParameterBindingValidationException
    + FullyQualifiedErrorId : ParameterArgumentValidationErrorEmptyStringNotAllowed,Microsoft.PowerShell.Commands.GetCon
tentCommand
>> ParameterBinding(Trace-SteroidsOutput): name="InputObject"; value="Cannot bind argument to parameter 'Path' because it is an empty string."
Get-Content : Cannot bind argument to parameter 'Path' because it is an empty string.
At D:\SICZ\avas\avas.ps1:39 char:60
+ $inputdata                                   = Get-Content $inputfile
+                                                            ~~~~~~~~~~
    + CategoryInfo          : InvalidData: (:) [Get-Content], ParameterBindingValidationException
    + FullyQualifiedErrorId : ParameterArgumentValidationErrorEmptyStringNotAllowed,Microsoft.PowerShell.Commands.GetContentCommand

PS C:\WINDOWS\system32> ParameterBinding(Trace-SteroidsOutput): name="InputObject"; value="Transcript started, output file is D:\SICZ\avas/debug-2017-10-13-09-23-13.log"
Transcript started, output file is D:\SICZ\avas/debug-2017-10-13-09-23-13.log
-message pokracuji ve zpracovani
spoustim test app diff
spoustim test services diff
spoustim test scheduled tasks diff
spoustim test hotfix diff
PS C:\WINDOWS\system32> ParameterBinding(Trace-SteroidsOutput): name="InputObject"; value=""

PS C:\WINDOWS\system32> ParameterBinding(Trace-SteroidsOutput): name="InputObject"; value=""

PS C:\WINDOWS\system32> ParameterBinding(Trace-SteroidsOutput): name="InputObject"; value="@{WindowsBuildLabEx=17004.1000.amd64fre.rs_prerelease.170922-2229; WindowsCurrentVersion=6.3; WindowsEditionId=Professional; WindowsInstallationType=Client; WindowsInstallDateFromRegistry=03.10.2017 12:58:36; WindowsProductId=00330-80000-00000-AA671; WindowsProductName=Windows 10 Pro; WindowsRegisteredOrganization=; WindowsRegisteredOwner=; WindowsSystemRoot=C:\WINDOWS; WindowsVersion=1709; BiosCharacteristics=; BiosBIOSVersion=; BiosBuildNumber=; BiosCaption=; BiosCodeSet=; BiosCurrentLanguage=; BiosDescription=; BiosEmbeddedControllerMajorVersion=; BiosEmbeddedControllerMinorVersion=; BiosFirmwareType=; BiosIdentificationCode=; BiosInstallableLanguages=; BiosInstallDate=; BiosLanguageEdition=; BiosListOfLanguages=; BiosManufacturer=; BiosName=; BiosOtherTargetOS=; BiosPrimaryBIOS=; BiosReleaseDate=; BiosSeralNumber=; BiosSMBIOSBIOSVersion=; BiosSMBIOSMajorVersion=; BiosSMBIOSMinorVersion=; BiosSMBIOSPresent=; BiosSoftwareElementState=; BiosStatus=; BiosSystemBiosMajorVersion=; BiosSystemBiosMinorVersion=; BiosTargetOperatingSystem=; BiosVersion=; CsAdminPasswordStatus=; CsAutomaticManagedPagefile=; CsAutomaticResetBootOption=; CsAutomaticResetCapability=; CsBootOptionOnLimit=; CsBootOptionOnWatchDog=; CsBootROMSupported=; CsBootStatus=; CsBootupState=; CsCaption=; CsChassisBootupState=; CsChassisSKUNumber=; CsCurrentTimeZone=; CsDaylightInEffect=; CsDescription=; CsDNSHostName=; CsDomain=; CsDomainRole=; CsEnableDaylightSavingsTime=; CsFrontPanelResetStatus=; CsHypervisorPresent=; CsInfraredSupported=; CsInitialLoadInfo=; CsInstallDate=; CsKeyboardPasswordStatus=; CsLastLoadInfo=; CsManufacturer=; CsModel=; CsName=; CsNetworkAdapters=; CsNetworkServerModeEnabled=; CsNumberOfLogicalProcessors=; CsNumberOfProcessors=; CsProcessors=; CsOEMStringArray=; CsPartOfDomain=; CsPauseAfterReset=; CsPCSystemType=; CsPCSystemTypeEx=; CsPowerManagementCapabilities=; CsPowerManagementSupported=; CsPowerOnPasswordStatus=; CsPowerState=; CsPowerSupplyState=; CsPrimaryOwnerContact=; CsPrimaryOwnerName=; CsResetCapability=; CsResetCount=; CsResetLimit=; CsRoles=; CsStatus=; CsSupportContactDescription=; CsSystemFamily=; CsSystemSKUNumber=; CsSystemType=; CsThermalState=; CsTotalPhysicalMemory=; CsPhyicallyInstalledMemory=; CsUserName=; CsWakeUpType=; CsWorkgroup=; OsName=; OsType=; OsOperatingSystemSKU=; OsVersion=; OsCSDVersion=; OsBuildNumber=; OsHotFixes=System.Object[]; OsBootDevice=; OsSystemDevice=; OsSystemDirectory=; OsSystemDrive=; OsWindowsDirectory=; OsCountryCode=; OsCurrentTimeZone=; OsLocaleID=; OsLocale=; OsLocalDateTime=; OsLastBootUpTime=; OsUptime=; OsBuildType=; OsCodeSet=; OsDataExecutionPreventionAvailable=; OsDataExecutionPrevention32BitApplications=; OsDataExecutionPreventionDrivers=; OsDataExecutionPreventionSupportPolicy=; OsDebug=; OsDistributed=; OsEncryptionLevel=; OsForegroundApplicationBoost=; OsTotalVisibleMemorySize=; OsFreePhysicalMemory=; OsTotalVirtualMemorySize=; OsFreeVirtualMemory=; OsInUseVirtualMemory=; OsTotalSwapSpaceSize=; OsSizeStoredInPagingFiles=; OsFreeSpaceInPagingFiles=; OsPagingFiles=; OsHardwareAbstractionLayer=; OsInstallDate=; OsManufacturer=; OsMaxNumberOfProcesses=; OsMaxProcessMemorySize=; OsMuiLanguages=; OsNumberOfLicensedUsers=; OsNumberOfProcesses=; OsNumberOfUsers=; OsOrganization=; OsArchitecture=; OsLanguage=; OsProductSuites=; OsOtherTypeDescription=; OsPAEEnabled=; OsPortableOperatingSystem=; OsPrimary=; OsProductType=; OsRegisteredUser=; OsSerialNumber=; OsServicePackMajorVersion=; OsServicePackMinorVersion=; OsStatus=; OsSuites=; OsServerLevel=; KeyboardLayout=; TimeZone=(UTC+01:00) Belgrade, Bratislava, Budapest, Ljubljana, Prague; LogonServer=\\DESKTOP-TBE27PS; PowerPlatformRole=2; HyperVisorPresent=; HyperVRequirementDataExecutionPreventionAvailable=; HyperVRequirementSecondLevelAddressTranslation=; HyperVRequirementVirtualizationFirmwareEnabled=; HyperVRequirementVMMonitorModeExtensions=; DeviceGuardSmartStatus=0; DeviceGuardRequiredSecurityProperties=; DeviceGuardAvailableSecurityProperties=; DeviceGuardSecurityServicesConfigured=; DeviceGuardSecurityServicesRunning=; DeviceGuardCodeIntegrityPolicyEnforcementStatus=; DeviceGuardUserModeCodeIntegrityPolicyEnforcementStatus=}"


WindowsBuildLabEx                                       : 17004.1000.amd64fre.rs_prerelease.170922-2229
WindowsCurrentVersion                                   : 6.3
WindowsEditionId                                        : Professional
WindowsInstallationType                                 : Client
WindowsInstallDateFromRegistry                          : 03.10.2017 12:58:36
WindowsProductId                                        : 00330-80000-00000-AA671
WindowsProductName                                      : Windows 10 Pro
WindowsRegisteredOrganization                           :
WindowsRegisteredOwner                                  :
WindowsSystemRoot                                       : C:\WINDOWS
WindowsVersion                                          : 1709
BiosCharacteristics                                     :
BiosBIOSVersion                                         :
BiosBuildNumber                                         :
BiosCaption                                             :
BiosCodeSet                                             :
BiosCurrentLanguage                                     :
BiosDescription                                         :
BiosEmbeddedControllerMajorVersion                      :
BiosEmbeddedControllerMinorVersion                      :
BiosFirmwareType                                        :
BiosIdentificationCode                                  :
BiosInstallableLanguages                                :
BiosInstallDate                                         :
BiosLanguageEdition                                     :
BiosListOfLanguages                                     :
BiosManufacturer                                        :
BiosName                                                :
BiosOtherTargetOS                                       :
BiosPrimaryBIOS                                         :
BiosReleaseDate                                         :
BiosSeralNumber                                         :
BiosSMBIOSBIOSVersion                                   :
BiosSMBIOSMajorVersion                                  :
BiosSMBIOSMinorVersion                                  :
BiosSMBIOSPresent                                       :
BiosSoftwareElementState                                :
BiosStatus                                              :
BiosSystemBiosMajorVersion                              :
BiosSystemBiosMinorVersion                              :
BiosTargetOperatingSystem                               :
BiosVersion                                             :
CsAdminPasswordStatus                                   :
CsAutomaticManagedPagefile                              :
CsAutomaticResetBootOption                              :
CsAutomaticResetCapability                              :
CsBootOptionOnLimit                                     :
CsBootOptionOnWatchDog                                  :
CsBootROMSupported                                      :
CsBootStatus                                            :
CsBootupState                                           :
CsCaption                                               :
CsChassisBootupState                                    :
CsChassisSKUNumber                                      :
CsCurrentTimeZone                                       :
CsDaylightInEffect                                      :
CsDescription                                           :
CsDNSHostName                                           :
CsDomain                                                :
CsDomainRole                                            :
CsEnableDaylightSavingsTime                             :
CsFrontPanelResetStatus                                 :
CsHypervisorPresent                                     :
CsInfraredSupported                                     :
CsInitialLoadInfo                                       :
CsInstallDate                                           :
CsKeyboardPasswordStatus                                :
CsLastLoadInfo                                          :
CsManufacturer                                          :
CsModel                                                 :
CsName                                                  :
CsNetworkAdapters                                       :
CsNetworkServerModeEnabled                              :
CsNumberOfLogicalProcessors                             :
CsNumberOfProcessors                                    :
CsProcessors                                            :
CsOEMStringArray                                        :
CsPartOfDomain                                          :
CsPauseAfterReset                                       :
CsPCSystemType                                          :
CsPCSystemTypeEx                                        :
CsPowerManagementCapabilities                           :
CsPowerManagementSupported                              :
CsPowerOnPasswordStatus                                 :
CsPowerState                                            :
CsPowerSupplyState                                      :
CsPrimaryOwnerContact                                   :
CsPrimaryOwnerName                                      :
CsResetCapability                                       :
CsResetCount                                            :
CsResetLimit                                            :
CsRoles                                                 :
CsStatus                                                :
CsSupportContactDescription                             :
CsSystemFamily                                          :
CsSystemSKUNumber                                       :
CsSystemType                                            :
CsThermalState                                          :
CsTotalPhysicalMemory                                   :
CsPhyicallyInstalledMemory                              :
CsUserName                                              :
CsWakeUpType                                            :
CsWorkgroup                                             :
OsName                                                  :
OsType                                                  :
OsOperatingSystemSKU                                    :
OsVersion                                               :
OsCSDVersion                                            :
OsBuildNumber                                           :
OsHotFixes                                              : {Test.hotfixu1, test, Microsoft.PowerShell.test2, test...}
OsBootDevice                                            :
OsSystemDevice                                          :
OsSystemDirectory                                       :
OsSystemDrive                                           :
OsWindowsDirectory                                      :
OsCountryCode                                           :
OsCurrentTimeZone                                       :
OsLocaleID                                              :
OsLocale                                                :
OsLocalDateTime                                         :
OsLastBootUpTime                                        :
OsUptime                                                :
OsBuildType                                             :
OsCodeSet                                               :
OsDataExecutionPreventionAvailable                      :
OsDataExecutionPrevention32BitApplications              :
OsDataExecutionPreventionDrivers                        :
OsDataExecutionPreventionSupportPolicy                  :
OsDebug                                                 :
OsDistributed                                           :
OsEncryptionLevel                                       :
OsForegroundApplicationBoost                            :
OsTotalVisibleMemorySize                                :
OsFreePhysicalMemory                                    :
OsTotalVirtualMemorySize                                :
OsFreeVirtualMemory                                     :
OsInUseVirtualMemory                                    :
OsTotalSwapSpaceSize                                    :
OsSizeStoredInPagingFiles                               :
OsFreeSpaceInPagingFiles                                :
OsPagingFiles                                           :
OsHardwareAbstractionLayer                              :
OsInstallDate                                           :
OsManufacturer                                          :
OsMaxNumberOfProcesses                                  :
OsMaxProcessMemorySize                                  :
OsMuiLanguages                                          :
OsNumberOfLicensedUsers                                 :
OsNumberOfProcesses                                     :
OsNumberOfUsers                                         :
OsOrganization                                          :
OsArchitecture                                          :
OsLanguage                                              :
OsProductSuites                                         :
OsOtherTypeDescription                                  :
OsPAEEnabled                                            :
OsPortableOperatingSystem                               :
OsPrimary                                               :
OsProductType                                           :
OsRegisteredUser                                        :
OsSerialNumber                                          :
OsServicePackMajorVersion                               :
OsServicePackMinorVersion                               :
OsStatus                                                :
OsSuites                                                :
OsServerLevel                                           :
KeyboardLayout                                          :
TimeZone                                                : (UTC+01:00) Belgrade, Bratislava, Budapest, Ljubljana, Prague
LogonServer                                             : \\DESKTOP-TBE27PS
PowerPlatformRole                                       : 2
HyperVisorPresent                                       :
HyperVRequirementDataExecutionPreventionAvailable       :
HyperVRequirementSecondLevelAddressTranslation          :
HyperVRequirementVirtualizationFirmwareEnabled          :
HyperVRequirementVMMonitorModeExtensions                :
DeviceGuardSmartStatus                                  : 0
DeviceGuardRequiredSecurityProperties                   :
DeviceGuardAvailableSecurityProperties                  :
DeviceGuardSecurityServicesConfigured                   :
DeviceGuardSecurityServicesRunning                      :
DeviceGuardCodeIntegrityPolicyEnforcementStatus         :
DeviceGuardUserModeCodeIntegrityPolicyEnforcementStatus :

PS C:\WINDOWS\system32> ParameterBinding(Trace-SteroidsOutput): name="InputObject"; value="@{Apps=; services=; scheduledtasks=; hotfix=; uwp=; Active_DC=; Allow_deviceclasses=; Allow_deviceids=; Application_log_length=1118208; Applocker=System.Object[]; BIOS=DELL   - 1072009 | BIOS Date: 05/08/17 02:04:05 Ver: A21.00 ; Bios_date=; Bitlocker=; Computerturen_root_certifikates=System.Object[]; ComputerName=DESKTOP-TBE27PS; Country=420; Date=; Default_locale=00000409; Deny_deviceclasses=; Deny_deviceids=; deny_UnspecifiedDevices=; Domain=; Domain_dhcp=; Domain_tcp=; AV_MS_product=; AV_MS_residenton=; AV_MS_scanner_build=; AV_MS_scanner_version=; AV_MS_version=; rozdily=; hdd=System.Object[]; pcinfo=; Local_groups=System.Object[]}"
Apps                            :
services                        :
scheduledtasks                  :
hotfix                          :
uwp                             :
Active_DC                       :
Allow_deviceclasses             :
Allow_deviceids                 :
Application_log_length          : 1118208
Applocker                       : {}
BIOS                            : DELL   - 1072009 | BIOS Date: 05/08/17 02:04:05 Ver: A21.00
Bios_date                       : @{value=08.05.2017 0:00:00; DateTime=pondělí 8. května 2017 2:00:00}
Bitlocker                       :
Computerturen_root_certifikates : {@{pageHeaderEntry=; pageFooterEntry=; autosizeInfo=; shapeInfo=Microsoft.PowerShell.Commands.Internal.Format.ListViewHeaderInfo; groupingEntry=; ClassId2e4f51ef21dd47e99d
                                  3c952918aff9cd=033ecb2bc07a4d43b5ef94ed5a35d280}, @{shapeInfo=; groupingEntry=; ClassId2e4f51ef21dd47e99d3c952918aff9cd=9e210fe47d09416682b841769c78b8a3}, @{formatEntryInf
                                  o=Microsoft.PowerShell.Commands.Internal.Format.ListViewEntry; outOfBand=False; writeStream=0; ClassId2e4f51ef21dd47e99d3c952918aff9cd=27c87ef9bbda4f709f6b4002fa4af63c}, @
                                  {formatEntryInfo=Microsoft.PowerShell.Commands.Internal.Format.ListViewEntry; outOfBand=False; writeStream=0; ClassId2e4f51ef21dd47e99d3c952918aff9cd=27c87ef9bbda4f709f6b4
                                  002fa4af63c}...}
ComputerName                    : DESKTOP-TBE27PS
Country                         : 420
Date                            : @{value=09.10.2017 8:56:09; DisplayHint=2; DateTime=pondělí 9. října 2017 10:56:09}
Default_locale                  : 00000409
Deny_deviceclasses              :
Deny_deviceids                  :
deny_UnspecifiedDevices         :
Domain                          :
Domain_dhcp                     :
Domain_tcp                      :
AV_MS_product                   :
AV_MS_residenton                :
AV_MS_scanner_build             :
AV_MS_scanner_version           :
AV_MS_version                   :
rozdily                         :
hdd                             : {@{FileSystem=NTFS; Type=Local Fixed Disk; Volume=C:; Available=24753836032; Computer=DESKTOP-TBE27PS; Used=102702669824; Size=127456505856}, @{FileSystem=NTFS; Type=Local
                                   Fixed Disk; Volume=D:; Available=69784735744; Computer=DESKTOP-TBE27PS; Used=430186782720; Size=499971518464}, @{FileSystem=NTFS; Type=Network Connection; Volume=K:; Avai
                                  lable=5656399302656; Computer=DESKTOP-TBE27PS; Used=6236694138880; Size=11893093441536}, @{FileSystem=NTFS; Type=Network Connection; Volume=X:; Available=5656399302656; Co
                                  mputer=DESKTOP-TBE27PS; Used=6236694138880; Size=11893093441536}...}
pcinfo                          : @{WindowsBuildLabEx=17004.1000.amd64fre.rs_prerelease.170922-2229; WindowsCurrentVersion=6.3; WindowsEditionId=Professional; WindowsInstallationType=Client; WindowsInstall
                                  DateFromRegistry=03.10.2017 12:58:36; WindowsProductId=00330-80000-00000-AA671; WindowsProductName=Windows 10 Pro; WindowsRegisteredOrganization=; WindowsRegisteredOwner=;
                                   WindowsSystemRoot=C:\WINDOWS; WindowsVersion=1709; BiosCharacteristics=; BiosBIOSVersion=; BiosBuildNumber=; BiosCaption=; BiosCodeSet=; BiosCurrentLanguage=; BiosDescrip
                                  tion=; BiosEmbeddedControllerMajorVersion=; BiosEmbeddedControllerMinorVersion=; BiosFirmwareType=; BiosIdentificationCode=; BiosInstallableLanguages=; BiosInstallDate=; B
                                  iosLanguageEdition=; BiosListOfLanguages=; BiosManufacturer=; BiosName=; BiosOtherTargetOS=; BiosPrimaryBIOS=; BiosReleaseDate=; BiosSeralNumber=; BiosSMBIOSBIOSVersion=;
                                  BiosSMBIOSMajorVersion=; BiosSMBIOSMinorVersion=; BiosSMBIOSPresent=; BiosSoftwareElementState=; BiosStatus=; BiosSystemBiosMajorVersion=; BiosSystemBiosMinorVersion=; Bio
                                  sTargetOperatingSystem=; BiosVersion=; CsAdminPasswordStatus=; CsAutomaticManagedPagefile=; CsAutomaticResetBootOption=; CsAutomaticResetCapability=; CsBootOptionOnLimit=;
                                   CsBootOptionOnWatchDog=; CsBootROMSupported=; CsBootStatus=; CsBootupState=; CsCaption=; CsChassisBootupState=; CsChassisSKUNumber=; CsCurrentTimeZone=; CsDaylightInEffec
                                  t=; CsDescription=; CsDNSHostName=; CsDomain=; CsDomainRole=; CsEnableDaylightSavingsTime=; CsFrontPanelResetStatus=; CsHypervisorPresent=; CsInfraredSupported=; CsInitial
                                  LoadInfo=; CsInstallDate=; CsKeyboardPasswordStatus=; CsLastLoadInfo=; CsManufacturer=; CsModel=; CsName=; CsNetworkAdapters=; CsNetworkServerModeEnabled=; CsNumberOfLogic
                                  alProcessors=; CsNumberOfProcessors=; CsProcessors=; CsOEMStringArray=; CsPartOfDomain=; CsPauseAfterReset=; CsPCSystemType=; CsPCSystemTypeEx=; CsPowerManagementCapabilit
                                  ies=; CsPowerManagementSupported=; CsPowerOnPasswordStatus=; CsPowerState=; CsPowerSupplyState=; CsPrimaryOwnerContact=; CsPrimaryOwnerName=; CsResetCapability=; CsResetCo
                                  unt=; CsResetLimit=; CsRoles=; CsStatus=; CsSupportContactDescription=; CsSystemFamily=; CsSystemSKUNumber=; CsSystemType=; CsThermalState=; CsTotalPhysicalMemory=; CsPhyi
                                  callyInstalledMemory=; CsUserName=; CsWakeUpType=; CsWorkgroup=; OsName=; OsType=; OsOperatingSystemSKU=; OsVersion=; OsCSDVersion=; OsBuildNumber=; OsHotFixes=System.Obje
                                  ct[]; OsBootDevice=; OsSystemDevice=; OsSystemDirectory=; OsSystemDrive=; OsWindowsDirectory=; OsCountryCode=; OsCurrentTimeZone=; OsLocaleID=; OsLocale=; OsLocalDateTime=
                                  ; OsLastBootUpTime=; OsUptime=; OsBuildType=; OsCodeSet=; OsDataExecutionPreventionAvailable=; OsDataExecutionPrevention32BitApplications=; OsDataExecutionPreventionDriver
                                  s=; OsDataExecutionPreventionSupportPolicy=; OsDebug=; OsDistributed=; OsEncryptionLevel=; OsForegroundApplicationBoost=; OsTotalVisibleMemorySize=; OsFreePhysicalMemory=;
                                   OsTotalVirtualMemorySize=; OsFreeVirtualMemory=; OsInUseVirtualMemory=; OsTotalSwapSpaceSize=; OsSizeStoredInPagingFiles=; OsFreeSpaceInPagingFiles=; OsPagingFiles=; OsHa
                                  rdwareAbstractionLayer=; OsInstallDate=; OsManufacturer=; OsMaxNumberOfProcesses=; OsMaxProcessMemorySize=; OsMuiLanguages=; OsNumberOfLicensedUsers=; OsNumberOfProcesses=
                                  ; OsNumberOfUsers=; OsOrganization=; OsArchitecture=; OsLanguage=; OsProductSuites=; OsOtherTypeDescription=; OsPAEEnabled=; OsPortableOperatingSystem=; OsPrimary=; OsProd
                                  uctType=; OsRegisteredUser=; OsSerialNumber=; OsServicePackMajorVersion=; OsServicePackMinorVersion=; OsStatus=; OsSuites=; OsServerLevel=; KeyboardLayout=; TimeZone=(UTC+
                                  01:00) Belgrade, Bratislava, Budapest, Ljubljana, Prague; LogonServer=\\DESKTOP-TBE27PS; PowerPlatformRole=2; HyperVisorPresent=; HyperVRequirementDataExecutionPreventionA
                                  vailable=; HyperVRequirementSecondLevelAddressTranslation=; HyperVRequirementVirtualizationFirmwareEnabled=; HyperVRequirementVMMonitorModeExtensions=; DeviceGuardSmartSta
                                  tus=0; DeviceGuardRequiredSecurityProperties=; DeviceGuardAvailableSecurityProperties=; DeviceGuardSecurityServicesConfigured=; DeviceGuardSecurityServicesRunning=; Device
                                  GuardCodeIntegrityPolicyEnforcementStatus=; DeviceGuardUserModeCodeIntegrityPolicyEnforcementStatus=}
Local_groups                    : {@{pageHeaderEntry=; pageFooterEntry=; autosizeInfo=; shapeInfo=Microsoft.PowerShell.Commands.Internal.Format.ListViewHeaderInfo; groupingEntry=; ClassId2e4f51ef21dd47e99d
                                  3c952918aff9cd=033ecb2bc07a4d43b5ef94ed5a35d280}, @{shapeInfo=; groupingEntry=; ClassId2e4f51ef21dd47e99d3c952918aff9cd=9e210fe47d09416682b841769c78b8a3}, @{formatEntryInf
                                  o=Microsoft.PowerShell.Commands.Internal.Format.ListViewEntry; outOfBand=False; writeStream=0; ClassId2e4f51ef21dd47e99d3c952918aff9cd=27c87ef9bbda4f709f6b4002fa4af63c}, @
                                  {formatEntryInfo=Microsoft.PowerShell.Commands.Internal.Format.ListViewEntry; outOfBand=False; writeStream=0; ClassId2e4f51ef21dd47e99d3c952918aff9cd=27c87ef9bbda4f709f6b4
                                  002fa4af63c}...}



PS C:\WINDOWS\system32> CommandInvocation(Trace-SteroidsOutput): "Trace-SteroidsOutput"
PS C:\WINDOWS\system32> TerminatingError(Get-WmiObject): "Cannot validate argument on parameter 'ComputerName'. The argument is null or empty. Provide an argument that is not null or empty, and then try the command again."
Get-WmiObject : Cannot validate argument on parameter 'ComputerName'. The argument is null or empty. Provide an argument
 that is not null or empty, and then try the command again.
At D:\SICZ\avas\temp\avas-puvodni verze\hw_check.ps1:15 char:77
+ ... m = Get-WmiObject -Class Win32_ComputerSystem -ComputerName $HostName
+                                                                 ~~~~~~~~~
    + CategoryInfo          : InvalidData: (:) [Get-WmiObject], ParameterBindingValidationException
    + FullyQualifiedErrorId : ParameterArgumentValidationError,Microsoft.PowerShell.Commands.GetWmiObjectCommand
>> ParameterBinding(Trace-SteroidsOutput): name="InputObject"; value="Cannot validate argument on parameter 'ComputerName'. The argument is null or empty. Provide an argument that is not null or empty, and then try the command again."
Get-WmiObject : Cannot validate argument on parameter 'ComputerName'. The argument is null or empty. Provide an argument that is not null or empty, and then try the command again.
At D:\SICZ\avas\temp\avas-puvodni verze\hw_check.ps1:15 char:77
+ ... m = Get-WmiObject -Class Win32_ComputerSystem -ComputerName $HostName
+                                                                 ~~~~~~~~~
    + CategoryInfo          : InvalidData: (:) [Get-WmiObject], ParameterBindingValidationException
    + FullyQualifiedErrorId : ParameterArgumentValidationError,Microsoft.PowerShell.Commands.GetWmiObjectCommand

>> TerminatingError(Get-WmiObject): "Cannot validate argument on parameter 'ComputerName'. The argument is null or empty. Provide an argument that is not null or empty, and then try the command again."
Get-WmiObject : Cannot validate argument on parameter 'ComputerName'. The argument is null or empty. Provide an argument
 that is not null or empty, and then try the command again.
At D:\SICZ\avas\temp\avas-puvodni verze\hw_check.ps1:16 char:65
+ ... omputerBIOS = Get-WmiObject -Class Win32_BIOS -ComputerName $HostName
+                                                                 ~~~~~~~~~
    + CategoryInfo          : InvalidData: (:) [Get-WmiObject], ParameterBindingValidationException
    + FullyQualifiedErrorId : ParameterArgumentValidationError,Microsoft.PowerShell.Commands.GetWmiObjectCommand
>> ParameterBinding(Trace-SteroidsOutput): name="InputObject"; value="Cannot validate argument on parameter 'ComputerName'. The argument is null or empty. Provide an argument that is not null or empty, and then try the command again."
Get-WmiObject : Cannot validate argument on parameter 'ComputerName'. The argument is null or empty. Provide an argument that is not null or empty, and then try the command again.
At D:\SICZ\avas\temp\avas-puvodni verze\hw_check.ps1:16 char:65
+ ... omputerBIOS = Get-WmiObject -Class Win32_BIOS -ComputerName $HostName
+                                                                 ~~~~~~~~~
    + CategoryInfo          : InvalidData: (:) [Get-WmiObject], ParameterBindingValidationException
    + FullyQualifiedErrorId : ParameterArgumentValidationError,Microsoft.PowerShell.Commands.GetWmiObjectCommand

>> TerminatingError(Get-WmiObject): "Cannot validate argument on parameter 'ComputerName'. The argument is null or empty. Provide an argument that is not null or empty, and then try the command again."
Get-WmiObject : Cannot validate argument on parameter 'ComputerName'. The argument is null or empty. Provide an argument
 that is not null or empty, and then try the command again.
At D:\SICZ\avas\temp\avas-puvodni verze\hw_check.ps1:17 char:74
+ ...  = Get-WmiObject -Class Win32_OperatingSystem -ComputerName $HostName
+                                                                 ~~~~~~~~~
    + CategoryInfo          : InvalidData: (:) [Get-WmiObject], ParameterBindingValidationException
    + FullyQualifiedErrorId : ParameterArgumentValidationError,Microsoft.PowerShell.Commands.GetWmiObjectCommand
>> ParameterBinding(Trace-SteroidsOutput): name="InputObject"; value="Cannot validate argument on parameter 'ComputerName'. The argument is null or empty. Provide an argument that is not null or empty, and then try the command again."
Get-WmiObject : Cannot validate argument on parameter 'ComputerName'. The argument is null or empty. Provide an argument that is not null or empty, and then try the command again.
At D:\SICZ\avas\temp\avas-puvodni verze\hw_check.ps1:17 char:74
+ ...  = Get-WmiObject -Class Win32_OperatingSystem -ComputerName $HostName
+                                                                 ~~~~~~~~~
    + CategoryInfo          : InvalidData: (:) [Get-WmiObject], ParameterBindingValidationException
    + FullyQualifiedErrorId : ParameterArgumentValidationError,Microsoft.PowerShell.Commands.GetWmiObjectCommand

>> TerminatingError(Get-WmiObject): "Cannot validate argument on parameter 'ComputerName'. The argument is null or empty. Provide an argument that is not null or empty, and then try the command again."
Get-WmiObject : Cannot validate argument on parameter 'ComputerName'. The argument is null or empty. Provide an argument
 that is not null or empty, and then try the command again.
At D:\SICZ\avas\temp\avas-puvodni verze\hw_check.ps1:18 char:75
+ ...  = Get-WmiObject -Class Win32_OperatingSystem -ComputerName $HostName
+                                                                 ~~~~~~~~~
    + CategoryInfo          : InvalidData: (:) [Get-WmiObject], ParameterBindingValidationException
    + FullyQualifiedErrorId : ParameterArgumentValidationError,Microsoft.PowerShell.Commands.GetWmiObjectCommand
>> ParameterBinding(Trace-SteroidsOutput): name="InputObject"; value="Cannot validate argument on parameter 'ComputerName'. The argument is null or empty. Provide an argument that is not null or empty, and then try the command again."
Get-WmiObject : Cannot validate argument on parameter 'ComputerName'. The argument is null or empty. Provide an argument that is not null or empty, and then try the command again.
At D:\SICZ\avas\temp\avas-puvodni verze\hw_check.ps1:18 char:75
+ ...  = Get-WmiObject -Class Win32_OperatingSystem -ComputerName $HostName
+                                                                 ~~~~~~~~~
    + CategoryInfo          : InvalidData: (:) [Get-WmiObject], ParameterBindingValidationException
    + FullyQualifiedErrorId : ParameterArgumentValidationError,Microsoft.PowerShell.Commands.GetWmiObjectCommand

>> TerminatingError(Get-WmiObject): "Cannot validate argument on parameter 'ComputerName'. The argument is null or empty. Provide an argument that is not null or empty, and then try the command again."
Get-WmiObject : Cannot validate argument on parameter 'ComputerName'. The argument is null or empty. Provide an argument
 that is not null or empty, and then try the command again.
At D:\SICZ\avas\temp\avas-puvodni verze\hw_check.ps1:19 char:75
+ ...  = Get-WmiObject -Class Win32_OperatingSystem -ComputerName $HostName
+                                                                 ~~~~~~~~~
    + CategoryInfo          : InvalidData: (:) [Get-WmiObject], ParameterBindingValidationException
    + FullyQualifiedErrorId : ParameterArgumentValidationError,Microsoft.PowerShell.Commands.GetWmiObjectCommand
>> ParameterBinding(Trace-SteroidsOutput): name="InputObject"; value="Cannot validate argument on parameter 'ComputerName'. The argument is null or empty. Provide an argument that is not null or empty, and then try the command again."
Get-WmiObject : Cannot validate argument on parameter 'ComputerName'. The argument is null or empty. Provide an argument that is not null or empty, and then try the command again.
At D:\SICZ\avas\temp\avas-puvodni verze\hw_check.ps1:19 char:75
+ ...  = Get-WmiObject -Class Win32_OperatingSystem -ComputerName $HostName
+                                                                 ~~~~~~~~~
    + CategoryInfo          : InvalidData: (:) [Get-WmiObject], ParameterBindingValidationException
    + FullyQualifiedErrorId : ParameterArgumentValidationError,Microsoft.PowerShell.Commands.GetWmiObjectCommand

>> TerminatingError(Get-WmiObject): "Cannot validate argument on parameter 'ComputerName'. The argument is null or empty. Provide an argument that is not null or empty, and then try the command again."
Get-WmiObject : Cannot validate argument on parameter 'ComputerName'. The argument is null or empty. Provide an argument
 that is not null or empty, and then try the command again.
At D:\SICZ\avas\temp\avas-puvodni verze\hw_check.ps1:20 char:69
+ ... terCPU = Get-WmiObject -Class Win32_Processor -ComputerName $HostName
+                                                                 ~~~~~~~~~
    + CategoryInfo          : InvalidData: (:) [Get-WmiObject], ParameterBindingValidationException
    + FullyQualifiedErrorId : ParameterArgumentValidationError,Microsoft.PowerShell.Commands.GetWmiObjectCommand
>> ParameterBinding(Trace-SteroidsOutput): name="InputObject"; value="Cannot validate argument on parameter 'ComputerName'. The argument is null or empty. Provide an argument that is not null or empty, and then try the command again."
Get-WmiObject : Cannot validate argument on parameter 'ComputerName'. The argument is null or empty. Provide an argument that is not null or empty, and then try the command again.
At D:\SICZ\avas\temp\avas-puvodni verze\hw_check.ps1:20 char:69
+ ... terCPU = Get-WmiObject -Class Win32_Processor -ComputerName $HostName
+                                                                 ~~~~~~~~~
    + CategoryInfo          : InvalidData: (:) [Get-WmiObject], ParameterBindingValidationException
    + FullyQualifiedErrorId : ParameterArgumentValidationError,Microsoft.PowerShell.Commands.GetWmiObjectCommand

>> TerminatingError(Get-WmiObject): "Cannot validate argument on parameter 'ComputerName'. The argument is null or empty. Provide an argument that is not null or empty, and then try the command again."
Get-WmiObject : Cannot validate argument on parameter 'ComputerName'. The argument is null or empty. Provide an argument
 that is not null or empty, and then try the command again.
At D:\SICZ\avas\temp\avas-puvodni verze\hw_check.ps1:21 char:71
+ ... et-WmiObject -Class Win32_LogicalDisk -ComputerName $HostName -Filter ...
+                                                         ~~~~~~~~~
    + CategoryInfo          : InvalidData: (:) [Get-WmiObject], ParameterBindingValidationException
    + FullyQualifiedErrorId : ParameterArgumentValidationError,Microsoft.PowerShell.Commands.GetWmiObjectCommand
>> ParameterBinding(Trace-SteroidsOutput): name="InputObject"; value="Cannot validate argument on parameter 'ComputerName'. The argument is null or empty. Provide an argument that is not null or empty, and then try the command again."
Get-WmiObject : Cannot validate argument on parameter 'ComputerName'. The argument is null or empty. Provide an argument that is not null or empty, and then try the command again.
At D:\SICZ\avas\temp\avas-puvodni verze\hw_check.ps1:21 char:71
+ ... et-WmiObject -Class Win32_LogicalDisk -ComputerName $HostName -Filter ...
+                                                         ~~~~~~~~~
    + CategoryInfo          : InvalidData: (:) [Get-WmiObject], ParameterBindingValidationException
    + FullyQualifiedErrorId : ParameterArgumentValidationError,Microsoft.PowerShell.Commands.GetWmiObjectCommand

System Information for:
You cannot call a method on a null-valued expression.
At D:\SICZ\avas\temp\avas-puvodni verze\hw_check.ps1:31 char:3
+   $OSB = $computerOSB.ConvertToDateTime(($computerOSB).InstallDate)
+   ~~~~~~~~~~~~~~~~~~~~~~~~~~~~~~~~~~~~~~~~~~~~~~~~~~~~~~~~~~~~~~~~~
    + CategoryInfo          : InvalidOperation: (:) [], RuntimeException
    + FullyQualifiedErrorId : InvokeMethodOnNull
>> ParameterBinding(Trace-SteroidsOutput): name="InputObject"; value="You cannot call a method on a null-valued expression."
You cannot call a method on a null-valued expression.
At D:\SICZ\avas\temp\avas-puvodni verze\hw_check.ps1:31 char:3
+   $OSB = $computerOSB.ConvertToDateTime(($computerOSB).InstallDate)
+   ~~~~~~~~~~~~~~~~~~~~~~~~~~~~~~~~~~~~~~~~~~~~~~~~~~~~~~~~~~~~~~~~~
    + CategoryInfo          : InvalidOperation: (:) [], RuntimeException
    + FullyQualifiedErrorId : InvokeMethodOnNull

PS C:\WINDOWS\system32> TerminatingError(Get-WmiObject): "Cannot validate argument on parameter 'ComputerName'. The argument is null or empty. Provide an argument that is not null or empty, and then try the command again."
Get-WmiObject : Cannot validate argument on parameter 'ComputerName'. The argument is null or empty. Provide an argument
 that is not null or empty, and then try the command again.
At D:\SICZ\avas\temp\avas-puvodni verze\hw_check.ps1:15 char:77
+ ... m = Get-WmiObject -Class Win32_ComputerSystem -ComputerName $HostName
+                                                                 ~~~~~~~~~
    + CategoryInfo          : InvalidData: (:) [Get-WmiObject], ParameterBindingValidationException
    + FullyQualifiedErrorId : ParameterArgumentValidationError,Microsoft.PowerShell.Commands.GetWmiObjectCommand
>> ParameterBinding(Trace-SteroidsOutput): name="InputObject"; value="Cannot validate argument on parameter 'ComputerName'. The argument is null or empty. Provide an argument that is not null or empty, and then try the command again."
Get-WmiObject : Cannot validate argument on parameter 'ComputerName'. The argument is null or empty. Provide an argument that is not null or empty, and then try the command again.
At D:\SICZ\avas\temp\avas-puvodni verze\hw_check.ps1:15 char:77
+ ... m = Get-WmiObject -Class Win32_ComputerSystem -ComputerName $HostName
+                                                                 ~~~~~~~~~
    + CategoryInfo          : InvalidData: (:) [Get-WmiObject], ParameterBindingValidationException
    + FullyQualifiedErrorId : ParameterArgumentValidationError,Microsoft.PowerShell.Commands.GetWmiObjectCommand

>> TerminatingError(Get-WmiObject): "Cannot validate argument on parameter 'ComputerName'. The argument is null or empty. Provide an argument that is not null or empty, and then try the command again."
Get-WmiObject : Cannot validate argument on parameter 'ComputerName'. The argument is null or empty. Provide an argument
 that is not null or empty, and then try the command again.
At D:\SICZ\avas\temp\avas-puvodni verze\hw_check.ps1:16 char:65
+ ... omputerBIOS = Get-WmiObject -Class Win32_BIOS -ComputerName $HostName
+                                                                 ~~~~~~~~~
    + CategoryInfo          : InvalidData: (:) [Get-WmiObject], ParameterBindingValidationException
    + FullyQualifiedErrorId : ParameterArgumentValidationError,Microsoft.PowerShell.Commands.GetWmiObjectCommand
>> ParameterBinding(Trace-SteroidsOutput): name="InputObject"; value="Cannot validate argument on parameter 'ComputerName'. The argument is null or empty. Provide an argument that is not null or empty, and then try the command again."
Get-WmiObject : Cannot validate argument on parameter 'ComputerName'. The argument is null or empty. Provide an argument that is not null or empty, and then try the command again.
At D:\SICZ\avas\temp\avas-puvodni verze\hw_check.ps1:16 char:65
+ ... omputerBIOS = Get-WmiObject -Class Win32_BIOS -ComputerName $HostName
+                                                                 ~~~~~~~~~
    + CategoryInfo          : InvalidData: (:) [Get-WmiObject], ParameterBindingValidationException
    + FullyQualifiedErrorId : ParameterArgumentValidationError,Microsoft.PowerShell.Commands.GetWmiObjectCommand

>> TerminatingError(Get-WmiObject): "Cannot validate argument on parameter 'ComputerName'. The argument is null or empty. Provide an argument that is not null or empty, and then try the command again."
Get-WmiObject : Cannot validate argument on parameter 'ComputerName'. The argument is null or empty. Provide an argument
 that is not null or empty, and then try the command again.
At D:\SICZ\avas\temp\avas-puvodni verze\hw_check.ps1:17 char:74
+ ...  = Get-WmiObject -Class Win32_OperatingSystem -ComputerName $HostName
+                                                                 ~~~~~~~~~
    + CategoryInfo          : InvalidData: (:) [Get-WmiObject], ParameterBindingValidationException
    + FullyQualifiedErrorId : ParameterArgumentValidationError,Microsoft.PowerShell.Commands.GetWmiObjectCommand
>> ParameterBinding(Trace-SteroidsOutput): name="InputObject"; value="Cannot validate argument on parameter 'ComputerName'. The argument is null or empty. Provide an argument that is not null or empty, and then try the command again."
Get-WmiObject : Cannot validate argument on parameter 'ComputerName'. The argument is null or empty. Provide an argument that is not null or empty, and then try the command again.
At D:\SICZ\avas\temp\avas-puvodni verze\hw_check.ps1:17 char:74
+ ...  = Get-WmiObject -Class Win32_OperatingSystem -ComputerName $HostName
+                                                                 ~~~~~~~~~
    + CategoryInfo          : InvalidData: (:) [Get-WmiObject], ParameterBindingValidationException
    + FullyQualifiedErrorId : ParameterArgumentValidationError,Microsoft.PowerShell.Commands.GetWmiObjectCommand

>> TerminatingError(Get-WmiObject): "Cannot validate argument on parameter 'ComputerName'. The argument is null or empty. Provide an argument that is not null or empty, and then try the command again."
Get-WmiObject : Cannot validate argument on parameter 'ComputerName'. The argument is null or empty. Provide an argument
 that is not null or empty, and then try the command again.
At D:\SICZ\avas\temp\avas-puvodni verze\hw_check.ps1:18 char:75
+ ...  = Get-WmiObject -Class Win32_OperatingSystem -ComputerName $HostName
+                                                                 ~~~~~~~~~
    + CategoryInfo          : InvalidData: (:) [Get-WmiObject], ParameterBindingValidationException
    + FullyQualifiedErrorId : ParameterArgumentValidationError,Microsoft.PowerShell.Commands.GetWmiObjectCommand
>> ParameterBinding(Trace-SteroidsOutput): name="InputObject"; value="Cannot validate argument on parameter 'ComputerName'. The argument is null or empty. Provide an argument that is not null or empty, and then try the command again."
Get-WmiObject : Cannot validate argument on parameter 'ComputerName'. The argument is null or empty. Provide an argument that is not null or empty, and then try the command again.
At D:\SICZ\avas\temp\avas-puvodni verze\hw_check.ps1:18 char:75
+ ...  = Get-WmiObject -Class Win32_OperatingSystem -ComputerName $HostName
+                                                                 ~~~~~~~~~
    + CategoryInfo          : InvalidData: (:) [Get-WmiObject], ParameterBindingValidationException
    + FullyQualifiedErrorId : ParameterArgumentValidationError,Microsoft.PowerShell.Commands.GetWmiObjectCommand

>> TerminatingError(Get-WmiObject): "Cannot validate argument on parameter 'ComputerName'. The argument is null or empty. Provide an argument that is not null or empty, and then try the command again."
Get-WmiObject : Cannot validate argument on parameter 'ComputerName'. The argument is null or empty. Provide an argument
 that is not null or empty, and then try the command again.
At D:\SICZ\avas\temp\avas-puvodni verze\hw_check.ps1:19 char:75
+ ...  = Get-WmiObject -Class Win32_OperatingSystem -ComputerName $HostName
+                                                                 ~~~~~~~~~
    + CategoryInfo          : InvalidData: (:) [Get-WmiObject], ParameterBindingValidationException
    + FullyQualifiedErrorId : ParameterArgumentValidationError,Microsoft.PowerShell.Commands.GetWmiObjectCommand
>> ParameterBinding(Trace-SteroidsOutput): name="InputObject"; value="Cannot validate argument on parameter 'ComputerName'. The argument is null or empty. Provide an argument that is not null or empty, and then try the command again."
Get-WmiObject : Cannot validate argument on parameter 'ComputerName'. The argument is null or empty. Provide an argument that is not null or empty, and then try the command again.
At D:\SICZ\avas\temp\avas-puvodni verze\hw_check.ps1:19 char:75
+ ...  = Get-WmiObject -Class Win32_OperatingSystem -ComputerName $HostName
+                                                                 ~~~~~~~~~
    + CategoryInfo          : InvalidData: (:) [Get-WmiObject], ParameterBindingValidationException
    + FullyQualifiedErrorId : ParameterArgumentValidationError,Microsoft.PowerShell.Commands.GetWmiObjectCommand

>> TerminatingError(Get-WmiObject): "Cannot validate argument on parameter 'ComputerName'. The argument is null or empty. Provide an argument that is not null or empty, and then try the command again."
Get-WmiObject : Cannot validate argument on parameter 'ComputerName'. The argument is null or empty. Provide an argument
 that is not null or empty, and then try the command again.
At D:\SICZ\avas\temp\avas-puvodni verze\hw_check.ps1:20 char:69
+ ... terCPU = Get-WmiObject -Class Win32_Processor -ComputerName $HostName
+                                                                 ~~~~~~~~~
    + CategoryInfo          : InvalidData: (:) [Get-WmiObject], ParameterBindingValidationException
    + FullyQualifiedErrorId : ParameterArgumentValidationError,Microsoft.PowerShell.Commands.GetWmiObjectCommand
>> ParameterBinding(Trace-SteroidsOutput): name="InputObject"; value="Cannot validate argument on parameter 'ComputerName'. The argument is null or empty. Provide an argument that is not null or empty, and then try the command again."
Get-WmiObject : Cannot validate argument on parameter 'ComputerName'. The argument is null or empty. Provide an argument that is not null or empty, and then try the command again.
At D:\SICZ\avas\temp\avas-puvodni verze\hw_check.ps1:20 char:69
+ ... terCPU = Get-WmiObject -Class Win32_Processor -ComputerName $HostName
+                                                                 ~~~~~~~~~
    + CategoryInfo          : InvalidData: (:) [Get-WmiObject], ParameterBindingValidationException
    + FullyQualifiedErrorId : ParameterArgumentValidationError,Microsoft.PowerShell.Commands.GetWmiObjectCommand

>> TerminatingError(Get-WmiObject): "Cannot validate argument on parameter 'ComputerName'. The argument is null or empty. Provide an argument that is not null or empty, and then try the command again."
Get-WmiObject : Cannot validate argument on parameter 'ComputerName'. The argument is null or empty. Provide an argument
 that is not null or empty, and then try the command again.
At D:\SICZ\avas\temp\avas-puvodni verze\hw_check.ps1:21 char:71
+ ... et-WmiObject -Class Win32_LogicalDisk -ComputerName $HostName -Filter ...
+                                                         ~~~~~~~~~
    + CategoryInfo          : InvalidData: (:) [Get-WmiObject], ParameterBindingValidationException
    + FullyQualifiedErrorId : ParameterArgumentValidationError,Microsoft.PowerShell.Commands.GetWmiObjectCommand
>> ParameterBinding(Trace-SteroidsOutput): name="InputObject"; value="Cannot validate argument on parameter 'ComputerName'. The argument is null or empty. Provide an argument that is not null or empty, and then try the command again."
Get-WmiObject : Cannot validate argument on parameter 'ComputerName'. The argument is null or empty. Provide an argument that is not null or empty, and then try the command again.
At D:\SICZ\avas\temp\avas-puvodni verze\hw_check.ps1:21 char:71
+ ... et-WmiObject -Class Win32_LogicalDisk -ComputerName $HostName -Filter ...
+                                                         ~~~~~~~~~
    + CategoryInfo          : InvalidData: (:) [Get-WmiObject], ParameterBindingValidationException
    + FullyQualifiedErrorId : ParameterArgumentValidationError,Microsoft.PowerShell.Commands.GetWmiObjectCommand

System Information for:
You cannot call a method on a null-valued expression.
At D:\SICZ\avas\temp\avas-puvodni verze\hw_check.ps1:31 char:3
+   $OSB = $computerOSB.ConvertToDateTime(($computerOSB).InstallDate)
+   ~~~~~~~~~~~~~~~~~~~~~~~~~~~~~~~~~~~~~~~~~~~~~~~~~~~~~~~~~~~~~~~~~
    + CategoryInfo          : InvalidOperation: (:) [], RuntimeException
    + FullyQualifiedErrorId : InvokeMethodOnNull
>> ParameterBinding(Trace-SteroidsOutput): name="InputObject"; value="You cannot call a method on a null-valued expression."
You cannot call a method on a null-valued expression.
At D:\SICZ\avas\temp\avas-puvodni verze\hw_check.ps1:31 char:3
+   $OSB = $computerOSB.ConvertToDateTime(($computerOSB).InstallDate)
+   ~~~~~~~~~~~~~~~~~~~~~~~~~~~~~~~~~~~~~~~~~~~~~~~~~~~~~~~~~~~~~~~~~
    + CategoryInfo          : InvalidOperation: (:) [], RuntimeException
    + FullyQualifiedErrorId : InvokeMethodOnNull

PS C:\WINDOWS\system32> TerminatingError(Get-WmiObject): "Cannot validate argument on parameter 'ComputerName'. The argument is null or empty. Provide an argument that is not null or empty, and then try the command again."
Get-WmiObject : Cannot validate argument on parameter 'ComputerName'. The argument is null or empty. Provide an argument
 that is not null or empty, and then try the command again.
At D:\SICZ\avas\temp\avas-puvodni verze\hw_check.ps1:15 char:77
+ ... m = Get-WmiObject -Class Win32_ComputerSystem -ComputerName $HostName
+                                                                 ~~~~~~~~~
    + CategoryInfo          : InvalidData: (:) [Get-WmiObject], ParameterBindingValidationException
    + FullyQualifiedErrorId : ParameterArgumentValidationError,Microsoft.PowerShell.Commands.GetWmiObjectCommand
>> ParameterBinding(Trace-SteroidsOutput): name="InputObject"; value="Cannot validate argument on parameter 'ComputerName'. The argument is null or empty. Provide an argument that is not null or empty, and then try the command again."
Get-WmiObject : Cannot validate argument on parameter 'ComputerName'. The argument is null or empty. Provide an argument that is not null or empty, and then try the command again.
At D:\SICZ\avas\temp\avas-puvodni verze\hw_check.ps1:15 char:77
+ ... m = Get-WmiObject -Class Win32_ComputerSystem -ComputerName $HostName
+                                                                 ~~~~~~~~~
    + CategoryInfo          : InvalidData: (:) [Get-WmiObject], ParameterBindingValidationException
    + FullyQualifiedErrorId : ParameterArgumentValidationError,Microsoft.PowerShell.Commands.GetWmiObjectCommand

>> TerminatingError(Get-WmiObject): "Cannot validate argument on parameter 'ComputerName'. The argument is null or empty. Provide an argument that is not null or empty, and then try the command again."
Get-WmiObject : Cannot validate argument on parameter 'ComputerName'. The argument is null or empty. Provide an argument
 that is not null or empty, and then try the command again.
At D:\SICZ\avas\temp\avas-puvodni verze\hw_check.ps1:16 char:65
+ ... omputerBIOS = Get-WmiObject -Class Win32_BIOS -ComputerName $HostName
+                                                                 ~~~~~~~~~
    + CategoryInfo          : InvalidData: (:) [Get-WmiObject], ParameterBindingValidationException
    + FullyQualifiedErrorId : ParameterArgumentValidationError,Microsoft.PowerShell.Commands.GetWmiObjectCommand
>> ParameterBinding(Trace-SteroidsOutput): name="InputObject"; value="Cannot validate argument on parameter 'ComputerName'. The argument is null or empty. Provide an argument that is not null or empty, and then try the command again."
Get-WmiObject : Cannot validate argument on parameter 'ComputerName'. The argument is null or empty. Provide an argument that is not null or empty, and then try the command again.
At D:\SICZ\avas\temp\avas-puvodni verze\hw_check.ps1:16 char:65
+ ... omputerBIOS = Get-WmiObject -Class Win32_BIOS -ComputerName $HostName
+                                                                 ~~~~~~~~~
    + CategoryInfo          : InvalidData: (:) [Get-WmiObject], ParameterBindingValidationException
    + FullyQualifiedErrorId : ParameterArgumentValidationError,Microsoft.PowerShell.Commands.GetWmiObjectCommand

>> TerminatingError(Get-WmiObject): "Cannot validate argument on parameter 'ComputerName'. The argument is null or empty. Provide an argument that is not null or empty, and then try the command again."
Get-WmiObject : Cannot validate argument on parameter 'ComputerName'. The argument is null or empty. Provide an argument
 that is not null or empty, and then try the command again.
At D:\SICZ\avas\temp\avas-puvodni verze\hw_check.ps1:17 char:74
+ ...  = Get-WmiObject -Class Win32_OperatingSystem -ComputerName $HostName
+                                                                 ~~~~~~~~~
    + CategoryInfo          : InvalidData: (:) [Get-WmiObject], ParameterBindingValidationException
    + FullyQualifiedErrorId : ParameterArgumentValidationError,Microsoft.PowerShell.Commands.GetWmiObjectCommand
>> ParameterBinding(Trace-SteroidsOutput): name="InputObject"; value="Cannot validate argument on parameter 'ComputerName'. The argument is null or empty. Provide an argument that is not null or empty, and then try the command again."
Get-WmiObject : Cannot validate argument on parameter 'ComputerName'. The argument is null or empty. Provide an argument that is not null or empty, and then try the command again.
At D:\SICZ\avas\temp\avas-puvodni verze\hw_check.ps1:17 char:74
+ ...  = Get-WmiObject -Class Win32_OperatingSystem -ComputerName $HostName
+                                                                 ~~~~~~~~~
    + CategoryInfo          : InvalidData: (:) [Get-WmiObject], ParameterBindingValidationException
    + FullyQualifiedErrorId : ParameterArgumentValidationError,Microsoft.PowerShell.Commands.GetWmiObjectCommand

>> TerminatingError(Get-WmiObject): "Cannot validate argument on parameter 'ComputerName'. The argument is null or empty. Provide an argument that is not null or empty, and then try the command again."
Get-WmiObject : Cannot validate argument on parameter 'ComputerName'. The argument is null or empty. Provide an argument
 that is not null or empty, and then try the command again.
At D:\SICZ\avas\temp\avas-puvodni verze\hw_check.ps1:18 char:75
+ ...  = Get-WmiObject -Class Win32_OperatingSystem -ComputerName $HostName
+                                                                 ~~~~~~~~~
    + CategoryInfo          : InvalidData: (:) [Get-WmiObject], ParameterBindingValidationException
    + FullyQualifiedErrorId : ParameterArgumentValidationError,Microsoft.PowerShell.Commands.GetWmiObjectCommand
>> ParameterBinding(Trace-SteroidsOutput): name="InputObject"; value="Cannot validate argument on parameter 'ComputerName'. The argument is null or empty. Provide an argument that is not null or empty, and then try the command again."
Get-WmiObject : Cannot validate argument on parameter 'ComputerName'. The argument is null or empty. Provide an argument that is not null or empty, and then try the command again.
At D:\SICZ\avas\temp\avas-puvodni verze\hw_check.ps1:18 char:75
+ ...  = Get-WmiObject -Class Win32_OperatingSystem -ComputerName $HostName
+                                                                 ~~~~~~~~~
    + CategoryInfo          : InvalidData: (:) [Get-WmiObject], ParameterBindingValidationException
    + FullyQualifiedErrorId : ParameterArgumentValidationError,Microsoft.PowerShell.Commands.GetWmiObjectCommand

>> TerminatingError(Get-WmiObject): "Cannot validate argument on parameter 'ComputerName'. The argument is null or empty. Provide an argument that is not null or empty, and then try the command again."
Get-WmiObject : Cannot validate argument on parameter 'ComputerName'. The argument is null or empty. Provide an argument
 that is not null or empty, and then try the command again.
At D:\SICZ\avas\temp\avas-puvodni verze\hw_check.ps1:19 char:75
+ ...  = Get-WmiObject -Class Win32_OperatingSystem -ComputerName $HostName
+                                                                 ~~~~~~~~~
    + CategoryInfo          : InvalidData: (:) [Get-WmiObject], ParameterBindingValidationException
    + FullyQualifiedErrorId : ParameterArgumentValidationError,Microsoft.PowerShell.Commands.GetWmiObjectCommand
>> ParameterBinding(Trace-SteroidsOutput): name="InputObject"; value="Cannot validate argument on parameter 'ComputerName'. The argument is null or empty. Provide an argument that is not null or empty, and then try the command again."
Get-WmiObject : Cannot validate argument on parameter 'ComputerName'. The argument is null or empty. Provide an argument that is not null or empty, and then try the command again.
At D:\SICZ\avas\temp\avas-puvodni verze\hw_check.ps1:19 char:75
+ ...  = Get-WmiObject -Class Win32_OperatingSystem -ComputerName $HostName
+                                                                 ~~~~~~~~~
    + CategoryInfo          : InvalidData: (:) [Get-WmiObject], ParameterBindingValidationException
    + FullyQualifiedErrorId : ParameterArgumentValidationError,Microsoft.PowerShell.Commands.GetWmiObjectCommand

>> TerminatingError(Get-WmiObject): "Cannot validate argument on parameter 'ComputerName'. The argument is null or empty. Provide an argument that is not null or empty, and then try the command again."
Get-WmiObject : Cannot validate argument on parameter 'ComputerName'. The argument is null or empty. Provide an argument
 that is not null or empty, and then try the command again.
At D:\SICZ\avas\temp\avas-puvodni verze\hw_check.ps1:20 char:69
+ ... terCPU = Get-WmiObject -Class Win32_Processor -ComputerName $HostName
+                                                                 ~~~~~~~~~
    + CategoryInfo          : InvalidData: (:) [Get-WmiObject], ParameterBindingValidationException
    + FullyQualifiedErrorId : ParameterArgumentValidationError,Microsoft.PowerShell.Commands.GetWmiObjectCommand
>> ParameterBinding(Trace-SteroidsOutput): name="InputObject"; value="Cannot validate argument on parameter 'ComputerName'. The argument is null or empty. Provide an argument that is not null or empty, and then try the command again."
Get-WmiObject : Cannot validate argument on parameter 'ComputerName'. The argument is null or empty. Provide an argument that is not null or empty, and then try the command again.
At D:\SICZ\avas\temp\avas-puvodni verze\hw_check.ps1:20 char:69
+ ... terCPU = Get-WmiObject -Class Win32_Processor -ComputerName $HostName
+                                                                 ~~~~~~~~~
    + CategoryInfo          : InvalidData: (:) [Get-WmiObject], ParameterBindingValidationException
    + FullyQualifiedErrorId : ParameterArgumentValidationError,Microsoft.PowerShell.Commands.GetWmiObjectCommand

>> TerminatingError(Get-WmiObject): "Cannot validate argument on parameter 'ComputerName'. The argument is null or empty. Provide an argument that is not null or empty, and then try the command again."
Get-WmiObject : Cannot validate argument on parameter 'ComputerName'. The argument is null or empty. Provide an argument
 that is not null or empty, and then try the command again.
At D:\SICZ\avas\temp\avas-puvodni verze\hw_check.ps1:21 char:71
+ ... et-WmiObject -Class Win32_LogicalDisk -ComputerName $HostName -Filter ...
+                                                         ~~~~~~~~~
    + CategoryInfo          : InvalidData: (:) [Get-WmiObject], ParameterBindingValidationException
    + FullyQualifiedErrorId : ParameterArgumentValidationError,Microsoft.PowerShell.Commands.GetWmiObjectCommand
>> ParameterBinding(Trace-SteroidsOutput): name="InputObject"; value="Cannot validate argument on parameter 'ComputerName'. The argument is null or empty. Provide an argument that is not null or empty, and then try the command again."
Get-WmiObject : Cannot validate argument on parameter 'ComputerName'. The argument is null or empty. Provide an argument that is not null or empty, and then try the command again.
At D:\SICZ\avas\temp\avas-puvodni verze\hw_check.ps1:21 char:71
+ ... et-WmiObject -Class Win32_LogicalDisk -ComputerName $HostName -Filter ...
+                                                         ~~~~~~~~~
    + CategoryInfo          : InvalidData: (:) [Get-WmiObject], ParameterBindingValidationException
    + FullyQualifiedErrorId : ParameterArgumentValidationError,Microsoft.PowerShell.Commands.GetWmiObjectCommand

System Information for:
You cannot call a method on a null-valued expression.
At D:\SICZ\avas\temp\avas-puvodni verze\hw_check.ps1:31 char:3
+   $OSB = $computerOSB.ConvertToDateTime(($computerOSB).InstallDate)
+   ~~~~~~~~~~~~~~~~~~~~~~~~~~~~~~~~~~~~~~~~~~~~~~~~~~~~~~~~~~~~~~~~~
    + CategoryInfo          : InvalidOperation: (:) [], RuntimeException
    + FullyQualifiedErrorId : InvokeMethodOnNull
>> ParameterBinding(Trace-SteroidsOutput): name="InputObject"; value="You cannot call a method on a null-valued expression."
You cannot call a method on a null-valued expression.
At D:\SICZ\avas\temp\avas-puvodni verze\hw_check.ps1:31 char:3
+   $OSB = $computerOSB.ConvertToDateTime(($computerOSB).InstallDate)
+   ~~~~~~~~~~~~~~~~~~~~~~~~~~~~~~~~~~~~~~~~~~~~~~~~~~~~~~~~~~~~~~~~~
    + CategoryInfo          : InvalidOperation: (:) [], RuntimeException
    + FullyQualifiedErrorId : InvokeMethodOnNull

