**********************
Windows PowerShell transcript start
Start time: 20171010150119
Username: DESKTOP-TBE27PS\lukas
RunAs User: DESKTOP-TBE27PS\lukas
Configuration Name: 
Machine: DESKTOP-TBE27PS (Microsoft Windows NT 10.0.17004.0)
Host Application: C:\Windows\System32\WindowsPowerShell\v1.0\powershell_ise.exe
Process ID: 2672
PSVersion: 5.1.17004.1000
PSEdition: Desktop
PSCompatibleVersions: 1.0, 2.0, 3.0, 4.0, 5.0, 5.1.17004.1000
BuildVersion: 10.0.17004.1000
CLRVersion: 4.0.30319.42000
WSManStackVersion: 3.0
PSRemotingProtocolVersion: 2.3
SerializationVersion: 1.1.0.1
**********************
PS C:\WINDOWS\system32> ParameterBinding(Trace-SteroidsOutput): name="InputObject"; value="Transcript started, output file is D:\SICZ\avas\AVAS_2017_10_10.log"
Transcript started, output file is D:\SICZ\avas\AVAS_2017_10_10.log
PS C:\WINDOWS\system32> ParameterBinding(Trace-SteroidsOutput): name="InputObject"; value="Transcript started, output file is ./transcript2017-10-10-03-01-19.txt"
Transcript started, output file is ./transcript2017-10-10-03-01-19.txt
10/10/2017 15:01:20 - Nacitani json konfiguracniho souboru
PS C:\WINDOWS\system32> ParameterBinding(Trace-SteroidsOutput): name="InputObject"; value="Transcript started, output file is D:\SICZ\avas/debug-2017-10-10-03-01-30.log"
Transcript started, output file is D:\SICZ\avas/debug-2017-10-10-03-01-30.log
-message pokracuji ve zpracovani
spoustim test app diff
PS C:\WINDOWS\system32> ParameterBinding(Trace-SteroidsOutput): name="InputObject"; value="@{DisplayName=Dell SupportAssist; DisplayVersion=2.0.6875.668; Publisher=Dell}"

>> ParameterBinding(Trace-SteroidsOutput): name="InputObject"; value="@{DisplayName=Total Commander 64-bit (Remove or Repair); DisplayVersion=9.0a; Publisher=Ghisler Software GmbH}"
spoustim test services diff
PS C:\WINDOWS\system32> ParameterBinding(Trace-SteroidsOutput): name="InputObject"; value="@{DisplayName=Background Intelligent Transfer Service; StartType=3}"
DisplayName                               DisplayVersion Publisher
-----------                               -------------- ---------
Dell SupportAssist                        2.0.6875.668   Dell
Total Commander 64-bit (Remove or Repair) 9.0a           Ghisler Software GmbH
Background Intelligent Transfer Service
>> ParameterBinding(Trace-SteroidsOutput): name="InputObject"; value="@{DisplayName=Offline Files; StartType=2}"
Offline Files
>> ParameterBinding(Trace-SteroidsOutput): name="InputObject"; value="@{DisplayName=Connected User Experiences and Telemetry; StartType=2}"
Connected User Experiences and Telemetry
>> ParameterBinding(Trace-SteroidsOutput): name="InputObject"; value="@{DisplayName=Diagnostic Policy Service; StartType=2}"
Diagnostic Policy Service
>> ParameterBinding(Trace-SteroidsOutput): name="InputObject"; value="@{DisplayName=File History Service; StartType=2}"
File History Service
>> ParameterBinding(Trace-SteroidsOutput): name="InputObject"; value="@{DisplayName=IKE and AuthIP IPsec Keying Modules; StartType=2}"
IKE and AuthIP IPsec Keying Modules
>> ParameterBinding(Trace-SteroidsOutput): name="InputObject"; value="@{DisplayName=Geolocation Service; StartType=3}"
Geolocation Service
>> ParameterBinding(Trace-SteroidsOutput): name="InputObject"; value="@{DisplayName=Net.Tcp Port Sharing Service; StartType=4}"
Net.Tcp Port Sharing Service
>> ParameterBinding(Trace-SteroidsOutput): name="InputObject"; value="@{DisplayName=Remote Access Connection Manager; StartType=2}"
Remote Access Connection Manager
>> ParameterBinding(Trace-SteroidsOutput): name="InputObject"; value="@{DisplayName=Routing and Remote Access; StartType=4}"
Routing and Remote Access
>> ParameterBinding(Trace-SteroidsOutput): name="InputObject"; value="@{DisplayName=Shell Hardware Detection; StartType=2}"
Shell Hardware Detection
>> ParameterBinding(Trace-SteroidsOutput): name="InputObject"; value="@{DisplayName=Shared PC Account Manager; StartType=4}"
Shared PC Account Manager
>> ParameterBinding(Trace-SteroidsOutput): name="InputObject"; value="@{DisplayName=Windows Image Acquisition (WIA); StartType=2}"
Windows Image Acquisition (WIA)
>> ParameterBinding(Trace-SteroidsOutput): name="InputObject"; value="@{DisplayName=Touch Keyboard and Handwriting Panel Service; StartType=4}"
Touch Keyboard and Handwriting Panel S...
>> ParameterBinding(Trace-SteroidsOutput): name="InputObject"; value="@{DisplayName=Themes; StartType=2}"
Themes
>> ParameterBinding(Trace-SteroidsOutput): name="InputObject"; value="@{DisplayName=Auto Time Zone Updater; StartType=4}"
Auto Time Zone Updater
>> ParameterBinding(Trace-SteroidsOutput): name="InputObject"; value="@{DisplayName=Windows Time; StartType=3}"
Windows Time
>> ParameterBinding(Trace-SteroidsOutput): name="InputObject"; value="@{DisplayName=Windows Event Collector; StartType=2}"
Windows Event Collector
>> ParameterBinding(Trace-SteroidsOutput): name="InputObject"; value="@{DisplayName=Windows Defender Antivirus Service; StartType=3}"
Windows Defender Antivirus Service
>> ParameterBinding(Trace-SteroidsOutput): name="InputObject"; value="@{DisplayName=Windows Remote Management (WS-Management); StartType=3}"
Windows Remote Management (WS-Management)
spoustim test scheduled tasks diff
spoustim test hotfix diff
PS C:\WINDOWS\system32> ParameterBinding(Trace-SteroidsOutput): name="InputObject"; value="
InputObject     SideIndicator
-----------     -------------
DESKTOP-TBE27PS =>           
MICA            <=           


"

InputObject     SideIndicator
-----------     -------------
DESKTOP-TBE27PS =>           
MICA            <=
PS C:\WINDOWS\system32> ParameterBinding(Trace-SteroidsOutput): name="InputObject"; value="@{FileSystem=NTFS; Type=Local Fixed Disk; Volume=C:; Available=18977058816; Computer=MICA; Used=108479447040; Size=127456505856}"

>> ParameterBinding(Trace-SteroidsOutput): name="InputObject"; value="@{FileSystem=NTFS; Type=Local Fixed Disk; Volume=D:; Available=155963895808; Computer=MICA; Used=344007622656; Size=499971518464}"



PS C:\WINDOWS\system32> $hash
>> CommandInvocation(Trace-SteroidsOutput): "Trace-SteroidsOutput"
>> ParameterBinding(Trace-SteroidsOutput): name="InputObject"; value="@{Apps=System.Object[]; services=System.Object[]; scheduledtasks=; hotfix=; uwp=; Active_DC=; Allow_deviceclasses=; Allow_deviceids=; Application_log_length=18944000; Applocker=System.Object[]; BIOS=DELL   - 1072009 | BIOS Date: 12/22/16 01:25:40 Ver: A20.00 ; Bios_date=; Bitlocker=System.Object[]; Computerturen_root_certifikates=System.Object[]; ComputerName=MICA; Country=420; Date=; Default_locale=00000409; Deny_deviceclasses=; Deny_deviceids=; deny_UnspecifiedDevices=; Domain=; Domain_dhcp=sicz.local; Domain_tcp=; AV_MS_product=; AV_MS_residenton=; AV_MS_scanner_build=; AV_MS_scanner_version=; AV_MS_version=; rozdily=System.Object[]; hdd=System.Object[]}"


Apps                            : {@{DisplayName=Dell SupportAssist; DisplayVersion=2.0.6875.668; Publisher=Dell}, @{DisplayName=Total Commander 64-bit (Remove or Repair); DisplayVersion=9.0a; Publisher=Ghi
                                  sler Software GmbH}}
services                        : {@{DisplayName=Background Intelligent Transfer Service; StartType=3}, @{DisplayName=Offline Files; StartType=2}, @{DisplayName=Connected User Experiences and Telemetry; Sta
                                  rtType=2}, @{DisplayName=Diagnostic Policy Service; StartType=2}...}
scheduledtasks                  :
hotfix                          :
uwp                             :
Active_DC                       :
Allow_deviceclasses             :
Allow_deviceids                 :
Application_log_length          : 18944000
Applocker                       : {}
BIOS                            : DELL   - 1072009 | BIOS Date: 12/22/16 01:25:40 Ver: A20.00
Bios_date                       : @{value=22.12.2016 0:00:00; DateTime=čtvrtek 22. prosince 2016 1:00:00}
Bitlocker                       : {@{pageHeaderEntry=; pageFooterEntry=; autosizeInfo=; shapeInfo=Microsoft.PowerShell.Commands.Internal.Format.ListViewHeaderInfo; groupingEntry=; ClassId2e4f51ef21dd47e99d3
                                  c952918aff9cd=033ecb2bc07a4d43b5ef94ed5a35d280}, @{shapeInfo=; groupingEntry=; ClassId2e4f51ef21dd47e99d3c952918aff9cd=9e210fe47d09416682b841769c78b8a3}, @{formatEntryInfo=
                                  Microsoft.PowerShell.Commands.Internal.Format.ListViewEntry; outOfBand=False; writeStream=0; ClassId2e4f51ef21dd47e99d3c952918aff9cd=27c87ef9bbda4f709f6b4002fa4af63c}, @{fo
                                  rmatEntryInfo=Microsoft.PowerShell.Commands.Internal.Format.ListViewEntry; outOfBand=False; writeStream=0; ClassId2e4f51ef21dd47e99d3c952918aff9cd=27c87ef9bbda4f709f6b4002f
                                  a4af63c}...}
Computerturen_root_certifikates : {@{pageHeaderEntry=; pageFooterEntry=; autosizeInfo=; shapeInfo=Microsoft.PowerShell.Commands.Internal.Format.ListViewHeaderInfo; groupingEntry=; ClassId2e4f51ef21dd47e99d3
                                  c952918aff9cd=033ecb2bc07a4d43b5ef94ed5a35d280}, @{shapeInfo=; groupingEntry=; ClassId2e4f51ef21dd47e99d3c952918aff9cd=9e210fe47d09416682b841769c78b8a3}, @{formatEntryInfo=
                                  Microsoft.PowerShell.Commands.Internal.Format.ListViewEntry; outOfBand=False; writeStream=0; ClassId2e4f51ef21dd47e99d3c952918aff9cd=27c87ef9bbda4f709f6b4002fa4af63c}, @{fo
                                  rmatEntryInfo=Microsoft.PowerShell.Commands.Internal.Format.ListViewEntry; outOfBand=False; writeStream=0; ClassId2e4f51ef21dd47e99d3c952918aff9cd=27c87ef9bbda4f709f6b4002f
                                  a4af63c}...}
ComputerName                    : MICA
Country                         : 420
Date                            : @{value=07.09.2017 13:38:19; DisplayHint=2; DateTime=čtvrtek 7. září 2017 15:38:19}
Default_locale                  : 00000409
Deny_deviceclasses              :
Deny_deviceids                  :
deny_UnspecifiedDevices         :
Domain                          :
Domain_dhcp                     : sicz.local
Domain_tcp                      :
AV_MS_product                   :
AV_MS_residenton                :
AV_MS_scanner_build             :
AV_MS_scanner_version           :
AV_MS_version                   :
rozdily                         : {@{InputObject=DESKTOP-TBE27PS; SideIndicator==>}, @{InputObject=MICA; SideIndicator=<=}}
hdd                             : {@{FileSystem=NTFS; Type=Local Fixed Disk; Volume=C:; Available=18977058816; Computer=MICA; Used=108479447040; Size=127456505856}, @{FileSystem=NTFS; Type=Local Fixed Disk;
                                   Volume=D:; Available=155963895808; Computer=MICA; Used=344007622656; Size=499971518464}}



PS C:\WINDOWS\system32> $has.hdd
>> CommandInvocation(Trace-SteroidsOutput): "Trace-SteroidsOutput"
PS C:\WINDOWS\system32> $hash.hdd | Out-String
>> CommandInvocation(Trace-SteroidsOutput): "Trace-SteroidsOutput"
>> ParameterBinding(Trace-SteroidsOutput): name="InputObject"; value="

FileSystem : NTFS
Type       : Local Fixed Disk
Volume     : C:
Available  : 18977058816
Computer   : MICA
Used       : 108479447040
Size       : 127456505856

FileSystem : NTFS
Type       : Local Fixed Disk
Volume     : D:
Available  : 155963895808
Computer   : MICA
Used       : 344007622656
Size       : 499971518464



"


FileSystem : NTFS
Type       : Local Fixed Disk
Volume     : C:
Available  : 18977058816
Computer   : MICA
Used       : 108479447040
Size       : 127456505856

FileSystem : NTFS
Type       : Local Fixed Disk
Volume     : D:
Available  : 155963895808
Computer   : MICA
Used       : 344007622656
Size       : 499971518464
PS C:\WINDOWS\system32> CommandInvocation(Trace-SteroidsOutput): "Trace-SteroidsOutput"
PS C:\WINDOWS\system32> ParameterBinding(Trace-SteroidsOutput): name="InputObject"; value="Transcript started, output file is D:\SICZ\avas\AVAS_2017_10_10.log"
Transcript started, output file is D:\SICZ\avas\AVAS_2017_10_10.log
PS C:\WINDOWS\system32> ParameterBinding(Trace-SteroidsOutput): name="InputObject"; value="Transcript started, output file is ./transcript2017-10-10-03-02-34.txt"
Transcript started, output file is ./transcript2017-10-10-03-02-34.txt
10/10/2017 15:02:34 - Nacitani json konfiguracniho souboru
PS C:\WINDOWS\system32> ParameterBinding(Trace-SteroidsOutput): name="InputObject"; value="Transcript started, output file is D:\SICZ\avas/debug-2017-10-10-03-02-47.log"
Transcript started, output file is D:\SICZ\avas/debug-2017-10-10-03-02-47.log
-message pokracuji ve zpracovani
spoustim test app diff
PS C:\WINDOWS\system32> ParameterBinding(Trace-SteroidsOutput): name="InputObject"; value="@{DisplayName=Dell SupportAssist; DisplayVersion=2.0.6875.668; Publisher=Dell}"

>> ParameterBinding(Trace-SteroidsOutput): name="InputObject"; value="@{DisplayName=Total Commander 64-bit (Remove or Repair); DisplayVersion=9.0a; Publisher=Ghisler Software GmbH}"
spoustim test services diff
PS C:\WINDOWS\system32> ParameterBinding(Trace-SteroidsOutput): name="InputObject"; value="@{DisplayName=Background Intelligent Transfer Service; StartType=3}"
DisplayName                               DisplayVersion Publisher
-----------                               -------------- ---------
Dell SupportAssist                        2.0.6875.668   Dell
Total Commander 64-bit (Remove or Repair) 9.0a           Ghisler Software GmbH
Background Intelligent Transfer Service
>> ParameterBinding(Trace-SteroidsOutput): name="InputObject"; value="@{DisplayName=Offline Files; StartType=2}"
Offline Files
>> ParameterBinding(Trace-SteroidsOutput): name="InputObject"; value="@{DisplayName=Connected User Experiences and Telemetry; StartType=2}"
Connected User Experiences and Telemetry
>> ParameterBinding(Trace-SteroidsOutput): name="InputObject"; value="@{DisplayName=Diagnostic Policy Service; StartType=2}"
Diagnostic Policy Service
>> ParameterBinding(Trace-SteroidsOutput): name="InputObject"; value="@{DisplayName=File History Service; StartType=2}"
File History Service
>> ParameterBinding(Trace-SteroidsOutput): name="InputObject"; value="@{DisplayName=IKE and AuthIP IPsec Keying Modules; StartType=2}"
IKE and AuthIP IPsec Keying Modules
>> ParameterBinding(Trace-SteroidsOutput): name="InputObject"; value="@{DisplayName=Geolocation Service; StartType=3}"
Geolocation Service
>> ParameterBinding(Trace-SteroidsOutput): name="InputObject"; value="@{DisplayName=Net.Tcp Port Sharing Service; StartType=4}"
Net.Tcp Port Sharing Service
>> ParameterBinding(Trace-SteroidsOutput): name="InputObject"; value="@{DisplayName=Remote Access Connection Manager; StartType=2}"
Remote Access Connection Manager
>> ParameterBinding(Trace-SteroidsOutput): name="InputObject"; value="@{DisplayName=Routing and Remote Access; StartType=4}"
Routing and Remote Access
>> ParameterBinding(Trace-SteroidsOutput): name="InputObject"; value="@{DisplayName=Shell Hardware Detection; StartType=2}"
Shell Hardware Detection
>> ParameterBinding(Trace-SteroidsOutput): name="InputObject"; value="@{DisplayName=Shared PC Account Manager; StartType=4}"
Shared PC Account Manager
>> ParameterBinding(Trace-SteroidsOutput): name="InputObject"; value="@{DisplayName=Windows Image Acquisition (WIA); StartType=2}"
Windows Image Acquisition (WIA)
>> ParameterBinding(Trace-SteroidsOutput): name="InputObject"; value="@{DisplayName=Touch Keyboard and Handwriting Panel Service; StartType=4}"
Touch Keyboard and Handwriting Panel S...
>> ParameterBinding(Trace-SteroidsOutput): name="InputObject"; value="@{DisplayName=Themes; StartType=2}"
Themes
>> ParameterBinding(Trace-SteroidsOutput): name="InputObject"; value="@{DisplayName=Auto Time Zone Updater; StartType=4}"
Auto Time Zone Updater
>> ParameterBinding(Trace-SteroidsOutput): name="InputObject"; value="@{DisplayName=Windows Time; StartType=3}"
Windows Time
>> ParameterBinding(Trace-SteroidsOutput): name="InputObject"; value="@{DisplayName=Windows Event Collector; StartType=2}"
Windows Event Collector
>> ParameterBinding(Trace-SteroidsOutput): name="InputObject"; value="@{DisplayName=Windows Defender Antivirus Service; StartType=3}"
Windows Defender Antivirus Service
>> ParameterBinding(Trace-SteroidsOutput): name="InputObject"; value="@{DisplayName=Windows Remote Management (WS-Management); StartType=3}"
Windows Remote Management (WS-Management)
spoustim test scheduled tasks diff
spoustim test hotfix diff
PS C:\WINDOWS\system32> ParameterBinding(Trace-SteroidsOutput): name="InputObject"; value="
InputObject     SideIndicator
-----------     -------------
DESKTOP-TBE27PS =>           
MICA            <=           


"

InputObject     SideIndicator
-----------     -------------
DESKTOP-TBE27PS =>           
MICA            <=
PS C:\WINDOWS\system32> ParameterBinding(Trace-SteroidsOutput): name="InputObject"; value="

FileSystem : NTFS
Type       : Local Fixed Disk
Volume     : C:
Available  : 18977058816
Computer   : MICA
Used       : 108479447040
Size       : 127456505856

FileSystem : NTFS
Type       : Local Fixed Disk
Volume     : D:
Available  : 155963895808
Computer   : MICA
Used       : 344007622656
Size       : 499971518464



"


FileSystem : NTFS
Type       : Local Fixed Disk
Volume     : C:
Available  : 18977058816
Computer   : MICA
Used       : 108479447040
Size       : 127456505856

FileSystem : NTFS
Type       : Local Fixed Disk
Volume     : D:
Available  : 155963895808
Computer   : MICA
Used       : 344007622656
Size       : 499971518464


PS C:\WINDOWS\system32> D:\SICZ\avas\avas.ps1
At D:\SICZ\avas\avas.ps1:360 char:30
+ $has.hdd_rozdil| out-string |
+                              ~
An empty pipe element is not allowed.
    + CategoryInfo          : ParserError: (:) [], ParentContainsErrorRecordException
    + FullyQualifiedErrorId : EmptyPipeElement

PS C:\WINDOWS\system32> D:\SICZ\avas\avas.ps1
At D:\SICZ\avas\avas.ps1:360 char:31
+ $hash.hdd_rozdil| out-string |
+                               ~
An empty pipe element is not allowed.
    + CategoryInfo          : ParserError: (:) [], ParentContainsErrorRecordException
    + FullyQualifiedErrorId : EmptyPipeElement

PS C:\WINDOWS\system32> CommandInvocation(Trace-SteroidsOutput): "Trace-SteroidsOutput"
PS C:\WINDOWS\system32> ParameterBinding(Trace-SteroidsOutput): name="InputObject"; value="Transcript started, output file is D:\SICZ\avas\AVAS_2017_10_10.log"
Transcript started, output file is D:\SICZ\avas\AVAS_2017_10_10.log
PS C:\WINDOWS\system32> ParameterBinding(Trace-SteroidsOutput): name="InputObject"; value="Transcript started, output file is ./transcript2017-10-10-03-03-49.txt"
Transcript started, output file is ./transcript2017-10-10-03-03-49.txt
10/10/2017 15:03:49 - Nacitani json konfiguracniho souboru
PS C:\WINDOWS\system32> ParameterBinding(Trace-SteroidsOutput): name="InputObject"; value="Transcript started, output file is D:\SICZ\avas/debug-2017-10-10-03-03-57.log"
Transcript started, output file is D:\SICZ\avas/debug-2017-10-10-03-03-57.log
-message pokracuji ve zpracovani
spoustim test app diff
PS C:\WINDOWS\system32> ParameterBinding(Trace-SteroidsOutput): name="InputObject"; value="@{DisplayName=Mozilla Maintenance Service; DisplayVersion=58.0a1; Publisher=Mozilla}"

>> ParameterBinding(Trace-SteroidsOutput): name="InputObject"; value="@{DisplayName=Dell Touchpad; DisplayVersion=10.2207.101.108; Publisher=ALPS ELECTRIC CO., LTD.}"
>> ParameterBinding(Trace-SteroidsOutput): name="InputObject"; value="@{DisplayName=Microsoft Visual Studio Code; DisplayVersion=1.17.0; Publisher=Microsoft Corporation}"
spoustim test services diff
PS C:\WINDOWS\system32> ParameterBinding(Trace-SteroidsOutput): name="InputObject"; value="@{DisplayName=Background Intelligent Transfer Service; StartType=3}"
>> ParameterBinding(Trace-SteroidsOutput): name="InputObject"; value="@{DisplayName=File History Service; StartType=2}"
>> ParameterBinding(Trace-SteroidsOutput): name="InputObject"; value="@{DisplayName=IKE and AuthIP IPsec Keying Modules; StartType=2}"
>> ParameterBinding(Trace-SteroidsOutput): name="InputObject"; value="@{DisplayName=Windows PushToInstall Service; StartType=3}"
>> ParameterBinding(Trace-SteroidsOutput): name="InputObject"; value="@{DisplayName=Touch Keyboard and Handwriting Panel Service; StartType=4}"
>> ParameterBinding(Trace-SteroidsOutput): name="InputObject"; value="@{DisplayName=Windows Event Collector; StartType=2}"
spoustim test scheduled tasks diff
spoustim test hotfix diff
PS C:\WINDOWS\system32> ParameterBinding(Trace-SteroidsOutput): name="InputObject"; value="
InputObject     SideIndicator
-----------     -------------
DESKTOP-TBE27PS =>           
DESKTOP-V056PHL <=           


"
DisplayName                                  DisplayVersion  Publisher
-----------                                  --------------  ---------
Mozilla Maintenance Service                  58.0a1          Mozilla
Dell Touchpad                                10.2207.101.108 ALPS ELECTRIC CO., LTD.
Microsoft Visual Studio Code                 1.17.0          Microsoft Corporation
Background Intelligent Transfer Service
File History Service
IKE and AuthIP IPsec Keying Modules
Windows PushToInstall Service
Touch Keyboard and Handwriting Panel Service
Windows Event Collector

InputObject     SideIndicator
-----------     -------------
DESKTOP-TBE27PS =>           
DESKTOP-V056PHL <=
PS C:\WINDOWS\system32> TerminatingError(Compare-Object): "Cannot bind argument to parameter 'DifferenceObject' because it is null."
>> ParameterBinding(Trace-SteroidsOutput): name="InputObject"; value="

FileSystem : NTFS
Type       : Local Fixed Disk
Volume     : C:
Available  : 415967141888
Computer   : DESKTOP-V056PHL
Used       : 83562926080
Size       : 499530067968



"


FileSystem : NTFS
Type       : Local Fixed Disk
Volume     : C:
Available  : 415967141888
Computer   : DESKTOP-V056PHL
Used       : 83562926080
Size       : 499530067968
PS C:\WINDOWS\system32> ParameterBinding(Trace-SteroidsOutput): name="InputObject"; value=""



PS C:\WINDOWS\system32> CommandInvocation(Trace-SteroidsOutput): "Trace-SteroidsOutput"
PS C:\WINDOWS\system32> ParameterBinding(Trace-SteroidsOutput): name="InputObject"; value="Transcript started, output file is D:\SICZ\avas\AVAS_2017_10_10.log"
Transcript started, output file is D:\SICZ\avas\AVAS_2017_10_10.log
PS C:\WINDOWS\system32> ParameterBinding(Trace-SteroidsOutput): name="InputObject"; value="Transcript started, output file is ./transcript2017-10-10-03-04-08.txt"
Transcript started, output file is ./transcript2017-10-10-03-04-08.txt
10/10/2017 15:04:08 - Nacitani json konfiguracniho souboru
PS C:\WINDOWS\system32> ParameterBinding(Trace-SteroidsOutput): name="InputObject"; value="Transcript started, output file is D:\SICZ\avas/debug-2017-10-10-03-04-19.log"
Transcript started, output file is D:\SICZ\avas/debug-2017-10-10-03-04-19.log
-message pokracuji ve zpracovani
spoustim test app diff
PS C:\WINDOWS\system32> ParameterBinding(Trace-SteroidsOutput): name="InputObject"; value="@{DisplayName=Dell SupportAssist; DisplayVersion=2.0.6875.668; Publisher=Dell}"

>> ParameterBinding(Trace-SteroidsOutput): name="InputObject"; value="@{DisplayName=Total Commander 64-bit (Remove or Repair); DisplayVersion=9.0a; Publisher=Ghisler Software GmbH}"
spoustim test services diff
PS C:\WINDOWS\system32> ParameterBinding(Trace-SteroidsOutput): name="InputObject"; value="@{DisplayName=Background Intelligent Transfer Service; StartType=3}"
DisplayName                               DisplayVersion Publisher
-----------                               -------------- ---------
Dell SupportAssist                        2.0.6875.668   Dell
Total Commander 64-bit (Remove or Repair) 9.0a           Ghisler Software GmbH
Background Intelligent Transfer Service
>> ParameterBinding(Trace-SteroidsOutput): name="InputObject"; value="@{DisplayName=Offline Files; StartType=2}"
Offline Files
>> ParameterBinding(Trace-SteroidsOutput): name="InputObject"; value="@{DisplayName=Connected User Experiences and Telemetry; StartType=2}"
Connected User Experiences and Telemetry
>> ParameterBinding(Trace-SteroidsOutput): name="InputObject"; value="@{DisplayName=Diagnostic Policy Service; StartType=2}"
Diagnostic Policy Service
>> ParameterBinding(Trace-SteroidsOutput): name="InputObject"; value="@{DisplayName=File History Service; StartType=2}"
File History Service
>> ParameterBinding(Trace-SteroidsOutput): name="InputObject"; value="@{DisplayName=IKE and AuthIP IPsec Keying Modules; StartType=2}"
IKE and AuthIP IPsec Keying Modules
>> ParameterBinding(Trace-SteroidsOutput): name="InputObject"; value="@{DisplayName=Geolocation Service; StartType=3}"
Geolocation Service
>> ParameterBinding(Trace-SteroidsOutput): name="InputObject"; value="@{DisplayName=Net.Tcp Port Sharing Service; StartType=4}"
Net.Tcp Port Sharing Service
>> ParameterBinding(Trace-SteroidsOutput): name="InputObject"; value="@{DisplayName=Remote Access Connection Manager; StartType=2}"
Remote Access Connection Manager
>> ParameterBinding(Trace-SteroidsOutput): name="InputObject"; value="@{DisplayName=Routing and Remote Access; StartType=4}"
Routing and Remote Access
>> ParameterBinding(Trace-SteroidsOutput): name="InputObject"; value="@{DisplayName=Shell Hardware Detection; StartType=2}"
Shell Hardware Detection
>> ParameterBinding(Trace-SteroidsOutput): name="InputObject"; value="@{DisplayName=Shared PC Account Manager; StartType=4}"
Shared PC Account Manager
>> ParameterBinding(Trace-SteroidsOutput): name="InputObject"; value="@{DisplayName=Windows Image Acquisition (WIA); StartType=2}"
Windows Image Acquisition (WIA)
>> ParameterBinding(Trace-SteroidsOutput): name="InputObject"; value="@{DisplayName=Touch Keyboard and Handwriting Panel Service; StartType=4}"
Touch Keyboard and Handwriting Panel S...
>> ParameterBinding(Trace-SteroidsOutput): name="InputObject"; value="@{DisplayName=Themes; StartType=2}"
Themes
>> ParameterBinding(Trace-SteroidsOutput): name="InputObject"; value="@{DisplayName=Auto Time Zone Updater; StartType=4}"
Auto Time Zone Updater
>> ParameterBinding(Trace-SteroidsOutput): name="InputObject"; value="@{DisplayName=Windows Time; StartType=3}"
Windows Time
>> ParameterBinding(Trace-SteroidsOutput): name="InputObject"; value="@{DisplayName=Windows Event Collector; StartType=2}"
Windows Event Collector
>> ParameterBinding(Trace-SteroidsOutput): name="InputObject"; value="@{DisplayName=Windows Defender Antivirus Service; StartType=3}"
Windows Defender Antivirus Service
>> ParameterBinding(Trace-SteroidsOutput): name="InputObject"; value="@{DisplayName=Windows Remote Management (WS-Management); StartType=3}"
Windows Remote Management (WS-Management)
spoustim test scheduled tasks diff
spoustim test hotfix diff
PS C:\WINDOWS\system32> ParameterBinding(Trace-SteroidsOutput): name="InputObject"; value="
InputObject     SideIndicator
-----------     -------------
DESKTOP-TBE27PS =>           
MICA            <=           


"

InputObject     SideIndicator
-----------     -------------
DESKTOP-TBE27PS =>           
MICA            <=
PS C:\WINDOWS\system32> TerminatingError(Compare-Object): "Cannot bind argument to parameter 'DifferenceObject' because it is null."
>> ParameterBinding(Trace-SteroidsOutput): name="InputObject"; value=""



PS C:\WINDOWS\system32> $hash.hdd_rozdil
>> CommandInvocation(Trace-SteroidsOutput): "Trace-SteroidsOutput"
PS C:\WINDOWS\system32> CommandInvocation(Trace-SteroidsOutput): "Trace-SteroidsOutput"
PS C:\WINDOWS\system32> ParameterBinding(Trace-SteroidsOutput): name="InputObject"; value="Transcript started, output file is D:\SICZ\avas\AVAS_2017_10_10.log"
Transcript started, output file is D:\SICZ\avas\AVAS_2017_10_10.log
PS C:\WINDOWS\system32> ParameterBinding(Trace-SteroidsOutput): name="InputObject"; value="Transcript started, output file is ./transcript2017-10-10-03-04-39.txt"
Transcript started, output file is ./transcript2017-10-10-03-04-39.txt
10/10/2017 15:04:39 - Nacitani json konfiguracniho souboru
PS C:\WINDOWS\system32> ParameterBinding(Trace-SteroidsOutput): name="InputObject"; value="Transcript started, output file is D:\SICZ\avas/debug-2017-10-10-03-04-49.log"
Transcript started, output file is D:\SICZ\avas/debug-2017-10-10-03-04-49.log
-message pokracuji ve zpracovani
spoustim test app diff
PS C:\WINDOWS\system32> ParameterBinding(Trace-SteroidsOutput): name="InputObject"; value="@{DisplayName=Dell SupportAssist; DisplayVersion=2.0.6875.668; Publisher=Dell}"

>> ParameterBinding(Trace-SteroidsOutput): name="InputObject"; value="@{DisplayName=Total Commander 64-bit (Remove or Repair); DisplayVersion=9.0a; Publisher=Ghisler Software GmbH}"
spoustim test services diff
PS C:\WINDOWS\system32> ParameterBinding(Trace-SteroidsOutput): name="InputObject"; value="@{DisplayName=Background Intelligent Transfer Service; StartType=3}"
DisplayName                               DisplayVersion Publisher
-----------                               -------------- ---------
Dell SupportAssist                        2.0.6875.668   Dell
Total Commander 64-bit (Remove or Repair) 9.0a           Ghisler Software GmbH
Background Intelligent Transfer Service
>> ParameterBinding(Trace-SteroidsOutput): name="InputObject"; value="@{DisplayName=Offline Files; StartType=2}"
Offline Files
>> ParameterBinding(Trace-SteroidsOutput): name="InputObject"; value="@{DisplayName=Connected User Experiences and Telemetry; StartType=2}"
Connected User Experiences and Telemetry
>> ParameterBinding(Trace-SteroidsOutput): name="InputObject"; value="@{DisplayName=Diagnostic Policy Service; StartType=2}"
Diagnostic Policy Service
>> ParameterBinding(Trace-SteroidsOutput): name="InputObject"; value="@{DisplayName=File History Service; StartType=2}"
File History Service
>> ParameterBinding(Trace-SteroidsOutput): name="InputObject"; value="@{DisplayName=IKE and AuthIP IPsec Keying Modules; StartType=2}"
IKE and AuthIP IPsec Keying Modules
>> ParameterBinding(Trace-SteroidsOutput): name="InputObject"; value="@{DisplayName=Geolocation Service; StartType=3}"
Geolocation Service
>> ParameterBinding(Trace-SteroidsOutput): name="InputObject"; value="@{DisplayName=Net.Tcp Port Sharing Service; StartType=4}"
Net.Tcp Port Sharing Service
>> ParameterBinding(Trace-SteroidsOutput): name="InputObject"; value="@{DisplayName=Remote Access Connection Manager; StartType=2}"
Remote Access Connection Manager
>> ParameterBinding(Trace-SteroidsOutput): name="InputObject"; value="@{DisplayName=Routing and Remote Access; StartType=4}"
Routing and Remote Access
>> ParameterBinding(Trace-SteroidsOutput): name="InputObject"; value="@{DisplayName=Shell Hardware Detection; StartType=2}"
Shell Hardware Detection
>> ParameterBinding(Trace-SteroidsOutput): name="InputObject"; value="@{DisplayName=Shared PC Account Manager; StartType=4}"
Shared PC Account Manager
>> ParameterBinding(Trace-SteroidsOutput): name="InputObject"; value="@{DisplayName=Windows Image Acquisition (WIA); StartType=2}"
Windows Image Acquisition (WIA)
>> ParameterBinding(Trace-SteroidsOutput): name="InputObject"; value="@{DisplayName=Touch Keyboard and Handwriting Panel Service; StartType=4}"
Touch Keyboard and Handwriting Panel S...
>> ParameterBinding(Trace-SteroidsOutput): name="InputObject"; value="@{DisplayName=Themes; StartType=2}"
Themes
>> ParameterBinding(Trace-SteroidsOutput): name="InputObject"; value="@{DisplayName=Auto Time Zone Updater; StartType=4}"
Auto Time Zone Updater
>> ParameterBinding(Trace-SteroidsOutput): name="InputObject"; value="@{DisplayName=Windows Time; StartType=3}"
Windows Time
>> ParameterBinding(Trace-SteroidsOutput): name="InputObject"; value="@{DisplayName=Windows Event Collector; StartType=2}"
Windows Event Collector
>> ParameterBinding(Trace-SteroidsOutput): name="InputObject"; value="@{DisplayName=Windows Defender Antivirus Service; StartType=3}"
Windows Defender Antivirus Service
>> ParameterBinding(Trace-SteroidsOutput): name="InputObject"; value="@{DisplayName=Windows Remote Management (WS-Management); StartType=3}"
Windows Remote Management (WS-Management)
spoustim test scheduled tasks diff
spoustim test hotfix diff
PS C:\WINDOWS\system32> ParameterBinding(Trace-SteroidsOutput): name="InputObject"; value="
InputObject     SideIndicator
-----------     -------------
DESKTOP-TBE27PS =>           
MICA            <=           


"

InputObject     SideIndicator
-----------     -------------
DESKTOP-TBE27PS =>           
MICA            <=
PS C:\WINDOWS\system32> TerminatingError(Compare-Object): "Cannot bind argument to parameter 'DifferenceObject' because it is null."
>> ParameterBinding(Trace-SteroidsOutput): name="InputObject"; value=""



PS C:\WINDOWS\system32> $hash.hdd_rozdil
>> CommandInvocation(Trace-SteroidsOutput): "Trace-SteroidsOutput"
PS C:\WINDOWS\system32> CommandInvocation(Trace-SteroidsOutput): "Trace-SteroidsOutput"
PS C:\WINDOWS\system32> ParameterBinding(Trace-SteroidsOutput): name="InputObject"; value="Transcript started, output file is D:\SICZ\avas\AVAS_2017_10_10.log"
Transcript started, output file is D:\SICZ\avas\AVAS_2017_10_10.log
PS C:\WINDOWS\system32> ParameterBinding(Trace-SteroidsOutput): name="InputObject"; value="Transcript started, output file is ./transcript2017-10-10-03-04-56.txt"
Transcript started, output file is ./transcript2017-10-10-03-04-56.txt
10/10/2017 15:04:56 - Nacitani json konfiguracniho souboru
PS C:\WINDOWS\system32> ParameterBinding(Trace-SteroidsOutput): name="InputObject"; value="Transcript started, output file is D:\SICZ\avas/debug-2017-10-10-03-05-03.log"
Transcript started, output file is D:\SICZ\avas/debug-2017-10-10-03-05-03.log
-message pokracuji ve zpracovani
spoustim test app diff
PS C:\WINDOWS\system32> ParameterBinding(Trace-SteroidsOutput): name="InputObject"; value="@{DisplayName=Mozilla Maintenance Service; DisplayVersion=58.0a1; Publisher=Mozilla}"

>> ParameterBinding(Trace-SteroidsOutput): name="InputObject"; value="@{DisplayName=Dell Touchpad; DisplayVersion=10.2207.101.108; Publisher=ALPS ELECTRIC CO., LTD.}"
>> ParameterBinding(Trace-SteroidsOutput): name="InputObject"; value="@{DisplayName=Microsoft Visual Studio Code; DisplayVersion=1.17.0; Publisher=Microsoft Corporation}"
spoustim test services diff
PS C:\WINDOWS\system32> ParameterBinding(Trace-SteroidsOutput): name="InputObject"; value="@{DisplayName=Background Intelligent Transfer Service; StartType=3}"
>> ParameterBinding(Trace-SteroidsOutput): name="InputObject"; value="@{DisplayName=File History Service; StartType=2}"
>> ParameterBinding(Trace-SteroidsOutput): name="InputObject"; value="@{DisplayName=IKE and AuthIP IPsec Keying Modules; StartType=2}"
>> ParameterBinding(Trace-SteroidsOutput): name="InputObject"; value="@{DisplayName=Windows PushToInstall Service; StartType=3}"
>> ParameterBinding(Trace-SteroidsOutput): name="InputObject"; value="@{DisplayName=Touch Keyboard and Handwriting Panel Service; StartType=4}"
>> ParameterBinding(Trace-SteroidsOutput): name="InputObject"; value="@{DisplayName=Windows Event Collector; StartType=2}"
spoustim test scheduled tasks diff
spoustim test hotfix diff
PS C:\WINDOWS\system32> ParameterBinding(Trace-SteroidsOutput): name="InputObject"; value="
InputObject     SideIndicator
-----------     -------------
DESKTOP-TBE27PS =>           
DESKTOP-V056PHL <=           


"
DisplayName                                  DisplayVersion  Publisher
-----------                                  --------------  ---------
Mozilla Maintenance Service                  58.0a1          Mozilla
Dell Touchpad                                10.2207.101.108 ALPS ELECTRIC CO., LTD.
Microsoft Visual Studio Code                 1.17.0          Microsoft Corporation
Background Intelligent Transfer Service
File History Service
IKE and AuthIP IPsec Keying Modules
Windows PushToInstall Service
Touch Keyboard and Handwriting Panel Service
Windows Event Collector

InputObject     SideIndicator
-----------     -------------
DESKTOP-TBE27PS =>           
DESKTOP-V056PHL <=
PS C:\WINDOWS\system32> TerminatingError(Compare-Object): "Cannot bind argument to parameter 'DifferenceObject' because it is null."
>> ParameterBinding(Trace-SteroidsOutput): name="InputObject"; value=""



PS C:\WINDOWS\system32> $hash.hdd_rozdil
>> CommandInvocation(Trace-SteroidsOutput): "Trace-SteroidsOutput"
