**********************
Windows PowerShell transcript start
Start time: 20171010161417
Username: DESKTOP-TBE27PS\lukas
RunAs User: DESKTOP-TBE27PS\lukas
Configuration Name: 
Machine: DESKTOP-TBE27PS (Microsoft Windows NT 10.0.17004.0)
Host Application: C:\WINDOWS\system32\WindowsPowerShell\v1.0\PowerShell_ISE.exe
Process ID: 14724
PSVersion: 5.1.17004.1000
PSEdition: Desktop
PSCompatibleVersions: 1.0, 2.0, 3.0, 4.0, 5.0, 5.1.17004.1000
BuildVersion: 10.0.17004.1000
CLRVersion: 4.0.30319.42000
WSManStackVersion: 3.0
PSRemotingProtocolVersion: 2.3
SerializationVersion: 1.1.0.1
**********************
PS C:\WINDOWS\system32> ParameterBinding(Trace-SteroidsOutput): name="InputObject"; value="Transcript started, output file is D:\SICZ\avas/debug-2017-10-10-04-14-17.log"
Transcript started, output file is D:\SICZ\avas/debug-2017-10-10-04-14-17.log
-message pokracuji ve zpracovani
spoustim test app diff
PS C:\WINDOWS\system32> ParameterBinding(Trace-SteroidsOutput): name="InputObject"; value="@{DisplayName=Mozilla Maintenance Service; DisplayVersion=58.0a1; Publisher=Mozilla}"

>> ParameterBinding(Trace-SteroidsOutput): name="InputObject"; value="@{DisplayName=Dell Touchpad; DisplayVersion=10.2207.101.108; Publisher=ALPS ELECTRIC CO., LTD.}"
>> ParameterBinding(Trace-SteroidsOutput): name="InputObject"; value="@{DisplayName=Microsoft Visual Studio Code; DisplayVersion=1.17.0; Publisher=Microsoft Corporation}"
spoustim test services diff
PS C:\WINDOWS\system32> ParameterBinding(Trace-SteroidsOutput): name="InputObject"; value="@{DisplayName=Background Intelligent Transfer Service; StartType=3}"
>> ParameterBinding(Trace-SteroidsOutput): name="InputObject"; value="@{DisplayName=File History Service; StartType=2}"
>> ParameterBinding(Trace-SteroidsOutput): name="InputObject"; value="@{DisplayName=IKE and AuthIP IPsec Keying Modules; StartType=2}"
>> ParameterBinding(Trace-SteroidsOutput): name="InputObject"; value="@{DisplayName=Windows PushToInstall Service; StartType=3}"
>> ParameterBinding(Trace-SteroidsOutput): name="InputObject"; value="@{DisplayName=Touch Keyboard and Handwriting Panel Service; StartType=4}"
>> ParameterBinding(Trace-SteroidsOutput): name="InputObject"; value="@{DisplayName=Windows Event Collector; StartType=2}"
spoustim test scheduled tasks diff
spoustim test hotfix diff
PS C:\WINDOWS\system32> ParameterBinding(Trace-SteroidsOutput): name="InputObject"; value="
InputObject     SideIndicator
-----------     -------------
DESKTOP-TBE27PS =>           
DESKTOP-V056PHL <=           


"
DisplayName                                  DisplayVersion  Publisher
-----------                                  --------------  ---------
Mozilla Maintenance Service                  58.0a1          Mozilla
Dell Touchpad                                10.2207.101.108 ALPS ELECTRIC CO., LTD.
Microsoft Visual Studio Code                 1.17.0          Microsoft Corporation
Background Intelligent Transfer Service
File History Service
IKE and AuthIP IPsec Keying Modules
Windows PushToInstall Service
Touch Keyboard and Handwriting Panel Service
Windows Event Collector

InputObject     SideIndicator
-----------     -------------
DESKTOP-TBE27PS =>           
DESKTOP-V056PHL <=
PS C:\WINDOWS\system32> TerminatingError(Compare-Object): "Cannot bind argument to parameter 'DifferenceObject' because it is null."
>> ParameterBinding(Trace-SteroidsOutput): name="InputObject"; value=""

PS C:\WINDOWS\system32> ParameterBinding(Trace-SteroidsOutput): name="InputObject"; value="@{WindowsBuildLabEx=16281.1000.amd64fre.rs3_release.170829-1438; WindowsCurrentVersion=6.3; WindowsEditionId=Enterprise; WindowsInstallationType=Client; WindowsInstallDateFromRegistry=06.09.2017 8:41:09; WindowsProductId=00329-00000-00003-AA661; WindowsProductName=Windows 10 Enterprise Insider Preview; WindowsRegisteredOrganization=; WindowsRegisteredOwner=Windows User; WindowsSystemRoot=C:\Windows; WindowsVersion=1703; BiosCharacteristics=; BiosBIOSVersion=; BiosBuildNumber=; BiosCaption=; BiosCodeSet=; BiosCurrentLanguage=; BiosDescription=; BiosEmbeddedControllerMajorVersion=; BiosEmbeddedControllerMinorVersion=; BiosFirmwareType=; BiosIdentificationCode=; BiosInstallableLanguages=; BiosInstallDate=; BiosLanguageEdition=; BiosListOfLanguages=; BiosManufacturer=; BiosName=; BiosOtherTargetOS=; BiosPrimaryBIOS=; BiosReleaseDate=; BiosSeralNumber=; BiosSMBIOSBIOSVersion=; BiosSMBIOSMajorVersion=; BiosSMBIOSMinorVersion=; BiosSMBIOSPresent=; BiosSoftwareElementState=; BiosStatus=; BiosSystemBiosMajorVersion=; BiosSystemBiosMinorVersion=; BiosTargetOperatingSystem=; BiosVersion=; CsAdminPasswordStatus=; CsAutomaticManagedPagefile=; CsAutomaticResetBootOption=; CsAutomaticResetCapability=; CsBootOptionOnLimit=; CsBootOptionOnWatchDog=; CsBootROMSupported=; CsBootStatus=; CsBootupState=; CsCaption=; CsChassisBootupState=; CsChassisSKUNumber=; CsCurrentTimeZone=; CsDaylightInEffect=; CsDescription=; CsDNSHostName=; CsDomain=; CsDomainRole=; CsEnableDaylightSavingsTime=; CsFrontPanelResetStatus=; CsHypervisorPresent=; CsInfraredSupported=; CsInitialLoadInfo=; CsInstallDate=; CsKeyboardPasswordStatus=; CsLastLoadInfo=; CsManufacturer=; CsModel=; CsName=; CsNetworkAdapters=; CsNetworkServerModeEnabled=; CsNumberOfLogicalProcessors=; CsNumberOfProcessors=; CsProcessors=; CsOEMStringArray=; CsPartOfDomain=; CsPauseAfterReset=; CsPCSystemType=; CsPCSystemTypeEx=; CsPowerManagementCapabilities=; CsPowerManagementSupported=; CsPowerOnPasswordStatus=; CsPowerState=; CsPowerSupplyState=; CsPrimaryOwnerContact=; CsPrimaryOwnerName=; CsResetCapability=; CsResetCount=; CsResetLimit=; CsRoles=; CsStatus=; CsSupportContactDescription=; CsSystemFamily=; CsSystemSKUNumber=; CsSystemType=; CsThermalState=; CsTotalPhysicalMemory=; CsPhyicallyInstalledMemory=; CsUserName=; CsWakeUpType=; CsWorkgroup=; OsName=; OsType=; OsOperatingSystemSKU=; OsVersion=; OsCSDVersion=; OsBuildNumber=; OsHotFixes=; OsBootDevice=; OsSystemDevice=; OsSystemDirectory=; OsSystemDrive=; OsWindowsDirectory=; OsCountryCode=; OsCurrentTimeZone=; OsLocaleID=; OsLocale=; OsLocalDateTime=; OsLastBootUpTime=; OsUptime=; OsBuildType=; OsCodeSet=; OsDataExecutionPreventionAvailable=; OsDataExecutionPrevention32BitApplications=; OsDataExecutionPreventionDrivers=; OsDataExecutionPreventionSupportPolicy=; OsDebug=; OsDistributed=; OsEncryptionLevel=; OsForegroundApplicationBoost=; OsTotalVisibleMemorySize=; OsFreePhysicalMemory=; OsTotalVirtualMemorySize=; OsFreeVirtualMemory=; OsInUseVirtualMemory=; OsTotalSwapSpaceSize=; OsSizeStoredInPagingFiles=; OsFreeSpaceInPagingFiles=; OsPagingFiles=; OsHardwareAbstractionLayer=; OsInstallDate=; OsManufacturer=; OsMaxNumberOfProcesses=; OsMaxProcessMemorySize=; OsMuiLanguages=; OsNumberOfLicensedUsers=; OsNumberOfProcesses=; OsNumberOfUsers=; OsOrganization=; OsArchitecture=; OsLanguage=; OsProductSuites=; OsOtherTypeDescription=; OsPAEEnabled=; OsPortableOperatingSystem=; OsPrimary=; OsProductType=; OsRegisteredUser=; OsSerialNumber=; OsServicePackMajorVersion=; OsServicePackMinorVersion=; OsStatus=; OsSuites=; OsServerLevel=; KeyboardLayout=; TimeZone=(UTC+01:00) Belgrade, Bratislava, Budapest, Ljubljana, Prague; LogonServer=\\DESKTOP-V056PHL; PowerPlatformRole=2; HyperVisorPresent=; HyperVRequirementDataExecutionPreventionAvailable=; HyperVRequirementSecondLevelAddressTranslation=; HyperVRequirementVirtualizationFirmwareEnabled=; HyperVRequirementVMMonitorModeExtensions=; DeviceGuardSmartStatus=0; DeviceGuardRequiredSecurityProperties=; DeviceGuardAvailableSecurityProperties=; DeviceGuardSecurityServicesConfigured=; DeviceGuardSecurityServicesRunning=; DeviceGuardCodeIntegrityPolicyEnforcementStatus=; DeviceGuardUserModeCodeIntegrityPolicyEnforcementStatus=}"

PS C:\WINDOWS\system32> ParameterBinding(Trace-SteroidsOutput): name="InputObject"; value="Cancel"
Cancel


PS C:\WINDOWS\system32> $hash.Apps
>> CommandInvocation(Trace-SteroidsOutput): "Trace-SteroidsOutput"
>> ParameterBinding(Trace-SteroidsOutput): name="InputObject"; value="@{DisplayName=Mozilla Maintenance Service; DisplayVersion=58.0a1; Publisher=Mozilla}"

>> ParameterBinding(Trace-SteroidsOutput): name="InputObject"; value="@{DisplayName=Dell Touchpad; DisplayVersion=10.2207.101.108; Publisher=ALPS ELECTRIC CO., LTD.}"
>> ParameterBinding(Trace-SteroidsOutput): name="InputObject"; value="@{DisplayName=Microsoft Visual Studio Code; DisplayVersion=1.17.0; Publisher=Microsoft Corporation}"
DisplayName                  DisplayVersion  Publisher
-----------                  --------------  ---------
Mozilla Maintenance Service  58.0a1          Mozilla
Dell Touchpad                10.2207.101.108 ALPS ELECTRIC CO., LTD.
Microsoft Visual Studio Code 1.17.0          Microsoft Corporation


