**********************
Windows PowerShell transcript start
Start time: 20171012134717
Username: DESKTOP-TBE27PS\lukas
RunAs User: DESKTOP-TBE27PS\lukas
Configuration Name: 
Machine: DESKTOP-TBE27PS (Microsoft Windows NT 10.0.17004.0)
Host Application: C:\Windows\System32\WindowsPowerShell\v1.0\powershell_ise.exe
Process ID: 7124
PSVersion: 5.1.17004.1000
PSEdition: Desktop
PSCompatibleVersions: 1.0, 2.0, 3.0, 4.0, 5.0, 5.1.17004.1000
BuildVersion: 10.0.17004.1000
CLRVersion: 4.0.30319.42000
WSManStackVersion: 3.0
PSRemotingProtocolVersion: 2.3
SerializationVersion: 1.1.0.1
**********************
PS C:\WINDOWS\system32> ParameterBinding(Trace-SteroidsOutput): name="InputObject"; value="Transcript started, output file is D:\SICZ\avas/debug-2017-10-12-01-47-17.log"
Transcript started, output file is D:\SICZ\avas/debug-2017-10-12-01-47-17.log
-message pokracuji ve zpracovani
spoustim test app diff
spoustim test services diff
PS C:\WINDOWS\system32> ParameterBinding(Trace-SteroidsOutput): name="InputObject"; value="@{DisplayName=Background Intelligent Transfer Service; StartType=3}"

>> ParameterBinding(Trace-SteroidsOutput): name="InputObject"; value="@{DisplayName=Offline Files; StartType=2}"
>> ParameterBinding(Trace-SteroidsOutput): name="InputObject"; value="@{DisplayName=Optimize drives; StartType=3}"
>> ParameterBinding(Trace-SteroidsOutput): name="InputObject"; value="@{DisplayName=Device Association Service; StartType=2}"
>> ParameterBinding(Trace-SteroidsOutput): name="InputObject"; value="@{DisplayName=Delivery Optimization; StartType=2}"
>> ParameterBinding(Trace-SteroidsOutput): name="InputObject"; value="@{DisplayName=File History Service; StartType=2}"
>> ParameterBinding(Trace-SteroidsOutput): name="InputObject"; value="@{DisplayName=IKE and AuthIP IPsec Keying Modules; StartType=2}"
>> ParameterBinding(Trace-SteroidsOutput): name="InputObject"; value="@{DisplayName=Touch Keyboard and Handwriting Panel Service; StartType=4}"
>> ParameterBinding(Trace-SteroidsOutput): name="InputObject"; value="@{DisplayName=Windows Event Collector; StartType=2}"
>> ParameterBinding(Trace-SteroidsOutput): name="InputObject"; value="@{DisplayName=Windows Defender Antivirus Service; StartType=3}"
>> ParameterBinding(Trace-SteroidsOutput): name="InputObject"; value="@{DisplayName=Windows Remote Management (WS-Management); StartType=3}"
spoustim test scheduled tasks diff
spoustim test hotfix diff
PS C:\WINDOWS\system32> ParameterBinding(Trace-SteroidsOutput): name="InputObject"; value="
InputObject     SideIndicator
-----------     -------------
DESKTOP-TBE27PS =>           
MICA            <=           


"
DisplayName                                  StartType
-----------                                  ---------
Background Intelligent Transfer Service              3
Offline Files                                        2
Optimize drives                                      3
Device Association Service                           2
Delivery Optimization                                2
File History Service                                 2
IKE and AuthIP IPsec Keying Modules                  2
Touch Keyboard and Handwriting Panel Service         4
Windows Event Collector                              2
Windows Defender Antivirus Service                   3
Windows Remote Management (WS-Management)            3

InputObject     SideIndicator
-----------     -------------
DESKTOP-TBE27PS =>           
MICA            <=
PS C:\WINDOWS\system32> ParameterBinding(Trace-SteroidsOutput): name="InputObject"; value=""

PS C:\WINDOWS\system32> ParameterBinding(Trace-SteroidsOutput): name="InputObject"; value="@{WindowsBuildLabEx=16299.15.amd64fre.rs3_release.170928-1534; WindowsCurrentVersion=6.3; WindowsEditionId=Enterprise; WindowsInstallationType=Client; WindowsInstallDateFromRegistry=04.10.2017 17:53:31; WindowsProductId=00329-10438-00000-AA671; WindowsProductName=Windows 10 Enterprise; WindowsRegisteredOrganization=; WindowsRegisteredOwner=Windows User; WindowsSystemRoot=C:\WINDOWS; WindowsVersion=1709; BiosCharacteristics=System.Object[]; BiosBIOSVersion=System.Object[]; BiosBuildNumber=; BiosCaption=1.4.3; BiosCodeSet=; BiosCurrentLanguage=en|US|iso8859-1; BiosDescription=1.4.3; BiosEmbeddedControllerMajorVersion=255; BiosEmbeddedControllerMinorVersion=255; BiosFirmwareType=2; BiosIdentificationCode=; BiosInstallableLanguages=2; BiosInstallDate=; BiosLanguageEdition=; BiosListOfLanguages=System.Object[]; BiosManufacturer=Dell Inc.; BiosName=1.4.3; BiosOtherTargetOS=; BiosPrimaryBIOS=True; BiosReleaseDate=11.05.2017 0:00:00; BiosSeralNumber=507TFH2; BiosSMBIOSBIOSVersion=1.4.3; BiosSMBIOSMajorVersion=3; BiosSMBIOSMinorVersion=0; BiosSMBIOSPresent=True; BiosSoftwareElementState=3; BiosStatus=OK; BiosSystemBiosMajorVersion=1; BiosSystemBiosMinorVersion=4; BiosTargetOperatingSystem=0; BiosVersion=DELL   - 1072009; CsAdminPasswordStatus=3; CsAutomaticManagedPagefile=True; CsAutomaticResetBootOption=True; CsAutomaticResetCapability=True; CsBootOptionOnLimit=; CsBootOptionOnWatchDog=; CsBootROMSupported=True; CsBootStatus=System.Object[]; CsBootupState=Normal boot; CsCaption=MICA; CsChassisBootupState=3; CsChassisSKUNumber=Notebook; CsCurrentTimeZone=120; CsDaylightInEffect=True; CsDescription=AT/AT COMPATIBLE; CsDNSHostName=mica; CsDomain=WORKGROUP; CsDomainRole=0; CsEnableDaylightSavingsTime=True; CsFrontPanelResetStatus=3; CsHypervisorPresent=True; CsInfraredSupported=False; CsInitialLoadInfo=; CsInstallDate=; CsKeyboardPasswordStatus=3; CsLastLoadInfo=; CsManufacturer=Dell Inc.; CsModel=Latitude 5480; CsName=MICA; CsNetworkAdapters=System.Object[]; CsNetworkServerModeEnabled=True; CsNumberOfLogicalProcessors=4; CsNumberOfProcessors=1; CsProcessors=System.Object[]; CsOEMStringArray=System.Object[]; CsPartOfDomain=False; CsPauseAfterReset=-1; CsPCSystemType=2; CsPCSystemTypeEx=2; CsPowerManagementCapabilities=; CsPowerManagementSupported=; CsPowerOnPasswordStatus=3; CsPowerState=0; CsPowerSupplyState=3; CsPrimaryOwnerContact=; CsPrimaryOwnerName=Windows User; CsResetCapability=1; CsResetCount=-1; CsResetLimit=-1; CsRoles=System.Object[]; CsStatus=OK; CsSupportContactDescription=; CsSystemFamily=Latitude; CsSystemSKUNumber=07A7; CsSystemType=x64-based PC; CsThermalState=3; CsTotalPhysicalMemory=34236121088; CsPhyicallyInstalledMemory=33554432; CsUserName=MICA\mica; CsWakeUpType=6; CsWorkgroup=WORKGROUP; OsName=Microsoft Windows 10 Enterprise; OsType=18; OsOperatingSystemSKU=4; OsVersion=10.0.16299; OsCSDVersion=; OsBuildNumber=16299; OsHotFixes=System.Object[]; OsBootDevice=\Device\HarddiskVolume2; OsSystemDevice=\Device\HarddiskVolume4; OsSystemDirectory=C:\WINDOWS\system32; OsSystemDrive=C:; OsWindowsDirectory=C:\WINDOWS; OsCountryCode=420; OsCurrentTimeZone=120; OsLocaleID=0405; OsLocale=cs-CZ; OsLocalDateTime=09.10.2017 8:07:58; OsLastBootUpTime=06.10.2017 19:06:03; OsUptime=; OsBuildType=Multiprocessor Free; OsCodeSet=1250; OsDataExecutionPreventionAvailable=True; OsDataExecutionPrevention32BitApplications=True; OsDataExecutionPreventionDrivers=True; OsDataExecutionPreventionSupportPolicy=2; OsDebug=False; OsDistributed=False; OsEncryptionLevel=256; OsForegroundApplicationBoost=2; OsTotalVisibleMemorySize=33433712; OsFreePhysicalMemory=25971616; OsTotalVirtualMemorySize=38676592; OsFreeVirtualMemory=27123028; OsInUseVirtualMemory=11553564; OsTotalSwapSpaceSize=; OsSizeStoredInPagingFiles=5242880; OsFreeSpaceInPagingFiles=5242880; OsPagingFiles=System.Object[]; OsHardwareAbstractionLayer=10.0.16299.15; OsInstallDate=04.10.2017 19:53:31; OsManufacturer=Microsoft Corporation; OsMaxNumberOfProcesses=4294967295; OsMaxProcessMemorySize=137438953344; OsMuiLanguages=System.Object[]; OsNumberOfLicensedUsers=; OsNumberOfProcesses=229; OsNumberOfUsers=2; OsOrganization=; OsArchitecture=64-bit; OsLanguage=en-US; OsProductSuites=System.Object[]; OsOtherTypeDescription=; OsPAEEnabled=; OsPortableOperatingSystem=False; OsPrimary=True; OsProductType=1; OsRegisteredUser=Windows User; OsSerialNumber=00329-10438-00000-AA671; OsServicePackMajorVersion=0; OsServicePackMinorVersion=0; OsStatus=OK; OsSuites=System.Object[]; OsServerLevel=; KeyboardLayout=00020405; TimeZone=(UTC+01:00) Belgrade, Bratislava, Budapest, Ljubljana, Prague; LogonServer=\\MICA; PowerPlatformRole=2; HyperVisorPresent=True; HyperVRequirementDataExecutionPreventionAvailable=; HyperVRequirementSecondLevelAddressTranslation=; HyperVRequirementVirtualizationFirmwareEnabled=; HyperVRequirementVMMonitorModeExtensions=; DeviceGuardSmartStatus=0; DeviceGuardRequiredSecurityProperties=System.Object[]; DeviceGuardAvailableSecurityProperties=System.Object[]; DeviceGuardSecurityServicesConfigured=System.Object[]; DeviceGuardSecurityServicesRunning=System.Object[]; DeviceGuardCodeIntegrityPolicyEnforcementStatus=; DeviceGuardUserModeCodeIntegrityPolicyEnforcementStatus=}"

PS C:\WINDOWS\system32> ParameterBinding(Trace-SteroidsOutput): name="InputObject"; value="@{Apps=; services=System.Object[]; scheduledtasks=; hotfix=; uwp=; Active_DC=; Allow_deviceclasses=; Allow_deviceids=; Application_log_length=1118208; Applocker=System.Object[]; BIOS=DELL   - 1072009 | 1.4.3; Bios_date=; Bitlocker=; Computerturen_root_certifikates=System.Object[]; ComputerName=MICA; Country=420; Date=; Default_locale=00000409; Deny_deviceclasses=; Deny_deviceids=; deny_UnspecifiedDevices=; Domain=; Domain_dhcp=sicz.local; Domain_tcp=; AV_MS_product=; AV_MS_residenton=; AV_MS_scanner_build=; AV_MS_scanner_version=; AV_MS_version=; rozdily=System.Object[]; hdd=System.Object[]; pcinfo=; Local_groups=System.Object[]}"



PS C:\WINDOWS\system32> $hash.Apps
>> CommandInvocation(Trace-SteroidsOutput): "Trace-SteroidsOutput"
PS C:\WINDOWS\system32> $hash.hotfix
>> CommandInvocation(Trace-SteroidsOutput): "Trace-SteroidsOutput"
PS C:\WINDOWS\system32> $hash.uwp
>> CommandInvocation(Trace-SteroidsOutput): "Trace-SteroidsOutput"
PS C:\WINDOWS\system32> $hash
>> CommandInvocation(Trace-SteroidsOutput): "Trace-SteroidsOutput"
>> ParameterBinding(Trace-SteroidsOutput): name="InputObject"; value="@{Apps=; services=System.Object[]; scheduledtasks=; hotfix=; uwp=; Active_DC=; Allow_deviceclasses=; Allow_deviceids=; Application_log_length=1118208; Applocker=System.Object[]; BIOS=DELL   - 1072009 | 1.4.3; Bios_date=; Bitlocker=; Computerturen_root_certifikates=System.Object[]; ComputerName=MICA; Country=420; Date=; Default_locale=00000409; Deny_deviceclasses=; Deny_deviceids=; deny_UnspecifiedDevices=; Domain=; Domain_dhcp=sicz.local; Domain_tcp=; AV_MS_product=; AV_MS_residenton=; AV_MS_scanner_build=; AV_MS_scanner_version=; AV_MS_version=; rozdily=System.Object[]; hdd=System.Object[]; pcinfo=; Local_groups=System.Object[]}"


Apps                            :
services                        : {@{DisplayName=Background Intelligent Transfer Service; StartType=3}, @{DisplayName=Offline Files; StartType=2}, @{DisplayName=Optimize drives; StartType=3}, @{DisplayName=
                                  Device Association Service; StartType=2}...}
scheduledtasks                  :
hotfix                          :
uwp                             :
Active_DC                       :
Allow_deviceclasses             :
Allow_deviceids                 :
Application_log_length          : 1118208
Applocker                       : {}
BIOS                            : DELL   - 1072009 | 1.4.3
Bios_date                       : @{value=11.05.2017 0:00:00; DateTime=čtvrtek 11. května 2017 2:00:00}
Bitlocker                       :
Computerturen_root_certifikates : {@{pageHeaderEntry=; pageFooterEntry=; autosizeInfo=; shapeInfo=Microsoft.PowerShell.Commands.Internal.Format.ListViewHeaderInfo; groupingEntry=; ClassId2e4f51ef21dd47e99d3
                                  c952918aff9cd=033ecb2bc07a4d43b5ef94ed5a35d280}, @{shapeInfo=; groupingEntry=; ClassId2e4f51ef21dd47e99d3c952918aff9cd=9e210fe47d09416682b841769c78b8a3}, @{formatEntryInfo=
                                  Microsoft.PowerShell.Commands.Internal.Format.ListViewEntry; outOfBand=False; writeStream=0; ClassId2e4f51ef21dd47e99d3c952918aff9cd=27c87ef9bbda4f709f6b4002fa4af63c}, @{fo
                                  rmatEntryInfo=Microsoft.PowerShell.Commands.Internal.Format.ListViewEntry; outOfBand=False; writeStream=0; ClassId2e4f51ef21dd47e99d3c952918aff9cd=27c87ef9bbda4f709f6b4002f
                                  a4af63c}...}
ComputerName                    : MICA
Country                         : 420
Date                            : @{value=09.10.2017 8:07:54; DisplayHint=2; DateTime=pondělí 9. října 2017 10:07:54}
Default_locale                  : 00000409
Deny_deviceclasses              :
Deny_deviceids                  :
deny_UnspecifiedDevices         :
Domain                          :
Domain_dhcp                     : sicz.local
Domain_tcp                      :
AV_MS_product                   :
AV_MS_residenton                :
AV_MS_scanner_build             :
AV_MS_scanner_version           :
AV_MS_version                   :
rozdily                         : {@{InputObject=DESKTOP-TBE27PS; SideIndicator==>}, @{InputObject=MICA; SideIndicator=<=}}
hdd                             : {@{FileSystem=NTFS; Type=Local Fixed Disk; Volume=C:; Available=106330128384; Computer=MICA; Used=72786571264; Size=179116699648}, @{FileSystem=NTFS; Type=Local Fixed Disk;
                                   Volume=D:; Available=160850657280; Computer=MICA; Used=171546882048; Size=332397539328}}
pcinfo                          : @{WindowsBuildLabEx=16299.15.amd64fre.rs3_release.170928-1534; WindowsCurrentVersion=6.3; WindowsEditionId=Enterprise; WindowsInstallationType=Client; WindowsInstallDateFro
                                  mRegistry=04.10.2017 17:53:31; WindowsProductId=00329-10438-00000-AA671; WindowsProductName=Windows 10 Enterprise; WindowsRegisteredOrganization=; WindowsRegisteredOwner=Wi
                                  ndows User; WindowsSystemRoot=C:\WINDOWS; WindowsVersion=1709; BiosCharacteristics=System.Object[]; BiosBIOSVersion=System.Object[]; BiosBuildNumber=; BiosCaption=1.4.3; Bi
                                  osCodeSet=; BiosCurrentLanguage=en|US|iso8859-1; BiosDescription=1.4.3; BiosEmbeddedControllerMajorVersion=255; BiosEmbeddedControllerMinorVersion=255; BiosFirmwareType=2;
                                  BiosIdentificationCode=; BiosInstallableLanguages=2; BiosInstallDate=; BiosLanguageEdition=; BiosListOfLanguages=System.Object[]; BiosManufacturer=Dell Inc.; BiosName=1.4.3
                                  ; BiosOtherTargetOS=; BiosPrimaryBIOS=True; BiosReleaseDate=11.05.2017 0:00:00; BiosSeralNumber=507TFH2; BiosSMBIOSBIOSVersion=1.4.3; BiosSMBIOSMajorVersion=3; BiosSMBIOSMi
                                  norVersion=0; BiosSMBIOSPresent=True; BiosSoftwareElementState=3; BiosStatus=OK; BiosSystemBiosMajorVersion=1; BiosSystemBiosMinorVersion=4; BiosTargetOperatingSystem=0; Bi
                                  osVersion=DELL   - 1072009; CsAdminPasswordStatus=3; CsAutomaticManagedPagefile=True; CsAutomaticResetBootOption=True; CsAutomaticResetCapability=True; CsBootOptionOnLimit=
                                  ; CsBootOptionOnWatchDog=; CsBootROMSupported=True; CsBootStatus=System.Object[]; CsBootupState=Normal boot; CsCaption=MICA; CsChassisBootupState=3; CsChassisSKUNumber=Note
                                  book; CsCurrentTimeZone=120; CsDaylightInEffect=True; CsDescription=AT/AT COMPATIBLE; CsDNSHostName=mica; CsDomain=WORKGROUP; CsDomainRole=0; CsEnableDaylightSavingsTime=Tr
                                  ue; CsFrontPanelResetStatus=3; CsHypervisorPresent=True; CsInfraredSupported=False; CsInitialLoadInfo=; CsInstallDate=; CsKeyboardPasswordStatus=3; CsLastLoadInfo=; CsManuf
                                  acturer=Dell Inc.; CsModel=Latitude 5480; CsName=MICA; CsNetworkAdapters=System.Object[]; CsNetworkServerModeEnabled=True; CsNumberOfLogicalProcessors=4; CsNumberOfProcesso
                                  rs=1; CsProcessors=System.Object[]; CsOEMStringArray=System.Object[]; CsPartOfDomain=False; CsPauseAfterReset=-1; CsPCSystemType=2; CsPCSystemTypeEx=2; CsPowerManagementCap
                                  abilities=; CsPowerManagementSupported=; CsPowerOnPasswordStatus=3; CsPowerState=0; CsPowerSupplyState=3; CsPrimaryOwnerContact=; CsPrimaryOwnerName=Windows User; CsResetCa
                                  pability=1; CsResetCount=-1; CsResetLimit=-1; CsRoles=System.Object[]; CsStatus=OK; CsSupportContactDescription=; CsSystemFamily=Latitude; CsSystemSKUNumber=07A7; CsSystemT
                                  ype=x64-based PC; CsThermalState=3; CsTotalPhysicalMemory=34236121088; CsPhyicallyInstalledMemory=33554432; CsUserName=MICA\mica; CsWakeUpType=6; CsWorkgroup=WORKGROUP; OsN
                                  ame=Microsoft Windows 10 Enterprise; OsType=18; OsOperatingSystemSKU=4; OsVersion=10.0.16299; OsCSDVersion=; OsBuildNumber=16299; OsHotFixes=System.Object[]; OsBootDevice=\
                                  Device\HarddiskVolume2; OsSystemDevice=\Device\HarddiskVolume4; OsSystemDirectory=C:\WINDOWS\system32; OsSystemDrive=C:; OsWindowsDirectory=C:\WINDOWS; OsCountryCode=420; O
                                  sCurrentTimeZone=120; OsLocaleID=0405; OsLocale=cs-CZ; OsLocalDateTime=09.10.2017 8:07:58; OsLastBootUpTime=06.10.2017 19:06:03; OsUptime=; OsBuildType=Multiprocessor Free;
                                   OsCodeSet=1250; OsDataExecutionPreventionAvailable=True; OsDataExecutionPrevention32BitApplications=True; OsDataExecutionPreventionDrivers=True; OsDataExecutionPreventionS
                                  upportPolicy=2; OsDebug=False; OsDistributed=False; OsEncryptionLevel=256; OsForegroundApplicationBoost=2; OsTotalVisibleMemorySize=33433712; OsFreePhysicalMemory=25971616;
                                   OsTotalVirtualMemorySize=38676592; OsFreeVirtualMemory=27123028; OsInUseVirtualMemory=11553564; OsTotalSwapSpaceSize=; OsSizeStoredInPagingFiles=5242880; OsFreeSpaceInPagi
                                  ngFiles=5242880; OsPagingFiles=System.Object[]; OsHardwareAbstractionLayer=10.0.16299.15; OsInstallDate=04.10.2017 19:53:31; OsManufacturer=Microsoft Corporation; OsMaxNumb
                                  erOfProcesses=4294967295; OsMaxProcessMemorySize=137438953344; OsMuiLanguages=System.Object[]; OsNumberOfLicensedUsers=; OsNumberOfProcesses=229; OsNumberOfUsers=2; OsOrgan
                                  ization=; OsArchitecture=64-bit; OsLanguage=en-US; OsProductSuites=System.Object[]; OsOtherTypeDescription=; OsPAEEnabled=; OsPortableOperatingSystem=False; OsPrimary=True;
                                   OsProductType=1; OsRegisteredUser=Windows User; OsSerialNumber=00329-10438-00000-AA671; OsServicePackMajorVersion=0; OsServicePackMinorVersion=0; OsStatus=OK; OsSuites=Sys
                                  tem.Object[]; OsServerLevel=; KeyboardLayout=00020405; TimeZone=(UTC+01:00) Belgrade, Bratislava, Budapest, Ljubljana, Prague; LogonServer=\\MICA; PowerPlatformRole=2; Hype
                                  rVisorPresent=True; HyperVRequirementDataExecutionPreventionAvailable=; HyperVRequirementSecondLevelAddressTranslation=; HyperVRequirementVirtualizationFirmwareEnabled=; Hy
                                  perVRequirementVMMonitorModeExtensions=; DeviceGuardSmartStatus=0; DeviceGuardRequiredSecurityProperties=System.Object[]; DeviceGuardAvailableSecurityProperties=System.Obje
                                  ct[]; DeviceGuardSecurityServicesConfigured=System.Object[]; DeviceGuardSecurityServicesRunning=System.Object[]; DeviceGuardCodeIntegrityPolicyEnforcementStatus=; DeviceGua
                                  rdUserModeCodeIntegrityPolicyEnforcementStatus=}
Local_groups                    : {@{pageHeaderEntry=; pageFooterEntry=; autosizeInfo=; shapeInfo=Microsoft.PowerShell.Commands.Internal.Format.ListViewHeaderInfo; groupingEntry=; ClassId2e4f51ef21dd47e99d3
                                  c952918aff9cd=033ecb2bc07a4d43b5ef94ed5a35d280}, @{shapeInfo=; groupingEntry=; ClassId2e4f51ef21dd47e99d3c952918aff9cd=9e210fe47d09416682b841769c78b8a3}, @{formatEntryInfo=
                                  Microsoft.PowerShell.Commands.Internal.Format.ListViewEntry; outOfBand=False; writeStream=0; ClassId2e4f51ef21dd47e99d3c952918aff9cd=27c87ef9bbda4f709f6b4002fa4af63c}, @{fo
                                  rmatEntryInfo=Microsoft.PowerShell.Commands.Internal.Format.ListViewEntry; outOfBand=False; writeStream=0; ClassId2e4f51ef21dd47e99d3c952918aff9cd=27c87ef9bbda4f709f6b4002f
                                  a4af63c}...}



PS C:\WINDOWS\system32> $hash.Application_log_length
>> CommandInvocation(Trace-SteroidsOutput): "Trace-SteroidsOutput"
>> ParameterBinding(Trace-SteroidsOutput): name="InputObject"; value="1118208"
1118208
PS C:\WINDOWS\system32> $HOME
>> CommandInvocation(Trace-SteroidsOutput): "Trace-SteroidsOutput"
>> ParameterBinding(Trace-SteroidsOutput): name="InputObject"; value="C:\Users\lukas"
C:\Users\lukas
PS C:\WINDOWS\system32> $Host
>> CommandInvocation(Trace-SteroidsOutput): "Trace-SteroidsOutput"
>> ParameterBinding(Trace-SteroidsOutput): name="InputObject"; value="System.Management.Automation.Internal.Host.InternalHost"


Name             : Windows PowerShell ISE Host
Version          : 5.1.17004.1000
InstanceId       : 8ba8d637-c71e-495e-b47f-b57239b0ddad
UI               : System.Management.Automation.Internal.Host.InternalHostUserInterface
CurrentCulture   : cs-CZ
CurrentUICulture : en-US
PrivateData      : Microsoft.PowerShell.Host.ISE.ISEOptions
DebuggerEnabled  : True
IsRunspacePushed : False
Runspace         : System.Management.Automation.Runspaces.LocalRunspace



PS C:\WINDOWS\system32> Get-PrinterProperty
>> CommandInvocation(Trace-SteroidsOutput): "Trace-SteroidsOutput"
Get-PrinterProperty : The specified server does not exist, or the server or printer name is invalid.  Names may not cont
ain ',' or '\' characters.
At line:1 char:1
+ Get-PrinterProperty
+ ~~~~~~~~~~~~~~~~~~~
    + CategoryInfo          : NotSpecified: (MSFT_PrinterProperty:ROOT/StandardCimv2/MSFT_PrinterProperty) [Get-PrinterP
roperty], CimException
    + FullyQualifiedErrorId : HRESULT 0x80070709,Get-PrinterProperty
>> ParameterBinding(Trace-SteroidsOutput): name="InputObject"; value="The specified server does not exist, or the server or printer name is invalid.  Names may not contain ',' or '\' characters."
Get-PrinterProperty : The specified server does not exist, or the server or printer name is invalid.  Names may not contain ',' or '\' characters.
At line:1 char:1
+ Get-PrinterProperty
+ ~~~~~~~~~~~~~~~~~~~
    + CategoryInfo          : NotSpecified: (MSFT_PrinterProperty:ROOT/StandardCimv2/MSFT_PrinterProperty) [Get-PrinterProperty], CimException
    + FullyQualifiedErrorId : HRESULT 0x80070709,Get-PrinterProperty

PS C:\WINDOWS\system32> Get-AppxLastError
>> CommandInvocation(Trace-SteroidsOutput): "Trace-SteroidsOutput"
PS C:\WINDOWS\system32> Get-ComputerRestorePoint
>> CommandInvocation(Trace-SteroidsOutput): "Trace-SteroidsOutput"
PS C:\WINDOWS\system32> Get-ComputerInfo
>> CommandInvocation(Trace-SteroidsOutput): "Trace-SteroidsOutput"
>> ParameterBinding(Trace-SteroidsOutput): name="InputObject"; value="Microsoft.PowerShell.Commands.ComputerInfo"


WindowsBuildLabEx                                       : 17004.1000.amd64fre.rs_prerelease.170922-2229
WindowsCurrentVersion                                   : 6.3
WindowsEditionId                                        : Professional
WindowsInstallationType                                 : Client
WindowsInstallDateFromRegistry                          : 03.10.2017 14:58:36
WindowsProductId                                        : 00330-80000-00000-AA671
WindowsProductName                                      : Windows 10 Pro
WindowsRegisteredOrganization                           :
WindowsRegisteredOwner                                  :
WindowsSystemRoot                                       : C:\WINDOWS
WindowsVersion                                          : 1709
BiosCharacteristics                                     :
BiosBIOSVersion                                         :
BiosBuildNumber                                         :
BiosCaption                                             :
BiosCodeSet                                             :
BiosCurrentLanguage                                     :
BiosDescription                                         :
BiosEmbeddedControllerMajorVersion                      :
BiosEmbeddedControllerMinorVersion                      :
BiosFirmwareType                                        :
BiosIdentificationCode                                  :
BiosInstallableLanguages                                :
BiosInstallDate                                         :
BiosLanguageEdition                                     :
BiosListOfLanguages                                     :
BiosManufacturer                                        :
BiosName                                                :
BiosOtherTargetOS                                       :
BiosPrimaryBIOS                                         :
BiosReleaseDate                                         :
BiosSeralNumber                                         :
BiosSMBIOSBIOSVersion                                   :
BiosSMBIOSMajorVersion                                  :
BiosSMBIOSMinorVersion                                  :
BiosSMBIOSPresent                                       :
BiosSoftwareElementState                                :
BiosStatus                                              :
BiosSystemBiosMajorVersion                              :
BiosSystemBiosMinorVersion                              :
BiosTargetOperatingSystem                               :
BiosVersion                                             :
CsAdminPasswordStatus                                   :
CsAutomaticManagedPagefile                              :
CsAutomaticResetBootOption                              :
CsAutomaticResetCapability                              :
CsBootOptionOnLimit                                     :
CsBootOptionOnWatchDog                                  :
CsBootROMSupported                                      :
CsBootStatus                                            :
CsBootupState                                           :
CsCaption                                               :
CsChassisBootupState                                    :
CsChassisSKUNumber                                      :
CsCurrentTimeZone                                       :
CsDaylightInEffect                                      :
CsDescription                                           :
CsDNSHostName                                           :
CsDomain                                                :
CsDomainRole                                            :
CsEnableDaylightSavingsTime                             :
CsFrontPanelResetStatus                                 :
CsHypervisorPresent                                     :
CsInfraredSupported                                     :
CsInitialLoadInfo                                       :
CsInstallDate                                           :
CsKeyboardPasswordStatus                                :
CsLastLoadInfo                                          :
CsManufacturer                                          :
CsModel                                                 :
CsName                                                  :
CsNetworkAdapters                                       :
CsNetworkServerModeEnabled                              :
CsNumberOfLogicalProcessors                             :
CsNumberOfProcessors                                    :
CsProcessors                                            :
CsOEMStringArray                                        :
CsPartOfDomain                                          :
CsPauseAfterReset                                       :
CsPCSystemType                                          :
CsPCSystemTypeEx                                        :
CsPowerManagementCapabilities                           :
CsPowerManagementSupported                              :
CsPowerOnPasswordStatus                                 :
CsPowerState                                            :
CsPowerSupplyState                                      :
CsPrimaryOwnerContact                                   :
CsPrimaryOwnerName                                      :
CsResetCapability                                       :
CsResetCount                                            :
CsResetLimit                                            :
CsRoles                                                 :
CsStatus                                                :
CsSupportContactDescription                             :
CsSystemFamily                                          :
CsSystemSKUNumber                                       :
CsSystemType                                            :
CsThermalState                                          :
CsTotalPhysicalMemory                                   :
CsPhyicallyInstalledMemory                              :
CsUserName                                              :
CsWakeUpType                                            :
CsWorkgroup                                             :
OsName                                                  :
OsType                                                  :
OsOperatingSystemSKU                                    :
OsVersion                                               :
OsCSDVersion                                            :
OsBuildNumber                                           :
OsHotFixes                                              :
OsBootDevice                                            :
OsSystemDevice                                          :
OsSystemDirectory                                       :
OsSystemDrive                                           :
OsWindowsDirectory                                      :
OsCountryCode                                           :
OsCurrentTimeZone                                       :
OsLocaleID                                              :
OsLocale                                                :
OsLocalDateTime                                         :
OsLastBootUpTime                                        :
OsUptime                                                :
OsBuildType                                             :
OsCodeSet                                               :
OsDataExecutionPreventionAvailable                      :
OsDataExecutionPrevention32BitApplications              :
OsDataExecutionPreventionDrivers                        :
OsDataExecutionPreventionSupportPolicy                  :
OsDebug                                                 :
OsDistributed                                           :
OsEncryptionLevel                                       :
OsForegroundApplicationBoost                            :
OsTotalVisibleMemorySize                                :
OsFreePhysicalMemory                                    :
OsTotalVirtualMemorySize                                :
OsFreeVirtualMemory                                     :
OsInUseVirtualMemory                                    :
OsTotalSwapSpaceSize                                    :
OsSizeStoredInPagingFiles                               :
OsFreeSpaceInPagingFiles                                :
OsPagingFiles                                           :
OsHardwareAbstractionLayer                              :
OsInstallDate                                           :
OsManufacturer                                          :
OsMaxNumberOfProcesses                                  :
OsMaxProcessMemorySize                                  :
OsMuiLanguages                                          :
OsNumberOfLicensedUsers                                 :
OsNumberOfProcesses                                     :
OsNumberOfUsers                                         :
OsOrganization                                          :
OsArchitecture                                          :
OsLanguage                                              :
OsProductSuites                                         :
OsOtherTypeDescription                                  :
OsPAEEnabled                                            :
OsPortableOperatingSystem                               :
OsPrimary                                               :
OsProductType                                           :
OsRegisteredUser                                        :
OsSerialNumber                                          :
OsServicePackMajorVersion                               :
OsServicePackMinorVersion                               :
OsStatus                                                :
OsSuites                                                :
OsServerLevel                                           :
KeyboardLayout                                          :
TimeZone                                                : (UTC+01:00) Belgrade, Bratislava, Budapest, Ljubljana, Prague
LogonServer                                             : \\DESKTOP-TBE27PS
PowerPlatformRole                                       : Mobile
HyperVisorPresent                                       :
HyperVRequirementDataExecutionPreventionAvailable       :
HyperVRequirementSecondLevelAddressTranslation          :
HyperVRequirementVirtualizationFirmwareEnabled          :
HyperVRequirementVMMonitorModeExtensions                :
DeviceGuardSmartStatus                                  : Off
DeviceGuardRequiredSecurityProperties                   :
DeviceGuardAvailableSecurityProperties                  :
DeviceGuardSecurityServicesConfigured                   :
DeviceGuardSecurityServicesRunning                      :
DeviceGuardCodeIntegrityPolicyEnforcementStatus         :
DeviceGuardUserModeCodeIntegrityPolicyEnforcementStatus :



PS C:\WINDOWS\system32> (Get-WmiObject win32_battery).estimatedChargeRemaining
>> CommandInvocation(Trace-SteroidsOutput): "Trace-SteroidsOutput"
PS C:\WINDOWS\system32> ParameterBinding(Trace-SteroidsOutput): name="InputObject"; value="182"
182
PS C:\WINDOWS\system32> (Get-WmiObject win32_battery).estimatedChargeRemaining
>> CommandInvocation(Trace-SteroidsOutput): "Trace-SteroidsOutput"
PS C:\WINDOWS\system32> ParameterBinding(Trace-SteroidsOutput): name="InputObject"; value="182"
182
PS C:\WINDOWS\system32> (Get-WmiObject win32_battery).estimatedChargeRemaining
>> CommandInvocation(Trace-SteroidsOutput): "Trace-SteroidsOutput"
PS C:\WINDOWS\system32> ParameterBinding(Trace-SteroidsOutput): name="InputObject"; value="182"
182
PS C:\WINDOWS\system32> (Get-WmiObject win32_battery).estimatedChargeRemaining
>> CommandInvocation(Trace-SteroidsOutput): "Trace-SteroidsOutput"
PS C:\WINDOWS\system32> ParameterBinding(Trace-SteroidsOutput): name="InputObject"; value="182"
182
PS C:\WINDOWS\system32> gwmi win32_battery 
>> CommandInvocation(Trace-SteroidsOutput): "Trace-SteroidsOutput"
>> ParameterBinding(Trace-SteroidsOutput): name="InputObject"; value="\\DESKTOP-TBE27PS\root\cimv2:Win32_Battery.DeviceID="1797SMPDELL 909H538""


__GENUS                     : 2
__CLASS                     : Win32_Battery
__SUPERCLASS                : CIM_Battery
__DYNASTY                   : CIM_ManagedSystemElement
__RELPATH                   : Win32_Battery.DeviceID="1797SMPDELL 909H538"
__PROPERTY_COUNT            : 33
__DERIVATION                : {CIM_Battery, CIM_LogicalDevice, CIM_LogicalElement, CIM_ManagedSystemElement}
__SERVER                    : DESKTOP-TBE27PS
__NAMESPACE                 : root\cimv2
__PATH                      : \\DESKTOP-TBE27PS\root\cimv2:Win32_Battery.DeviceID="1797SMPDELL 909H538"
Availability                : 2
BatteryRechargeTime         :
BatteryStatus               : 2
Caption                     : Internal Battery
Chemistry                   : 6
ConfigManagerErrorCode      :
ConfigManagerUserConfig     :
CreationClassName           : Win32_Battery
Description                 : Internal Battery
DesignCapacity              :
DesignVoltage               : 8588
DeviceID                    : 1797SMPDELL 909H538
ErrorCleared                :
ErrorDescription            :
EstimatedChargeRemaining    : 182
EstimatedRunTime            : 71582788
ExpectedBatteryLife         :
ExpectedLife                :
FullChargeCapacity          :
InstallDate                 :
LastErrorCode               :
MaxRechargeTime             :
Name                        : DELL 909H538
PNPDeviceID                 :
PowerManagementCapabilities : {1}
PowerManagementSupported    : False
SmartBatteryVersion         :
Status                      : OK
StatusInfo                  :
SystemCreationClassName     : Win32_ComputerSystem
SystemName                  : DESKTOP-TBE27PS
TimeOnBattery               :
TimeToFullCharge            :
PSComputerName              : DESKTOP-TBE27PS



PS C:\WINDOWS\system32> gwmi win32_battery.systemname
>> CommandInvocation(Trace-SteroidsOutput): "Trace-SteroidsOutput"
gwmi : Invalid query "select * from win32_battery.systemname"
At line:1 char:1
+ gwmi win32_battery.systemname
+ ~~~~~~~~~~~~~~~~~~~~~~~~~~~~~
    + CategoryInfo          : InvalidArgument: (:) [Get-WmiObject], ManagementException
    + FullyQualifiedErrorId : GetWMIManagementException,Microsoft.PowerShell.Commands.GetWmiObjectCommand
>> ParameterBinding(Trace-SteroidsOutput): name="InputObject"; value="Invalid query "select * from win32_battery.systemname""
gwmi : Invalid query "select * from win32_battery.systemname"
At line:1 char:1
+ gwmi win32_battery.systemname
+ ~~~~~~~~~~~~~~~~~~~~~~~~~~~~~
    + CategoryInfo          : InvalidArgument: (:) [Get-WmiObject], ManagementException
    + FullyQualifiedErrorId : GetWMIManagementException,Microsoft.PowerShell.Commands.GetWmiObjectCommand

PS C:\WINDOWS\system32> gwmi win32_battery | select status
>> CommandInvocation(Trace-SteroidsOutput): "Trace-SteroidsOutput"
>> ParameterBinding(Trace-SteroidsOutput): name="InputObject"; value="@{status=OK}"

status
------
OK


PS C:\WINDOWS\system32> gwmi win32_battery | select timetofullcharge
>> CommandInvocation(Trace-SteroidsOutput): "Trace-SteroidsOutput"
>> ParameterBinding(Trace-SteroidsOutput): name="InputObject"; value="@{timetofullcharge=}"

timetofullcharge
----------------



PS C:\WINDOWS\system32> CommandInvocation(Trace-SteroidsOutput): "Trace-SteroidsOutput"
PS C:\WINDOWS\system32> ParameterBinding(Trace-SteroidsOutput): name="InputObject"; value="Transcript started, output file is D:\SICZ\avas\AVAS_2017_10_12.log"
Transcript started, output file is D:\SICZ\avas\AVAS_2017_10_12.log
PS C:\WINDOWS\system32> ParameterBinding(Trace-SteroidsOutput): name="InputObject"; value="Transcript started, output file is ./transcript2017-10-12-01-56-57.txt"
Transcript started, output file is ./transcript2017-10-12-01-56-57.txt
10/12/2017 13:56:57 - Nacitani json konfiguracniho souboru
PS C:\WINDOWS\system32> TerminatingError(ConvertFrom-Json): "Cannot convert the JSON string because a dictionary that was converted from the string contains the duplicated keys 'value' and 'Value'."
ConvertFrom-Json : Cannot convert the JSON string because a dictionary that was converted from the string contains the d
uplicated keys 'value' and 'Value'.
At D:\SICZ\avas\avas.ps1:38 char:61
+ ...                                       = $inputdata | ConvertFrom-Json
+                                                          ~~~~~~~~~~~~~~~~
    + CategoryInfo          : InvalidOperation: (:) [ConvertFrom-Json], InvalidOperationException
    + FullyQualifiedErrorId : DuplicateKeysInJsonString,Microsoft.PowerShell.Commands.ConvertFromJsonCommand
>> ParameterBinding(Trace-SteroidsOutput): name="InputObject"; value="Cannot convert the JSON string because a dictionary that was converted from the string contains the duplicated keys 'value' and 'Value'."
ConvertFrom-Json : Cannot convert the JSON string because a dictionary that was converted from the string contains the duplicated keys 'value' and 'Value'.
At D:\SICZ\avas\avas.ps1:38 char:61
+ ...                                       = $inputdata | ConvertFrom-Json
+                                                          ~~~~~~~~~~~~~~~~
    + CategoryInfo          : InvalidOperation: (:) [ConvertFrom-Json], InvalidOperationException
    + FullyQualifiedErrorId : DuplicateKeysInJsonString,Microsoft.PowerShell.Commands.ConvertFromJsonCommand

PS C:\WINDOWS\system32> ParameterBinding(Trace-SteroidsOutput): name="InputObject"; value="Transcript started, output file is D:\SICZ\avas/debug-2017-10-12-01-57-03.log"
Transcript started, output file is D:\SICZ\avas/debug-2017-10-12-01-57-03.log
-message pokracuji ve zpracovani
spoustim test app diff
spoustim test services diff
PS C:\WINDOWS\system32> ParameterBinding(Trace-SteroidsOutput): name="InputObject"; value="@{DisplayName=Background Intelligent Transfer Service; StartType=3}"

>> ParameterBinding(Trace-SteroidsOutput): name="InputObject"; value="@{DisplayName=Offline Files; StartType=2}"
>> ParameterBinding(Trace-SteroidsOutput): name="InputObject"; value="@{DisplayName=Optimize drives; StartType=3}"
>> ParameterBinding(Trace-SteroidsOutput): name="InputObject"; value="@{DisplayName=Device Association Service; StartType=2}"
>> ParameterBinding(Trace-SteroidsOutput): name="InputObject"; value="@{DisplayName=Delivery Optimization; StartType=2}"
>> ParameterBinding(Trace-SteroidsOutput): name="InputObject"; value="@{DisplayName=File History Service; StartType=2}"
>> ParameterBinding(Trace-SteroidsOutput): name="InputObject"; value="@{DisplayName=IKE and AuthIP IPsec Keying Modules; StartType=2}"
>> ParameterBinding(Trace-SteroidsOutput): name="InputObject"; value="@{DisplayName=Touch Keyboard and Handwriting Panel Service; StartType=4}"
>> ParameterBinding(Trace-SteroidsOutput): name="InputObject"; value="@{DisplayName=Windows Event Collector; StartType=2}"
>> ParameterBinding(Trace-SteroidsOutput): name="InputObject"; value="@{DisplayName=Windows Defender Antivirus Service; StartType=3}"
>> ParameterBinding(Trace-SteroidsOutput): name="InputObject"; value="@{DisplayName=Windows Remote Management (WS-Management); StartType=3}"
spoustim test scheduled tasks diff
spoustim test hotfix diff
PS C:\WINDOWS\system32> ParameterBinding(Trace-SteroidsOutput): name="InputObject"; value="
InputObject     SideIndicator
-----------     -------------
DESKTOP-TBE27PS =>           
MICA            <=           


"
PS C:\WINDOWS\system32> ParameterBinding(Trace-SteroidsOutput): name="InputObject"; value=""
PS C:\WINDOWS\system32> ParameterBinding(Trace-SteroidsOutput): name="InputObject"; value="@{WindowsBuildLabEx=16299.15.amd64fre.rs3_release.170928-1534; WindowsCurrentVersion=6.3; WindowsEditionId=Enterprise; WindowsInstallationType=Client; WindowsInstallDateFromRegistry=04.10.2017 17:53:31; WindowsProductId=00329-10438-00000-AA671; WindowsProductName=Windows 10 Enterprise; WindowsRegisteredOrganization=; WindowsRegisteredOwner=Windows User; WindowsSystemRoot=C:\WINDOWS; WindowsVersion=1709; BiosCharacteristics=System.Object[]; BiosBIOSVersion=System.Object[]; BiosBuildNumber=; BiosCaption=1.4.3; BiosCodeSet=; BiosCurrentLanguage=en|US|iso8859-1; BiosDescription=1.4.3; BiosEmbeddedControllerMajorVersion=255; BiosEmbeddedControllerMinorVersion=255; BiosFirmwareType=2; BiosIdentificationCode=; BiosInstallableLanguages=2; BiosInstallDate=; BiosLanguageEdition=; BiosListOfLanguages=System.Object[]; BiosManufacturer=Dell Inc.; BiosName=1.4.3; BiosOtherTargetOS=; BiosPrimaryBIOS=True; BiosReleaseDate=11.05.2017 0:00:00; BiosSeralNumber=507TFH2; BiosSMBIOSBIOSVersion=1.4.3; BiosSMBIOSMajorVersion=3; BiosSMBIOSMinorVersion=0; BiosSMBIOSPresent=True; BiosSoftwareElementState=3; BiosStatus=OK; BiosSystemBiosMajorVersion=1; BiosSystemBiosMinorVersion=4; BiosTargetOperatingSystem=0; BiosVersion=DELL   - 1072009; CsAdminPasswordStatus=3; CsAutomaticManagedPagefile=True; CsAutomaticResetBootOption=True; CsAutomaticResetCapability=True; CsBootOptionOnLimit=; CsBootOptionOnWatchDog=; CsBootROMSupported=True; CsBootStatus=System.Object[]; CsBootupState=Normal boot; CsCaption=MICA; CsChassisBootupState=3; CsChassisSKUNumber=Notebook; CsCurrentTimeZone=120; CsDaylightInEffect=True; CsDescription=AT/AT COMPATIBLE; CsDNSHostName=mica; CsDomain=WORKGROUP; CsDomainRole=0; CsEnableDaylightSavingsTime=True; CsFrontPanelResetStatus=3; CsHypervisorPresent=True; CsInfraredSupported=False; CsInitialLoadInfo=; CsInstallDate=; CsKeyboardPasswordStatus=3; CsLastLoadInfo=; CsManufacturer=Dell Inc.; CsModel=Latitude 5480; CsName=MICA; CsNetworkAdapters=System.Object[]; CsNetworkServerModeEnabled=True; CsNumberOfLogicalProcessors=4; CsNumberOfProcessors=1; CsProcessors=System.Object[]; CsOEMStringArray=System.Object[]; CsPartOfDomain=False; CsPauseAfterReset=-1; CsPCSystemType=2; CsPCSystemTypeEx=2; CsPowerManagementCapabilities=; CsPowerManagementSupported=; CsPowerOnPasswordStatus=3; CsPowerState=0; CsPowerSupplyState=3; CsPrimaryOwnerContact=; CsPrimaryOwnerName=Windows User; CsResetCapability=1; CsResetCount=-1; CsResetLimit=-1; CsRoles=System.Object[]; CsStatus=OK; CsSupportContactDescription=; CsSystemFamily=Latitude; CsSystemSKUNumber=07A7; CsSystemType=x64-based PC; CsThermalState=3; CsTotalPhysicalMemory=34236121088; CsPhyicallyInstalledMemory=33554432; CsUserName=MICA\mica; CsWakeUpType=6; CsWorkgroup=WORKGROUP; OsName=Microsoft Windows 10 Enterprise; OsType=18; OsOperatingSystemSKU=4; OsVersion=10.0.16299; OsCSDVersion=; OsBuildNumber=16299; OsHotFixes=System.Object[]; OsBootDevice=\Device\HarddiskVolume2; OsSystemDevice=\Device\HarddiskVolume4; OsSystemDirectory=C:\WINDOWS\system32; OsSystemDrive=C:; OsWindowsDirectory=C:\WINDOWS; OsCountryCode=420; OsCurrentTimeZone=120; OsLocaleID=0405; OsLocale=cs-CZ; OsLocalDateTime=09.10.2017 8:07:58; OsLastBootUpTime=06.10.2017 19:06:03; OsUptime=; OsBuildType=Multiprocessor Free; OsCodeSet=1250; OsDataExecutionPreventionAvailable=True; OsDataExecutionPrevention32BitApplications=True; OsDataExecutionPreventionDrivers=True; OsDataExecutionPreventionSupportPolicy=2; OsDebug=False; OsDistributed=False; OsEncryptionLevel=256; OsForegroundApplicationBoost=2; OsTotalVisibleMemorySize=33433712; OsFreePhysicalMemory=25971616; OsTotalVirtualMemorySize=38676592; OsFreeVirtualMemory=27123028; OsInUseVirtualMemory=11553564; OsTotalSwapSpaceSize=; OsSizeStoredInPagingFiles=5242880; OsFreeSpaceInPagingFiles=5242880; OsPagingFiles=System.Object[]; OsHardwareAbstractionLayer=10.0.16299.15; OsInstallDate=04.10.2017 19:53:31; OsManufacturer=Microsoft Corporation; OsMaxNumberOfProcesses=4294967295; OsMaxProcessMemorySize=137438953344; OsMuiLanguages=System.Object[]; OsNumberOfLicensedUsers=; OsNumberOfProcesses=229; OsNumberOfUsers=2; OsOrganization=; OsArchitecture=64-bit; OsLanguage=en-US; OsProductSuites=System.Object[]; OsOtherTypeDescription=; OsPAEEnabled=; OsPortableOperatingSystem=False; OsPrimary=True; OsProductType=1; OsRegisteredUser=Windows User; OsSerialNumber=00329-10438-00000-AA671; OsServicePackMajorVersion=0; OsServicePackMinorVersion=0; OsStatus=OK; OsSuites=System.Object[]; OsServerLevel=; KeyboardLayout=00020405; TimeZone=(UTC+01:00) Belgrade, Bratislava, Budapest, Ljubljana, Prague; LogonServer=\\MICA; PowerPlatformRole=2; HyperVisorPresent=True; HyperVRequirementDataExecutionPreventionAvailable=; HyperVRequirementSecondLevelAddressTranslation=; HyperVRequirementVirtualizationFirmwareEnabled=; HyperVRequirementVMMonitorModeExtensions=; DeviceGuardSmartStatus=0; DeviceGuardRequiredSecurityProperties=System.Object[]; DeviceGuardAvailableSecurityProperties=System.Object[]; DeviceGuardSecurityServicesConfigured=System.Object[]; DeviceGuardSecurityServicesRunning=System.Object[]; DeviceGuardCodeIntegrityPolicyEnforcementStatus=; DeviceGuardUserModeCodeIntegrityPolicyEnforcementStatus=}"
PS C:\WINDOWS\system32> ParameterBinding(Trace-SteroidsOutput): name="InputObject"; value="@{Apps=; services=System.Object[]; scheduledtasks=; hotfix=; uwp=; Active_DC=; Allow_deviceclasses=; Allow_deviceids=; Application_log_length=1118208; Applocker=System.Object[]; BIOS=DELL   - 1072009 | 1.4.3; Bios_date=; Bitlocker=; Computerturen_root_certifikates=System.Object[]; ComputerName=MICA; Country=420; Date=; Default_locale=00000409; Deny_deviceclasses=; Deny_deviceids=; deny_UnspecifiedDevices=; Domain=; Domain_dhcp=sicz.local; Domain_tcp=; AV_MS_product=; AV_MS_residenton=; AV_MS_scanner_build=; AV_MS_scanner_version=; AV_MS_version=; rozdily=System.Object[]; hdd=System.Object[]; pcinfo=; Local_groups=System.Object[]}"
DisplayName                                  StartType
-----------                                  ---------
Background Intelligent Transfer Service              3
Offline Files                                        2
Optimize drives                                      3
Device Association Service                           2
Delivery Optimization                                2
File History Service                                 2
IKE and AuthIP IPsec Keying Modules                  2
Touch Keyboard and Handwriting Panel Service         4
Windows Event Collector                              2
Windows Defender Antivirus Service                   3
Windows Remote Management (WS-Management)            3

InputObject     SideIndicator
-----------     -------------
DESKTOP-TBE27PS =>           
MICA            <=





PS C:\WINDOWS\system32> $hash.Apps
>> CommandInvocation(Trace-SteroidsOutput): "Trace-SteroidsOutput"
PS C:\WINDOWS\system32> $hash.services
>> CommandInvocation(Trace-SteroidsOutput): "Trace-SteroidsOutput"
>> ParameterBinding(Trace-SteroidsOutput): name="InputObject"; value="@{DisplayName=Background Intelligent Transfer Service; StartType=3}"

>> ParameterBinding(Trace-SteroidsOutput): name="InputObject"; value="@{DisplayName=Offline Files; StartType=2}"
>> ParameterBinding(Trace-SteroidsOutput): name="InputObject"; value="@{DisplayName=Optimize drives; StartType=3}"
>> ParameterBinding(Trace-SteroidsOutput): name="InputObject"; value="@{DisplayName=Device Association Service; StartType=2}"
>> ParameterBinding(Trace-SteroidsOutput): name="InputObject"; value="@{DisplayName=Delivery Optimization; StartType=2}"
>> ParameterBinding(Trace-SteroidsOutput): name="InputObject"; value="@{DisplayName=File History Service; StartType=2}"
>> ParameterBinding(Trace-SteroidsOutput): name="InputObject"; value="@{DisplayName=IKE and AuthIP IPsec Keying Modules; StartType=2}"
>> ParameterBinding(Trace-SteroidsOutput): name="InputObject"; value="@{DisplayName=Touch Keyboard and Handwriting Panel Service; StartType=4}"
>> ParameterBinding(Trace-SteroidsOutput): name="InputObject"; value="@{DisplayName=Windows Event Collector; StartType=2}"
>> ParameterBinding(Trace-SteroidsOutput): name="InputObject"; value="@{DisplayName=Windows Defender Antivirus Service; StartType=3}"
>> ParameterBinding(Trace-SteroidsOutput): name="InputObject"; value="@{DisplayName=Windows Remote Management (WS-Management); StartType=3}"
DisplayName                                  StartType
-----------                                  ---------
Background Intelligent Transfer Service              3
Offline Files                                        2
Optimize drives                                      3
Device Association Service                           2
Delivery Optimization                                2
File History Service                                 2
IKE and AuthIP IPsec Keying Modules                  2
Touch Keyboard and Handwriting Panel Service         4
Windows Event Collector                              2
Windows Defender Antivirus Service                   3
Windows Remote Management (WS-Management)            3


PS C:\WINDOWS\system32> $hash.BIOS
>> CommandInvocation(Trace-SteroidsOutput): "Trace-SteroidsOutput"
>> ParameterBinding(Trace-SteroidsOutput): name="InputObject"; value="DELL   - 1072009 | 1.4.3"
DELL   - 1072009 | 1.4.3
