**********************
Windows PowerShell transcript start
Start time: 20171010161256
Username: DESKTOP-TBE27PS\lukas
RunAs User: DESKTOP-TBE27PS\lukas
Configuration Name: 
Machine: DESKTOP-TBE27PS (Microsoft Windows NT 10.0.17004.0)
Host Application: C:\WINDOWS\system32\WindowsPowerShell\v1.0\PowerShell_ISE.exe
Process ID: 14724
PSVersion: 5.1.17004.1000
PSEdition: Desktop
PSCompatibleVersions: 1.0, 2.0, 3.0, 4.0, 5.0, 5.1.17004.1000
BuildVersion: 10.0.17004.1000
CLRVersion: 4.0.30319.42000
WSManStackVersion: 3.0
PSRemotingProtocolVersion: 2.3
SerializationVersion: 1.1.0.1
**********************
PS C:\WINDOWS\system32> ParameterBinding(Trace-SteroidsOutput): name="InputObject"; value="Transcript started, output file is D:\SICZ\avas/debug-2017-10-10-04-12-56.log"
Transcript started, output file is D:\SICZ\avas/debug-2017-10-10-04-12-56.log
-message pokracuji ve zpracovani
spoustim test app diff
PS C:\WINDOWS\system32> ParameterBinding(Trace-SteroidsOutput): name="InputObject"; value="@{DisplayName=Dell SupportAssist; DisplayVersion=2.0.6875.668; Publisher=Dell}"

>> ParameterBinding(Trace-SteroidsOutput): name="InputObject"; value="@{DisplayName=Total Commander 64-bit (Remove or Repair); DisplayVersion=9.0a; Publisher=Ghisler Software GmbH}"
spoustim test services diff
PS C:\WINDOWS\system32> ParameterBinding(Trace-SteroidsOutput): name="InputObject"; value="@{DisplayName=Background Intelligent Transfer Service; StartType=3}"
>> ParameterBinding(Trace-SteroidsOutput): name="InputObject"; value="@{DisplayName=Offline Files; StartType=2}"
>> ParameterBinding(Trace-SteroidsOutput): name="InputObject"; value="@{DisplayName=Connected User Experiences and Telemetry; StartType=2}"
>> ParameterBinding(Trace-SteroidsOutput): name="InputObject"; value="@{DisplayName=Diagnostic Policy Service; StartType=2}"
>> ParameterBinding(Trace-SteroidsOutput): name="InputObject"; value="@{DisplayName=File History Service; StartType=2}"
>> ParameterBinding(Trace-SteroidsOutput): name="InputObject"; value="@{DisplayName=IKE and AuthIP IPsec Keying Modules; StartType=2}"
>> ParameterBinding(Trace-SteroidsOutput): name="InputObject"; value="@{DisplayName=Geolocation Service; StartType=3}"
>> ParameterBinding(Trace-SteroidsOutput): name="InputObject"; value="@{DisplayName=Net.Tcp Port Sharing Service; StartType=4}"
>> ParameterBinding(Trace-SteroidsOutput): name="InputObject"; value="@{DisplayName=Remote Access Connection Manager; StartType=2}"
>> ParameterBinding(Trace-SteroidsOutput): name="InputObject"; value="@{DisplayName=Routing and Remote Access; StartType=4}"
>> ParameterBinding(Trace-SteroidsOutput): name="InputObject"; value="@{DisplayName=Shell Hardware Detection; StartType=2}"
>> ParameterBinding(Trace-SteroidsOutput): name="InputObject"; value="@{DisplayName=Shared PC Account Manager; StartType=4}"
>> ParameterBinding(Trace-SteroidsOutput): name="InputObject"; value="@{DisplayName=Windows Image Acquisition (WIA); StartType=2}"
>> ParameterBinding(Trace-SteroidsOutput): name="InputObject"; value="@{DisplayName=Touch Keyboard and Handwriting Panel Service; StartType=4}"
>> ParameterBinding(Trace-SteroidsOutput): name="InputObject"; value="@{DisplayName=Themes; StartType=2}"
>> ParameterBinding(Trace-SteroidsOutput): name="InputObject"; value="@{DisplayName=Auto Time Zone Updater; StartType=4}"
>> ParameterBinding(Trace-SteroidsOutput): name="InputObject"; value="@{DisplayName=Windows Time; StartType=3}"
>> ParameterBinding(Trace-SteroidsOutput): name="InputObject"; value="@{DisplayName=Windows Event Collector; StartType=2}"
>> ParameterBinding(Trace-SteroidsOutput): name="InputObject"; value="@{DisplayName=Windows Defender Antivirus Service; StartType=3}"
>> ParameterBinding(Trace-SteroidsOutput): name="InputObject"; value="@{DisplayName=Windows Remote Management (WS-Management); StartType=3}"
spoustim test scheduled tasks diff
spoustim test hotfix diff
PS C:\WINDOWS\system32> ParameterBinding(Trace-SteroidsOutput): name="InputObject"; value="
InputObject     SideIndicator
-----------     -------------
DESKTOP-TBE27PS =>           
MICA            <=           


"
DisplayName                                  DisplayVersion Publisher
-----------                                  -------------- ---------
Dell SupportAssist                           2.0.6875.668   Dell
Total Commander 64-bit (Remove or Repair)    9.0a           Ghisler Software GmbH
Background Intelligent Transfer Service
Offline Files
Connected User Experiences and Telemetry
Diagnostic Policy Service
File History Service
IKE and AuthIP IPsec Keying Modules
Geolocation Service
Net.Tcp Port Sharing Service
Remote Access Connection Manager
Routing and Remote Access
Shell Hardware Detection
Shared PC Account Manager
Windows Image Acquisition (WIA)
Touch Keyboard and Handwriting Panel Service
Themes
Auto Time Zone Updater
Windows Time
Windows Event Collector
Windows Defender Antivirus Service
Windows Remote Management (WS-Management)

InputObject     SideIndicator
-----------     -------------
DESKTOP-TBE27PS =>           
MICA            <=
PS C:\WINDOWS\system32> TerminatingError(Compare-Object): "Cannot bind argument to parameter 'DifferenceObject' because it is null."
>> ParameterBinding(Trace-SteroidsOutput): name="InputObject"; value=""

PS C:\WINDOWS\system32> ParameterBinding(Trace-SteroidsOutput): name="InputObject"; value="@{WindowsBuildLabEx=15063.0.amd64fre.rs2_release.170317-1834; WindowsCurrentVersion=6.3; WindowsEditionId=Professional; WindowsInstallationType=Client; WindowsInstallDateFromRegistry=24.03.2017 19:35:51; WindowsProductId=00330-80000-00000-AA628; WindowsProductName=Windows 10 Pro; WindowsRegisteredOrganization=; WindowsRegisteredOwner=Windows User; WindowsSystemRoot=C:\WINDOWS; WindowsVersion=1703; BiosCharacteristics=System.Object[]; BiosBIOSVersion=System.Object[]; BiosBuildNumber=; BiosCaption=BIOS Date: 12/22/16 01:25:40 Ver: A20.00 ; BiosCodeSet=; BiosCurrentLanguage=en|US|iso8859-1; BiosDescription=BIOS Date: 12/22/16 01:25:40 Ver: A20.00 ; BiosEmbeddedControllerMajorVersion=255; BiosEmbeddedControllerMinorVersion=255; BiosFirmwareType=1; BiosIdentificationCode=; BiosInstallableLanguages=1; BiosInstallDate=; BiosLanguageEdition=; BiosListOfLanguages=System.Object[]; BiosManufacturer=Dell Inc.; BiosName=BIOS Date: 12/22/16 01:25:40 Ver: A20.00 ; BiosOtherTargetOS=; BiosPrimaryBIOS=True; BiosReleaseDate=22.12.2016 0:00:00; BiosSeralNumber=H0PMD12; BiosSMBIOSBIOSVersion=A20; BiosSMBIOSMajorVersion=2; BiosSMBIOSMinorVersion=7; BiosSMBIOSPresent=True; BiosSoftwareElementState=3; BiosStatus=OK; BiosSystemBiosMajorVersion=65; BiosSystemBiosMinorVersion=20; BiosTargetOperatingSystem=0; BiosVersion=DELL   - 1072009; CsAdminPasswordStatus=0; CsAutomaticManagedPagefile=False; CsAutomaticResetBootOption=True; CsAutomaticResetCapability=True; CsBootOptionOnLimit=; CsBootOptionOnWatchDog=; CsBootROMSupported=True; CsBootStatus=System.Object[]; CsBootupState=Normal boot; CsCaption=MICA; CsChassisBootupState=3; CsChassisSKUNumber=To be filled by O.E.M.; CsCurrentTimeZone=120; CsDaylightInEffect=True; CsDescription=AT/AT COMPATIBLE; CsDNSHostName=mica; CsDomain=WORKGROUP; CsDomainRole=0; CsEnableDaylightSavingsTime=True; CsFrontPanelResetStatus=0; CsHypervisorPresent=True; CsInfraredSupported=False; CsInitialLoadInfo=; CsInstallDate=; CsKeyboardPasswordStatus=0; CsLastLoadInfo=; CsManufacturer=Dell Inc.; CsModel=Latitude E7440; CsName=MICA; CsNetworkAdapters=System.Object[]; CsNetworkServerModeEnabled=True; CsNumberOfLogicalProcessors=4; CsNumberOfProcessors=1; CsProcessors=System.Object[]; CsOEMStringArray=System.Object[]; CsPartOfDomain=False; CsPauseAfterReset=-1; CsPCSystemType=2; CsPCSystemTypeEx=2; CsPowerManagementCapabilities=; CsPowerManagementSupported=; CsPowerOnPasswordStatus=0; CsPowerState=0; CsPowerSupplyState=3; CsPrimaryOwnerContact=; CsPrimaryOwnerName=Windows User; CsResetCapability=1; CsResetCount=-1; CsResetLimit=-1; CsRoles=System.Object[]; CsStatus=OK; CsSupportContactDescription=; CsSystemFamily=; CsSystemSKUNumber=05CB; CsSystemType=x64-based PC; CsThermalState=3; CsTotalPhysicalMemory=17080684544; CsPhyicallyInstalledMemory=16777216; CsUserName=MICA\caith; CsWakeUpType=6; CsWorkgroup=WORKGROUP; OsName=Microsoft Windows 10 Pro; OsType=18; OsOperatingSystemSKU=48; OsVersion=10.0.15063; OsCSDVersion=; OsBuildNumber=15063; OsHotFixes=System.Object[]; OsBootDevice=\Device\HarddiskVolume3; OsSystemDevice=\Device\HarddiskVolume2; OsSystemDirectory=C:\WINDOWS\system32; OsSystemDrive=C:; OsWindowsDirectory=C:\WINDOWS; OsCountryCode=420; OsCurrentTimeZone=120; OsLocaleID=0405; OsLocale=cs-CZ; OsLocalDateTime=07.09.2017 13:38:28; OsLastBootUpTime=05.09.2017 6:09:54; OsUptime=; OsBuildType=Multiprocessor Free; OsCodeSet=1250; OsDataExecutionPreventionAvailable=True; OsDataExecutionPrevention32BitApplications=True; OsDataExecutionPreventionDrivers=True; OsDataExecutionPreventionSupportPolicy=2; OsDebug=False; OsDistributed=False; OsEncryptionLevel=256; OsForegroundApplicationBoost=2; OsTotalVisibleMemorySize=16680356; OsFreePhysicalMemory=8156388; OsTotalVirtualMemorySize=34506148; OsFreeVirtualMemory=22165628; OsInUseVirtualMemory=12340520; OsTotalSwapSpaceSize=; OsSizeStoredInPagingFiles=17825792; OsFreeSpaceInPagingFiles=17698596; OsPagingFiles=System.Object[]; OsHardwareAbstractionLayer=10.0.15063.502; OsInstallDate=24.03.2017 20:35:51; OsManufacturer=Microsoft Corporation; OsMaxNumberOfProcesses=4294967295; OsMaxProcessMemorySize=137438953344; OsMuiLanguages=System.Object[]; OsNumberOfLicensedUsers=0; OsNumberOfProcesses=254; OsNumberOfUsers=2; OsOrganization=; OsArchitecture=64-bit; OsLanguage=en-US; OsProductSuites=System.Object[]; OsOtherTypeDescription=; OsPAEEnabled=; OsPortableOperatingSystem=False; OsPrimary=True; OsProductType=1; OsRegisteredUser=Windows User; OsSerialNumber=00330-80000-00000-AA628; OsServicePackMajorVersion=0; OsServicePackMinorVersion=0; OsStatus=OK; OsSuites=System.Object[]; OsServerLevel=; KeyboardLayout=00020405; TimeZone=(UTC+01:00) Belgrade, Bratislava, Budapest, Ljubljana, Prague; LogonServer=\\MICA; PowerPlatformRole=2; HyperVisorPresent=True; HyperVRequirementDataExecutionPreventionAvailable=; HyperVRequirementSecondLevelAddressTranslation=; HyperVRequirementVirtualizationFirmwareEnabled=; HyperVRequirementVMMonitorModeExtensions=; DeviceGuardSmartStatus=0; DeviceGuardRequiredSecurityProperties=; DeviceGuardAvailableSecurityProperties=; DeviceGuardSecurityServicesConfigured=; DeviceGuardSecurityServicesRunning=; DeviceGuardCodeIntegrityPolicyEnforcementStatus=; DeviceGuardUserModeCodeIntegrityPolicyEnforcementStatus=}"

PS C:\WINDOWS\system32> ParameterBinding(Trace-SteroidsOutput): name="InputObject"; value="Cancel"
Cancel


PS C:\WINDOWS\system32> history
>> CommandInvocation(Trace-SteroidsOutput): "Trace-SteroidsOutput"
>> ParameterBinding(Trace-SteroidsOutput): name="InputObject"; value="Start-Steroids"

  Id CommandLine
  -- -----------
   2 Start-Steroids
>> ParameterBinding(Trace-SteroidsOutput): name="InputObject"; value=". 'D:\SICZ\avas\AVAS_LuKA\GUI_final.ps1'"
   3 . 'D:\SICZ\avas\AVAS_LuKA\GUI_final.ps1'
>> ParameterBinding(Trace-SteroidsOutput): name="InputObject"; value=". 'D:\SICZ\avas\AVAS.ps1'"
   4 . 'D:\SICZ\avas\AVAS.ps1'
>> ParameterBinding(Trace-SteroidsOutput): name="InputObject"; value=". 'D:\SICZ\avas\AVAS_LuKA\editovatgui.ps1'"
   5 . 'D:\SICZ\avas\AVAS_LuKA\editovatgui.ps1'
>> ParameterBinding(Trace-SteroidsOutput): name="InputObject"; value=". 'D:\SICZ\avas\AVAS_LuKA\FINAL.ps1'"
   6 . 'D:\SICZ\avas\AVAS_LuKA\FINAL.ps1'
>> ParameterBinding(Trace-SteroidsOutput): name="InputObject"; value=". 'D:\SICZ\avas\AVAS_LuKA\patche.ps1'"
   7 . 'D:\SICZ\avas\AVAS_LuKA\patche.ps1'
>> ParameterBinding(Trace-SteroidsOutput): name="InputObject"; value=". 'D:\SICZ\avas\AVAS_LuKA\verzovanisablon.ps1'"
   8 . 'D:\SICZ\avas\AVAS_LuKA\verzovanisablon.ps1'
>> ParameterBinding(Trace-SteroidsOutput): name="InputObject"; value="$json.installed_apps"
   9 $json.installed_apps
>> ParameterBinding(Trace-SteroidsOutput): name="InputObject"; value="$jsondef"
  10 $jsondef
>> ParameterBinding(Trace-SteroidsOutput): name="InputObject"; value=". 'D:\SICZ\ICWSC\ICWSC.ps1'"
  11 . 'D:\SICZ\ICWSC\ICWSC.ps1'
>> ParameterBinding(Trace-SteroidsOutput): name="InputObject"; value="$hash"
  12 $hash
>> ParameterBinding(Trace-SteroidsOutput): name="InputObject"; value="$hash | exrportto-json "
  13 $hash | exrportto-json
>> ParameterBinding(Trace-SteroidsOutput): name="InputObject"; value="Get-ItemProperty"
  14 Get-ItemProperty
>> ParameterBinding(Trace-SteroidsOutput): name="InputObject"; value="Get-StartApps"
  15 Get-StartApps
>> ParameterBinding(Trace-SteroidsOutput): name="InputObject"; value="Get-ResultantSetofPolicy"
  16 Get-ResultantSetofPolicy
>> ParameterBinding(Trace-SteroidsOutput): name="InputObject"; value="Get-ExecutionPolicy"
  17 Get-ExecutionPolicy
>> ParameterBinding(Trace-SteroidsOutput): name="InputObject"; value="Get-WinEvent -list "
  18 Get-WinEvent -list
>> ParameterBinding(Trace-SteroidsOutput): name="InputObject"; value="Get-WinEvent -listlog"
  19 Get-WinEvent -listlog
>> ParameterBinding(Trace-SteroidsOutput): name="InputObject"; value="Get-EventLog -list"
  20 Get-EventLog -list
>> ParameterBinding(Trace-SteroidsOutput): name="InputObject"; value="Get-Eventlog Security"
  21 Get-Eventlog Security
>> ParameterBinding(Trace-SteroidsOutput): name="InputObject"; value="Get-Eventlog Application"
  22 Get-Eventlog Application
>> ParameterBinding(Trace-SteroidsOutput): name="InputObject"; value="Get-Eventlog system"
  23 Get-Eventlog system
>> ParameterBinding(Trace-SteroidsOutput): name="InputObject"; value="Get-WmiObject"
  24 Get-WmiObject
>> ParameterBinding(Trace-SteroidsOutput): name="InputObject"; value="Get-ghelp Get-WmiObject"
  25 Get-ghelp Get-WmiObject
>> ParameterBinding(Trace-SteroidsOutput): name="InputObject"; value="Get-help Get-WmiObject"
  26 Get-help Get-WmiObject
>> ParameterBinding(Trace-SteroidsOutput): name="InputObject"; value="Get-help Get-EventLog"
  27 Get-help Get-EventLog
>> ParameterBinding(Trace-SteroidsOutput): name="InputObject"; value="Get-help Get-WinEvent"
  28 Get-help Get-WinEvent
>> ParameterBinding(Trace-SteroidsOutput): name="InputObject"; value="Get-help Get-WinEvent -full"
  29 Get-help Get-WinEvent -full
>> ParameterBinding(Trace-SteroidsOutput): name="InputObject"; value=". 'D:\SICZ\avas\AVAS_LuKA\vytvorenisablony_new.ps1'"
  30 . 'D:\SICZ\avas\AVAS_LuKA\vytvorenisablony_new.ps1'
>> ParameterBinding(Trace-SteroidsOutput): name="InputObject"; value=". 'D:\SICZ\Skript-ps-bitlocker\bitlocker.ps1'"
  31 . 'D:\SICZ\Skript-ps-bitlocker\bitlocker.ps1'
>> ParameterBinding(Trace-SteroidsOutput): name="InputObject"; value=". 'D:\SICZ\Skript-ps-bitlocker\skript.ps1'"
  32 . 'D:\SICZ\Skript-ps-bitlocker\skript.ps1'
>> ParameterBinding(Trace-SteroidsOutput): name="InputObject"; value="Get-BitLockerVolume"
  33 Get-BitLockerVolume
>> ParameterBinding(Trace-SteroidsOutput): name="InputObject"; value=". 'D:\SICZ\avas\AVAS_LuKA\avas_LuKa.ps1'"
  34 . 'D:\SICZ\avas\AVAS_LuKA\avas_LuKa.ps1'
>> ParameterBinding(Trace-SteroidsOutput): name="InputObject"; value=". 'D:\SICZ\avas\AVAS_LuKA\avas_openfile_onstartup.ps1'"
  35 . 'D:\SICZ\avas\AVAS_LuKA\avas_openfile_onstartup.ps1'
>> ParameterBinding(Trace-SteroidsOutput): name="InputObject"; value=". 'D:\SICZ\avas\AVAS_LuKA\AVAS.ps1'"
  36 . 'D:\SICZ\avas\AVAS_LuKA\AVAS.ps1'
>> ParameterBinding(Trace-SteroidsOutput): name="InputObject"; value="servdiff"
  37 servdiff
>> ParameterBinding(Trace-SteroidsOutput): name="InputObject"; value="$hash.Apps"
  38 $hash.Apps
>> ParameterBinding(Trace-SteroidsOutput): name="InputObject"; value="$hash.services"
  39 $hash.services
>> ParameterBinding(Trace-SteroidsOutput): name="InputObject"; value="$hash.processes"
  40 $hash.processes
>> ParameterBinding(Trace-SteroidsOutput): name="InputObject"; value="$hash.hotfix"
  41 $hash.hotfix
>> ParameterBinding(Trace-SteroidsOutput): name="InputObject"; value="$hash.scheduledtasks"
  42 $hash.scheduledtasks
>> ParameterBinding(Trace-SteroidsOutput): name="InputObject"; value="$hash.uwp"
  43 $hash.uwp
>> ParameterBinding(Trace-SteroidsOutput): name="InputObject"; value=". 'D:\SICZ\avas\ICWSC.ps1'"
  44 . 'D:\SICZ\avas\ICWSC.ps1'
>> ParameterBinding(Trace-SteroidsOutput): name="InputObject"; value="Install-Module -Name ISEScriptAnalyzerAddOn "
  45 Install-Module -Name ISEScriptAnalyzerAddOn
>> ParameterBinding(Trace-SteroidsOutput): name="InputObject"; value="Save-Module -Name ISEScriptAnalyzerAddOn"
  46 Save-Module -Name ISEScriptAnalyzerAddOn
>> ParameterBinding(Trace-SteroidsOutput): name="InputObject"; value="$hash.Active_DC"
  47 $hash.Active_DC
>> ParameterBinding(Trace-SteroidsOutput): name="InputObject"; value="$hash.AV_MS_product"
  48 $hash.AV_MS_product
>> ParameterBinding(Trace-SteroidsOutput): name="InputObject"; value="history"
  49 history
>> ParameterBinding(Trace-SteroidsOutput): name="InputObject"; value="$hash.Bios_dater"
  50 $hash.Bios_dater
>> ParameterBinding(Trace-SteroidsOutput): name="InputObject"; value="$hash.Applocker"
  51 $hash.Applocker
>> ParameterBinding(Trace-SteroidsOutput): name="InputObject"; value="$hash.rozdily"
  52 $hash.rozdily
>> ParameterBinding(Trace-SteroidsOutput): name="InputObject"; value="$hash.Local_Disks"
  53 $hash.Local_Disks
>> ParameterBinding(Trace-SteroidsOutput): name="InputObject"; value="$has.hdd"
  54 $has.hdd
>> ParameterBinding(Trace-SteroidsOutput): name="InputObject"; value="$hash.hdd | Out-String"
  55 $hash.hdd | Out-String
>> ParameterBinding(Trace-SteroidsOutput): name="InputObject"; value="$hash.hdd_rozdil"
  56 $hash.hdd_rozdil
>> ParameterBinding(Trace-SteroidsOutput): name="InputObject"; value="Start-Steroids"
  57 Start-Steroids
>> ParameterBinding(Trace-SteroidsOutput): name="InputObject"; value="D:\SICZ\avas\avas.ps1"
  58 D:\SICZ\avas\avas.ps1
>> ParameterBinding(Trace-SteroidsOutput): name="InputObject"; value="D:\SICZ\avas\temp\avas-puvodni verze\verzovanisablon.ps1"
  59 D:\SICZ\avas\temp\avas-puvodni verze\verzovanisablon.ps1
>> ParameterBinding(Trace-SteroidsOutput): name="InputObject"; value="D:\SICZ\avas\temp\avas-puvodni verze\AVAS.ps1"
  60 D:\SICZ\avas\temp\avas-puvodni verze\AVAS.ps1
>> ParameterBinding(Trace-SteroidsOutput): name="InputObject"; value="D:\SICZ\avas\avas.ps1"
  61 D:\SICZ\avas\avas.ps1
>> ParameterBinding(Trace-SteroidsOutput): name="InputObject"; value="Start-Transcript D:\SICZ\avas\ts1.txt"
  62 Start-Transcript D:\SICZ\avas\ts1.txt
>> ParameterBinding(Trace-SteroidsOutput): name="InputObject"; value="D:\SICZ\avas\avas.ps1"
  63 D:\SICZ\avas\avas.ps1


PS C:\WINDOWS\system32> $hash
>> CommandInvocation(Trace-SteroidsOutput): "Trace-SteroidsOutput"
>> ParameterBinding(Trace-SteroidsOutput): name="InputObject"; value="@{Apps=System.Object[]; services=System.Object[]; scheduledtasks=; hotfix=; uwp=; Active_DC=; Allow_deviceclasses=; Allow_deviceids=; Application_log_length=18944000; Applocker=System.Object[]; BIOS=DELL   - 1072009 | BIOS Date: 12/22/16 01:25:40 Ver: A20.00 ; Bios_date=; Bitlocker=System.Object[]; Computerturen_root_certifikates=System.Object[]; ComputerName=MICA; Country=420; Date=; Default_locale=00000409; Deny_deviceclasses=; Deny_deviceids=; deny_UnspecifiedDevices=; Domain=; Domain_dhcp=sicz.local; Domain_tcp=; AV_MS_product=; AV_MS_residenton=; AV_MS_scanner_build=; AV_MS_scanner_version=; AV_MS_version=; rozdily=System.Object[]; hdd=System.Object[]; pcinfo=}"


Apps                            : {@{DisplayName=Dell SupportAssist; DisplayVersion=2.0.6875.668; Publisher=Dell}, @{DisplayName=Total Commander 64-bit (Remove or Repair); DisplayVersion=9.0a; Publisher=Ghi
                                  sler Software GmbH}}
services                        : {@{DisplayName=Background Intelligent Transfer Service; StartType=3}, @{DisplayName=Offline Files; StartType=2}, @{DisplayName=Connected User Experiences and Telemetry; Sta
                                  rtType=2}, @{DisplayName=Diagnostic Policy Service; StartType=2}...}
scheduledtasks                  :
hotfix                          :
uwp                             :
Active_DC                       :
Allow_deviceclasses             :
Allow_deviceids                 :
Application_log_length          : 18944000
Applocker                       : {}
BIOS                            : DELL   - 1072009 | BIOS Date: 12/22/16 01:25:40 Ver: A20.00
Bios_date                       : @{value=22.12.2016 0:00:00; DateTime=čtvrtek 22. prosince 2016 1:00:00}
Bitlocker                       : {@{pageHeaderEntry=; pageFooterEntry=; autosizeInfo=; shapeInfo=Microsoft.PowerShell.Commands.Internal.Format.ListViewHeaderInfo; groupingEntry=; ClassId2e4f51ef21dd47e99d3
                                  c952918aff9cd=033ecb2bc07a4d43b5ef94ed5a35d280}, @{shapeInfo=; groupingEntry=; ClassId2e4f51ef21dd47e99d3c952918aff9cd=9e210fe47d09416682b841769c78b8a3}, @{formatEntryInfo=
                                  Microsoft.PowerShell.Commands.Internal.Format.ListViewEntry; outOfBand=False; writeStream=0; ClassId2e4f51ef21dd47e99d3c952918aff9cd=27c87ef9bbda4f709f6b4002fa4af63c}, @{fo
                                  rmatEntryInfo=Microsoft.PowerShell.Commands.Internal.Format.ListViewEntry; outOfBand=False; writeStream=0; ClassId2e4f51ef21dd47e99d3c952918aff9cd=27c87ef9bbda4f709f6b4002f
                                  a4af63c}...}
Computerturen_root_certifikates : {@{pageHeaderEntry=; pageFooterEntry=; autosizeInfo=; shapeInfo=Microsoft.PowerShell.Commands.Internal.Format.ListViewHeaderInfo; groupingEntry=; ClassId2e4f51ef21dd47e99d3
                                  c952918aff9cd=033ecb2bc07a4d43b5ef94ed5a35d280}, @{shapeInfo=; groupingEntry=; ClassId2e4f51ef21dd47e99d3c952918aff9cd=9e210fe47d09416682b841769c78b8a3}, @{formatEntryInfo=
                                  Microsoft.PowerShell.Commands.Internal.Format.ListViewEntry; outOfBand=False; writeStream=0; ClassId2e4f51ef21dd47e99d3c952918aff9cd=27c87ef9bbda4f709f6b4002fa4af63c}, @{fo
                                  rmatEntryInfo=Microsoft.PowerShell.Commands.Internal.Format.ListViewEntry; outOfBand=False; writeStream=0; ClassId2e4f51ef21dd47e99d3c952918aff9cd=27c87ef9bbda4f709f6b4002f
                                  a4af63c}...}
ComputerName                    : MICA
Country                         : 420
Date                            : @{value=07.09.2017 13:38:19; DisplayHint=2; DateTime=čtvrtek 7. září 2017 15:38:19}
Default_locale                  : 00000409
Deny_deviceclasses              :
Deny_deviceids                  :
deny_UnspecifiedDevices         :
Domain                          :
Domain_dhcp                     : sicz.local
Domain_tcp                      :
AV_MS_product                   :
AV_MS_residenton                :
AV_MS_scanner_build             :
AV_MS_scanner_version           :
AV_MS_version                   :
rozdily                         : {@{InputObject=DESKTOP-TBE27PS; SideIndicator==>}, @{InputObject=MICA; SideIndicator=<=}}
hdd                             : {@{FileSystem=NTFS; Type=Local Fixed Disk; Volume=C:; Available=18977058816; Computer=MICA; Used=108479447040; Size=127456505856}, @{FileSystem=NTFS; Type=Local Fixed Disk;
                                   Volume=D:; Available=155963895808; Computer=MICA; Used=344007622656; Size=499971518464}}
pcinfo                          : @{WindowsBuildLabEx=15063.0.amd64fre.rs2_release.170317-1834; WindowsCurrentVersion=6.3; WindowsEditionId=Professional; WindowsInstallationType=Client; WindowsInstallDateFr
                                  omRegistry=24.03.2017 19:35:51; WindowsProductId=00330-80000-00000-AA628; WindowsProductName=Windows 10 Pro; WindowsRegisteredOrganization=; WindowsRegisteredOwner=Windows
                                  User; WindowsSystemRoot=C:\WINDOWS; WindowsVersion=1703; BiosCharacteristics=System.Object[]; BiosBIOSVersion=System.Object[]; BiosBuildNumber=; BiosCaption=BIOS Date: 12/2
                                  2/16 01:25:40 Ver: A20.00 ; BiosCodeSet=; BiosCurrentLanguage=en|US|iso8859-1; BiosDescription=BIOS Date: 12/22/16 01:25:40 Ver: A20.00 ; BiosEmbeddedControllerMajorVersion
                                  =255; BiosEmbeddedControllerMinorVersion=255; BiosFirmwareType=1; BiosIdentificationCode=; BiosInstallableLanguages=1; BiosInstallDate=; BiosLanguageEdition=; BiosListOfLan
                                  guages=System.Object[]; BiosManufacturer=Dell Inc.; BiosName=BIOS Date: 12/22/16 01:25:40 Ver: A20.00 ; BiosOtherTargetOS=; BiosPrimaryBIOS=True; BiosReleaseDate=22.12.2016
                                   0:00:00; BiosSeralNumber=H0PMD12; BiosSMBIOSBIOSVersion=A20; BiosSMBIOSMajorVersion=2; BiosSMBIOSMinorVersion=7; BiosSMBIOSPresent=True; BiosSoftwareElementState=3; BiosSt
                                  atus=OK; BiosSystemBiosMajorVersion=65; BiosSystemBiosMinorVersion=20; BiosTargetOperatingSystem=0; BiosVersion=DELL   - 1072009; CsAdminPasswordStatus=0; CsAutomaticManage
                                  dPagefile=False; CsAutomaticResetBootOption=True; CsAutomaticResetCapability=True; CsBootOptionOnLimit=; CsBootOptionOnWatchDog=; CsBootROMSupported=True; CsBootStatus=Syst
                                  em.Object[]; CsBootupState=Normal boot; CsCaption=MICA; CsChassisBootupState=3; CsChassisSKUNumber=To be filled by O.E.M.; CsCurrentTimeZone=120; CsDaylightInEffect=True; C
                                  sDescription=AT/AT COMPATIBLE; CsDNSHostName=mica; CsDomain=WORKGROUP; CsDomainRole=0; CsEnableDaylightSavingsTime=True; CsFrontPanelResetStatus=0; CsHypervisorPresent=True
                                  ; CsInfraredSupported=False; CsInitialLoadInfo=; CsInstallDate=; CsKeyboardPasswordStatus=0; CsLastLoadInfo=; CsManufacturer=Dell Inc.; CsModel=Latitude E7440; CsName=MICA;
                                   CsNetworkAdapters=System.Object[]; CsNetworkServerModeEnabled=True; CsNumberOfLogicalProcessors=4; CsNumberOfProcessors=1; CsProcessors=System.Object[]; CsOEMStringArray=S
                                  ystem.Object[]; CsPartOfDomain=False; CsPauseAfterReset=-1; CsPCSystemType=2; CsPCSystemTypeEx=2; CsPowerManagementCapabilities=; CsPowerManagementSupported=; CsPowerOnPass
                                  wordStatus=0; CsPowerState=0; CsPowerSupplyState=3; CsPrimaryOwnerContact=; CsPrimaryOwnerName=Windows User; CsResetCapability=1; CsResetCount=-1; CsResetLimit=-1; CsRoles=
                                  System.Object[]; CsStatus=OK; CsSupportContactDescription=; CsSystemFamily=; CsSystemSKUNumber=05CB; CsSystemType=x64-based PC; CsThermalState=3; CsTotalPhysicalMemory=1708
                                  0684544; CsPhyicallyInstalledMemory=16777216; CsUserName=MICA\caith; CsWakeUpType=6; CsWorkgroup=WORKGROUP; OsName=Microsoft Windows 10 Pro; OsType=18; OsOperatingSystemSKU
                                  =48; OsVersion=10.0.15063; OsCSDVersion=; OsBuildNumber=15063; OsHotFixes=System.Object[]; OsBootDevice=\Device\HarddiskVolume3; OsSystemDevice=\Device\HarddiskVolume2; OsS
                                  ystemDirectory=C:\WINDOWS\system32; OsSystemDrive=C:; OsWindowsDirectory=C:\WINDOWS; OsCountryCode=420; OsCurrentTimeZone=120; OsLocaleID=0405; OsLocale=cs-CZ; OsLocalDateT
                                  ime=07.09.2017 13:38:28; OsLastBootUpTime=05.09.2017 6:09:54; OsUptime=; OsBuildType=Multiprocessor Free; OsCodeSet=1250; OsDataExecutionPreventionAvailable=True; OsDataExe
                                  cutionPrevention32BitApplications=True; OsDataExecutionPreventionDrivers=True; OsDataExecutionPreventionSupportPolicy=2; OsDebug=False; OsDistributed=False; OsEncryptionLev
                                  el=256; OsForegroundApplicationBoost=2; OsTotalVisibleMemorySize=16680356; OsFreePhysicalMemory=8156388; OsTotalVirtualMemorySize=34506148; OsFreeVirtualMemory=22165628; Os
                                  InUseVirtualMemory=12340520; OsTotalSwapSpaceSize=; OsSizeStoredInPagingFiles=17825792; OsFreeSpaceInPagingFiles=17698596; OsPagingFiles=System.Object[]; OsHardwareAbstract
                                  ionLayer=10.0.15063.502; OsInstallDate=24.03.2017 20:35:51; OsManufacturer=Microsoft Corporation; OsMaxNumberOfProcesses=4294967295; OsMaxProcessMemorySize=137438953344; Os
                                  MuiLanguages=System.Object[]; OsNumberOfLicensedUsers=0; OsNumberOfProcesses=254; OsNumberOfUsers=2; OsOrganization=; OsArchitecture=64-bit; OsLanguage=en-US; OsProductSuit
                                  es=System.Object[]; OsOtherTypeDescription=; OsPAEEnabled=; OsPortableOperatingSystem=False; OsPrimary=True; OsProductType=1; OsRegisteredUser=Windows User; OsSerialNumber=
                                  00330-80000-00000-AA628; OsServicePackMajorVersion=0; OsServicePackMinorVersion=0; OsStatus=OK; OsSuites=System.Object[]; OsServerLevel=; KeyboardLayout=00020405; TimeZone=
                                  (UTC+01:00) Belgrade, Bratislava, Budapest, Ljubljana, Prague; LogonServer=\\MICA; PowerPlatformRole=2; HyperVisorPresent=True; HyperVRequirementDataExecutionPreventionAvai
                                  lable=; HyperVRequirementSecondLevelAddressTranslation=; HyperVRequirementVirtualizationFirmwareEnabled=; HyperVRequirementVMMonitorModeExtensions=; DeviceGuardSmartStatus=
                                  0; DeviceGuardRequiredSecurityProperties=; DeviceGuardAvailableSecurityProperties=; DeviceGuardSecurityServicesConfigured=; DeviceGuardSecurityServicesRunning=; DeviceGuard
                                  CodeIntegrityPolicyEnforcementStatus=; DeviceGuardUserModeCodeIntegrityPolicyEnforcementStatus=}



PS C:\WINDOWS\system32> $hash.Apps
>> CommandInvocation(Trace-SteroidsOutput): "Trace-SteroidsOutput"
>> ParameterBinding(Trace-SteroidsOutput): name="InputObject"; value="@{DisplayName=Dell SupportAssist; DisplayVersion=2.0.6875.668; Publisher=Dell}"

>> ParameterBinding(Trace-SteroidsOutput): name="InputObject"; value="@{DisplayName=Total Commander 64-bit (Remove or Repair); DisplayVersion=9.0a; Publisher=Ghisler Software GmbH}"
DisplayName                               DisplayVersion Publisher
-----------                               -------------- ---------
Dell SupportAssist                        2.0.6875.668   Dell
Total Commander 64-bit (Remove or Repair) 9.0a           Ghisler Software GmbH


PS C:\WINDOWS\system32> CommandInvocation(Trace-SteroidsOutput): "Trace-SteroidsOutput"
PS C:\WINDOWS\system32> ParameterBinding(Trace-SteroidsOutput): name="InputObject"; value="Transcript started, output file is D:\SICZ\avas\AVAS_2017_10_10.log"
Transcript started, output file is D:\SICZ\avas\AVAS_2017_10_10.log
PS C:\WINDOWS\system32> ParameterBinding(Trace-SteroidsOutput): name="InputObject"; value="Transcript started, output file is ./transcript2017-10-10-04-14-12.txt"
Transcript started, output file is ./transcript2017-10-10-04-14-12.txt
10/10/2017 16:14:12 - Nacitani json konfiguracniho souboru
PS C:\WINDOWS\system32> ParameterBinding(Trace-SteroidsOutput): name="InputObject"; value="Transcript started, output file is D:\SICZ\avas/debug-2017-10-10-04-14-17.log"
Transcript started, output file is D:\SICZ\avas/debug-2017-10-10-04-14-17.log
-message pokracuji ve zpracovani
spoustim test app diff
PS C:\WINDOWS\system32> ParameterBinding(Trace-SteroidsOutput): name="InputObject"; value="@{DisplayName=Mozilla Maintenance Service; DisplayVersion=58.0a1; Publisher=Mozilla}"

>> ParameterBinding(Trace-SteroidsOutput): name="InputObject"; value="@{DisplayName=Dell Touchpad; DisplayVersion=10.2207.101.108; Publisher=ALPS ELECTRIC CO., LTD.}"
>> ParameterBinding(Trace-SteroidsOutput): name="InputObject"; value="@{DisplayName=Microsoft Visual Studio Code; DisplayVersion=1.17.0; Publisher=Microsoft Corporation}"
spoustim test services diff
PS C:\WINDOWS\system32> ParameterBinding(Trace-SteroidsOutput): name="InputObject"; value="@{DisplayName=Background Intelligent Transfer Service; StartType=3}"
>> ParameterBinding(Trace-SteroidsOutput): name="InputObject"; value="@{DisplayName=File History Service; StartType=2}"
>> ParameterBinding(Trace-SteroidsOutput): name="InputObject"; value="@{DisplayName=IKE and AuthIP IPsec Keying Modules; StartType=2}"
>> ParameterBinding(Trace-SteroidsOutput): name="InputObject"; value="@{DisplayName=Windows PushToInstall Service; StartType=3}"
>> ParameterBinding(Trace-SteroidsOutput): name="InputObject"; value="@{DisplayName=Touch Keyboard and Handwriting Panel Service; StartType=4}"
>> ParameterBinding(Trace-SteroidsOutput): name="InputObject"; value="@{DisplayName=Windows Event Collector; StartType=2}"
spoustim test scheduled tasks diff
spoustim test hotfix diff
PS C:\WINDOWS\system32> ParameterBinding(Trace-SteroidsOutput): name="InputObject"; value="
InputObject     SideIndicator
-----------     -------------
DESKTOP-TBE27PS =>           
DESKTOP-V056PHL <=           


"
DisplayName                                  DisplayVersion  Publisher
-----------                                  --------------  ---------
Mozilla Maintenance Service                  58.0a1          Mozilla
Dell Touchpad                                10.2207.101.108 ALPS ELECTRIC CO., LTD.
Microsoft Visual Studio Code                 1.17.0          Microsoft Corporation
Background Intelligent Transfer Service
File History Service
IKE and AuthIP IPsec Keying Modules
Windows PushToInstall Service
Touch Keyboard and Handwriting Panel Service
Windows Event Collector

InputObject     SideIndicator
-----------     -------------
DESKTOP-TBE27PS =>           
DESKTOP-V056PHL <=
PS C:\WINDOWS\system32> TerminatingError(Compare-Object): "Cannot bind argument to parameter 'DifferenceObject' because it is null."
>> ParameterBinding(Trace-SteroidsOutput): name="InputObject"; value=""

PS C:\WINDOWS\system32> ParameterBinding(Trace-SteroidsOutput): name="InputObject"; value="@{WindowsBuildLabEx=16281.1000.amd64fre.rs3_release.170829-1438; WindowsCurrentVersion=6.3; WindowsEditionId=Enterprise; WindowsInstallationType=Client; WindowsInstallDateFromRegistry=06.09.2017 8:41:09; WindowsProductId=00329-00000-00003-AA661; WindowsProductName=Windows 10 Enterprise Insider Preview; WindowsRegisteredOrganization=; WindowsRegisteredOwner=Windows User; WindowsSystemRoot=C:\Windows; WindowsVersion=1703; BiosCharacteristics=; BiosBIOSVersion=; BiosBuildNumber=; BiosCaption=; BiosCodeSet=; BiosCurrentLanguage=; BiosDescription=; BiosEmbeddedControllerMajorVersion=; BiosEmbeddedControllerMinorVersion=; BiosFirmwareType=; BiosIdentificationCode=; BiosInstallableLanguages=; BiosInstallDate=; BiosLanguageEdition=; BiosListOfLanguages=; BiosManufacturer=; BiosName=; BiosOtherTargetOS=; BiosPrimaryBIOS=; BiosReleaseDate=; BiosSeralNumber=; BiosSMBIOSBIOSVersion=; BiosSMBIOSMajorVersion=; BiosSMBIOSMinorVersion=; BiosSMBIOSPresent=; BiosSoftwareElementState=; BiosStatus=; BiosSystemBiosMajorVersion=; BiosSystemBiosMinorVersion=; BiosTargetOperatingSystem=; BiosVersion=; CsAdminPasswordStatus=; CsAutomaticManagedPagefile=; CsAutomaticResetBootOption=; CsAutomaticResetCapability=; CsBootOptionOnLimit=; CsBootOptionOnWatchDog=; CsBootROMSupported=; CsBootStatus=; CsBootupState=; CsCaption=; CsChassisBootupState=; CsChassisSKUNumber=; CsCurrentTimeZone=; CsDaylightInEffect=; CsDescription=; CsDNSHostName=; CsDomain=; CsDomainRole=; CsEnableDaylightSavingsTime=; CsFrontPanelResetStatus=; CsHypervisorPresent=; CsInfraredSupported=; CsInitialLoadInfo=; CsInstallDate=; CsKeyboardPasswordStatus=; CsLastLoadInfo=; CsManufacturer=; CsModel=; CsName=; CsNetworkAdapters=; CsNetworkServerModeEnabled=; CsNumberOfLogicalProcessors=; CsNumberOfProcessors=; CsProcessors=; CsOEMStringArray=; CsPartOfDomain=; CsPauseAfterReset=; CsPCSystemType=; CsPCSystemTypeEx=; CsPowerManagementCapabilities=; CsPowerManagementSupported=; CsPowerOnPasswordStatus=; CsPowerState=; CsPowerSupplyState=; CsPrimaryOwnerContact=; CsPrimaryOwnerName=; CsResetCapability=; CsResetCount=; CsResetLimit=; CsRoles=; CsStatus=; CsSupportContactDescription=; CsSystemFamily=; CsSystemSKUNumber=; CsSystemType=; CsThermalState=; CsTotalPhysicalMemory=; CsPhyicallyInstalledMemory=; CsUserName=; CsWakeUpType=; CsWorkgroup=; OsName=; OsType=; OsOperatingSystemSKU=; OsVersion=; OsCSDVersion=; OsBuildNumber=; OsHotFixes=; OsBootDevice=; OsSystemDevice=; OsSystemDirectory=; OsSystemDrive=; OsWindowsDirectory=; OsCountryCode=; OsCurrentTimeZone=; OsLocaleID=; OsLocale=; OsLocalDateTime=; OsLastBootUpTime=; OsUptime=; OsBuildType=; OsCodeSet=; OsDataExecutionPreventionAvailable=; OsDataExecutionPrevention32BitApplications=; OsDataExecutionPreventionDrivers=; OsDataExecutionPreventionSupportPolicy=; OsDebug=; OsDistributed=; OsEncryptionLevel=; OsForegroundApplicationBoost=; OsTotalVisibleMemorySize=; OsFreePhysicalMemory=; OsTotalVirtualMemorySize=; OsFreeVirtualMemory=; OsInUseVirtualMemory=; OsTotalSwapSpaceSize=; OsSizeStoredInPagingFiles=; OsFreeSpaceInPagingFiles=; OsPagingFiles=; OsHardwareAbstractionLayer=; OsInstallDate=; OsManufacturer=; OsMaxNumberOfProcesses=; OsMaxProcessMemorySize=; OsMuiLanguages=; OsNumberOfLicensedUsers=; OsNumberOfProcesses=; OsNumberOfUsers=; OsOrganization=; OsArchitecture=; OsLanguage=; OsProductSuites=; OsOtherTypeDescription=; OsPAEEnabled=; OsPortableOperatingSystem=; OsPrimary=; OsProductType=; OsRegisteredUser=; OsSerialNumber=; OsServicePackMajorVersion=; OsServicePackMinorVersion=; OsStatus=; OsSuites=; OsServerLevel=; KeyboardLayout=; TimeZone=(UTC+01:00) Belgrade, Bratislava, Budapest, Ljubljana, Prague; LogonServer=\\DESKTOP-V056PHL; PowerPlatformRole=2; HyperVisorPresent=; HyperVRequirementDataExecutionPreventionAvailable=; HyperVRequirementSecondLevelAddressTranslation=; HyperVRequirementVirtualizationFirmwareEnabled=; HyperVRequirementVMMonitorModeExtensions=; DeviceGuardSmartStatus=0; DeviceGuardRequiredSecurityProperties=; DeviceGuardAvailableSecurityProperties=; DeviceGuardSecurityServicesConfigured=; DeviceGuardSecurityServicesRunning=; DeviceGuardCodeIntegrityPolicyEnforcementStatus=; DeviceGuardUserModeCodeIntegrityPolicyEnforcementStatus=}"

PS C:\WINDOWS\system32> ParameterBinding(Trace-SteroidsOutput): name="InputObject"; value="Cancel"
Cancel


PS C:\WINDOWS\system32> $hash.Apps
>> CommandInvocation(Trace-SteroidsOutput): "Trace-SteroidsOutput"
>> ParameterBinding(Trace-SteroidsOutput): name="InputObject"; value="@{DisplayName=Mozilla Maintenance Service; DisplayVersion=58.0a1; Publisher=Mozilla}"

>> ParameterBinding(Trace-SteroidsOutput): name="InputObject"; value="@{DisplayName=Dell Touchpad; DisplayVersion=10.2207.101.108; Publisher=ALPS ELECTRIC CO., LTD.}"
>> ParameterBinding(Trace-SteroidsOutput): name="InputObject"; value="@{DisplayName=Microsoft Visual Studio Code; DisplayVersion=1.17.0; Publisher=Microsoft Corporation}"
DisplayName                  DisplayVersion  Publisher
-----------                  --------------  ---------
Mozilla Maintenance Service  58.0a1          Mozilla
Dell Touchpad                10.2207.101.108 ALPS ELECTRIC CO., LTD.
Microsoft Visual Studio Code 1.17.0          Microsoft Corporation


