**********************
Windows PowerShell transcript start
Start time: 20170912113658
Username: DESKTOP-V056PHL\lukas
RunAs User: DESKTOP-V056PHL\lukas
Configuration Name: 
Machine: DESKTOP-V056PHL (Microsoft Windows NT 10.0.16353.0)
Host Application: C:\WINDOWS\System32\WindowsPowerShell\v1.0\powershell.exe -NoProfile -NonInteractive -ExecutionPolicy Bypass -Command & 'C:\Users\lukas\.vscode\extensions\ms-vscode.powershell-1.4.2\scripts\Start-EditorServices.ps1' -EditorServicesVersion '1.4.1' -HostName 'Visual Studio Code Host' -HostProfileId 'Microsoft.VSCode' -HostVersion '1.4.2' -AdditionalModules @('PowerShellEditorServices.VSCode') -BundledModulesPath 'C:\Users\lukas\.vscode\extensions\ms-vscode.powershell-1.4.2\modules' -EnableConsoleRepl -LogLevel 'Normal' -LogPath 'C:\Users\lukas\.vscode\extensions\ms-vscode.powershell-1.4.2\logs\1505207007-760bc1d3-5368-4017-bb5c-f396864f531c1505206960957\EditorServices.log' -SessionDetailsPath 'C:\Users\lukas\.vscode\extensions\ms-vscode.powershell-1.4.2\sessions\PSES-VSCode-8344-403728' -FeatureFlags @()
Process ID: 9440
PSVersion: 5.1.16353.1000
PSEdition: Desktop
PSCompatibleVersions: 1.0, 2.0, 3.0, 4.0, 5.0, 5.1.16353.1000
BuildVersion: 10.0.16353.1000
CLRVersion: 4.0.30319.42000
WSManStackVersion: 3.0
PSRemotingProtocolVersion: 2.3
SerializationVersion: 1.1.0.1
**********************
Transcript started, output file is ./transcript2017-09-12-11-36-58.txt
2017/09/12 11:36:58, INF, Comparing hotfixes between the 2 hosts......
PS C:\avas> TerminatingError(Add-Content): "Cannot bind argument to parameter 'Path' because it is null."
Add-Content : Cannot bind argument to parameter 'Path' because it is null.
At C:\avas\hotfixy-logika.ps1:34 char:33
+            $bytes | add-content $logfile -enc byte
+                                 ~~~~~~~~
    + CategoryInfo          : InvalidData: (:) [Add-Content], ParameterBindingValidationException
    + FullyQualifiedErrorId : ParameterArgumentValidationErrorNullNotAllowed,Microsoft.PowerShell.Commands.AddContentCom
mand
Add-Content : Cannot bind argument to parameter 'Path' because it is null.
At C:\avas\hotfixy-logika.ps1:34 char:33
+            $bytes | add-content $logfile -enc byte
+                                 ~~~~~~~~
    + CategoryInfo          : InvalidData: (:) [Add-Content], ParameterBindingValidationException
    + FullyQualifiedErrorId : ParameterArgumentValidationErrorNullNotAllowed,Microsoft.PowerShell.Commands.AddContentCommand

PS C:\avas> TerminatingError(Compare-Object): "Cannot bind argument to parameter 'ReferenceObject' because it is null."
Compare-Object : Cannot bind argument to parameter 'ReferenceObject' because it is null.
At C:\avas\avas-ok.ps1:84 char:61
+ ...     {$comparedHotfixes = compare-object $fobjColl[0].hotfixes $fobjCo ...
+                                             ~~~~~~~~~~~~~~~~~~~~~
    + CategoryInfo          : InvalidData: (:) [Compare-Object], ParameterBindingValidationException
    + FullyQualifiedErrorId : ParameterArgumentValidationErrorNullNotAllowed,Microsoft.PowerShell.Commands.CompareObject
Command
Compare-Object : Cannot bind argument to parameter 'ReferenceObject' because it is null.
At C:\avas\avas-ok.ps1:84 char:61
+ ...     {$comparedHotfixes = compare-object $fobjColl[0].hotfixes $fobjCo ...
+                                             ~~~~~~~~~~~~~~~~~~~~~
    + CategoryInfo          : InvalidData: (:) [Compare-Object], ParameterBindingValidationException
    + FullyQualifiedErrorId : ParameterArgumentValidationErrorNullNotAllowed,Microsoft.PowerShell.Commands.CompareObjectCommand

[done]
PS C:\avas> TerminatingError(Add-Content): "Cannot bind argument to parameter 'Path' because it is null."
Add-Content : Cannot bind argument to parameter 'Path' because it is null.
At C:\avas\hotfixy-logika.ps1:38 char:24
+            Add-Content $logfile $message
+                        ~~~~~~~~
    + CategoryInfo          : InvalidData: (:) [Add-Content], ParameterBindingValidationException
    + FullyQualifiedErrorId : ParameterArgumentValidationErrorNullNotAllowed,Microsoft.PowerShell.Commands.AddContentCom
mand
Add-Content : Cannot bind argument to parameter 'Path' because it is null.
At C:\avas\hotfixy-logika.ps1:38 char:24
+            Add-Content $logfile $message
+                        ~~~~~~~~
    + CategoryInfo          : InvalidData: (:) [Add-Content], ParameterBindingValidationException
    + FullyQualifiedErrorId : ParameterArgumentValidationErrorNullNotAllowed,Microsoft.PowerShell.Commands.AddContentCommand



PS C:\avas> @{ 'computerName' = $env:ComputerName; 'processId' = $PID; 'instanceId' = $host.InstanceId }

Name                           Value
----                           -----
processId                      9440
computerName                   DESKTOP-V056PHL
instanceId                     70ee7de7-5b8d-4b9a-ae64-5dc9745f8257


PS C:\avas> CommandInvocation(Get-Command): "Get-Command"
>> ParameterBinding(Get-Command): name="ErrorAction"; value="Ignore"
>> ParameterBinding(Get-Command): name="Name"; value="gethotfixes"

CommandType     Name                                               Version    Source
-----------     ----                                               -------    ------
Function        gethotfixes


PS C:\avas> CommandInvocation(Get-Help): "Get-Help"
>> ParameterBinding(Get-Help): name="ErrorAction"; value="Ignore"
>> ParameterBinding(Get-Help): name="Name"; value="gethotfixes"

NAME
    gethotfixes

SYNTAX
    gethotfixes [[-fsrv] <string>]


ALIASES
    None


REMARKS
    None



PS C:\avas> CommandInvocation(Get-Command): "Get-Command"
>> ParameterBinding(Get-Command): name="ErrorAction"; value="Ignore"
>> ParameterBinding(Get-Command): name="Name"; value="gethotfixes"

CommandType     Name                                               Version    Source
-----------     ----                                               -------    ------
Function        gethotfixes


PS C:\avas> CommandInvocation(Get-Help): "Get-Help"
>> ParameterBinding(Get-Help): name="ErrorAction"; value="Ignore"
>> ParameterBinding(Get-Help): name="Name"; value="gethotfixes"

NAME
    gethotfixes

SYNTAX
    gethotfixes [[-fsrv] <string>]


ALIASES
    None


REMARKS
    None



