**********************
Windows PowerShell transcript start
Start time: 20170911155538
Username: DESKTOP-V056PHL\lukas
RunAs User: DESKTOP-V056PHL\lukas
Configuration Name: 
Machine: DESKTOP-V056PHL (Microsoft Windows NT 10.0.16281.0)
Host Application: C:\Windows\System32\WindowsPowerShell\v1.0\powershell.exe -NoProfile -NonInteractive -ExecutionPolicy Bypass -Command & 'C:\Users\lukas\.vscode\extensions\ms-vscode.powershell-1.4.2\scripts\Start-EditorServices.ps1' -EditorServicesVersion '1.4.1' -HostName 'Visual Studio Code Host' -HostProfileId 'Microsoft.VSCode' -HostVersion '1.4.2' -AdditionalModules @('PowerShellEditorServices.VSCode') -BundledModulesPath 'C:\Users\lukas\.vscode\extensions\ms-vscode.powershell-1.4.2\modules' -EnableConsoleRepl -LogLevel 'Normal' -LogPath 'C:\Users\lukas\.vscode\extensions\ms-vscode.powershell-1.4.2\logs\1505135725-cd3b6044-496e-4673-8e09-ba333ddc301a1505135712082\EditorServices.log' -SessionDetailsPath 'C:\Users\lukas\.vscode\extensions\ms-vscode.powershell-1.4.2\sessions\PSES-VSCode-15464-157868' -FeatureFlags @()
Process ID: 25640
PSVersion: 5.1.16281.1000
PSEdition: Desktop
PSCompatibleVersions: 1.0, 2.0, 3.0, 4.0, 5.0, 5.1.16281.1000
BuildVersion: 10.0.16281.1000
CLRVersion: 4.0.30319.42000
WSManStackVersion: 3.0
PSRemotingProtocolVersion: 2.3
SerializationVersion: 1.1.0.1
**********************
Transcript started, output file is ./transcript2017-09-11-03-55-38.txt

PS C:\avas> TerminatingError(Where-Object): "Cannot validate argument on parameter 'Property'. The argument is null or empty. Provide an argument that is not null or empty, and then try the command again."
Where-Object : Cannot validate argument on parameter 'Property'. The argument is null or empty. Provide an argument that
 is not null or empty, and then try the command again.
At C:\avas\sluzby.ps1:7 char:112
+ ... ct $installed  -Property DisplayName | where $_.SideIndicator -EQ "=> ...
+                                                  ~~~~~~~~~~~~~~~~
    + CategoryInfo          : InvalidData: (:) [Where-Object], ParameterBindingValidationException
    + FullyQualifiedErrorId : ParameterArgumentValidationError,Microsoft.PowerShell.Commands.WhereObjectCommand
Export-Csv : Cannot bind argument to parameter 'InputObject' because it is null.
At C:\avas\sluzby.ps1:10 char:13
+ $vysledek | Export-Csv "./sluzby$(get-date -f yyyy-MM-dd-hh-mm-ss).cs ...
+             ~~~~~~~~~~~~~~~~~~~~~~~~~~~~~~~~~~~~~~~~~~~~~~~~~~~~~~~~~
    + CategoryInfo          : InvalidData: (:) [Export-Csv], ParameterBindingValidationException
    + FullyQualifiedErrorId : ParameterArgumentValidationErrorNullNotAllowed,Microsoft.PowerShell.Commands.ExportCsvComm
and
DisplayName                                                           SideIndicator
-----------                                                           -------------
AssignedAccessManager Service                                         =>
Capability Access Manager Service                                     =>
Connected Devices Platform User Service_3477b                         =>
DevicesFlow_3477b                                                     =>
Diagnostic Execution Service                                          =>
Fax                                                                   =>
GraphicsPerfSvc                                                       =>
Služba Aktualizace Google (gupdate)                                   =>
Služba Aktualizace Google (gupdatem)                                  =>
Windows Store Install Service                                         =>
MessagingService_3477b                                                =>
Mozilla Maintenance Service                                           =>
Windows Defender Firewall                                             =>
NVIDIA Display Container LS                                           =>
Sync Host_3477b                                                       =>
Contact Data_3477b                                                    =>
PrintWorkflow_3477b                                                   =>
Windows PushToInstall Service                                         =>
Spatial Data Service                                                  =>
Web Account Manager                                                   =>
User Data Storage_3477b                                               =>
User Data Access_3477b                                                =>
WarpJITSvc                                                            =>
Local Profile Assistant Service                                       =>
Windows Media Player Network Sharing Service                          =>
Work Folders                                                          =>
Windows Push Notifications User Service_3477b                         =>
Adobe Acrobat Update Service                                          <=
Microsoft Monitoring Agent Audit Forwarding                           <=
Connected Devices Platform User Service_46504                         <=
DevicesFlow_46504                                                     <=
Intel(R) PROSet/Wireless Event Log                                    <=
Windows Presentation Foundation Font Cache 3.0.0.0                    <=
Google Update Service (gupdate)                                       <=
Google Update Service (gupdatem)                                      <=
Microsoft Monitoring Agent                                            <=
Host Network Service                                                  <=
HomeGroup Listener                                                    <=
Intel(R) Rapid Storage Technology                                     <=
Intel Bluetooth Service                                               <=
Intel(R) HD Graphics Control Panel Service                            <=
Intel(R) Capability Licensing Service TCP IP Interface                <=
Intel(R) PROSet Monitoring Service                                    <=
Intel(R) Security Assist                                              <=
Windows Phone IP over USB Transport (IpOverUsbSvc)                    <=
Intel(R) Security Assist Helper                                       <=
Intel(R) Dynamic Application Loader Host Interface Service            <=
Intel(R) Management and Security Application Local Management Service <=
MessagingService_46504                                                <=
Microsoft Dependency Agent                                            <=
Windows Firewall                                                      <=
Wireless PAN DHCP Server                                              <=
Net Driver HPZ12                                                      <=
Sync Host_46504                                                       <=
Contact Data_46504                                                    <=
Pml Driver HPZ12                                                      <=
Intel(R) PROSet/Wireless Registry Service                             <=
Realtek Audio Service                                                 <=
Sandboxie Service                                                     <=
Skype Updater                                                         <=
SQL Server VSS Writer                                                 <=
TeamViewer 12                                                         <=
TokenBroker                                                           <=
User Data Storage_46504                                               <=
User Data Access_46504                                                <=
Unified Write Filter Servicing Helper Service                         <=
Veeam Agent for Microsoft Windows                                     <=
Hyper-V Host Compute Service                                          <=
Hyper-V Virtual Machine Management                                    <=
VMware USB Arbitration Service                                        <=
LPA Service                                                           <=
Windows Push Notifications User Service_46504                         <=
Windows Driver Foundation - User-mode Driver Framework                <=
Intel(R) PROSet/Wireless Zero Configuration Service                   <=
Where-Object : Cannot validate argument on parameter 'Property'. The argument is null or empty. Provide an argument that is not null or empty, and then try the command
again.
At C:\avas\sluzby.ps1:7 char:112
+ ... ct $installed  -Property DisplayName | where $_.SideIndicator -EQ "=> ...
+                                                  ~~~~~~~~~~~~~~~~
    + CategoryInfo          : InvalidData: (:) [Where-Object], ParameterBindingValidationException
    + FullyQualifiedErrorId : ParameterArgumentValidationError,Microsoft.PowerShell.Commands.WhereObjectCommand

Export-Csv : Cannot bind argument to parameter 'InputObject' because it is null.
At C:\avas\sluzby.ps1:10 char:13
+ $vysledek | Export-Csv "./sluzby$(get-date -f yyyy-MM-dd-hh-mm-ss).cs ...
+             ~~~~~~~~~~~~~~~~~~~~~~~~~~~~~~~~~~~~~~~~~~~~~~~~~~~~~~~~~
    + CategoryInfo          : InvalidData: (:) [Export-Csv], ParameterBindingValidationException
    + FullyQualifiedErrorId : ParameterArgumentValidationErrorNullNotAllowed,Microsoft.PowerShell.Commands.ExportCsvCommand



PS C:\avas> @{ 'computerName' = $env:ComputerName; 'processId' = $PID; 'instanceId' = $host.InstanceId }

Name                           Value
----                           -----
processId                      25640
computerName                   DESKTOP-V056PHL
instanceId                     7ca19791-a655-451d-a13f-fc67e93ba3c4


PS C:\avas> CommandInvocation(Get-PSBreakpoint): "Get-PSBreakpoint"
>> ParameterBinding(Get-PSBreakpoint): name="Type"; value="Command"
>> CommandInvocation(Remove-PSBreakpoint): "Remove-PSBreakpoint"
Transcript started, output file is ./transcript2017-09-11-03-55-45.txt

PS C:\avas> TerminatingError(Where-Object): "Cannot validate argument on parameter 'Property'. The argument is null or empty. Provide an argument that is not null or empty, and then try the command again."
Where-Object : Cannot validate argument on parameter 'Property'. The argument is null or empty. Provide an argument that
 is not null or empty, and then try the command again.
At C:\avas\sluzby.ps1:7 char:112
+ ... ct $installed  -Property DisplayName | where $_.SideIndicator -EQ "=> ...
+                                                  ~~~~~~~~~~~~~~~~
    + CategoryInfo          : InvalidData: (:) [Where-Object], ParameterBindingValidationException
    + FullyQualifiedErrorId : ParameterArgumentValidationError,Microsoft.PowerShell.Commands.WhereObjectCommand
Export-Csv : Cannot bind argument to parameter 'InputObject' because it is null.
At C:\avas\sluzby.ps1:10 char:13
+ $vysledek | Export-Csv "./sluzby$(get-date -f yyyy-MM-dd-hh-mm-ss).cs ...
+             ~~~~~~~~~~~~~~~~~~~~~~~~~~~~~~~~~~~~~~~~~~~~~~~~~~~~~~~~~
    + CategoryInfo          : InvalidData: (:) [Export-Csv], ParameterBindingValidationException
    + FullyQualifiedErrorId : ParameterArgumentValidationErrorNullNotAllowed,Microsoft.PowerShell.Commands.ExportCsvComm
and
DisplayName                                                           SideIndicator
-----------                                                           -------------
AssignedAccessManager Service                                         =>
Capability Access Manager Service                                     =>
Connected Devices Platform User Service_3477b                         =>
DevicesFlow_3477b                                                     =>
Diagnostic Execution Service                                          =>
Fax                                                                   =>
GraphicsPerfSvc                                                       =>
Služba Aktualizace Google (gupdate)                                   =>
Služba Aktualizace Google (gupdatem)                                  =>
Windows Store Install Service                                         =>
MessagingService_3477b                                                =>
Mozilla Maintenance Service                                           =>
Windows Defender Firewall                                             =>
NVIDIA Display Container LS                                           =>
Sync Host_3477b                                                       =>
Contact Data_3477b                                                    =>
PrintWorkflow_3477b                                                   =>
Windows PushToInstall Service                                         =>
Spatial Data Service                                                  =>
Web Account Manager                                                   =>
User Data Storage_3477b                                               =>
User Data Access_3477b                                                =>
WarpJITSvc                                                            =>
Local Profile Assistant Service                                       =>
Windows Media Player Network Sharing Service                          =>
Work Folders                                                          =>
Windows Push Notifications User Service_3477b                         =>
Adobe Acrobat Update Service                                          <=
Microsoft Monitoring Agent Audit Forwarding                           <=
Connected Devices Platform User Service_46504                         <=
DevicesFlow_46504                                                     <=
Intel(R) PROSet/Wireless Event Log                                    <=
Windows Presentation Foundation Font Cache 3.0.0.0                    <=
Google Update Service (gupdate)                                       <=
Google Update Service (gupdatem)                                      <=
Microsoft Monitoring Agent                                            <=
Host Network Service                                                  <=
HomeGroup Listener                                                    <=
Intel(R) Rapid Storage Technology                                     <=
Intel Bluetooth Service                                               <=
Intel(R) HD Graphics Control Panel Service                            <=
Intel(R) Capability Licensing Service TCP IP Interface                <=
Intel(R) PROSet Monitoring Service                                    <=
Intel(R) Security Assist                                              <=
Windows Phone IP over USB Transport (IpOverUsbSvc)                    <=
Intel(R) Security Assist Helper                                       <=
Intel(R) Dynamic Application Loader Host Interface Service            <=
Intel(R) Management and Security Application Local Management Service <=
MessagingService_46504                                                <=
Microsoft Dependency Agent                                            <=
Windows Firewall                                                      <=
Wireless PAN DHCP Server                                              <=
Net Driver HPZ12                                                      <=
Sync Host_46504                                                       <=
Contact Data_46504                                                    <=
Pml Driver HPZ12                                                      <=
Intel(R) PROSet/Wireless Registry Service                             <=
Realtek Audio Service                                                 <=
Sandboxie Service                                                     <=
Skype Updater                                                         <=
SQL Server VSS Writer                                                 <=
TeamViewer 12                                                         <=
TokenBroker                                                           <=
User Data Storage_46504                                               <=
User Data Access_46504                                                <=
Unified Write Filter Servicing Helper Service                         <=
Veeam Agent for Microsoft Windows                                     <=
Hyper-V Host Compute Service                                          <=
Hyper-V Virtual Machine Management                                    <=
VMware USB Arbitration Service                                        <=
LPA Service                                                           <=
Windows Push Notifications User Service_46504                         <=
Windows Driver Foundation - User-mode Driver Framework                <=
Intel(R) PROSet/Wireless Zero Configuration Service                   <=
Where-Object : Cannot validate argument on parameter 'Property'. The argument is null or empty. Provide an argument that is not null or empty, and then try the command
again.
At C:\avas\sluzby.ps1:7 char:112
+ ... ct $installed  -Property DisplayName | where $_.SideIndicator -EQ "=> ...
+                                                  ~~~~~~~~~~~~~~~~
    + CategoryInfo          : InvalidData: (:) [Where-Object], ParameterBindingValidationException
    + FullyQualifiedErrorId : ParameterArgumentValidationError,Microsoft.PowerShell.Commands.WhereObjectCommand

Export-Csv : Cannot bind argument to parameter 'InputObject' because it is null.
At C:\avas\sluzby.ps1:10 char:13
+ $vysledek | Export-Csv "./sluzby$(get-date -f yyyy-MM-dd-hh-mm-ss).cs ...
+             ~~~~~~~~~~~~~~~~~~~~~~~~~~~~~~~~~~~~~~~~~~~~~~~~~~~~~~~~~
    + CategoryInfo          : InvalidData: (:) [Export-Csv], ParameterBindingValidationException
    + FullyQualifiedErrorId : ParameterArgumentValidationErrorNullNotAllowed,Microsoft.PowerShell.Commands.ExportCsvCommand



PS C:\avas> @{ 'computerName' = $env:ComputerName; 'processId' = $PID; 'instanceId' = $host.InstanceId }

Name                           Value
----                           -----
processId                      25640
computerName                   DESKTOP-V056PHL
instanceId                     7ca19791-a655-451d-a13f-fc67e93ba3c4


PS C:\avas> CommandInvocation(Get-PSBreakpoint): "Get-PSBreakpoint"
>> ParameterBinding(Get-PSBreakpoint): name="Type"; value="Command"
>> CommandInvocation(Remove-PSBreakpoint): "Remove-PSBreakpoint"
No logfile is specified, c:\temp\-2017-09-11-16-23-05.log will be used.
Exception calling "Substring" with "1" argument(s): "startIndex cannot be larger than length of string.
Parameter name: startIndex"
At C:\avas\hotfixy-logika.ps1:95 char:55
+ ... mand.Path)$($myinvocation.line.substring(($myInvocation.InvocationNam ...
+                 ~~~~~~~~~~~~~~~~~~~~~~~~~~~~~~~~~~~~~~~~~~~~~~~~~~~~~~~~~
    + CategoryInfo          : NotSpecified: (:) [], MethodInvocationException
    + FullyQualifiedErrorId : ArgumentOutOfRangeException
Exception calling "Substring" with "1" argument(s): "startIndex cannot be larger than length of string.
Parameter name: startIndex"
At C:\avas\hotfixy-logika.ps1:95 char:55
+ ... mand.Path)$($myinvocation.line.substring(($myInvocation.InvocationNam ...
+                 ~~~~~~~~~~~~~~~~~~~~~~~~~~~~~~~~~~~~~~~~~~~~~~~~~~~~~~~~~
    + CategoryInfo          : NotSpecified: (:) [], MethodInvocationException
    + FullyQualifiedErrorId : ArgumentOutOfRangeException

2017/09/11 16:23:06, INF, Syntax: C:\avas\hotfixy-logika.ps1
2017/09/11 16:23:06, INF, Invoked by: DESKTOP-V056PHL\lukas
2017/09/11 16:23:06, INF, Comparing hotfixes between the 2 hosts......
PS C:\avas> TerminatingError(Compare-Object): "Cannot bind argument to parameter 'ReferenceObject' because it is null."
Compare-Object : Cannot bind argument to parameter 'ReferenceObject' because it is null.
At C:\avas\hotfixy-logika.ps1:60 char:62
+ ...     {$comparedHotfixes = compare-object $fobjColl[0].hotfixes $fobjCo ...
+                                             ~~~~~~~~~~~~~~~~~~~~~
    + CategoryInfo          : InvalidData: (:) [Compare-Object], ParameterBindingValidationException
    + FullyQualifiedErrorId : ParameterArgumentValidationErrorNullNotAllowed,Microsoft.PowerShell.Commands.CompareObject
Command
Compare-Object : Cannot bind argument to parameter 'ReferenceObject' because it is null.
At C:\avas\hotfixy-logika.ps1:60 char:62
+ ...     {$comparedHotfixes = compare-object $fobjColl[0].hotfixes $fobjCo ...
+                                             ~~~~~~~~~~~~~~~~~~~~~
    + CategoryInfo          : InvalidData: (:) [Compare-Object], ParameterBindingValidationException
    + FullyQualifiedErrorId : ParameterArgumentValidationErrorNullNotAllowed,Microsoft.PowerShell.Commands.CompareObjectCommand

[done]
PS C:\avas> @{ 'computerName' = $env:ComputerName; 'processId' = $PID; 'instanceId' = $host.InstanceId }

Name                           Value
----                           -----
processId                      25640
computerName                   DESKTOP-V056PHL
instanceId                     7ca19791-a655-451d-a13f-fc67e93ba3c4


PS C:\avas> CommandInvocation(Get-PSBreakpoint): "Get-PSBreakpoint"
>> ParameterBinding(Get-PSBreakpoint): name="Type"; value="Command"
>> CommandInvocation(Remove-PSBreakpoint): "Remove-PSBreakpoint"
No logfile is specified, c:\temp\-2017-09-11-16-23-10.log will be used.
Exception calling "Substring" with "1" argument(s): "startIndex cannot be larger than length of string.
Parameter name: startIndex"
At C:\avas\hotfixy-logika.ps1:95 char:55
+ ... mand.Path)$($myinvocation.line.substring(($myInvocation.InvocationNam ...
+                 ~~~~~~~~~~~~~~~~~~~~~~~~~~~~~~~~~~~~~~~~~~~~~~~~~~~~~~~~~
    + CategoryInfo          : NotSpecified: (:) [], MethodInvocationException
    + FullyQualifiedErrorId : ArgumentOutOfRangeException
Exception calling "Substring" with "1" argument(s): "startIndex cannot be larger than length of string.
Parameter name: startIndex"
At C:\avas\hotfixy-logika.ps1:95 char:55
+ ... mand.Path)$($myinvocation.line.substring(($myInvocation.InvocationNam ...
+                 ~~~~~~~~~~~~~~~~~~~~~~~~~~~~~~~~~~~~~~~~~~~~~~~~~~~~~~~~~
    + CategoryInfo          : NotSpecified: (:) [], MethodInvocationException
    + FullyQualifiedErrorId : ArgumentOutOfRangeException

2017/09/11 16:23:11, INF, Syntax: C:\avas\hotfixy-logika.ps1
2017/09/11 16:23:11, INF, Invoked by: DESKTOP-V056PHL\lukas
2017/09/11 16:23:11, INF, Comparing hotfixes between the 2 hosts......
PS C:\avas> TerminatingError(Compare-Object): "Cannot bind argument to parameter 'ReferenceObject' because it is null."
Compare-Object : Cannot bind argument to parameter 'ReferenceObject' because it is null.
At C:\avas\hotfixy-logika.ps1:60 char:62
+ ...     {$comparedHotfixes = compare-object $fobjColl[0].hotfixes $fobjCo ...
+                                             ~~~~~~~~~~~~~~~~~~~~~
    + CategoryInfo          : InvalidData: (:) [Compare-Object], ParameterBindingValidationException
    + FullyQualifiedErrorId : ParameterArgumentValidationErrorNullNotAllowed,Microsoft.PowerShell.Commands.CompareObject
Command
Compare-Object : Cannot bind argument to parameter 'ReferenceObject' because it is null.
At C:\avas\hotfixy-logika.ps1:60 char:62
+ ...     {$comparedHotfixes = compare-object $fobjColl[0].hotfixes $fobjCo ...
+                                             ~~~~~~~~~~~~~~~~~~~~~
    + CategoryInfo          : InvalidData: (:) [Compare-Object], ParameterBindingValidationException
    + FullyQualifiedErrorId : ParameterArgumentValidationErrorNullNotAllowed,Microsoft.PowerShell.Commands.CompareObjectCommand

[done]
PS C:\avas> @{ 'computerName' = $env:ComputerName; 'processId' = $PID; 'instanceId' = $host.InstanceId }

Name                           Value
----                           -----
processId                      25640
computerName                   DESKTOP-V056PHL
instanceId                     7ca19791-a655-451d-a13f-fc67e93ba3c4


PS C:\avas> CommandInvocation(Get-PSBreakpoint): "Get-PSBreakpoint"
>> ParameterBinding(Get-PSBreakpoint): name="Type"; value="Command"
>> CommandInvocation(Remove-PSBreakpoint): "Remove-PSBreakpoint"
No logfile is specified, c:\temp\-2017-09-11-16-23-16.log will be used.
Exception calling "Substring" with "1" argument(s): "startIndex cannot be larger than length of string.
Parameter name: startIndex"
At C:\avas\hotfixy-logika.ps1:95 char:55
+ ... mand.Path)$($myinvocation.line.substring(($myInvocation.InvocationNam ...
+                 ~~~~~~~~~~~~~~~~~~~~~~~~~~~~~~~~~~~~~~~~~~~~~~~~~~~~~~~~~
    + CategoryInfo          : NotSpecified: (:) [], MethodInvocationException
    + FullyQualifiedErrorId : ArgumentOutOfRangeException
Exception calling "Substring" with "1" argument(s): "startIndex cannot be larger than length of string.
Parameter name: startIndex"
At C:\avas\hotfixy-logika.ps1:95 char:55
+ ... mand.Path)$($myinvocation.line.substring(($myInvocation.InvocationNam ...
+                 ~~~~~~~~~~~~~~~~~~~~~~~~~~~~~~~~~~~~~~~~~~~~~~~~~~~~~~~~~
    + CategoryInfo          : NotSpecified: (:) [], MethodInvocationException
    + FullyQualifiedErrorId : ArgumentOutOfRangeException

2017/09/11 16:23:16, INF, Syntax: C:\avas\hotfixy-logika.ps1
2017/09/11 16:23:16, INF, Invoked by: DESKTOP-V056PHL\lukas
2017/09/11 16:23:16, INF, Comparing hotfixes between the 2 hosts......
PS C:\avas> TerminatingError(Compare-Object): "Cannot bind argument to parameter 'ReferenceObject' because it is null."
Compare-Object : Cannot bind argument to parameter 'ReferenceObject' because it is null.
At C:\avas\hotfixy-logika.ps1:60 char:62
+ ...     {$comparedHotfixes = compare-object $fobjColl[0].hotfixes $fobjCo ...
+                                             ~~~~~~~~~~~~~~~~~~~~~
    + CategoryInfo          : InvalidData: (:) [Compare-Object], ParameterBindingValidationException
    + FullyQualifiedErrorId : ParameterArgumentValidationErrorNullNotAllowed,Microsoft.PowerShell.Commands.CompareObject
Command
Compare-Object : Cannot bind argument to parameter 'ReferenceObject' because it is null.
At C:\avas\hotfixy-logika.ps1:60 char:62
+ ...     {$comparedHotfixes = compare-object $fobjColl[0].hotfixes $fobjCo ...
+                                             ~~~~~~~~~~~~~~~~~~~~~
    + CategoryInfo          : InvalidData: (:) [Compare-Object], ParameterBindingValidationException
    + FullyQualifiedErrorId : ParameterArgumentValidationErrorNullNotAllowed,Microsoft.PowerShell.Commands.CompareObjectCommand

[done]
PS C:\avas> @{ 'computerName' = $env:ComputerName; 'processId' = $PID; 'instanceId' = $host.InstanceId }

Name                           Value
----                           -----
processId                      25640
computerName                   DESKTOP-V056PHL
instanceId                     7ca19791-a655-451d-a13f-fc67e93ba3c4


PS C:\avas> CommandInvocation(Get-PSBreakpoint): "Get-PSBreakpoint"
>> ParameterBinding(Get-PSBreakpoint): name="Type"; value="Command"
>> CommandInvocation(Remove-PSBreakpoint): "Remove-PSBreakpoint"
No logfile is specified, c:\temp\-2017-09-11-16-23-37.log will be used.
Exception calling "Substring" with "1" argument(s): "startIndex cannot be larger than length of string.
Parameter name: startIndex"
At C:\avas\hotfixy-logika.ps1:95 char:55
+ ... mand.Path)$($myinvocation.line.substring(($myInvocation.InvocationNam ...
+                 ~~~~~~~~~~~~~~~~~~~~~~~~~~~~~~~~~~~~~~~~~~~~~~~~~~~~~~~~~
    + CategoryInfo          : NotSpecified: (:) [], MethodInvocationException
    + FullyQualifiedErrorId : ArgumentOutOfRangeException
Exception calling "Substring" with "1" argument(s): "startIndex cannot be larger than length of string.
Parameter name: startIndex"
At C:\avas\hotfixy-logika.ps1:95 char:55
+ ... mand.Path)$($myinvocation.line.substring(($myInvocation.InvocationNam ...
+                 ~~~~~~~~~~~~~~~~~~~~~~~~~~~~~~~~~~~~~~~~~~~~~~~~~~~~~~~~~
    + CategoryInfo          : NotSpecified: (:) [], MethodInvocationException
    + FullyQualifiedErrorId : ArgumentOutOfRangeException

2017/09/11 16:23:37, INF, Syntax: C:\avas\hotfixy-logika.ps1
2017/09/11 16:23:37, INF, Invoked by: DESKTOP-V056PHL\lukas
2017/09/11 16:23:37, INF, Comparing hotfixes between the 2 hosts......
PS C:\avas> TerminatingError(Compare-Object): "Cannot bind argument to parameter 'ReferenceObject' because it is null."
Compare-Object : Cannot bind argument to parameter 'ReferenceObject' because it is null.
At C:\avas\hotfixy-logika.ps1:60 char:62
+ ...     {$comparedHotfixes = compare-object $fobjColl[0].hotfixes $fobjCo ...
+                                             ~~~~~~~~~~~~~~~~~~~~~
    + CategoryInfo          : InvalidData: (:) [Compare-Object], ParameterBindingValidationException
    + FullyQualifiedErrorId : ParameterArgumentValidationErrorNullNotAllowed,Microsoft.PowerShell.Commands.CompareObject
Command
Compare-Object : Cannot bind argument to parameter 'ReferenceObject' because it is null.
At C:\avas\hotfixy-logika.ps1:60 char:62
+ ...     {$comparedHotfixes = compare-object $fobjColl[0].hotfixes $fobjCo ...
+                                             ~~~~~~~~~~~~~~~~~~~~~
    + CategoryInfo          : InvalidData: (:) [Compare-Object], ParameterBindingValidationException
    + FullyQualifiedErrorId : ParameterArgumentValidationErrorNullNotAllowed,Microsoft.PowerShell.Commands.CompareObjectCommand

[done]
PS C:\avas> @{ 'computerName' = $env:ComputerName; 'processId' = $PID; 'instanceId' = $host.InstanceId }

Name                           Value
----                           -----
processId                      25640
computerName                   DESKTOP-V056PHL
instanceId                     7ca19791-a655-451d-a13f-fc67e93ba3c4


PS C:\avas> CommandInvocation(Get-PSBreakpoint): "Get-PSBreakpoint"
>> ParameterBinding(Get-PSBreakpoint): name="Type"; value="Command"
>> CommandInvocation(Remove-PSBreakpoint): "Remove-PSBreakpoint"
No logfile is specified, c:\temp\-2017-09-11-16-23-39.log will be used.
Exception calling "Substring" with "1" argument(s): "startIndex cannot be larger than length of string.
Parameter name: startIndex"
At C:\avas\hotfixy-logika.ps1:95 char:55
+ ... mand.Path)$($myinvocation.line.substring(($myInvocation.InvocationNam ...
+                 ~~~~~~~~~~~~~~~~~~~~~~~~~~~~~~~~~~~~~~~~~~~~~~~~~~~~~~~~~
    + CategoryInfo          : NotSpecified: (:) [], MethodInvocationException
    + FullyQualifiedErrorId : ArgumentOutOfRangeException
Exception calling "Substring" with "1" argument(s): "startIndex cannot be larger than length of string.
Parameter name: startIndex"
At C:\avas\hotfixy-logika.ps1:95 char:55
+ ... mand.Path)$($myinvocation.line.substring(($myInvocation.InvocationNam ...
+                 ~~~~~~~~~~~~~~~~~~~~~~~~~~~~~~~~~~~~~~~~~~~~~~~~~~~~~~~~~
    + CategoryInfo          : NotSpecified: (:) [], MethodInvocationException
    + FullyQualifiedErrorId : ArgumentOutOfRangeException

2017/09/11 16:23:40, INF, Syntax: C:\avas\hotfixy-logika.ps1
2017/09/11 16:23:40, INF, Invoked by: DESKTOP-V056PHL\lukas
2017/09/11 16:23:40, INF, Comparing hotfixes between the 2 hosts......
PS C:\avas> TerminatingError(Compare-Object): "Cannot bind argument to parameter 'ReferenceObject' because it is null."
Compare-Object : Cannot bind argument to parameter 'ReferenceObject' because it is null.
At C:\avas\hotfixy-logika.ps1:60 char:62
+ ...     {$comparedHotfixes = compare-object $fobjColl[0].hotfixes $fobjCo ...
+                                             ~~~~~~~~~~~~~~~~~~~~~
    + CategoryInfo          : InvalidData: (:) [Compare-Object], ParameterBindingValidationException
    + FullyQualifiedErrorId : ParameterArgumentValidationErrorNullNotAllowed,Microsoft.PowerShell.Commands.CompareObject
Command
Compare-Object : Cannot bind argument to parameter 'ReferenceObject' because it is null.
At C:\avas\hotfixy-logika.ps1:60 char:62
+ ...     {$comparedHotfixes = compare-object $fobjColl[0].hotfixes $fobjCo ...
+                                             ~~~~~~~~~~~~~~~~~~~~~
    + CategoryInfo          : InvalidData: (:) [Compare-Object], ParameterBindingValidationException
    + FullyQualifiedErrorId : ParameterArgumentValidationErrorNullNotAllowed,Microsoft.PowerShell.Commands.CompareObjectCommand

[done]
PS C:\avas> @{ 'computerName' = $env:ComputerName; 'processId' = $PID; 'instanceId' = $host.InstanceId }

Name                           Value
----                           -----
processId                      25640
computerName                   DESKTOP-V056PHL
instanceId                     7ca19791-a655-451d-a13f-fc67e93ba3c4


PS C:\avas> CommandInvocation(Get-PSBreakpoint): "Get-PSBreakpoint"
>> ParameterBinding(Get-PSBreakpoint): name="Type"; value="Command"
>> CommandInvocation(Remove-PSBreakpoint): "Remove-PSBreakpoint"
No logfile is specified, c:\temp\-2017-09-11-16-23-44.log will be used.
Exception calling "Substring" with "1" argument(s): "startIndex cannot be larger than length of string.
Parameter name: startIndex"
At C:\avas\hotfixy-logika.ps1:95 char:55
+ ... mand.Path)$($myinvocation.line.substring(($myInvocation.InvocationNam ...
+                 ~~~~~~~~~~~~~~~~~~~~~~~~~~~~~~~~~~~~~~~~~~~~~~~~~~~~~~~~~
    + CategoryInfo          : NotSpecified: (:) [], MethodInvocationException
    + FullyQualifiedErrorId : ArgumentOutOfRangeException
Exception calling "Substring" with "1" argument(s): "startIndex cannot be larger than length of string.
Parameter name: startIndex"
At C:\avas\hotfixy-logika.ps1:95 char:55
+ ... mand.Path)$($myinvocation.line.substring(($myInvocation.InvocationNam ...
+                 ~~~~~~~~~~~~~~~~~~~~~~~~~~~~~~~~~~~~~~~~~~~~~~~~~~~~~~~~~
    + CategoryInfo          : NotSpecified: (:) [], MethodInvocationException
    + FullyQualifiedErrorId : ArgumentOutOfRangeException

2017/09/11 16:23:45, INF, Syntax: C:\avas\hotfixy-logika.ps1
2017/09/11 16:23:45, INF, Invoked by: DESKTOP-V056PHL\lukas
2017/09/11 16:23:45, INF, Comparing hotfixes between the 2 hosts......
PS C:\avas> TerminatingError(Compare-Object): "Cannot bind argument to parameter 'ReferenceObject' because it is null."
Compare-Object : Cannot bind argument to parameter 'ReferenceObject' because it is null.
At C:\avas\hotfixy-logika.ps1:60 char:62
+ ...     {$comparedHotfixes = compare-object $fobjColl[0].hotfixes $fobjCo ...
+                                             ~~~~~~~~~~~~~~~~~~~~~
    + CategoryInfo          : InvalidData: (:) [Compare-Object], ParameterBindingValidationException
    + FullyQualifiedErrorId : ParameterArgumentValidationErrorNullNotAllowed,Microsoft.PowerShell.Commands.CompareObject
Command
Compare-Object : Cannot bind argument to parameter 'ReferenceObject' because it is null.
At C:\avas\hotfixy-logika.ps1:60 char:62
+ ...     {$comparedHotfixes = compare-object $fobjColl[0].hotfixes $fobjCo ...
+                                             ~~~~~~~~~~~~~~~~~~~~~
    + CategoryInfo          : InvalidData: (:) [Compare-Object], ParameterBindingValidationException
    + FullyQualifiedErrorId : ParameterArgumentValidationErrorNullNotAllowed,Microsoft.PowerShell.Commands.CompareObjectCommand

[done]
PS C:\avas> @{ 'computerName' = $env:ComputerName; 'processId' = $PID; 'instanceId' = $host.InstanceId }

Name                           Value
----                           -----
processId                      25640
computerName                   DESKTOP-V056PHL
instanceId                     7ca19791-a655-451d-a13f-fc67e93ba3c4


PS C:\avas> CommandInvocation(Get-PSBreakpoint): "Get-PSBreakpoint"
>> ParameterBinding(Get-PSBreakpoint): name="Type"; value="Command"
>> CommandInvocation(Remove-PSBreakpoint): "Remove-PSBreakpoint"
No logfile is specified, c:\temp\-2017-09-11-16-23-46.log will be used.
Exception calling "Substring" with "1" argument(s): "startIndex cannot be larger than length of string.
Parameter name: startIndex"
At C:\avas\hotfixy-logika.ps1:95 char:55
+ ... mand.Path)$($myinvocation.line.substring(($myInvocation.InvocationNam ...
+                 ~~~~~~~~~~~~~~~~~~~~~~~~~~~~~~~~~~~~~~~~~~~~~~~~~~~~~~~~~
    + CategoryInfo          : NotSpecified: (:) [], MethodInvocationException
    + FullyQualifiedErrorId : ArgumentOutOfRangeException
Exception calling "Substring" with "1" argument(s): "startIndex cannot be larger than length of string.
Parameter name: startIndex"
At C:\avas\hotfixy-logika.ps1:95 char:55
+ ... mand.Path)$($myinvocation.line.substring(($myInvocation.InvocationNam ...
+                 ~~~~~~~~~~~~~~~~~~~~~~~~~~~~~~~~~~~~~~~~~~~~~~~~~~~~~~~~~
    + CategoryInfo          : NotSpecified: (:) [], MethodInvocationException
    + FullyQualifiedErrorId : ArgumentOutOfRangeException

2017/09/11 16:23:46, INF, Syntax: C:\avas\hotfixy-logika.ps1
2017/09/11 16:23:46, INF, Invoked by: DESKTOP-V056PHL\lukas
2017/09/11 16:23:46, INF, Comparing hotfixes between the 2 hosts......
PS C:\avas> TerminatingError(Compare-Object): "Cannot bind argument to parameter 'ReferenceObject' because it is null."
Compare-Object : Cannot bind argument to parameter 'ReferenceObject' because it is null.
At C:\avas\hotfixy-logika.ps1:60 char:62
+ ...     {$comparedHotfixes = compare-object $fobjColl[0].hotfixes $fobjCo ...
+                                             ~~~~~~~~~~~~~~~~~~~~~
    + CategoryInfo          : InvalidData: (:) [Compare-Object], ParameterBindingValidationException
    + FullyQualifiedErrorId : ParameterArgumentValidationErrorNullNotAllowed,Microsoft.PowerShell.Commands.CompareObject
Command
Compare-Object : Cannot bind argument to parameter 'ReferenceObject' because it is null.
At C:\avas\hotfixy-logika.ps1:60 char:62
+ ...     {$comparedHotfixes = compare-object $fobjColl[0].hotfixes $fobjCo ...
+                                             ~~~~~~~~~~~~~~~~~~~~~
    + CategoryInfo          : InvalidData: (:) [Compare-Object], ParameterBindingValidationException
    + FullyQualifiedErrorId : ParameterArgumentValidationErrorNullNotAllowed,Microsoft.PowerShell.Commands.CompareObjectCommand

[done]
PS C:\avas> @{ 'computerName' = $env:ComputerName; 'processId' = $PID; 'instanceId' = $host.InstanceId }

Name                           Value
----                           -----
processId                      25640
computerName                   DESKTOP-V056PHL
instanceId                     7ca19791-a655-451d-a13f-fc67e93ba3c4


PS C:\avas> CommandInvocation(Get-PSBreakpoint): "Get-PSBreakpoint"
>> ParameterBinding(Get-PSBreakpoint): name="Type"; value="Command"
>> CommandInvocation(Remove-PSBreakpoint): "Remove-PSBreakpoint"
No logfile is specified, c:\temp\-2017-09-11-16-23-49.log will be used.
Exception calling "Substring" with "1" argument(s): "startIndex cannot be larger than length of string.
Parameter name: startIndex"
At C:\avas\hotfixy-logika.ps1:95 char:55
+ ... mand.Path)$($myinvocation.line.substring(($myInvocation.InvocationNam ...
+                 ~~~~~~~~~~~~~~~~~~~~~~~~~~~~~~~~~~~~~~~~~~~~~~~~~~~~~~~~~
    + CategoryInfo          : NotSpecified: (:) [], MethodInvocationException
    + FullyQualifiedErrorId : ArgumentOutOfRangeException
Exception calling "Substring" with "1" argument(s): "startIndex cannot be larger than length of string.
Parameter name: startIndex"
At C:\avas\hotfixy-logika.ps1:95 char:55
+ ... mand.Path)$($myinvocation.line.substring(($myInvocation.InvocationNam ...
+                 ~~~~~~~~~~~~~~~~~~~~~~~~~~~~~~~~~~~~~~~~~~~~~~~~~~~~~~~~~
    + CategoryInfo          : NotSpecified: (:) [], MethodInvocationException
    + FullyQualifiedErrorId : ArgumentOutOfRangeException

2017/09/11 16:23:49, INF, Syntax: C:\avas\hotfixy-logika.ps1
2017/09/11 16:23:49, INF, Invoked by: DESKTOP-V056PHL\lukas
2017/09/11 16:23:49, INF, Comparing hotfixes between the 2 hosts......
PS C:\avas> TerminatingError(Compare-Object): "Cannot bind argument to parameter 'ReferenceObject' because it is null."
Compare-Object : Cannot bind argument to parameter 'ReferenceObject' because it is null.
At C:\avas\hotfixy-logika.ps1:60 char:62
+ ...     {$comparedHotfixes = compare-object $fobjColl[0].hotfixes $fobjCo ...
+                                             ~~~~~~~~~~~~~~~~~~~~~
    + CategoryInfo          : InvalidData: (:) [Compare-Object], ParameterBindingValidationException
    + FullyQualifiedErrorId : ParameterArgumentValidationErrorNullNotAllowed,Microsoft.PowerShell.Commands.CompareObject
Command
Compare-Object : Cannot bind argument to parameter 'ReferenceObject' because it is null.
At C:\avas\hotfixy-logika.ps1:60 char:62
+ ...     {$comparedHotfixes = compare-object $fobjColl[0].hotfixes $fobjCo ...
+                                             ~~~~~~~~~~~~~~~~~~~~~
    + CategoryInfo          : InvalidData: (:) [Compare-Object], ParameterBindingValidationException
    + FullyQualifiedErrorId : ParameterArgumentValidationErrorNullNotAllowed,Microsoft.PowerShell.Commands.CompareObjectCommand

[done]
PS C:\avas> @{ 'computerName' = $env:ComputerName; 'processId' = $PID; 'instanceId' = $host.InstanceId }

Name                           Value
----                           -----
processId                      25640
computerName                   DESKTOP-V056PHL
instanceId                     7ca19791-a655-451d-a13f-fc67e93ba3c4


PS C:\avas> CommandInvocation(Get-PSBreakpoint): "Get-PSBreakpoint"
>> ParameterBinding(Get-PSBreakpoint): name="Type"; value="Command"
>> CommandInvocation(Remove-PSBreakpoint): "Remove-PSBreakpoint"
No logfile is specified, c:\temp\-2017-09-11-16-23-50.log will be used.
Exception calling "Substring" with "1" argument(s): "startIndex cannot be larger than length of string.
Parameter name: startIndex"
At C:\avas\hotfixy-logika.ps1:95 char:55
+ ... mand.Path)$($myinvocation.line.substring(($myInvocation.InvocationNam ...
+                 ~~~~~~~~~~~~~~~~~~~~~~~~~~~~~~~~~~~~~~~~~~~~~~~~~~~~~~~~~
    + CategoryInfo          : NotSpecified: (:) [], MethodInvocationException
    + FullyQualifiedErrorId : ArgumentOutOfRangeException
Exception calling "Substring" with "1" argument(s): "startIndex cannot be larger than length of string.
Parameter name: startIndex"
At C:\avas\hotfixy-logika.ps1:95 char:55
+ ... mand.Path)$($myinvocation.line.substring(($myInvocation.InvocationNam ...
+                 ~~~~~~~~~~~~~~~~~~~~~~~~~~~~~~~~~~~~~~~~~~~~~~~~~~~~~~~~~
    + CategoryInfo          : NotSpecified: (:) [], MethodInvocationException
    + FullyQualifiedErrorId : ArgumentOutOfRangeException

2017/09/11 16:23:50, INF, Syntax: C:\avas\hotfixy-logika.ps1
2017/09/11 16:23:50, INF, Invoked by: DESKTOP-V056PHL\lukas
2017/09/11 16:23:50, INF, Comparing hotfixes between the 2 hosts......
PS C:\avas> TerminatingError(Compare-Object): "Cannot bind argument to parameter 'ReferenceObject' because it is null."
Compare-Object : Cannot bind argument to parameter 'ReferenceObject' because it is null.
At C:\avas\hotfixy-logika.ps1:60 char:62
+ ...     {$comparedHotfixes = compare-object $fobjColl[0].hotfixes $fobjCo ...
+                                             ~~~~~~~~~~~~~~~~~~~~~
    + CategoryInfo          : InvalidData: (:) [Compare-Object], ParameterBindingValidationException
    + FullyQualifiedErrorId : ParameterArgumentValidationErrorNullNotAllowed,Microsoft.PowerShell.Commands.CompareObject
Command
Compare-Object : Cannot bind argument to parameter 'ReferenceObject' because it is null.
At C:\avas\hotfixy-logika.ps1:60 char:62
+ ...     {$comparedHotfixes = compare-object $fobjColl[0].hotfixes $fobjCo ...
+                                             ~~~~~~~~~~~~~~~~~~~~~
    + CategoryInfo          : InvalidData: (:) [Compare-Object], ParameterBindingValidationException
    + FullyQualifiedErrorId : ParameterArgumentValidationErrorNullNotAllowed,Microsoft.PowerShell.Commands.CompareObjectCommand

[done]
PS C:\avas> @{ 'computerName' = $env:ComputerName; 'processId' = $PID; 'instanceId' = $host.InstanceId }

Name                           Value
----                           -----
processId                      25640
computerName                   DESKTOP-V056PHL
instanceId                     7ca19791-a655-451d-a13f-fc67e93ba3c4


PS C:\avas> CommandInvocation(Get-PSBreakpoint): "Get-PSBreakpoint"
>> ParameterBinding(Get-PSBreakpoint): name="Type"; value="Command"
>> CommandInvocation(Remove-PSBreakpoint): "Remove-PSBreakpoint"
No logfile is specified, c:\temp\-2017-09-11-16-23-52.log will be used.
Exception calling "Substring" with "1" argument(s): "startIndex cannot be larger than length of string.
Parameter name: startIndex"
At C:\avas\hotfixy-logika.ps1:95 char:55
+ ... mand.Path)$($myinvocation.line.substring(($myInvocation.InvocationNam ...
+                 ~~~~~~~~~~~~~~~~~~~~~~~~~~~~~~~~~~~~~~~~~~~~~~~~~~~~~~~~~
    + CategoryInfo          : NotSpecified: (:) [], MethodInvocationException
    + FullyQualifiedErrorId : ArgumentOutOfRangeException
Exception calling "Substring" with "1" argument(s): "startIndex cannot be larger than length of string.
Parameter name: startIndex"
At C:\avas\hotfixy-logika.ps1:95 char:55
+ ... mand.Path)$($myinvocation.line.substring(($myInvocation.InvocationNam ...
+                 ~~~~~~~~~~~~~~~~~~~~~~~~~~~~~~~~~~~~~~~~~~~~~~~~~~~~~~~~~
    + CategoryInfo          : NotSpecified: (:) [], MethodInvocationException
    + FullyQualifiedErrorId : ArgumentOutOfRangeException

2017/09/11 16:23:52, INF, Syntax: C:\avas\hotfixy-logika.ps1
2017/09/11 16:23:52, INF, Invoked by: DESKTOP-V056PHL\lukas
2017/09/11 16:23:52, INF, Comparing hotfixes between the 2 hosts......
PS C:\avas> TerminatingError(Compare-Object): "Cannot bind argument to parameter 'ReferenceObject' because it is null."
Compare-Object : Cannot bind argument to parameter 'ReferenceObject' because it is null.
At C:\avas\hotfixy-logika.ps1:60 char:62
+ ...     {$comparedHotfixes = compare-object $fobjColl[0].hotfixes $fobjCo ...
+                                             ~~~~~~~~~~~~~~~~~~~~~
    + CategoryInfo          : InvalidData: (:) [Compare-Object], ParameterBindingValidationException
    + FullyQualifiedErrorId : ParameterArgumentValidationErrorNullNotAllowed,Microsoft.PowerShell.Commands.CompareObject
Command
Compare-Object : Cannot bind argument to parameter 'ReferenceObject' because it is null.
At C:\avas\hotfixy-logika.ps1:60 char:62
+ ...     {$comparedHotfixes = compare-object $fobjColl[0].hotfixes $fobjCo ...
+                                             ~~~~~~~~~~~~~~~~~~~~~
    + CategoryInfo          : InvalidData: (:) [Compare-Object], ParameterBindingValidationException
    + FullyQualifiedErrorId : ParameterArgumentValidationErrorNullNotAllowed,Microsoft.PowerShell.Commands.CompareObjectCommand

[done]
PS C:\avas> @{ 'computerName' = $env:ComputerName; 'processId' = $PID; 'instanceId' = $host.InstanceId }

Name                           Value
----                           -----
processId                      25640
computerName                   DESKTOP-V056PHL
instanceId                     7ca19791-a655-451d-a13f-fc67e93ba3c4


PS C:\avas> CommandInvocation(Get-PSBreakpoint): "Get-PSBreakpoint"
>> ParameterBinding(Get-PSBreakpoint): name="Type"; value="Command"
>> CommandInvocation(Remove-PSBreakpoint): "Remove-PSBreakpoint"
No logfile is specified, c:\temp\-2017-09-11-16-23-53.log will be used.
Exception calling "Substring" with "1" argument(s): "startIndex cannot be larger than length of string.
Parameter name: startIndex"
At C:\avas\hotfixy-logika.ps1:95 char:55
+ ... mand.Path)$($myinvocation.line.substring(($myInvocation.InvocationNam ...
+                 ~~~~~~~~~~~~~~~~~~~~~~~~~~~~~~~~~~~~~~~~~~~~~~~~~~~~~~~~~
    + CategoryInfo          : NotSpecified: (:) [], MethodInvocationException
    + FullyQualifiedErrorId : ArgumentOutOfRangeException
Exception calling "Substring" with "1" argument(s): "startIndex cannot be larger than length of string.
Parameter name: startIndex"
At C:\avas\hotfixy-logika.ps1:95 char:55
+ ... mand.Path)$($myinvocation.line.substring(($myInvocation.InvocationNam ...
+                 ~~~~~~~~~~~~~~~~~~~~~~~~~~~~~~~~~~~~~~~~~~~~~~~~~~~~~~~~~
    + CategoryInfo          : NotSpecified: (:) [], MethodInvocationException
    + FullyQualifiedErrorId : ArgumentOutOfRangeException

2017/09/11 16:23:53, INF, Syntax: C:\avas\hotfixy-logika.ps1
2017/09/11 16:23:53, INF, Invoked by: DESKTOP-V056PHL\lukas
2017/09/11 16:23:53, INF, Comparing hotfixes between the 2 hosts......
PS C:\avas> TerminatingError(Compare-Object): "Cannot bind argument to parameter 'ReferenceObject' because it is null."
Compare-Object : Cannot bind argument to parameter 'ReferenceObject' because it is null.
At C:\avas\hotfixy-logika.ps1:60 char:62
+ ...     {$comparedHotfixes = compare-object $fobjColl[0].hotfixes $fobjCo ...
+                                             ~~~~~~~~~~~~~~~~~~~~~
    + CategoryInfo          : InvalidData: (:) [Compare-Object], ParameterBindingValidationException
    + FullyQualifiedErrorId : ParameterArgumentValidationErrorNullNotAllowed,Microsoft.PowerShell.Commands.CompareObject
Command
Compare-Object : Cannot bind argument to parameter 'ReferenceObject' because it is null.
At C:\avas\hotfixy-logika.ps1:60 char:62
+ ...     {$comparedHotfixes = compare-object $fobjColl[0].hotfixes $fobjCo ...
+                                             ~~~~~~~~~~~~~~~~~~~~~
    + CategoryInfo          : InvalidData: (:) [Compare-Object], ParameterBindingValidationException
    + FullyQualifiedErrorId : ParameterArgumentValidationErrorNullNotAllowed,Microsoft.PowerShell.Commands.CompareObjectCommand

[done]
PS C:\avas> @{ 'computerName' = $env:ComputerName; 'processId' = $PID; 'instanceId' = $host.InstanceId }

Name                           Value
----                           -----
processId                      25640
computerName                   DESKTOP-V056PHL
instanceId                     7ca19791-a655-451d-a13f-fc67e93ba3c4


PS C:\avas> CommandInvocation(Get-PSBreakpoint): "Get-PSBreakpoint"
>> ParameterBinding(Get-PSBreakpoint): name="Type"; value="Command"
>> CommandInvocation(Remove-PSBreakpoint): "Remove-PSBreakpoint"
No logfile is specified, c:\temp\-2017-09-11-16-23-58.log will be used.
Exception calling "Substring" with "1" argument(s): "startIndex cannot be larger than length of string.
Parameter name: startIndex"
At C:\avas\hotfixy-logika.ps1:95 char:55
+ ... mand.Path)$($myinvocation.line.substring(($myInvocation.InvocationNam ...
+                 ~~~~~~~~~~~~~~~~~~~~~~~~~~~~~~~~~~~~~~~~~~~~~~~~~~~~~~~~~
    + CategoryInfo          : NotSpecified: (:) [], MethodInvocationException
    + FullyQualifiedErrorId : ArgumentOutOfRangeException
Exception calling "Substring" with "1" argument(s): "startIndex cannot be larger than length of string.
Parameter name: startIndex"
At C:\avas\hotfixy-logika.ps1:95 char:55
+ ... mand.Path)$($myinvocation.line.substring(($myInvocation.InvocationNam ...
+                 ~~~~~~~~~~~~~~~~~~~~~~~~~~~~~~~~~~~~~~~~~~~~~~~~~~~~~~~~~
    + CategoryInfo          : NotSpecified: (:) [], MethodInvocationException
    + FullyQualifiedErrorId : ArgumentOutOfRangeException

2017/09/11 16:23:58, INF, Syntax: C:\avas\hotfixy-logika.ps1
2017/09/11 16:23:59, INF, Invoked by: DESKTOP-V056PHL\lukas
2017/09/11 16:23:59, INF, Comparing hotfixes between the 2 hosts......
PS C:\avas> TerminatingError(Compare-Object): "Cannot bind argument to parameter 'ReferenceObject' because it is null."
Compare-Object : Cannot bind argument to parameter 'ReferenceObject' because it is null.
At C:\avas\hotfixy-logika.ps1:60 char:62
+ ...     {$comparedHotfixes = compare-object $fobjColl[0].hotfixes $fobjCo ...
+                                             ~~~~~~~~~~~~~~~~~~~~~
    + CategoryInfo          : InvalidData: (:) [Compare-Object], ParameterBindingValidationException
    + FullyQualifiedErrorId : ParameterArgumentValidationErrorNullNotAllowed,Microsoft.PowerShell.Commands.CompareObject
Command
Compare-Object : Cannot bind argument to parameter 'ReferenceObject' because it is null.
At C:\avas\hotfixy-logika.ps1:60 char:62
+ ...     {$comparedHotfixes = compare-object $fobjColl[0].hotfixes $fobjCo ...
+                                             ~~~~~~~~~~~~~~~~~~~~~
    + CategoryInfo          : InvalidData: (:) [Compare-Object], ParameterBindingValidationException
    + FullyQualifiedErrorId : ParameterArgumentValidationErrorNullNotAllowed,Microsoft.PowerShell.Commands.CompareObjectCommand

[done]
PS C:\avas> @{ 'computerName' = $env:ComputerName; 'processId' = $PID; 'instanceId' = $host.InstanceId }

Name                           Value
----                           -----
processId                      25640
computerName                   DESKTOP-V056PHL
instanceId                     7ca19791-a655-451d-a13f-fc67e93ba3c4


PS C:\avas> CommandInvocation(Get-PSBreakpoint): "Get-PSBreakpoint"
>> ParameterBinding(Get-PSBreakpoint): name="Type"; value="Command"
>> CommandInvocation(Remove-PSBreakpoint): "Remove-PSBreakpoint"
No logfile is specified, c:\temp\-2017-09-11-16-24-07.log will be used.
Exception calling "Substring" with "1" argument(s): "startIndex cannot be larger than length of string.
Parameter name: startIndex"
At C:\avas\hotfixy-logika.ps1:95 char:55
+ ... mand.Path)$($myinvocation.line.substring(($myInvocation.InvocationNam ...
+                 ~~~~~~~~~~~~~~~~~~~~~~~~~~~~~~~~~~~~~~~~~~~~~~~~~~~~~~~~~
    + CategoryInfo          : NotSpecified: (:) [], MethodInvocationException
    + FullyQualifiedErrorId : ArgumentOutOfRangeException
Exception calling "Substring" with "1" argument(s): "startIndex cannot be larger than length of string.
Parameter name: startIndex"
At C:\avas\hotfixy-logika.ps1:95 char:55
+ ... mand.Path)$($myinvocation.line.substring(($myInvocation.InvocationNam ...
+                 ~~~~~~~~~~~~~~~~~~~~~~~~~~~~~~~~~~~~~~~~~~~~~~~~~~~~~~~~~
    + CategoryInfo          : NotSpecified: (:) [], MethodInvocationException
    + FullyQualifiedErrorId : ArgumentOutOfRangeException

2017/09/11 16:24:07, INF, Syntax: C:\avas\hotfixy-logika.ps1
2017/09/11 16:24:07, INF, Invoked by: DESKTOP-V056PHL\lukas
2017/09/11 16:24:07, INF, Comparing hotfixes between the 2 hosts......
PS C:\avas> TerminatingError(Compare-Object): "Cannot bind argument to parameter 'ReferenceObject' because it is null."
Compare-Object : Cannot bind argument to parameter 'ReferenceObject' because it is null.
At C:\avas\hotfixy-logika.ps1:60 char:62
+ ...     {$comparedHotfixes = compare-object $fobjColl[0].hotfixes $fobjCo ...
+                                             ~~~~~~~~~~~~~~~~~~~~~
    + CategoryInfo          : InvalidData: (:) [Compare-Object], ParameterBindingValidationException
    + FullyQualifiedErrorId : ParameterArgumentValidationErrorNullNotAllowed,Microsoft.PowerShell.Commands.CompareObject
Command
Compare-Object : Cannot bind argument to parameter 'ReferenceObject' because it is null.
At C:\avas\hotfixy-logika.ps1:60 char:62
+ ...     {$comparedHotfixes = compare-object $fobjColl[0].hotfixes $fobjCo ...
+                                             ~~~~~~~~~~~~~~~~~~~~~
    + CategoryInfo          : InvalidData: (:) [Compare-Object], ParameterBindingValidationException
    + FullyQualifiedErrorId : ParameterArgumentValidationErrorNullNotAllowed,Microsoft.PowerShell.Commands.CompareObjectCommand

[done]
PS C:\avas> @{ 'computerName' = $env:ComputerName; 'processId' = $PID; 'instanceId' = $host.InstanceId }

Name                           Value
----                           -----
processId                      25640
computerName                   DESKTOP-V056PHL
instanceId                     7ca19791-a655-451d-a13f-fc67e93ba3c4


PS C:\avas> CommandInvocation(Get-PSBreakpoint): "Get-PSBreakpoint"
>> ParameterBinding(Get-PSBreakpoint): name="Type"; value="Command"
>> CommandInvocation(Remove-PSBreakpoint): "Remove-PSBreakpoint"
No logfile is specified, c:\temp\-2017-09-11-16-24-25.log will be used.
Exception calling "Substring" with "1" argument(s): "startIndex cannot be larger than length of string.
Parameter name: startIndex"
At C:\avas\hotfixy-logika.ps1:95 char:55
+ ... mand.Path)$($myinvocation.line.substring(($myInvocation.InvocationNam ...
+                 ~~~~~~~~~~~~~~~~~~~~~~~~~~~~~~~~~~~~~~~~~~~~~~~~~~~~~~~~~
    + CategoryInfo          : NotSpecified: (:) [], MethodInvocationException
    + FullyQualifiedErrorId : ArgumentOutOfRangeException
Exception calling "Substring" with "1" argument(s): "startIndex cannot be larger than length of string.
Parameter name: startIndex"
At C:\avas\hotfixy-logika.ps1:95 char:55
+ ... mand.Path)$($myinvocation.line.substring(($myInvocation.InvocationNam ...
+                 ~~~~~~~~~~~~~~~~~~~~~~~~~~~~~~~~~~~~~~~~~~~~~~~~~~~~~~~~~
    + CategoryInfo          : NotSpecified: (:) [], MethodInvocationException
    + FullyQualifiedErrorId : ArgumentOutOfRangeException

2017/09/11 16:24:25, INF, Syntax: C:\avas\hotfixy-logika.ps1
2017/09/11 16:24:25, INF, Invoked by: DESKTOP-V056PHL\lukas
2017/09/11 16:24:25, INF, Comparing hotfixes between the 2 hosts......
PS C:\avas> TerminatingError(Compare-Object): "Cannot bind argument to parameter 'ReferenceObject' because it is null."
Compare-Object : Cannot bind argument to parameter 'ReferenceObject' because it is null.
At C:\avas\hotfixy-logika.ps1:60 char:62
+ ...     {$comparedHotfixes = compare-object $fobjColl[0].hotfixes $fobjCo ...
+                                             ~~~~~~~~~~~~~~~~~~~~~
    + CategoryInfo          : InvalidData: (:) [Compare-Object], ParameterBindingValidationException
    + FullyQualifiedErrorId : ParameterArgumentValidationErrorNullNotAllowed,Microsoft.PowerShell.Commands.CompareObject
Command
Compare-Object : Cannot bind argument to parameter 'ReferenceObject' because it is null.
At C:\avas\hotfixy-logika.ps1:60 char:62
+ ...     {$comparedHotfixes = compare-object $fobjColl[0].hotfixes $fobjCo ...
+                                             ~~~~~~~~~~~~~~~~~~~~~
    + CategoryInfo          : InvalidData: (:) [Compare-Object], ParameterBindingValidationException
    + FullyQualifiedErrorId : ParameterArgumentValidationErrorNullNotAllowed,Microsoft.PowerShell.Commands.CompareObjectCommand

[done]
PS C:\avas> @{ 'computerName' = $env:ComputerName; 'processId' = $PID; 'instanceId' = $host.InstanceId }

Name                           Value
----                           -----
processId                      25640
computerName                   DESKTOP-V056PHL
instanceId                     7ca19791-a655-451d-a13f-fc67e93ba3c4


PS C:\avas> CommandInvocation(Get-PSBreakpoint): "Get-PSBreakpoint"
>> ParameterBinding(Get-PSBreakpoint): name="Type"; value="Command"
>> CommandInvocation(Remove-PSBreakpoint): "Remove-PSBreakpoint"
No logfile is specified, c:\temp\-2017-09-11-16-24-30.log will be used.
Exception calling "Substring" with "1" argument(s): "startIndex cannot be larger than length of string.
Parameter name: startIndex"
At C:\avas\hotfixy-logika.ps1:95 char:55
+ ... mand.Path)$($myinvocation.line.substring(($myInvocation.InvocationNam ...
+                 ~~~~~~~~~~~~~~~~~~~~~~~~~~~~~~~~~~~~~~~~~~~~~~~~~~~~~~~~~
    + CategoryInfo          : NotSpecified: (:) [], MethodInvocationException
    + FullyQualifiedErrorId : ArgumentOutOfRangeException
Exception calling "Substring" with "1" argument(s): "startIndex cannot be larger than length of string.
Parameter name: startIndex"
At C:\avas\hotfixy-logika.ps1:95 char:55
+ ... mand.Path)$($myinvocation.line.substring(($myInvocation.InvocationNam ...
+                 ~~~~~~~~~~~~~~~~~~~~~~~~~~~~~~~~~~~~~~~~~~~~~~~~~~~~~~~~~
    + CategoryInfo          : NotSpecified: (:) [], MethodInvocationException
    + FullyQualifiedErrorId : ArgumentOutOfRangeException

2017/09/11 16:24:30, INF, Syntax: C:\avas\hotfixy-logika.ps1
2017/09/11 16:24:30, INF, Invoked by: DESKTOP-V056PHL\lukas
2017/09/11 16:24:30, INF, Comparing hotfixes between the 2 hosts......
PS C:\avas> TerminatingError(Compare-Object): "Cannot bind argument to parameter 'ReferenceObject' because it is null."
Compare-Object : Cannot bind argument to parameter 'ReferenceObject' because it is null.
At C:\avas\hotfixy-logika.ps1:60 char:62
+ ...     {$comparedHotfixes = compare-object $fobjColl[0].hotfixes $fobjCo ...
+                                             ~~~~~~~~~~~~~~~~~~~~~
    + CategoryInfo          : InvalidData: (:) [Compare-Object], ParameterBindingValidationException
    + FullyQualifiedErrorId : ParameterArgumentValidationErrorNullNotAllowed,Microsoft.PowerShell.Commands.CompareObject
Command
Compare-Object : Cannot bind argument to parameter 'ReferenceObject' because it is null.
At C:\avas\hotfixy-logika.ps1:60 char:62
+ ...     {$comparedHotfixes = compare-object $fobjColl[0].hotfixes $fobjCo ...
+                                             ~~~~~~~~~~~~~~~~~~~~~
    + CategoryInfo          : InvalidData: (:) [Compare-Object], ParameterBindingValidationException
    + FullyQualifiedErrorId : ParameterArgumentValidationErrorNullNotAllowed,Microsoft.PowerShell.Commands.CompareObjectCommand

[done]
PS C:\avas> @{ 'computerName' = $env:ComputerName; 'processId' = $PID; 'instanceId' = $host.InstanceId }

Name                           Value
----                           -----
processId                      25640
computerName                   DESKTOP-V056PHL
instanceId                     7ca19791-a655-451d-a13f-fc67e93ba3c4


PS C:\avas> CommandInvocation(Get-Command): "Get-Command"
>> ParameterBinding(Get-Command): name="ErrorAction"; value="Ignore"
>> ParameterBinding(Get-Command): name="Name"; value="-DifferenceObject"
PS C:\avas> CommandInvocation(Get-PSBreakpoint): "Get-PSBreakpoint"
>> ParameterBinding(Get-PSBreakpoint): name="Type"; value="Command"
>> CommandInvocation(Remove-PSBreakpoint): "Remove-PSBreakpoint"
PS C:\avas> c:\avas\hotfixy-logika.ps1
At C:\avas\hotfixy-logika.ps1:3 char:30
+  param (     [string] $log = "",
+                              ~~
The assignment expression is not valid. The input to an assignment operator must be an object that is able to accept assignments, such as a variable or a property.
>> @{ 'computerName' = $env:ComputerName; 'processId' = $PID; 'instanceId' = $host.InstanceId }

Name                           Value
----                           -----
processId                      25640
computerName                   DESKTOP-V056PHL
instanceId                     7ca19791-a655-451d-a13f-fc67e93ba3c4


PS C:\avas> CommandInvocation(Get-PSBreakpoint): "Get-PSBreakpoint"
>> ParameterBinding(Get-PSBreakpoint): name="Type"; value="Command"
>> CommandInvocation(Remove-PSBreakpoint): "Remove-PSBreakpoint"
PS C:\avas> c:\avas\hotfixy-logika.ps1
At C:\avas\hotfixy-logika.ps1:3 char:30
+  param (     [string] $log = "",
+                              ~~
The assignment expression is not valid. The input to an assignment operator must be an object that is able to accept assignments, such as a variable or a property.
>> @{ 'computerName' = $env:ComputerName; 'processId' = $PID; 'instanceId' = $host.InstanceId }

Name                           Value
----                           -----
processId                      25640
computerName                   DESKTOP-V056PHL
instanceId                     7ca19791-a655-451d-a13f-fc67e93ba3c4


PS C:\avas> CommandInvocation(Get-PSBreakpoint): "Get-PSBreakpoint"
>> ParameterBinding(Get-PSBreakpoint): name="Type"; value="Command"
>> CommandInvocation(Remove-PSBreakpoint): "Remove-PSBreakpoint"
PS C:\avas> c:\avas\hotfixy-logika.ps1
At C:\avas\hotfixy-logika.ps1:3 char:30
+  param (     [string] $log = "",
+                              ~~
The assignment expression is not valid. The input to an assignment operator must be an object that is able to accept assignments, such as a variable or a property.
>> @{ 'computerName' = $env:ComputerName; 'processId' = $PID; 'instanceId' = $host.InstanceId }

Name                           Value
----                           -----
processId                      25640
computerName                   DESKTOP-V056PHL
instanceId                     7ca19791-a655-451d-a13f-fc67e93ba3c4


PS C:\avas> CommandInvocation(Get-PSBreakpoint): "Get-PSBreakpoint"
>> ParameterBinding(Get-PSBreakpoint): name="Type"; value="Command"
>> CommandInvocation(Remove-PSBreakpoint): "Remove-PSBreakpoint"
PS C:\avas> c:\avas\hotfixy-logika.ps1
At C:\avas\hotfixy-logika.ps1:3 char:30
+  param (     [string] $log = "",
+                              ~~
The assignment expression is not valid. The input to an assignment operator must be an object that is able to accept assignments, such as a variable or a property.
>> @{ 'computerName' = $env:ComputerName; 'processId' = $PID; 'instanceId' = $host.InstanceId }

Name                           Value
----                           -----
processId                      25640
computerName                   DESKTOP-V056PHL
instanceId                     7ca19791-a655-451d-a13f-fc67e93ba3c4


PS C:\avas> CommandInvocation(Get-PSBreakpoint): "Get-PSBreakpoint"
>> ParameterBinding(Get-PSBreakpoint): name="Type"; value="Command"
>> CommandInvocation(Remove-PSBreakpoint): "Remove-PSBreakpoint"
PS C:\avas> c:\avas\hotfixy-logika.ps1
At C:\avas\hotfixy-logika.ps1:3 char:30
+  param (     [string] $log = "",
+                              ~~
The assignment expression is not valid. The input to an assignment operator must be an object that is able to accept assignments, such as a variable or a property.
>> @{ 'computerName' = $env:ComputerName; 'processId' = $PID; 'instanceId' = $host.InstanceId }

Name                           Value
----                           -----
processId                      25640
computerName                   DESKTOP-V056PHL
instanceId                     7ca19791-a655-451d-a13f-fc67e93ba3c4


