**********************
Windows PowerShell transcript start
Start time: 20170914135722
Username: DESKTOP-TBE27PS\lukas
RunAs User: DESKTOP-TBE27PS\lukas
Configuration Name: 
Machine: DESKTOP-TBE27PS (Microsoft Windows NT 10.0.16288.0)
Host Application: C:\WINDOWS\System32\WindowsPowerShell\v1.0\powershell.exe -NoProfile -NonInteractive -ExecutionPolicy Bypass -Command & 'C:\Users\lukas\.vscode\extensions\ms-vscode.powershell-1.4.3\scripts\Start-EditorServices.ps1' -EditorServicesVersion '1.4.1' -HostName 'Visual Studio Code Host' -HostProfileId 'Microsoft.VSCode' -HostVersion '1.4.3' -AdditionalModules @('PowerShellEditorServices.VSCode') -BundledModulesPath 'C:\Users\lukas\.vscode\extensions\ms-vscode.powershell-1.4.3\modules' -EnableConsoleRepl -LogLevel 'Normal' -LogPath 'C:\Users\lukas\.vscode\extensions\ms-vscode.powershell-1.4.3\logs\1505388793-abd46846-9ba6-4366-84f2-6c796e7b84e81505388787903\EditorServices.log' -SessionDetailsPath 'C:\Users\lukas\.vscode\extensions\ms-vscode.powershell-1.4.3\sessions\PSES-VSCode-13760-111699' -FeatureFlags @()
Process ID: 5152
PSVersion: 5.1.16288.1
PSEdition: Desktop
PSCompatibleVersions: 1.0, 2.0, 3.0, 4.0, 5.0, 5.1.16288.1
BuildVersion: 10.0.16288.1
CLRVersion: 4.0.30319.42000
WSManStackVersion: 3.0
PSRemotingProtocolVersion: 2.3
SerializationVersion: 1.1.0.1
**********************
Transcript started, output file is ./transcript2017-09-14-01-57-22.txt
0
1
2
3
4
5
6
7
8
9
10
11
12
Cancel
PS D:\SICZ\avas> @{ 'computerName' = $env:ComputerName; 'processId' = $PID; 'instanceId' = $host.InstanceId }

Name                           Value
----                           -----
processId                      5152
computerName                   DESKTOP-TBE27PS
instanceId                     4b68ce27-6687-4ce0-b24e-02d73c781cd1


PS D:\SICZ\avas> CommandInvocation(Get-Command): "Get-Command"
>> ParameterBinding(Get-Command): name="ErrorAction"; value="Ignore"
>> ParameterBinding(Get-Command): name="Name"; value="Add-Member"

CommandType     Name                                               Version    Source
-----------     ----                                               -------    ------
Cmdlet          Add-Member                                         3.1.0.0    Microsoft.PowerShell.Utility


PS D:\SICZ\avas> CommandInvocation(Get-Help): "Get-Help"
>> ParameterBinding(Get-Help): name="ErrorAction"; value="Ignore"
>> ParameterBinding(Get-Help): name="Name"; value="Add-Member"

NAME
    Add-Member

SYNTAX
    Add-Member -InputObject <psobject> -TypeName <string> [-PassThru]  [<CommonParameters>]

    Add-Member [-MemberType] {AliasProperty | CodeProperty | Property | NoteProperty | ScriptProperty | Properties | PropertySet | Method | CodeMethod | ScriptMethod | Methods | Parameteri
    zedProperty | MemberSet | Event | Dynamic | All} [-Name] <string> [[-Value] <Object>] [[-SecondValue] <Object>] -InputObject <psobject> [-TypeName <string>] [-Force] [-PassThru]  [<Com
    monParameters>]

    Add-Member [-NotePropertyName] <string> [-NotePropertyValue] <Object> -InputObject <psobject> [-TypeName <string>] [-Force] [-PassThru]  [<CommonParameters>]

    Add-Member [-NotePropertyMembers] <IDictionary> -InputObject <psobject> [-TypeName <string>] [-Force] [-PassThru]  [<CommonParameters>]


ALIASES
    None


REMARKS
    Get-Help cannot find the Help files for this cmdlet on this computer. It is displaying only partial help.
        -- To download and install Help files for the module that includes this cmdlet, use Update-Help.
        -- To view the Help topic for this cmdlet online, type: "Get-Help Add-Member -Online" or
           go to https://go.microsoft.com/fwlink/?LinkID=113280.



PS D:\SICZ\avas> CommandInvocation(Get-Command): "Get-Command"
>> ParameterBinding(Get-Command): name="ErrorAction"; value="Ignore"
>> ParameterBinding(Get-Command): name="Name"; value="MouseMove"

CommandType     Name                                               Version    Source
-----------     ----                                               -------    ------
Function        mouseMove


PS D:\SICZ\avas> CommandInvocation(Get-Help): "Get-Help"
>> ParameterBinding(Get-Help): name="ErrorAction"; value="Ignore"
>> ParameterBinding(Get-Help): name="Name"; value="mouseMove"

NAME
    mouseMove

SYNTAX
    mouseMove [[-mControlName] <Object>]


ALIASES
    None


REMARKS
    None



PS D:\SICZ\avas> CommandInvocation(Get-Command): "Get-Command"
>> ParameterBinding(Get-Command): name="ErrorAction"; value="Ignore"
>> ParameterBinding(Get-Command): name="Name"; value="repaintForm"

CommandType     Name                                               Version    Source
-----------     ----                                               -------    ------
Function        repaintForm


PS D:\SICZ\avas> CommandInvocation(Get-Help): "Get-Help"
>> ParameterBinding(Get-Help): name="ErrorAction"; value="Ignore"
>> ParameterBinding(Get-Help): name="Name"; value="repaintForm"

NAME
    repaintForm

SYNTAX
    repaintForm


ALIASES
    None


REMARKS
    None



