**********************
Windows PowerShell transcript start
Start time: 20170912101200
Username: DESKTOP-V056PHL\lukas
RunAs User: DESKTOP-V056PHL\lukas
Configuration Name: 
Machine: DESKTOP-V056PHL (Microsoft Windows NT 10.0.16353.0)
Host Application: C:\WINDOWS\System32\WindowsPowerShell\v1.0\powershell.exe -NoProfile -NonInteractive -ExecutionPolicy Bypass -Command & 'C:\Users\lukas\.vscode\extensions\ms-vscode.powershell-1.4.2\scripts\Start-EditorServices.ps1' -EditorServicesVersion '1.4.1' -HostName 'Visual Studio Code Host' -HostProfileId 'Microsoft.VSCode' -HostVersion '1.4.2' -AdditionalModules @('PowerShellEditorServices.VSCode') -BundledModulesPath 'C:\Users\lukas\.vscode\extensions\ms-vscode.powershell-1.4.2\modules' -EnableConsoleRepl -LogLevel 'Normal' -LogPath 'C:\Users\lukas\.vscode\extensions\ms-vscode.powershell-1.4.2\logs\1505201505-4afdac16-df2f-4f1c-8416-88bd36f1468c1505201455869\EditorServices.log' -SessionDetailsPath 'C:\Users\lukas\.vscode\extensions\ms-vscode.powershell-1.4.2\sessions\PSES-VSCode-8256-162596' -FeatureFlags @()
Process ID: 3108
PSVersion: 5.1.16353.1000
PSEdition: Desktop
PSCompatibleVersions: 1.0, 2.0, 3.0, 4.0, 5.0, 5.1.16353.1000
BuildVersion: 10.0.16353.1000
CLRVersion: 4.0.30319.42000
WSManStackVersion: 3.0
PSRemotingProtocolVersion: 2.3
SerializationVersion: 1.1.0.1
**********************
Transcript started, output file is ./transcript2017-09-12-10-12-00.txt

PS C:\avas> TerminatingError(Where-Object): "Cannot validate argument on parameter 'Property'. The argument is null or empty. Provide an argument that is not null or empty, and then try the command again."
DisplayName                                                           SideIndicator
-----------                                                           -------------
AssignedAccessManager Service                                         =>
Capability Access Manager Service                                     =>
Connected Devices Platform User Service_3477b                         =>
DevicesFlow_3477b                                                     =>
Diagnostic Execution Service                                          =>
Fax                                                                   =>
GraphicsPerfSvc                                                       =>
Služba Aktualizace Google (gupdate)                                   =>
Služba Aktualizace Google (gupdatem)                                  =>
Windows Store Install Service                                         =>
MessagingService_3477b                                                =>
Mozilla Maintenance Service                                           =>
Windows Defender Firewall                                             =>
NVIDIA Display Container LS                                           =>
Sync Host_3477b                                                       =>
Contact Data_3477b                                                    =>
PrintWorkflow_3477b                                                   =>
Windows PushToInstall Service                                         =>
Spatial Data Service                                                  =>
Web Account Manager                                                   =>
User Data Storage_3477b                                               =>
User Data Access_3477b                                                =>
WarpJITSvc                                                            =>
Local Profile Assistant Service                                       =>
Windows Media Player Network Sharing Service                          =>
Work Folders                                                          =>
Windows Push Notifications User Service_3477b                         =>
Adobe Acrobat Update Service                                          <=
Microsoft Monitoring Agent Audit Forwarding                           <=
Connected Devices Platform User Service_46504                         <=
DevicesFlow_46504                                                     <=
Intel(R) PROSet/Wireless Event Log                                    <=
Windows Presentation Foundation Font Cache 3.0.0.0                    <=
Google Update Service (gupdate)                                       <=
Google Update Service (gupdatem)                                      <=
Microsoft Monitoring Agent                                            <=
Host Network Service                                                  <=
HomeGroup Listener                                                    <=
Intel(R) Rapid Storage Technology                                     <=
Intel Bluetooth Service                                               <=
Intel(R) HD Graphics Control Panel Service                            <=
Intel(R) Capability Licensing Service TCP IP Interface                <=
Intel(R) PROSet Monitoring Service                                    <=
Intel(R) Security Assist                                              <=
Windows Phone IP over USB Transport (IpOverUsbSvc)                    <=
Intel(R) Security Assist Helper                                       <=
Intel(R) Dynamic Application Loader Host Interface Service            <=
Intel(R) Management and Security Application Local Management Service <=
MessagingService_46504                                                <=
Microsoft Dependency Agent                                            <=
Windows Firewall                                                      <=
Wireless PAN DHCP Server                                              <=
Net Driver HPZ12                                                      <=
Sync Host_46504                                                       <=
Contact Data_46504                                                    <=
Pml Driver HPZ12                                                      <=
Intel(R) PROSet/Wireless Registry Service                             <=
Realtek Audio Service                                                 <=
Sandboxie Service                                                     <=
Skype Updater                                                         <=
SQL Server VSS Writer                                                 <=
TeamViewer 12                                                         <=
TokenBroker                                                           <=
User Data Storage_46504                                               <=
User Data Access_46504                                                <=
Unified Write Filter Servicing Helper Service                         <=
Veeam Agent for Microsoft Windows                                     <=
Hyper-V Host Compute Service                                          <=
Hyper-V Virtual Machine Management                                    <=
VMware USB Arbitration Service                                        <=
LPA Service                                                           <=
Windows Push Notifications User Service_46504                         <=
Windows Driver Foundation - User-mode Driver Framework                <=
Intel(R) PROSet/Wireless Zero Configuration Service                   <=


PS C:\avas> @{ 'computerName' = $env:ComputerName; 'processId' = $PID; 'instanceId' = $host.InstanceId }

Name                           Value
----                           -----
processId                      3108
computerName                   DESKTOP-V056PHL
instanceId                     5b2c0968-e524-4e98-9d3a-0ce301726e5f


PS C:\avas> CommandInvocation(Get-PSBreakpoint): "Get-PSBreakpoint"
>> ParameterBinding(Get-PSBreakpoint): name="Type"; value="Command"
>> CommandInvocation(Remove-PSBreakpoint): "Remove-PSBreakpoint"
Transcript started, output file is ./transcript2017-09-12-10-12-41.txt

PS C:\avas> TerminatingError(Where-Object): "Cannot validate argument on parameter 'Property'. The argument is null or empty. Provide an argument that is not null or empty, and then try the command again."
DisplayName                                                           SideIndicator
-----------                                                           -------------
AssignedAccessManager Service                                         =>
Capability Access Manager Service                                     =>
Connected Devices Platform User Service_3477b                         =>
DevicesFlow_3477b                                                     =>
Diagnostic Execution Service                                          =>
Fax                                                                   =>
GraphicsPerfSvc                                                       =>
Služba Aktualizace Google (gupdate)                                   =>
Služba Aktualizace Google (gupdatem)                                  =>
Windows Store Install Service                                         =>
MessagingService_3477b                                                =>
Mozilla Maintenance Service                                           =>
Windows Defender Firewall                                             =>
NVIDIA Display Container LS                                           =>
Sync Host_3477b                                                       =>
Contact Data_3477b                                                    =>
PrintWorkflow_3477b                                                   =>
Windows PushToInstall Service                                         =>
Spatial Data Service                                                  =>
Web Account Manager                                                   =>
User Data Storage_3477b                                               =>
User Data Access_3477b                                                =>
WarpJITSvc                                                            =>
Local Profile Assistant Service                                       =>
Windows Media Player Network Sharing Service                          =>
Work Folders                                                          =>
Windows Push Notifications User Service_3477b                         =>
Adobe Acrobat Update Service                                          <=
Microsoft Monitoring Agent Audit Forwarding                           <=
Connected Devices Platform User Service_46504                         <=
DevicesFlow_46504                                                     <=
Intel(R) PROSet/Wireless Event Log                                    <=
Windows Presentation Foundation Font Cache 3.0.0.0                    <=
Google Update Service (gupdate)                                       <=
Google Update Service (gupdatem)                                      <=
Microsoft Monitoring Agent                                            <=
Host Network Service                                                  <=
HomeGroup Listener                                                    <=
Intel(R) Rapid Storage Technology                                     <=
Intel Bluetooth Service                                               <=
Intel(R) HD Graphics Control Panel Service                            <=
Intel(R) Capability Licensing Service TCP IP Interface                <=
Intel(R) PROSet Monitoring Service                                    <=
Intel(R) Security Assist                                              <=
Windows Phone IP over USB Transport (IpOverUsbSvc)                    <=
Intel(R) Security Assist Helper                                       <=
Intel(R) Dynamic Application Loader Host Interface Service            <=
Intel(R) Management and Security Application Local Management Service <=
MessagingService_46504                                                <=
Microsoft Dependency Agent                                            <=
Windows Firewall                                                      <=
Wireless PAN DHCP Server                                              <=
Net Driver HPZ12                                                      <=
Sync Host_46504                                                       <=
Contact Data_46504                                                    <=
Pml Driver HPZ12                                                      <=
Intel(R) PROSet/Wireless Registry Service                             <=
Realtek Audio Service                                                 <=
Sandboxie Service                                                     <=
Skype Updater                                                         <=
SQL Server VSS Writer                                                 <=
TeamViewer 12                                                         <=
TokenBroker                                                           <=
User Data Storage_46504                                               <=
User Data Access_46504                                                <=
Unified Write Filter Servicing Helper Service                         <=
Veeam Agent for Microsoft Windows                                     <=
Hyper-V Host Compute Service                                          <=
Hyper-V Virtual Machine Management                                    <=
VMware USB Arbitration Service                                        <=
LPA Service                                                           <=
Windows Push Notifications User Service_46504                         <=
Windows Driver Foundation - User-mode Driver Framework                <=
Intel(R) PROSet/Wireless Zero Configuration Service                   <=


PS C:\avas> @{ 'computerName' = $env:ComputerName; 'processId' = $PID; 'instanceId' = $host.InstanceId }

Name                           Value
----                           -----
processId                      3108
computerName                   DESKTOP-V056PHL
instanceId                     5b2c0968-e524-4e98-9d3a-0ce301726e5f


PS C:\avas> CommandInvocation(Get-PSBreakpoint): "Get-PSBreakpoint"
>> ParameterBinding(Get-PSBreakpoint): name="Type"; value="Command"
>> CommandInvocation(Remove-PSBreakpoint): "Remove-PSBreakpoint"
Transcript started, output file is ./transcript2017-09-12-10-12-48.txt

PS C:\avas> TerminatingError(Where-Object): "Cannot validate argument on parameter 'Property'. The argument is null or empty. Provide an argument that is not null or empty, and then try the command again."
DisplayName                                                           SideIndicator
-----------                                                           -------------
AssignedAccessManager Service                                         =>
Capability Access Manager Service                                     =>
Connected Devices Platform User Service_3477b                         =>
DevicesFlow_3477b                                                     =>
Diagnostic Execution Service                                          =>
Fax                                                                   =>
GraphicsPerfSvc                                                       =>
Služba Aktualizace Google (gupdate)                                   =>
Služba Aktualizace Google (gupdatem)                                  =>
Windows Store Install Service                                         =>
MessagingService_3477b                                                =>
Mozilla Maintenance Service                                           =>
Windows Defender Firewall                                             =>
NVIDIA Display Container LS                                           =>
Sync Host_3477b                                                       =>
Contact Data_3477b                                                    =>
PrintWorkflow_3477b                                                   =>
Windows PushToInstall Service                                         =>
Spatial Data Service                                                  =>
Web Account Manager                                                   =>
User Data Storage_3477b                                               =>
User Data Access_3477b                                                =>
WarpJITSvc                                                            =>
Local Profile Assistant Service                                       =>
Windows Media Player Network Sharing Service                          =>
Work Folders                                                          =>
Windows Push Notifications User Service_3477b                         =>
Adobe Acrobat Update Service                                          <=
Microsoft Monitoring Agent Audit Forwarding                           <=
Connected Devices Platform User Service_46504                         <=
DevicesFlow_46504                                                     <=
Intel(R) PROSet/Wireless Event Log                                    <=
Windows Presentation Foundation Font Cache 3.0.0.0                    <=
Google Update Service (gupdate)                                       <=
Google Update Service (gupdatem)                                      <=
Microsoft Monitoring Agent                                            <=
Host Network Service                                                  <=
HomeGroup Listener                                                    <=
Intel(R) Rapid Storage Technology                                     <=
Intel Bluetooth Service                                               <=
Intel(R) HD Graphics Control Panel Service                            <=
Intel(R) Capability Licensing Service TCP IP Interface                <=
Intel(R) PROSet Monitoring Service                                    <=
Intel(R) Security Assist                                              <=
Windows Phone IP over USB Transport (IpOverUsbSvc)                    <=
Intel(R) Security Assist Helper                                       <=
Intel(R) Dynamic Application Loader Host Interface Service            <=
Intel(R) Management and Security Application Local Management Service <=
MessagingService_46504                                                <=
Microsoft Dependency Agent                                            <=
Windows Firewall                                                      <=
Wireless PAN DHCP Server                                              <=
Net Driver HPZ12                                                      <=
Sync Host_46504                                                       <=
Contact Data_46504                                                    <=
Pml Driver HPZ12                                                      <=
Intel(R) PROSet/Wireless Registry Service                             <=
Realtek Audio Service                                                 <=
Sandboxie Service                                                     <=
Skype Updater                                                         <=
SQL Server VSS Writer                                                 <=
TeamViewer 12                                                         <=
TokenBroker                                                           <=
User Data Storage_46504                                               <=
User Data Access_46504                                                <=
Unified Write Filter Servicing Helper Service                         <=
Veeam Agent for Microsoft Windows                                     <=
Hyper-V Host Compute Service                                          <=
Hyper-V Virtual Machine Management                                    <=
VMware USB Arbitration Service                                        <=
LPA Service                                                           <=
Windows Push Notifications User Service_46504                         <=
Windows Driver Foundation - User-mode Driver Framework                <=
Intel(R) PROSet/Wireless Zero Configuration Service                   <=


PS C:\avas> @{ 'computerName' = $env:ComputerName; 'processId' = $PID; 'instanceId' = $host.InstanceId }

Name                           Value
----                           -----
processId                      3108
computerName                   DESKTOP-V056PHL
instanceId                     5b2c0968-e524-4e98-9d3a-0ce301726e5f


PS C:\avas> CommandInvocation(Get-PSBreakpoint): "Get-PSBreakpoint"
>> ParameterBinding(Get-PSBreakpoint): name="Type"; value="Command"
>> CommandInvocation(Remove-PSBreakpoint): "Remove-PSBreakpoint"
Transcript started, output file is ./transcript2017-09-12-10-12-54.txt

PS C:\avas> TerminatingError(Where-Object): "Cannot validate argument on parameter 'Property'. The argument is null or empty. Provide an argument that is not null or empty, and then try the command again."
DisplayName                                                           SideIndicator
-----------                                                           -------------
AssignedAccessManager Service                                         =>
Capability Access Manager Service                                     =>
Connected Devices Platform User Service_3477b                         =>
DevicesFlow_3477b                                                     =>
Diagnostic Execution Service                                          =>
Fax                                                                   =>
GraphicsPerfSvc                                                       =>
Služba Aktualizace Google (gupdate)                                   =>
Služba Aktualizace Google (gupdatem)                                  =>
Windows Store Install Service                                         =>
MessagingService_3477b                                                =>
Mozilla Maintenance Service                                           =>
Windows Defender Firewall                                             =>
NVIDIA Display Container LS                                           =>
Sync Host_3477b                                                       =>
Contact Data_3477b                                                    =>
PrintWorkflow_3477b                                                   =>
Windows PushToInstall Service                                         =>
Spatial Data Service                                                  =>
Web Account Manager                                                   =>
User Data Storage_3477b                                               =>
User Data Access_3477b                                                =>
WarpJITSvc                                                            =>
Local Profile Assistant Service                                       =>
Windows Media Player Network Sharing Service                          =>
Work Folders                                                          =>
Windows Push Notifications User Service_3477b                         =>
Adobe Acrobat Update Service                                          <=
Microsoft Monitoring Agent Audit Forwarding                           <=
Connected Devices Platform User Service_46504                         <=
DevicesFlow_46504                                                     <=
Intel(R) PROSet/Wireless Event Log                                    <=
Windows Presentation Foundation Font Cache 3.0.0.0                    <=
Google Update Service (gupdate)                                       <=
Google Update Service (gupdatem)                                      <=
Microsoft Monitoring Agent                                            <=
Host Network Service                                                  <=
HomeGroup Listener                                                    <=
Intel(R) Rapid Storage Technology                                     <=
Intel Bluetooth Service                                               <=
Intel(R) HD Graphics Control Panel Service                            <=
Intel(R) Capability Licensing Service TCP IP Interface                <=
Intel(R) PROSet Monitoring Service                                    <=
Intel(R) Security Assist                                              <=
Windows Phone IP over USB Transport (IpOverUsbSvc)                    <=
Intel(R) Security Assist Helper                                       <=
Intel(R) Dynamic Application Loader Host Interface Service            <=
Intel(R) Management and Security Application Local Management Service <=
MessagingService_46504                                                <=
Microsoft Dependency Agent                                            <=
Windows Firewall                                                      <=
Wireless PAN DHCP Server                                              <=
Net Driver HPZ12                                                      <=
Sync Host_46504                                                       <=
Contact Data_46504                                                    <=
Pml Driver HPZ12                                                      <=
Intel(R) PROSet/Wireless Registry Service                             <=
Realtek Audio Service                                                 <=
Sandboxie Service                                                     <=
Skype Updater                                                         <=
SQL Server VSS Writer                                                 <=
TeamViewer 12                                                         <=
TokenBroker                                                           <=
User Data Storage_46504                                               <=
User Data Access_46504                                                <=
Unified Write Filter Servicing Helper Service                         <=
Veeam Agent for Microsoft Windows                                     <=
Hyper-V Host Compute Service                                          <=
Hyper-V Virtual Machine Management                                    <=
VMware USB Arbitration Service                                        <=
LPA Service                                                           <=
Windows Push Notifications User Service_46504                         <=
Windows Driver Foundation - User-mode Driver Framework                <=
Intel(R) PROSet/Wireless Zero Configuration Service                   <=


PS C:\avas> @{ 'computerName' = $env:ComputerName; 'processId' = $PID; 'instanceId' = $host.InstanceId }

Name                           Value
----                           -----
processId                      3108
computerName                   DESKTOP-V056PHL
instanceId                     5b2c0968-e524-4e98-9d3a-0ce301726e5f


PS C:\avas> CommandInvocation(Get-PSBreakpoint): "Get-PSBreakpoint"
>> ParameterBinding(Get-PSBreakpoint): name="Type"; value="Command"
>> CommandInvocation(Remove-PSBreakpoint): "Remove-PSBreakpoint"
Transcript started, output file is ./transcript2017-09-12-10-13-01.txt

PS C:\avas> TerminatingError(Where-Object): "Cannot validate argument on parameter 'Property'. The argument is null or empty. Provide an argument that is not null or empty, and then try the command again."
DisplayName                                                           SideIndicator
-----------                                                           -------------
AssignedAccessManager Service                                         =>
Capability Access Manager Service                                     =>
Connected Devices Platform User Service_3477b                         =>
DevicesFlow_3477b                                                     =>
Diagnostic Execution Service                                          =>
Fax                                                                   =>
GraphicsPerfSvc                                                       =>
Služba Aktualizace Google (gupdate)                                   =>
Služba Aktualizace Google (gupdatem)                                  =>
Windows Store Install Service                                         =>
MessagingService_3477b                                                =>
Mozilla Maintenance Service                                           =>
Windows Defender Firewall                                             =>
NVIDIA Display Container LS                                           =>
Sync Host_3477b                                                       =>
Contact Data_3477b                                                    =>
PrintWorkflow_3477b                                                   =>
Windows PushToInstall Service                                         =>
Spatial Data Service                                                  =>
Web Account Manager                                                   =>
User Data Storage_3477b                                               =>
User Data Access_3477b                                                =>
WarpJITSvc                                                            =>
Local Profile Assistant Service                                       =>
Windows Media Player Network Sharing Service                          =>
Work Folders                                                          =>
Windows Push Notifications User Service_3477b                         =>
Adobe Acrobat Update Service                                          <=
Microsoft Monitoring Agent Audit Forwarding                           <=
Connected Devices Platform User Service_46504                         <=
DevicesFlow_46504                                                     <=
Intel(R) PROSet/Wireless Event Log                                    <=
Windows Presentation Foundation Font Cache 3.0.0.0                    <=
Google Update Service (gupdate)                                       <=
Google Update Service (gupdatem)                                      <=
Microsoft Monitoring Agent                                            <=
Host Network Service                                                  <=
HomeGroup Listener                                                    <=
Intel(R) Rapid Storage Technology                                     <=
Intel Bluetooth Service                                               <=
Intel(R) HD Graphics Control Panel Service                            <=
Intel(R) Capability Licensing Service TCP IP Interface                <=
Intel(R) PROSet Monitoring Service                                    <=
Intel(R) Security Assist                                              <=
Windows Phone IP over USB Transport (IpOverUsbSvc)                    <=
Intel(R) Security Assist Helper                                       <=
Intel(R) Dynamic Application Loader Host Interface Service            <=
Intel(R) Management and Security Application Local Management Service <=
MessagingService_46504                                                <=
Microsoft Dependency Agent                                            <=
Windows Firewall                                                      <=
Wireless PAN DHCP Server                                              <=
Net Driver HPZ12                                                      <=
Sync Host_46504                                                       <=
Contact Data_46504                                                    <=
Pml Driver HPZ12                                                      <=
Intel(R) PROSet/Wireless Registry Service                             <=
Realtek Audio Service                                                 <=
Sandboxie Service                                                     <=
Skype Updater                                                         <=
SQL Server VSS Writer                                                 <=
TeamViewer 12                                                         <=
TokenBroker                                                           <=
User Data Storage_46504                                               <=
User Data Access_46504                                                <=
Unified Write Filter Servicing Helper Service                         <=
Veeam Agent for Microsoft Windows                                     <=
Hyper-V Host Compute Service                                          <=
Hyper-V Virtual Machine Management                                    <=
VMware USB Arbitration Service                                        <=
LPA Service                                                           <=
Windows Push Notifications User Service_46504                         <=
Windows Driver Foundation - User-mode Driver Framework                <=
Intel(R) PROSet/Wireless Zero Configuration Service                   <=


PS C:\avas> @{ 'computerName' = $env:ComputerName; 'processId' = $PID; 'instanceId' = $host.InstanceId }

Name                           Value
----                           -----
processId                      3108
computerName                   DESKTOP-V056PHL
instanceId                     5b2c0968-e524-4e98-9d3a-0ce301726e5f


PS C:\avas> CommandInvocation(Get-PSBreakpoint): "Get-PSBreakpoint"
>> ParameterBinding(Get-PSBreakpoint): name="Type"; value="Command"
>> CommandInvocation(Remove-PSBreakpoint): "Remove-PSBreakpoint"
Transcript started, output file is ./transcript2017-09-12-10-13-18.txt

PS C:\avas> TerminatingError(Where-Object): "Cannot validate argument on parameter 'Property'. The argument is null or empty. Provide an argument that is not null or empty, and then try the command again."
DisplayName                                                           SideIndicator
-----------                                                           -------------
AssignedAccessManager Service                                         =>
Capability Access Manager Service                                     =>
Connected Devices Platform User Service_3477b                         =>
DevicesFlow_3477b                                                     =>
Diagnostic Execution Service                                          =>
Fax                                                                   =>
GraphicsPerfSvc                                                       =>
Služba Aktualizace Google (gupdate)                                   =>
Služba Aktualizace Google (gupdatem)                                  =>
Windows Store Install Service                                         =>
MessagingService_3477b                                                =>
Mozilla Maintenance Service                                           =>
Windows Defender Firewall                                             =>
NVIDIA Display Container LS                                           =>
Sync Host_3477b                                                       =>
Contact Data_3477b                                                    =>
PrintWorkflow_3477b                                                   =>
Windows PushToInstall Service                                         =>
Spatial Data Service                                                  =>
Web Account Manager                                                   =>
User Data Storage_3477b                                               =>
User Data Access_3477b                                                =>
WarpJITSvc                                                            =>
Local Profile Assistant Service                                       =>
Windows Media Player Network Sharing Service                          =>
Work Folders                                                          =>
Windows Push Notifications User Service_3477b                         =>
Adobe Acrobat Update Service                                          <=
Microsoft Monitoring Agent Audit Forwarding                           <=
Connected Devices Platform User Service_46504                         <=
DevicesFlow_46504                                                     <=
Intel(R) PROSet/Wireless Event Log                                    <=
Windows Presentation Foundation Font Cache 3.0.0.0                    <=
Google Update Service (gupdate)                                       <=
Google Update Service (gupdatem)                                      <=
Microsoft Monitoring Agent                                            <=
Host Network Service                                                  <=
HomeGroup Listener                                                    <=
Intel(R) Rapid Storage Technology                                     <=
Intel Bluetooth Service                                               <=
Intel(R) HD Graphics Control Panel Service                            <=
Intel(R) Capability Licensing Service TCP IP Interface                <=
Intel(R) PROSet Monitoring Service                                    <=
Intel(R) Security Assist                                              <=
Windows Phone IP over USB Transport (IpOverUsbSvc)                    <=
Intel(R) Security Assist Helper                                       <=
Intel(R) Dynamic Application Loader Host Interface Service            <=
Intel(R) Management and Security Application Local Management Service <=
MessagingService_46504                                                <=
Microsoft Dependency Agent                                            <=
Windows Firewall                                                      <=
Wireless PAN DHCP Server                                              <=
Net Driver HPZ12                                                      <=
Sync Host_46504                                                       <=
Contact Data_46504                                                    <=
Pml Driver HPZ12                                                      <=
Intel(R) PROSet/Wireless Registry Service                             <=
Realtek Audio Service                                                 <=
Sandboxie Service                                                     <=
Skype Updater                                                         <=
SQL Server VSS Writer                                                 <=
TeamViewer 12                                                         <=
TokenBroker                                                           <=
User Data Storage_46504                                               <=
User Data Access_46504                                                <=
Unified Write Filter Servicing Helper Service                         <=
Veeam Agent for Microsoft Windows                                     <=
Hyper-V Host Compute Service                                          <=
Hyper-V Virtual Machine Management                                    <=
VMware USB Arbitration Service                                        <=
LPA Service                                                           <=
Windows Push Notifications User Service_46504                         <=
Windows Driver Foundation - User-mode Driver Framework                <=
Intel(R) PROSet/Wireless Zero Configuration Service                   <=


PS C:\avas> @{ 'computerName' = $env:ComputerName; 'processId' = $PID; 'instanceId' = $host.InstanceId }

Name                           Value
----                           -----
processId                      3108
computerName                   DESKTOP-V056PHL
instanceId                     5b2c0968-e524-4e98-9d3a-0ce301726e5f


PS C:\avas> CommandInvocation(Get-PSBreakpoint): "Get-PSBreakpoint"
>> ParameterBinding(Get-PSBreakpoint): name="Type"; value="Command"
>> CommandInvocation(Remove-PSBreakpoint): "Remove-PSBreakpoint"
Transcript started, output file is ./transcript2017-09-12-10-13-34.txt

PS C:\avas> TerminatingError(Where-Object): "Cannot validate argument on parameter 'Property'. The argument is null or empty. Provide an argument that is not null or empty, and then try the command again."
DisplayName                                                           SideIndicator
-----------                                                           -------------
AssignedAccessManager Service                                         =>
Capability Access Manager Service                                     =>
Connected Devices Platform User Service_3477b                         =>
DevicesFlow_3477b                                                     =>
Diagnostic Execution Service                                          =>
Fax                                                                   =>
GraphicsPerfSvc                                                       =>
Služba Aktualizace Google (gupdate)                                   =>
Služba Aktualizace Google (gupdatem)                                  =>
Windows Store Install Service                                         =>
MessagingService_3477b                                                =>
Mozilla Maintenance Service                                           =>
Windows Defender Firewall                                             =>
NVIDIA Display Container LS                                           =>
Sync Host_3477b                                                       =>
Contact Data_3477b                                                    =>
PrintWorkflow_3477b                                                   =>
Windows PushToInstall Service                                         =>
Spatial Data Service                                                  =>
Web Account Manager                                                   =>
User Data Storage_3477b                                               =>
User Data Access_3477b                                                =>
WarpJITSvc                                                            =>
Local Profile Assistant Service                                       =>
Windows Media Player Network Sharing Service                          =>
Work Folders                                                          =>
Windows Push Notifications User Service_3477b                         =>
Adobe Acrobat Update Service                                          <=
Microsoft Monitoring Agent Audit Forwarding                           <=
Connected Devices Platform User Service_46504                         <=
DevicesFlow_46504                                                     <=
Intel(R) PROSet/Wireless Event Log                                    <=
Windows Presentation Foundation Font Cache 3.0.0.0                    <=
Google Update Service (gupdate)                                       <=
Google Update Service (gupdatem)                                      <=
Microsoft Monitoring Agent                                            <=
Host Network Service                                                  <=
HomeGroup Listener                                                    <=
Intel(R) Rapid Storage Technology                                     <=
Intel Bluetooth Service                                               <=
Intel(R) HD Graphics Control Panel Service                            <=
Intel(R) Capability Licensing Service TCP IP Interface                <=
Intel(R) PROSet Monitoring Service                                    <=
Intel(R) Security Assist                                              <=
Windows Phone IP over USB Transport (IpOverUsbSvc)                    <=
Intel(R) Security Assist Helper                                       <=
Intel(R) Dynamic Application Loader Host Interface Service            <=
Intel(R) Management and Security Application Local Management Service <=
MessagingService_46504                                                <=
Microsoft Dependency Agent                                            <=
Windows Firewall                                                      <=
Wireless PAN DHCP Server                                              <=
Net Driver HPZ12                                                      <=
Sync Host_46504                                                       <=
Contact Data_46504                                                    <=
Pml Driver HPZ12                                                      <=
Intel(R) PROSet/Wireless Registry Service                             <=
Realtek Audio Service                                                 <=
Sandboxie Service                                                     <=
Skype Updater                                                         <=
SQL Server VSS Writer                                                 <=
TeamViewer 12                                                         <=
TokenBroker                                                           <=
User Data Storage_46504                                               <=
User Data Access_46504                                                <=
Unified Write Filter Servicing Helper Service                         <=
Veeam Agent for Microsoft Windows                                     <=
Hyper-V Host Compute Service                                          <=
Hyper-V Virtual Machine Management                                    <=
VMware USB Arbitration Service                                        <=
LPA Service                                                           <=
Windows Push Notifications User Service_46504                         <=
Windows Driver Foundation - User-mode Driver Framework                <=
Intel(R) PROSet/Wireless Zero Configuration Service                   <=


PS C:\avas> @{ 'computerName' = $env:ComputerName; 'processId' = $PID; 'instanceId' = $host.InstanceId }

Name                           Value
----                           -----
processId                      3108
computerName                   DESKTOP-V056PHL
instanceId                     5b2c0968-e524-4e98-9d3a-0ce301726e5f


PS C:\avas> CommandInvocation(Get-PSBreakpoint): "Get-PSBreakpoint"
>> ParameterBinding(Get-PSBreakpoint): name="Type"; value="Command"
>> CommandInvocation(Remove-PSBreakpoint): "Remove-PSBreakpoint"
Transcript started, output file is ./transcript2017-09-12-10-13-58.txt

PS C:\avas> TerminatingError(Where-Object): "Cannot validate argument on parameter 'Property'. The argument is null or empty. Provide an argument that is not null or empty, and then try the command again."
DisplayName                                                           SideIndicator
-----------                                                           -------------
AssignedAccessManager Service                                         =>
Capability Access Manager Service                                     =>
Connected Devices Platform User Service_3477b                         =>
DevicesFlow_3477b                                                     =>
Diagnostic Execution Service                                          =>
Fax                                                                   =>
GraphicsPerfSvc                                                       =>
Služba Aktualizace Google (gupdate)                                   =>
Služba Aktualizace Google (gupdatem)                                  =>
Windows Store Install Service                                         =>
MessagingService_3477b                                                =>
Mozilla Maintenance Service                                           =>
Windows Defender Firewall                                             =>
NVIDIA Display Container LS                                           =>
Sync Host_3477b                                                       =>
Contact Data_3477b                                                    =>
PrintWorkflow_3477b                                                   =>
Windows PushToInstall Service                                         =>
Spatial Data Service                                                  =>
Web Account Manager                                                   =>
User Data Storage_3477b                                               =>
User Data Access_3477b                                                =>
WarpJITSvc                                                            =>
Local Profile Assistant Service                                       =>
Windows Media Player Network Sharing Service                          =>
Work Folders                                                          =>
Windows Push Notifications User Service_3477b                         =>
Adobe Acrobat Update Service                                          <=
Microsoft Monitoring Agent Audit Forwarding                           <=
Connected Devices Platform User Service_46504                         <=
DevicesFlow_46504                                                     <=
Intel(R) PROSet/Wireless Event Log                                    <=
Windows Presentation Foundation Font Cache 3.0.0.0                    <=
Google Update Service (gupdate)                                       <=
Google Update Service (gupdatem)                                      <=
Microsoft Monitoring Agent                                            <=
Host Network Service                                                  <=
HomeGroup Listener                                                    <=
Intel(R) Rapid Storage Technology                                     <=
Intel Bluetooth Service                                               <=
Intel(R) HD Graphics Control Panel Service                            <=
Intel(R) Capability Licensing Service TCP IP Interface                <=
Intel(R) PROSet Monitoring Service                                    <=
Intel(R) Security Assist                                              <=
Windows Phone IP over USB Transport (IpOverUsbSvc)                    <=
Intel(R) Security Assist Helper                                       <=
Intel(R) Dynamic Application Loader Host Interface Service            <=
Intel(R) Management and Security Application Local Management Service <=
MessagingService_46504                                                <=
Microsoft Dependency Agent                                            <=
Windows Firewall                                                      <=
Wireless PAN DHCP Server                                              <=
Net Driver HPZ12                                                      <=
Sync Host_46504                                                       <=
Contact Data_46504                                                    <=
Pml Driver HPZ12                                                      <=
Intel(R) PROSet/Wireless Registry Service                             <=
Realtek Audio Service                                                 <=
Sandboxie Service                                                     <=
Skype Updater                                                         <=
SQL Server VSS Writer                                                 <=
TeamViewer 12                                                         <=
TokenBroker                                                           <=
User Data Storage_46504                                               <=
User Data Access_46504                                                <=
Unified Write Filter Servicing Helper Service                         <=
Veeam Agent for Microsoft Windows                                     <=
Hyper-V Host Compute Service                                          <=
Hyper-V Virtual Machine Management                                    <=
VMware USB Arbitration Service                                        <=
LPA Service                                                           <=
Windows Push Notifications User Service_46504                         <=
Windows Driver Foundation - User-mode Driver Framework                <=
Intel(R) PROSet/Wireless Zero Configuration Service                   <=


PS C:\avas> @{ 'computerName' = $env:ComputerName; 'processId' = $PID; 'instanceId' = $host.InstanceId }

Name                           Value
----                           -----
processId                      3108
computerName                   DESKTOP-V056PHL
instanceId                     5b2c0968-e524-4e98-9d3a-0ce301726e5f


PS C:\avas> CommandInvocation(Get-PSBreakpoint): "Get-PSBreakpoint"
>> ParameterBinding(Get-PSBreakpoint): name="Type"; value="Command"
>> CommandInvocation(Remove-PSBreakpoint): "Remove-PSBreakpoint"
Transcript started, output file is ./transcript2017-09-12-10-14-09.txt

PS C:\avas> TerminatingError(Where-Object): "Cannot validate argument on parameter 'Property'. The argument is null or empty. Provide an argument that is not null or empty, and then try the command again."
DisplayName                                                           SideIndicator
-----------                                                           -------------
AssignedAccessManager Service                                         =>
Capability Access Manager Service                                     =>
Connected Devices Platform User Service_3477b                         =>
DevicesFlow_3477b                                                     =>
Diagnostic Execution Service                                          =>
Fax                                                                   =>
GraphicsPerfSvc                                                       =>
Služba Aktualizace Google (gupdate)                                   =>
Služba Aktualizace Google (gupdatem)                                  =>
Windows Store Install Service                                         =>
MessagingService_3477b                                                =>
Mozilla Maintenance Service                                           =>
Windows Defender Firewall                                             =>
NVIDIA Display Container LS                                           =>
Sync Host_3477b                                                       =>
Contact Data_3477b                                                    =>
PrintWorkflow_3477b                                                   =>
Windows PushToInstall Service                                         =>
Spatial Data Service                                                  =>
Web Account Manager                                                   =>
User Data Storage_3477b                                               =>
User Data Access_3477b                                                =>
WarpJITSvc                                                            =>
Local Profile Assistant Service                                       =>
Windows Media Player Network Sharing Service                          =>
Work Folders                                                          =>
Windows Push Notifications User Service_3477b                         =>
Adobe Acrobat Update Service                                          <=
Microsoft Monitoring Agent Audit Forwarding                           <=
Connected Devices Platform User Service_46504                         <=
DevicesFlow_46504                                                     <=
Intel(R) PROSet/Wireless Event Log                                    <=
Windows Presentation Foundation Font Cache 3.0.0.0                    <=
Google Update Service (gupdate)                                       <=
Google Update Service (gupdatem)                                      <=
Microsoft Monitoring Agent                                            <=
Host Network Service                                                  <=
HomeGroup Listener                                                    <=
Intel(R) Rapid Storage Technology                                     <=
Intel Bluetooth Service                                               <=
Intel(R) HD Graphics Control Panel Service                            <=
Intel(R) Capability Licensing Service TCP IP Interface                <=
Intel(R) PROSet Monitoring Service                                    <=
Intel(R) Security Assist                                              <=
Windows Phone IP over USB Transport (IpOverUsbSvc)                    <=
Intel(R) Security Assist Helper                                       <=
Intel(R) Dynamic Application Loader Host Interface Service            <=
Intel(R) Management and Security Application Local Management Service <=
MessagingService_46504                                                <=
Microsoft Dependency Agent                                            <=
Windows Firewall                                                      <=
Wireless PAN DHCP Server                                              <=
Net Driver HPZ12                                                      <=
Sync Host_46504                                                       <=
Contact Data_46504                                                    <=
Pml Driver HPZ12                                                      <=
Intel(R) PROSet/Wireless Registry Service                             <=
Realtek Audio Service                                                 <=
Sandboxie Service                                                     <=
Skype Updater                                                         <=
SQL Server VSS Writer                                                 <=
TeamViewer 12                                                         <=
TokenBroker                                                           <=
User Data Storage_46504                                               <=
User Data Access_46504                                                <=
Unified Write Filter Servicing Helper Service                         <=
Veeam Agent for Microsoft Windows                                     <=
Hyper-V Host Compute Service                                          <=
Hyper-V Virtual Machine Management                                    <=
VMware USB Arbitration Service                                        <=
LPA Service                                                           <=
Windows Push Notifications User Service_46504                         <=
Windows Driver Foundation - User-mode Driver Framework                <=
Intel(R) PROSet/Wireless Zero Configuration Service                   <=


PS C:\avas> @{ 'computerName' = $env:ComputerName; 'processId' = $PID; 'instanceId' = $host.InstanceId }

Name                           Value
----                           -----
processId                      3108
computerName                   DESKTOP-V056PHL
instanceId                     5b2c0968-e524-4e98-9d3a-0ce301726e5f


PS C:\avas> CommandInvocation(Get-PSBreakpoint): "Get-PSBreakpoint"
>> ParameterBinding(Get-PSBreakpoint): name="Type"; value="Command"
>> CommandInvocation(Remove-PSBreakpoint): "Remove-PSBreakpoint"
Transcript started, output file is ./transcript2017-09-12-10-14-49.txt

PS C:\avas> TerminatingError(Where-Object): "Cannot validate argument on parameter 'Property'. The argument is null or empty. Provide an argument that is not null or empty, and then try the command again."
DisplayName                                                           SideIndicator
-----------                                                           -------------
AssignedAccessManager Service                                         =>
Capability Access Manager Service                                     =>
Connected Devices Platform User Service_3477b                         =>
DevicesFlow_3477b                                                     =>
Diagnostic Execution Service                                          =>
Fax                                                                   =>
GraphicsPerfSvc                                                       =>
Služba Aktualizace Google (gupdate)                                   =>
Služba Aktualizace Google (gupdatem)                                  =>
Windows Store Install Service                                         =>
MessagingService_3477b                                                =>
Mozilla Maintenance Service                                           =>
Windows Defender Firewall                                             =>
NVIDIA Display Container LS                                           =>
Sync Host_3477b                                                       =>
Contact Data_3477b                                                    =>
PrintWorkflow_3477b                                                   =>
Windows PushToInstall Service                                         =>
Spatial Data Service                                                  =>
Web Account Manager                                                   =>
User Data Storage_3477b                                               =>
User Data Access_3477b                                                =>
WarpJITSvc                                                            =>
Local Profile Assistant Service                                       =>
Windows Media Player Network Sharing Service                          =>
Work Folders                                                          =>
Windows Push Notifications User Service_3477b                         =>
Adobe Acrobat Update Service                                          <=
Microsoft Monitoring Agent Audit Forwarding                           <=
Connected Devices Platform User Service_46504                         <=
DevicesFlow_46504                                                     <=
Intel(R) PROSet/Wireless Event Log                                    <=
Windows Presentation Foundation Font Cache 3.0.0.0                    <=
Google Update Service (gupdate)                                       <=
Google Update Service (gupdatem)                                      <=
Microsoft Monitoring Agent                                            <=
Host Network Service                                                  <=
HomeGroup Listener                                                    <=
Intel(R) Rapid Storage Technology                                     <=
Intel Bluetooth Service                                               <=
Intel(R) HD Graphics Control Panel Service                            <=
Intel(R) Capability Licensing Service TCP IP Interface                <=
Intel(R) PROSet Monitoring Service                                    <=
Intel(R) Security Assist                                              <=
Windows Phone IP over USB Transport (IpOverUsbSvc)                    <=
Intel(R) Security Assist Helper                                       <=
Intel(R) Dynamic Application Loader Host Interface Service            <=
Intel(R) Management and Security Application Local Management Service <=
MessagingService_46504                                                <=
Microsoft Dependency Agent                                            <=
Windows Firewall                                                      <=
Wireless PAN DHCP Server                                              <=
Net Driver HPZ12                                                      <=
Sync Host_46504                                                       <=
Contact Data_46504                                                    <=
Pml Driver HPZ12                                                      <=
Intel(R) PROSet/Wireless Registry Service                             <=
Realtek Audio Service                                                 <=
Sandboxie Service                                                     <=
Skype Updater                                                         <=
SQL Server VSS Writer                                                 <=
TeamViewer 12                                                         <=
TokenBroker                                                           <=
User Data Storage_46504                                               <=
User Data Access_46504                                                <=
Unified Write Filter Servicing Helper Service                         <=
Veeam Agent for Microsoft Windows                                     <=
Hyper-V Host Compute Service                                          <=
Hyper-V Virtual Machine Management                                    <=
VMware USB Arbitration Service                                        <=
LPA Service                                                           <=
Windows Push Notifications User Service_46504                         <=
Windows Driver Foundation - User-mode Driver Framework                <=
Intel(R) PROSet/Wireless Zero Configuration Service                   <=


PS C:\avas> @{ 'computerName' = $env:ComputerName; 'processId' = $PID; 'instanceId' = $host.InstanceId }

Name                           Value
----                           -----
processId                      3108
computerName                   DESKTOP-V056PHL
instanceId                     5b2c0968-e524-4e98-9d3a-0ce301726e5f


PS C:\avas> CommandInvocation(Get-PSBreakpoint): "Get-PSBreakpoint"
>> ParameterBinding(Get-PSBreakpoint): name="Type"; value="Command"
>> CommandInvocation(Remove-PSBreakpoint): "Remove-PSBreakpoint"
Transcript started, output file is ./transcript2017-09-12-10-14-55.txt

PS C:\avas> TerminatingError(Where-Object): "Cannot validate argument on parameter 'Property'. The argument is null or empty. Provide an argument that is not null or empty, and then try the command again."
DisplayName                                                           SideIndicator
-----------                                                           -------------
AssignedAccessManager Service                                         =>
Capability Access Manager Service                                     =>
Connected Devices Platform User Service_3477b                         =>
DevicesFlow_3477b                                                     =>
Diagnostic Execution Service                                          =>
Fax                                                                   =>
GraphicsPerfSvc                                                       =>
Služba Aktualizace Google (gupdate)                                   =>
Služba Aktualizace Google (gupdatem)                                  =>
Windows Store Install Service                                         =>
MessagingService_3477b                                                =>
Mozilla Maintenance Service                                           =>
Windows Defender Firewall                                             =>
NVIDIA Display Container LS                                           =>
Sync Host_3477b                                                       =>
Contact Data_3477b                                                    =>
PrintWorkflow_3477b                                                   =>
Windows PushToInstall Service                                         =>
Spatial Data Service                                                  =>
Web Account Manager                                                   =>
User Data Storage_3477b                                               =>
User Data Access_3477b                                                =>
WarpJITSvc                                                            =>
Local Profile Assistant Service                                       =>
Windows Media Player Network Sharing Service                          =>
Work Folders                                                          =>
Windows Push Notifications User Service_3477b                         =>
Adobe Acrobat Update Service                                          <=
Microsoft Monitoring Agent Audit Forwarding                           <=
Connected Devices Platform User Service_46504                         <=
DevicesFlow_46504                                                     <=
Intel(R) PROSet/Wireless Event Log                                    <=
Windows Presentation Foundation Font Cache 3.0.0.0                    <=
Google Update Service (gupdate)                                       <=
Google Update Service (gupdatem)                                      <=
Microsoft Monitoring Agent                                            <=
Host Network Service                                                  <=
HomeGroup Listener                                                    <=
Intel(R) Rapid Storage Technology                                     <=
Intel Bluetooth Service                                               <=
Intel(R) HD Graphics Control Panel Service                            <=
Intel(R) Capability Licensing Service TCP IP Interface                <=
Intel(R) PROSet Monitoring Service                                    <=
Intel(R) Security Assist                                              <=
Windows Phone IP over USB Transport (IpOverUsbSvc)                    <=
Intel(R) Security Assist Helper                                       <=
Intel(R) Dynamic Application Loader Host Interface Service            <=
Intel(R) Management and Security Application Local Management Service <=
MessagingService_46504                                                <=
Microsoft Dependency Agent                                            <=
Windows Firewall                                                      <=
Wireless PAN DHCP Server                                              <=
Net Driver HPZ12                                                      <=
Sync Host_46504                                                       <=
Contact Data_46504                                                    <=
Pml Driver HPZ12                                                      <=
Intel(R) PROSet/Wireless Registry Service                             <=
Realtek Audio Service                                                 <=
Sandboxie Service                                                     <=
Skype Updater                                                         <=
SQL Server VSS Writer                                                 <=
TeamViewer 12                                                         <=
TokenBroker                                                           <=
User Data Storage_46504                                               <=
User Data Access_46504                                                <=
Unified Write Filter Servicing Helper Service                         <=
Veeam Agent for Microsoft Windows                                     <=
Hyper-V Host Compute Service                                          <=
Hyper-V Virtual Machine Management                                    <=
VMware USB Arbitration Service                                        <=
LPA Service                                                           <=
Windows Push Notifications User Service_46504                         <=
Windows Driver Foundation - User-mode Driver Framework                <=
Intel(R) PROSet/Wireless Zero Configuration Service                   <=


PS C:\avas> @{ 'computerName' = $env:ComputerName; 'processId' = $PID; 'instanceId' = $host.InstanceId }

Name                           Value
----                           -----
processId                      3108
computerName                   DESKTOP-V056PHL
instanceId                     5b2c0968-e524-4e98-9d3a-0ce301726e5f


PS C:\avas> CommandInvocation(Get-Command): "Get-Command"
>> ParameterBinding(Get-Command): name="ErrorAction"; value="Ignore"
>> ParameterBinding(Get-Command): name="Name"; value="ConvertFrom-Json"

CommandType     Name                                               Version    Source
-----------     ----                                               -------    ------
Cmdlet          ConvertFrom-Json                                   3.1.0.0    Microsoft.PowerShell.Utility


PS C:\avas> CommandInvocation(Get-Command): "Get-Command"
>> ParameterBinding(Get-Command): name="ErrorAction"; value="Ignore"
>> ParameterBinding(Get-Command): name="Name"; value="ConvertFrom-Json"

CommandType     Name                                               Version    Source
-----------     ----                                               -------    ------
Cmdlet          ConvertFrom-Json                                   3.1.0.0    Microsoft.PowerShell.Utility


PS C:\avas> CommandInvocation(Get-Help): "Get-Help"
>> ParameterBinding(Get-Help): name="ErrorAction"; value="Ignore"
>> ParameterBinding(Get-Help): name="Name"; value="ConvertFrom-Json"

NAME
    ConvertFrom-Json

SYNOPSIS
    Converts a JSON-formatted string to a custom object.


SYNTAX
    ConvertFrom-Json [-InputObject] <String> [<CommonParameters>]


DESCRIPTION
    The ConvertFrom-Json cmdlet converts a JavaScript Object Notation (JSON) formatted string to a custom PSCustomObject object that has a property for each field in th
    e JSON string. JSON is commonly used by web sites to provide a textual representation of objects.

    To generate a JSON string from any object, use the ConvertTo-Json cmdlet.

    This cmdlet was introduced in Windows PowerShell 3.0.


RELATED LINKS
    Online Version: http://go.microsoft.com/fwlink/?LinkId=821753
    An Introduction to JavaScript Object Notation (JSON) in JavaScript and .NET http://msdn.microsoft.com/en-us/library/bb299886.aspx
    ConvertTo-Json
    Invoke-WebRequest
    Invoke-RestMethod

REMARKS
    To see the examples, type: "get-help ConvertFrom-Json -examples".
    For more information, type: "get-help ConvertFrom-Json -detailed".
    For technical information, type: "get-help ConvertFrom-Json -full".
    For online help, type: "get-help ConvertFrom-Json -online"


PS C:\avas> CommandInvocation(Get-Command): "Get-Command"
>> ParameterBinding(Get-Command): name="ErrorAction"; value="Ignore"
>> ParameterBinding(Get-Command): name="Name"; value="Write-Host"

CommandType     Name                                               Version    Source
-----------     ----                                               -------    ------
Cmdlet          Write-Host                                         3.1.0.0    Microsoft.PowerShell.Utility


PS C:\avas> CommandInvocation(Get-Command): "Get-Command"
>> ParameterBinding(Get-Command): name="ErrorAction"; value="Ignore"
>> ParameterBinding(Get-Command): name="Name"; value="Write-Host"

CommandType     Name                                               Version    Source
-----------     ----                                               -------    ------
Cmdlet          Write-Host                                         3.1.0.0    Microsoft.PowerShell.Utility


PS C:\avas> CommandInvocation(Get-Help): "Get-Help"
>> ParameterBinding(Get-Help): name="ErrorAction"; value="Ignore"
>> ParameterBinding(Get-Help): name="Name"; value="Write-Host"

NAME
    Write-Host

SYNOPSIS
    Writes customized output to a host.


SYNTAX
    Write-Host [[-Object] <Object>] [-BackgroundColor {Black | DarkBlue | DarkGreen | DarkCyan | DarkRed | DarkMagenta | DarkYellow | Gray | DarkGray | Blue | Green | C
    yan | Red | Magenta | Yellow | White}] [-ForegroundColor {Black | DarkBlue | DarkGreen | DarkCyan | DarkRed | DarkMagenta | DarkYellow | Gray | DarkGray | Blue | Gr
    een | Cyan | Red | Magenta | Yellow | White}] [-NoNewline] [-Separator <Object>] [<CommonParameters>]


DESCRIPTION
    The Write-Host cmdlet customizes output. You can specify the color of text by using the ForegroundColor parameter, and you can specify the background color by using
     the BackgroundColor parameter. The Separator parameter lets you specify a string to use to separate displayed objects. The particular result depends on the program
     that is hosting Windows PowerShell.


RELATED LINKS
    Online Version: http://go.microsoft.com/fwlink/?LinkId=821876
    Clear-Host
    Write-Debug
    Write-Error
    Write-Output
    Write-Progress
    Write-Verbose
    Write-Warning

REMARKS
    To see the examples, type: "get-help Write-Host -examples".
    For more information, type: "get-help Write-Host -detailed".
    For technical information, type: "get-help Write-Host -full".
    For online help, type: "get-help Write-Host -online"


PS C:\avas> CommandInvocation(Get-Command): "Get-Command"
>> ParameterBinding(Get-Command): name="ErrorAction"; value="Ignore"
>> ParameterBinding(Get-Command): name="Name"; value="-Object"
PS C:\avas> CommandInvocation(Get-PSBreakpoint): "Get-PSBreakpoint"
>> ParameterBinding(Get-PSBreakpoint): name="Type"; value="Command"
>> CommandInvocation(Remove-PSBreakpoint): "Remove-PSBreakpoint"
Transcript started, output file is ./transcript2017-09-12-10-21-11.txt
09/12/2017 10:21:11 - Nacitani json konfiguracniho souboru
09/12/2017 10:21:16 - Dokonce nacitani json konfiguracniho souboru
PS C:\avas> @{ 'computerName' = $env:ComputerName; 'processId' = $PID; 'instanceId' = $host.InstanceId }

Name                           Value
----                           -----
processId                      3108
computerName                   DESKTOP-V056PHL
instanceId                     5b2c0968-e524-4e98-9d3a-0ce301726e5f


