**********************
Windows PowerShell transcript start
Start time: 20170912111144
Username: DESKTOP-V056PHL\lukas
RunAs User: DESKTOP-V056PHL\lukas
Configuration Name: 
Machine: DESKTOP-V056PHL (Microsoft Windows NT 10.0.16353.0)
Host Application: C:\WINDOWS\System32\WindowsPowerShell\v1.0\powershell.exe -NoProfile -NonInteractive -ExecutionPolicy Bypass -Command & 'C:\Users\lukas\.vscode\extensions\ms-vscode.powershell-1.4.2\scripts\Start-EditorServices.ps1' -EditorServicesVersion '1.4.1' -HostName 'Visual Studio Code Host' -HostProfileId 'Microsoft.VSCode' -HostVersion '1.4.2' -AdditionalModules @('PowerShellEditorServices.VSCode') -BundledModulesPath 'C:\Users\lukas\.vscode\extensions\ms-vscode.powershell-1.4.2\modules' -EnableConsoleRepl -LogLevel 'Normal' -LogPath 'C:\Users\lukas\.vscode\extensions\ms-vscode.powershell-1.4.2\logs\1505207007-760bc1d3-5368-4017-bb5c-f396864f531c1505206960957\EditorServices.log' -SessionDetailsPath 'C:\Users\lukas\.vscode\extensions\ms-vscode.powershell-1.4.2\sessions\PSES-VSCode-8344-403728' -FeatureFlags @()
Process ID: 9440
PSVersion: 5.1.16353.1000
PSEdition: Desktop
PSCompatibleVersions: 1.0, 2.0, 3.0, 4.0, 5.0, 5.1.16353.1000
BuildVersion: 10.0.16353.1000
CLRVersion: 4.0.30319.42000
WSManStackVersion: 3.0
PSRemotingProtocolVersion: 2.3
SerializationVersion: 1.1.0.1
**********************
Transcript started, output file is ./transcript2017-09-12-11-11-44.txt
PS C:\avas> TerminatingError(Compare-Object): "Cannot bind argument to parameter 'DifferenceObject' because it is null."
Compare-Object : Cannot bind argument to parameter 'DifferenceObject' because it is null.
At C:\avas\hotfixy.ps1:6 char:60
+ ... Object -ReferenceObject $default -DifferenceObject $installed  -Prope ...
+                                                        ~~~~~~~~~~
    + CategoryInfo          : InvalidData: (:) [Compare-Object], ParameterBindingValidationException
    + FullyQualifiedErrorId : ParameterArgumentValidationErrorNullNotAllowed,Microsoft.PowerShell.Commands.CompareObject
Command
Compare-Object : Cannot bind argument to parameter 'DifferenceObject' because it is null.
At C:\avas\hotfixy.ps1:6 char:60
+ ... Object -ReferenceObject $default -DifferenceObject $installed  -Prope ...
+                                                        ~~~~~~~~~~
    + CategoryInfo          : InvalidData: (:) [Compare-Object], ParameterBindingValidationException
    + FullyQualifiedErrorId : ParameterArgumentValidationErrorNullNotAllowed,Microsoft.PowerShell.Commands.CompareObjectCommand



Scope               : System.Management.ManagementScope
Path                : \\MICA\root\cimv2:Win32_QuickFixEngineering.HotFixID="KB4022405",ServicePackInEffect=""
Options             : System.Management.ObjectGetOptions
ClassPath           : \\MICA\root\cimv2:Win32_QuickFixEngineering
Properties          : System.Management.PropertyData System.Management.PropertyData System.Management.PropertyData System.Management.PropertyData System.Management.Prop
                      ertyData System.Management.PropertyData System.Management.PropertyData System.Management.PropertyData System.Management.PropertyData System.Manage
                      ment.PropertyData System.Management.PropertyData
SystemProperties    : System.Management.PropertyData System.Management.PropertyData System.Management.PropertyData System.Management.PropertyData System.Management.Prop
                      ertyData System.Management.PropertyData System.Management.PropertyData System.Management.PropertyData System.Management.PropertyData System.Manage
                      ment.PropertyData
Qualifiers          : System.Management.QualifierData System.Management.QualifierData System.Management.QualifierData System.Management.QualifierData
Site                :
Container           :
PSComputerName      : MICA
InstalledOn         : @{value=13.06.2017 22:00:00; DateTime=středa 14. června 2017 0:00:00}
__GENUS             : 2
__CLASS             : Win32_QuickFixEngineering
__SUPERCLASS        : CIM_LogicalElement
__DYNASTY           : CIM_ManagedSystemElement
__RELPATH           : Win32_QuickFixEngineering.HotFixID="KB4022405",ServicePackInEffect=""
__PROPERTY_COUNT    : 11
__DERIVATION        : CIM_LogicalElement CIM_ManagedSystemElement
__SERVER            : MICA
__NAMESPACE         : root\cimv2
__PATH              : \\MICA\root\cimv2:Win32_QuickFixEngineering.HotFixID="KB4022405",ServicePackInEffect=""
Caption             : http://support.microsoft.com/?kbid=4022405
CSName              : MICA
Description         : Update
FixComments         :
HotFixID            : KB4022405
InstallDate         :
InstalledBy         : NT AUTHORITY\SYSTEM
Name                :
ServicePackInEffect :
Status              :

Scope               : System.Management.ManagementScope
Path                : \\MICA\root\cimv2:Win32_QuickFixEngineering.HotFixID="KB4034662",ServicePackInEffect=""
Options             : System.Management.ObjectGetOptions
ClassPath           : \\MICA\root\cimv2:Win32_QuickFixEngineering
Properties          : System.Management.PropertyData System.Management.PropertyData System.Management.PropertyData System.Management.PropertyData System.Management.Prop
                      ertyData System.Management.PropertyData System.Management.PropertyData System.Management.PropertyData System.Management.PropertyData System.Manage
                      ment.PropertyData System.Management.PropertyData
SystemProperties    : System.Management.PropertyData System.Management.PropertyData System.Management.PropertyData System.Management.PropertyData System.Management.Prop
                      ertyData System.Management.PropertyData System.Management.PropertyData System.Management.PropertyData System.Management.PropertyData System.Manage
                      ment.PropertyData
Qualifiers          : System.Management.QualifierData System.Management.QualifierData System.Management.QualifierData System.Management.QualifierData
Site                :
Container           :
PSComputerName      : MICA
InstalledOn         : @{value=09.08.2017 22:00:00; DateTime=čtvrtek 10. srpna 2017 0:00:00}
__GENUS             : 2
__CLASS             : Win32_QuickFixEngineering
__SUPERCLASS        : CIM_LogicalElement
__DYNASTY           : CIM_ManagedSystemElement
__RELPATH           : Win32_QuickFixEngineering.HotFixID="KB4034662",ServicePackInEffect=""
__PROPERTY_COUNT    : 11
__DERIVATION        : CIM_LogicalElement CIM_ManagedSystemElement
__SERVER            : MICA
__NAMESPACE         : root\cimv2
__PATH              : \\MICA\root\cimv2:Win32_QuickFixEngineering.HotFixID="KB4034662",ServicePackInEffect=""
Caption             : http://support.microsoft.com/?kbid=4034662
CSName              : MICA
Description         : Security Update
FixComments         :
HotFixID            : KB4034662
InstallDate         :
InstalledBy         : NT AUTHORITY\SYSTEM
Name                :
ServicePackInEffect :
Status              :

Scope               : System.Management.ManagementScope
Path                : \\MICA\root\cimv2:Win32_QuickFixEngineering.HotFixID="KB4034674",ServicePackInEffect=""
Options             : System.Management.ObjectGetOptions
ClassPath           : \\MICA\root\cimv2:Win32_QuickFixEngineering
Properties          : System.Management.PropertyData System.Management.PropertyData System.Management.PropertyData System.Management.PropertyData System.Management.Prop
                      ertyData System.Management.PropertyData System.Management.PropertyData System.Management.PropertyData System.Management.PropertyData System.Manage
                      ment.PropertyData System.Management.PropertyData
SystemProperties    : System.Management.PropertyData System.Management.PropertyData System.Management.PropertyData System.Management.PropertyData System.Management.Prop
                      ertyData System.Management.PropertyData System.Management.PropertyData System.Management.PropertyData System.Management.PropertyData System.Manage
                      ment.PropertyData
Qualifiers          : System.Management.QualifierData System.Management.QualifierData System.Management.QualifierData System.Management.QualifierData
Site                :
Container           :
PSComputerName      : MICA
InstalledOn         : @{value=11.08.2017 22:00:00; DateTime=sobota 12. srpna 2017 0:00:00}
__GENUS             : 2
__CLASS             : Win32_QuickFixEngineering
__SUPERCLASS        : CIM_LogicalElement
__DYNASTY           : CIM_ManagedSystemElement
__RELPATH           : Win32_QuickFixEngineering.HotFixID="KB4034674",ServicePackInEffect=""
__PROPERTY_COUNT    : 11
__DERIVATION        : CIM_LogicalElement CIM_ManagedSystemElement
__SERVER            : MICA
__NAMESPACE         : root\cimv2
__PATH              : \\MICA\root\cimv2:Win32_QuickFixEngineering.HotFixID="KB4034674",ServicePackInEffect=""
Caption             : http://support.microsoft.com/?kbid=4034674
CSName              : MICA
Description         : Security Update
FixComments         :
HotFixID            : KB4034674
InstallDate         :
InstalledBy         : NT AUTHORITY\SYSTEM
Name                :
ServicePackInEffect :
Status              :



PS C:\avas> @{ 'computerName' = $env:ComputerName; 'processId' = $PID; 'instanceId' = $host.InstanceId }

Name                           Value
----                           -----
processId                      9440
computerName                   DESKTOP-V056PHL
instanceId                     70ee7de7-5b8d-4b9a-ae64-5dc9745f8257


PS C:\avas> CommandInvocation(Get-PSBreakpoint): "Get-PSBreakpoint"
>> ParameterBinding(Get-PSBreakpoint): name="Type"; value="Command"
>> CommandInvocation(Remove-PSBreakpoint): "Remove-PSBreakpoint"
Transcript started, output file is ./transcript2017-09-12-11-12-02.txt
PS C:\avas> TerminatingError(Compare-Object): "Cannot bind argument to parameter 'DifferenceObject' because it is null."
Compare-Object : Cannot bind argument to parameter 'DifferenceObject' because it is null.
At C:\avas\hotfixy.ps1:6 char:60
+ ... Object -ReferenceObject $default -DifferenceObject $installed  -Prope ...
+                                                        ~~~~~~~~~~
    + CategoryInfo          : InvalidData: (:) [Compare-Object], ParameterBindingValidationException
    + FullyQualifiedErrorId : ParameterArgumentValidationErrorNullNotAllowed,Microsoft.PowerShell.Commands.CompareObject
Command
Compare-Object : Cannot bind argument to parameter 'DifferenceObject' because it is null.
At C:\avas\hotfixy.ps1:6 char:60
+ ... Object -ReferenceObject $default -DifferenceObject $installed  -Prope ...
+                                                        ~~~~~~~~~~
    + CategoryInfo          : InvalidData: (:) [Compare-Object], ParameterBindingValidationException
    + FullyQualifiedErrorId : ParameterArgumentValidationErrorNullNotAllowed,Microsoft.PowerShell.Commands.CompareObjectCommand



Scope               : System.Management.ManagementScope
Path                : \\MICA\root\cimv2:Win32_QuickFixEngineering.HotFixID="KB4022405",ServicePackInEffect=""
Options             : System.Management.ObjectGetOptions
ClassPath           : \\MICA\root\cimv2:Win32_QuickFixEngineering
Properties          : System.Management.PropertyData System.Management.PropertyData System.Management.PropertyData System.Management.PropertyData System.Management.Prop
                      ertyData System.Management.PropertyData System.Management.PropertyData System.Management.PropertyData System.Management.PropertyData System.Manage
                      ment.PropertyData System.Management.PropertyData
SystemProperties    : System.Management.PropertyData System.Management.PropertyData System.Management.PropertyData System.Management.PropertyData System.Management.Prop
                      ertyData System.Management.PropertyData System.Management.PropertyData System.Management.PropertyData System.Management.PropertyData System.Manage
                      ment.PropertyData
Qualifiers          : System.Management.QualifierData System.Management.QualifierData System.Management.QualifierData System.Management.QualifierData
Site                :
Container           :
PSComputerName      : MICA
InstalledOn         : @{value=13.06.2017 22:00:00; DateTime=středa 14. června 2017 0:00:00}
__GENUS             : 2
__CLASS             : Win32_QuickFixEngineering
__SUPERCLASS        : CIM_LogicalElement
__DYNASTY           : CIM_ManagedSystemElement
__RELPATH           : Win32_QuickFixEngineering.HotFixID="KB4022405",ServicePackInEffect=""
__PROPERTY_COUNT    : 11
__DERIVATION        : CIM_LogicalElement CIM_ManagedSystemElement
__SERVER            : MICA
__NAMESPACE         : root\cimv2
__PATH              : \\MICA\root\cimv2:Win32_QuickFixEngineering.HotFixID="KB4022405",ServicePackInEffect=""
Caption             : http://support.microsoft.com/?kbid=4022405
CSName              : MICA
Description         : Update
FixComments         :
HotFixID            : KB4022405
InstallDate         :
InstalledBy         : NT AUTHORITY\SYSTEM
Name                :
ServicePackInEffect :
Status              :

Scope               : System.Management.ManagementScope
Path                : \\MICA\root\cimv2:Win32_QuickFixEngineering.HotFixID="KB4034662",ServicePackInEffect=""
Options             : System.Management.ObjectGetOptions
ClassPath           : \\MICA\root\cimv2:Win32_QuickFixEngineering
Properties          : System.Management.PropertyData System.Management.PropertyData System.Management.PropertyData System.Management.PropertyData System.Management.Prop
                      ertyData System.Management.PropertyData System.Management.PropertyData System.Management.PropertyData System.Management.PropertyData System.Manage
                      ment.PropertyData System.Management.PropertyData
SystemProperties    : System.Management.PropertyData System.Management.PropertyData System.Management.PropertyData System.Management.PropertyData System.Management.Prop
                      ertyData System.Management.PropertyData System.Management.PropertyData System.Management.PropertyData System.Management.PropertyData System.Manage
                      ment.PropertyData
Qualifiers          : System.Management.QualifierData System.Management.QualifierData System.Management.QualifierData System.Management.QualifierData
Site                :
Container           :
PSComputerName      : MICA
InstalledOn         : @{value=09.08.2017 22:00:00; DateTime=čtvrtek 10. srpna 2017 0:00:00}
__GENUS             : 2
__CLASS             : Win32_QuickFixEngineering
__SUPERCLASS        : CIM_LogicalElement
__DYNASTY           : CIM_ManagedSystemElement
__RELPATH           : Win32_QuickFixEngineering.HotFixID="KB4034662",ServicePackInEffect=""
__PROPERTY_COUNT    : 11
__DERIVATION        : CIM_LogicalElement CIM_ManagedSystemElement
__SERVER            : MICA
__NAMESPACE         : root\cimv2
__PATH              : \\MICA\root\cimv2:Win32_QuickFixEngineering.HotFixID="KB4034662",ServicePackInEffect=""
Caption             : http://support.microsoft.com/?kbid=4034662
CSName              : MICA
Description         : Security Update
FixComments         :
HotFixID            : KB4034662
InstallDate         :
InstalledBy         : NT AUTHORITY\SYSTEM
Name                :
ServicePackInEffect :
Status              :

Scope               : System.Management.ManagementScope
Path                : \\MICA\root\cimv2:Win32_QuickFixEngineering.HotFixID="KB4034674",ServicePackInEffect=""
Options             : System.Management.ObjectGetOptions
ClassPath           : \\MICA\root\cimv2:Win32_QuickFixEngineering
Properties          : System.Management.PropertyData System.Management.PropertyData System.Management.PropertyData System.Management.PropertyData System.Management.Prop
                      ertyData System.Management.PropertyData System.Management.PropertyData System.Management.PropertyData System.Management.PropertyData System.Manage
                      ment.PropertyData System.Management.PropertyData
SystemProperties    : System.Management.PropertyData System.Management.PropertyData System.Management.PropertyData System.Management.PropertyData System.Management.Prop
                      ertyData System.Management.PropertyData System.Management.PropertyData System.Management.PropertyData System.Management.PropertyData System.Manage
                      ment.PropertyData
Qualifiers          : System.Management.QualifierData System.Management.QualifierData System.Management.QualifierData System.Management.QualifierData
Site                :
Container           :
PSComputerName      : MICA
InstalledOn         : @{value=11.08.2017 22:00:00; DateTime=sobota 12. srpna 2017 0:00:00}
__GENUS             : 2
__CLASS             : Win32_QuickFixEngineering
__SUPERCLASS        : CIM_LogicalElement
__DYNASTY           : CIM_ManagedSystemElement
__RELPATH           : Win32_QuickFixEngineering.HotFixID="KB4034674",ServicePackInEffect=""
__PROPERTY_COUNT    : 11
__DERIVATION        : CIM_LogicalElement CIM_ManagedSystemElement
__SERVER            : MICA
__NAMESPACE         : root\cimv2
__PATH              : \\MICA\root\cimv2:Win32_QuickFixEngineering.HotFixID="KB4034674",ServicePackInEffect=""
Caption             : http://support.microsoft.com/?kbid=4034674
CSName              : MICA
Description         : Security Update
FixComments         :
HotFixID            : KB4034674
InstallDate         :
InstalledBy         : NT AUTHORITY\SYSTEM
Name                :
ServicePackInEffect :
Status              :



PS C:\avas> @{ 'computerName' = $env:ComputerName; 'processId' = $PID; 'instanceId' = $host.InstanceId }

Name                           Value
----                           -----
processId                      9440
computerName                   DESKTOP-V056PHL
instanceId                     70ee7de7-5b8d-4b9a-ae64-5dc9745f8257


PS C:\avas> CommandInvocation(Get-PSBreakpoint): "Get-PSBreakpoint"
>> ParameterBinding(Get-PSBreakpoint): name="Type"; value="Command"
>> CommandInvocation(Remove-PSBreakpoint): "Remove-PSBreakpoint"
Transcript started, output file is ./transcript2017-09-12-11-12-13.txt

PS C:\avas> TerminatingError(Where-Object): "Cannot validate argument on parameter 'Property'. The argument is null or empty. Provide an argument that is not null or empty, and then try the command again."
Where-Object : Cannot validate argument on parameter 'Property'. The argument is null or empty. Provide an argument that
 is not null or empty, and then try the command again.
At C:\avas\sluzby.ps1:7 char:112
+ ... ct $installed  -Property DisplayName | where $_.SideIndicator -EQ "=> ...
+                                                  ~~~~~~~~~~~~~~~~
    + CategoryInfo          : InvalidData: (:) [Where-Object], ParameterBindingValidationException
    + FullyQualifiedErrorId : ParameterArgumentValidationError,Microsoft.PowerShell.Commands.WhereObjectCommand
Export-Csv : Cannot bind argument to parameter 'InputObject' because it is null.
At C:\avas\sluzby.ps1:10 char:13
+ $vysledek | Export-Csv "./sluzby$(get-date -f yyyy-MM-dd-hh-mm-ss).cs ...
+             ~~~~~~~~~~~~~~~~~~~~~~~~~~~~~~~~~~~~~~~~~~~~~~~~~~~~~~~~~
    + CategoryInfo          : InvalidData: (:) [Export-Csv], ParameterBindingValidationException
    + FullyQualifiedErrorId : ParameterArgumentValidationErrorNullNotAllowed,Microsoft.PowerShell.Commands.ExportCsvComm
and
DisplayName                                                           SideIndicator
-----------                                                           -------------
AssignedAccessManager Service                                         =>
Capability Access Manager Service                                     =>
Connected Devices Platform User Service_3477b                         =>
DevicesFlow_3477b                                                     =>
Diagnostic Execution Service                                          =>
Fax                                                                   =>
GraphicsPerfSvc                                                       =>
Služba Aktualizace Google (gupdate)                                   =>
Služba Aktualizace Google (gupdatem)                                  =>
Windows Store Install Service                                         =>
MessagingService_3477b                                                =>
Mozilla Maintenance Service                                           =>
Windows Defender Firewall                                             =>
NVIDIA Display Container LS                                           =>
Sync Host_3477b                                                       =>
Contact Data_3477b                                                    =>
PrintWorkflow_3477b                                                   =>
Windows PushToInstall Service                                         =>
Spatial Data Service                                                  =>
Web Account Manager                                                   =>
User Data Storage_3477b                                               =>
User Data Access_3477b                                                =>
WarpJITSvc                                                            =>
Local Profile Assistant Service                                       =>
Windows Media Player Network Sharing Service                          =>
Work Folders                                                          =>
Windows Push Notifications User Service_3477b                         =>
Adobe Acrobat Update Service                                          <=
Microsoft Monitoring Agent Audit Forwarding                           <=
Connected Devices Platform User Service_46504                         <=
DevicesFlow_46504                                                     <=
Intel(R) PROSet/Wireless Event Log                                    <=
Windows Presentation Foundation Font Cache 3.0.0.0                    <=
Google Update Service (gupdate)                                       <=
Google Update Service (gupdatem)                                      <=
Microsoft Monitoring Agent                                            <=
Host Network Service                                                  <=
HomeGroup Listener                                                    <=
Intel(R) Rapid Storage Technology                                     <=
Intel Bluetooth Service                                               <=
Intel(R) HD Graphics Control Panel Service                            <=
Intel(R) Capability Licensing Service TCP IP Interface                <=
Intel(R) PROSet Monitoring Service                                    <=
Intel(R) Security Assist                                              <=
Windows Phone IP over USB Transport (IpOverUsbSvc)                    <=
Intel(R) Security Assist Helper                                       <=
Intel(R) Dynamic Application Loader Host Interface Service            <=
Intel(R) Management and Security Application Local Management Service <=
MessagingService_46504                                                <=
Microsoft Dependency Agent                                            <=
Windows Firewall                                                      <=
Wireless PAN DHCP Server                                              <=
Net Driver HPZ12                                                      <=
Sync Host_46504                                                       <=
Contact Data_46504                                                    <=
Pml Driver HPZ12                                                      <=
Intel(R) PROSet/Wireless Registry Service                             <=
Realtek Audio Service                                                 <=
Sandboxie Service                                                     <=
Skype Updater                                                         <=
SQL Server VSS Writer                                                 <=
TeamViewer 12                                                         <=
TokenBroker                                                           <=
User Data Storage_46504                                               <=
User Data Access_46504                                                <=
Unified Write Filter Servicing Helper Service                         <=
Veeam Agent for Microsoft Windows                                     <=
Hyper-V Host Compute Service                                          <=
Hyper-V Virtual Machine Management                                    <=
VMware USB Arbitration Service                                        <=
LPA Service                                                           <=
Windows Push Notifications User Service_46504                         <=
Windows Driver Foundation - User-mode Driver Framework                <=
Intel(R) PROSet/Wireless Zero Configuration Service                   <=
Where-Object : Cannot validate argument on parameter 'Property'. The argument is null or empty. Provide an argument that is not null or empty, and then try the command
again.
At C:\avas\sluzby.ps1:7 char:112
+ ... ct $installed  -Property DisplayName | where $_.SideIndicator -EQ "=> ...
+                                                  ~~~~~~~~~~~~~~~~
    + CategoryInfo          : InvalidData: (:) [Where-Object], ParameterBindingValidationException
    + FullyQualifiedErrorId : ParameterArgumentValidationError,Microsoft.PowerShell.Commands.WhereObjectCommand

Export-Csv : Cannot bind argument to parameter 'InputObject' because it is null.
At C:\avas\sluzby.ps1:10 char:13
+ $vysledek | Export-Csv "./sluzby$(get-date -f yyyy-MM-dd-hh-mm-ss).cs ...
+             ~~~~~~~~~~~~~~~~~~~~~~~~~~~~~~~~~~~~~~~~~~~~~~~~~~~~~~~~~
    + CategoryInfo          : InvalidData: (:) [Export-Csv], ParameterBindingValidationException
    + FullyQualifiedErrorId : ParameterArgumentValidationErrorNullNotAllowed,Microsoft.PowerShell.Commands.ExportCsvCommand



PS C:\avas> @{ 'computerName' = $env:ComputerName; 'processId' = $PID; 'instanceId' = $host.InstanceId }

Name                           Value
----                           -----
processId                      9440
computerName                   DESKTOP-V056PHL
instanceId                     70ee7de7-5b8d-4b9a-ae64-5dc9745f8257


PS C:\avas> CommandInvocation(Get-PSBreakpoint): "Get-PSBreakpoint"
>> ParameterBinding(Get-PSBreakpoint): name="Type"; value="Command"
>> CommandInvocation(Remove-PSBreakpoint): "Remove-PSBreakpoint"
Transcript started, output file is ./transcript-avas-2017-09-12-11-12-24.txt
09/12/2017 11:12:24 - Nacitani json konfiguracniho souboru
09/12/2017 11:12:27 - Dokonceno nacitani json konfiguracniho souboru
18944000
DELL   - 1072009 | BIOS Date: 12/22/16 01:25:40 Ver: A20.00

value               DateTime
-----               --------
22.12.2016 0:00:00  čtvrtek 22. prosince 2016 1:00:00






































































MICA
420
07.09.2017 13:38:19 čtvrtek 7. září 2017 15:38:19
00000409
sicz.local

Not Installed





Not Installed



24.03.2017 20:35:51 pátek 24. března 2017 21:35:51



















































































































































































































































































































































































Not Installed
                    úterý 5. září 2017 6:09:54







































00000405























































































































































































































































































































































































































































































































































































































































































































































































































































































































































































































































































































































































































































































































































































































































































































































































































































































































































































































































































































































































































































































































































































































































































































































































































































































































































































Microsoft Windows 10 Pro
10.0.15063



































































































































































































































































0






















































































































































































0
NN
C:\WINDOWS\system32
00000405
20975616
C:\WINDOWS\TEMP
N
caith
False












































































































21
33
C:\WINDOWS
8
16289
Transcript started, output file is ./transcript2017-09-12-11-12-31.txt
2017/09/12 11:12:31, INF, Comparing hotfixes between the 2 hosts......
PS C:\avas> TerminatingError(Add-Content): "Cannot bind argument to parameter 'Path' because it is null."
Add-Content : Cannot bind argument to parameter 'Path' because it is null.
At C:\avas\hotfixy-logika.ps1:34 char:33
+            $bytes | add-content $logfile -enc byte
+                                 ~~~~~~~~
    + CategoryInfo          : InvalidData: (:) [Add-Content], ParameterBindingValidationException
    + FullyQualifiedErrorId : ParameterArgumentValidationErrorNullNotAllowed,Microsoft.PowerShell.Commands.AddContentCom
mand
Add-Content : Cannot bind argument to parameter 'Path' because it is null.
At C:\avas\hotfixy-logika.ps1:34 char:33
+            $bytes | add-content $logfile -enc byte
+                                 ~~~~~~~~
    + CategoryInfo          : InvalidData: (:) [Add-Content], ParameterBindingValidationException
    + FullyQualifiedErrorId : ParameterArgumentValidationErrorNullNotAllowed,Microsoft.PowerShell.Commands.AddContentCommand

PS C:\avas> TerminatingError(Compare-Object): "Cannot bind argument to parameter 'ReferenceObject' because it is null."
Compare-Object : Cannot bind argument to parameter 'ReferenceObject' because it is null.
At C:\avas\avas-ok.ps1:84 char:61
+ ...     {$comparedHotfixes = compare-object $fobjColl[0].hotfixes $fobjCo ...
+                                             ~~~~~~~~~~~~~~~~~~~~~
    + CategoryInfo          : InvalidData: (:) [Compare-Object], ParameterBindingValidationException
    + FullyQualifiedErrorId : ParameterArgumentValidationErrorNullNotAllowed,Microsoft.PowerShell.Commands.CompareObject
Command
Compare-Object : Cannot bind argument to parameter 'ReferenceObject' because it is null.
At C:\avas\avas-ok.ps1:84 char:61
+ ...     {$comparedHotfixes = compare-object $fobjColl[0].hotfixes $fobjCo ...
+                                             ~~~~~~~~~~~~~~~~~~~~~
    + CategoryInfo          : InvalidData: (:) [Compare-Object], ParameterBindingValidationException
    + FullyQualifiedErrorId : ParameterArgumentValidationErrorNullNotAllowed,Microsoft.PowerShell.Commands.CompareObjectCommand

[done]
PS C:\avas> TerminatingError(Add-Content): "Cannot bind argument to parameter 'Path' because it is null."
Add-Content : Cannot bind argument to parameter 'Path' because it is null.
At C:\avas\hotfixy-logika.ps1:38 char:24
+            Add-Content $logfile $message
+                        ~~~~~~~~
    + CategoryInfo          : InvalidData: (:) [Add-Content], ParameterBindingValidationException
    + FullyQualifiedErrorId : ParameterArgumentValidationErrorNullNotAllowed,Microsoft.PowerShell.Commands.AddContentCom
mand
Add-Content : Cannot bind argument to parameter 'Path' because it is null.
At C:\avas\hotfixy-logika.ps1:38 char:24
+            Add-Content $logfile $message
+                        ~~~~~~~~
    + CategoryInfo          : InvalidData: (:) [Add-Content], ParameterBindingValidationException
    + FullyQualifiedErrorId : ParameterArgumentValidationErrorNullNotAllowed,Microsoft.PowerShell.Commands.AddContentCommand



PS C:\avas> @{ 'computerName' = $env:ComputerName; 'processId' = $PID; 'instanceId' = $host.InstanceId }

Name                           Value
----                           -----
processId                      9440
computerName                   DESKTOP-V056PHL
instanceId                     70ee7de7-5b8d-4b9a-ae64-5dc9745f8257


PS C:\avas> CommandInvocation(Get-Command): "Get-Command"
>> ParameterBinding(Get-Command): name="ErrorAction"; value="Ignore"
>> ParameterBinding(Get-Command): name="Name"; value="compare-object"

CommandType     Name                                               Version    Source
-----------     ----                                               -------    ------
Cmdlet          Compare-Object                                     3.1.0.0    Microsoft.PowerShell.Utility


PS C:\avas> CommandInvocation(Get-Help): "Get-Help"
>> ParameterBinding(Get-Help): name="ErrorAction"; value="Ignore"
>> ParameterBinding(Get-Help): name="Name"; value="Compare-Object"

NAME
    Compare-Object

SYNOPSIS
    Compares two sets of objects.


SYNTAX
    Compare-Object [-ReferenceObject] <PSObject[]> [-DifferenceObject] <PSObject[]> [-CaseSensitive] [-Culture <String>] [-ExcludeDifferent] [-IncludeEqual] [-PassThru]
     [-Property <Object[]>] [-SyncWindow <Int32>] [<CommonParameters>]


DESCRIPTION
    The Compare-Object cmdlet compares two sets of objects. One set of objects is the "reference set," and the other set is the "difference set."

    The result of the comparison indicates whether a property value appeared only in the object from the reference set (indicated by the <= symbol), only in the object
    from the difference set (indicated by the => symbol) or, if the IncludeEqual parameter is specified, in both objects (indicated by the == symbol).

    If the reference set or the difference set is null ($null), this cmdlet generates a terminating error.


RELATED LINKS
    Online Version: http://go.microsoft.com/fwlink/?LinkId=821751
    Group-Object
    Measure-Object
    New-Object
    Select-Object
    Sort-Object
    Tee-Object

REMARKS
    To see the examples, type: "get-help Compare-Object -examples".
    For more information, type: "get-help Compare-Object -detailed".
    For technical information, type: "get-help Compare-Object -full".
    For online help, type: "get-help Compare-Object -online"


PS C:\avas> CommandInvocation(Get-PSBreakpoint): "Get-PSBreakpoint"
>> ParameterBinding(Get-PSBreakpoint): name="Type"; value="Command"
>> CommandInvocation(Remove-PSBreakpoint): "Remove-PSBreakpoint"
Transcript started, output file is ./transcript-avas-2017-09-12-11-12-48.txt
09/12/2017 11:12:48 - Nacitani json konfiguracniho souboru
09/12/2017 11:12:52 - Dokonceno nacitani json konfiguracniho souboru
18944000
DELL   - 1072009 | BIOS Date: 12/22/16 01:25:40 Ver: A20.00

value               DateTime
-----               --------
22.12.2016 0:00:00  čtvrtek 22. prosince 2016 1:00:00






































































MICA
420
07.09.2017 13:38:19 čtvrtek 7. září 2017 15:38:19
00000409
sicz.local

Not Installed





Not Installed



24.03.2017 20:35:51 pátek 24. března 2017 21:35:51



















































































































































































































































































































































































Not Installed
                    úterý 5. září 2017 6:09:54







































00000405























































































































































































































































































































































































































































































































































































































































































































































































































































































































































































































































































































































































































































































































































































































































































































































































































































































































































































































































































































































































































































































































































































































































































































































































































































































































































































Microsoft Windows 10 Pro
10.0.15063



































































































































































































































































0






















































































































































































0
NN
C:\WINDOWS\system32
00000405
20975616
C:\WINDOWS\TEMP
N
caith
False












































































































21
33
C:\WINDOWS
8
16289
Transcript started, output file is ./transcript2017-09-12-11-12-57.txt
2017/09/12 11:12:57, INF, Comparing hotfixes between the 2 hosts......
PS C:\avas> TerminatingError(Add-Content): "Cannot bind argument to parameter 'Path' because it is null."
Add-Content : Cannot bind argument to parameter 'Path' because it is null.
At C:\avas\hotfixy-logika.ps1:34 char:33
+            $bytes | add-content $logfile -enc byte
+                                 ~~~~~~~~
    + CategoryInfo          : InvalidData: (:) [Add-Content], ParameterBindingValidationException
    + FullyQualifiedErrorId : ParameterArgumentValidationErrorNullNotAllowed,Microsoft.PowerShell.Commands.AddContentCom
mand
Add-Content : Cannot bind argument to parameter 'Path' because it is null.
At C:\avas\hotfixy-logika.ps1:34 char:33
+            $bytes | add-content $logfile -enc byte
+                                 ~~~~~~~~
    + CategoryInfo          : InvalidData: (:) [Add-Content], ParameterBindingValidationException
    + FullyQualifiedErrorId : ParameterArgumentValidationErrorNullNotAllowed,Microsoft.PowerShell.Commands.AddContentCommand

PS C:\avas> TerminatingError(Compare-Object): "Cannot bind argument to parameter 'ReferenceObject' because it is null."
Compare-Object : Cannot bind argument to parameter 'ReferenceObject' because it is null.
At C:\avas\avas-ok.ps1:84 char:61
+ ...     {$comparedHotfixes = compare-object $fobjColl[0].hotfixes $fobjCo ...
+                                             ~~~~~~~~~~~~~~~~~~~~~
    + CategoryInfo          : InvalidData: (:) [Compare-Object], ParameterBindingValidationException
    + FullyQualifiedErrorId : ParameterArgumentValidationErrorNullNotAllowed,Microsoft.PowerShell.Commands.CompareObject
Command
Compare-Object : Cannot bind argument to parameter 'ReferenceObject' because it is null.
At C:\avas\avas-ok.ps1:84 char:61
+ ...     {$comparedHotfixes = compare-object $fobjColl[0].hotfixes $fobjCo ...
+                                             ~~~~~~~~~~~~~~~~~~~~~
    + CategoryInfo          : InvalidData: (:) [Compare-Object], ParameterBindingValidationException
    + FullyQualifiedErrorId : ParameterArgumentValidationErrorNullNotAllowed,Microsoft.PowerShell.Commands.CompareObjectCommand

[done]
PS C:\avas> TerminatingError(Add-Content): "Cannot bind argument to parameter 'Path' because it is null."
Add-Content : Cannot bind argument to parameter 'Path' because it is null.
At C:\avas\hotfixy-logika.ps1:38 char:24
+            Add-Content $logfile $message
+                        ~~~~~~~~
    + CategoryInfo          : InvalidData: (:) [Add-Content], ParameterBindingValidationException
    + FullyQualifiedErrorId : ParameterArgumentValidationErrorNullNotAllowed,Microsoft.PowerShell.Commands.AddContentCom
mand
Add-Content : Cannot bind argument to parameter 'Path' because it is null.
At C:\avas\hotfixy-logika.ps1:38 char:24
+            Add-Content $logfile $message
+                        ~~~~~~~~
    + CategoryInfo          : InvalidData: (:) [Add-Content], ParameterBindingValidationException
    + FullyQualifiedErrorId : ParameterArgumentValidationErrorNullNotAllowed,Microsoft.PowerShell.Commands.AddContentCommand



PS C:\avas> @{ 'computerName' = $env:ComputerName; 'processId' = $PID; 'instanceId' = $host.InstanceId }

Name                           Value
----                           -----
processId                      9440
computerName                   DESKTOP-V056PHL
instanceId                     70ee7de7-5b8d-4b9a-ae64-5dc9745f8257


PS C:\avas> CommandInvocation(Get-PSBreakpoint): "Get-PSBreakpoint"
>> ParameterBinding(Get-PSBreakpoint): name="Type"; value="Command"
>> CommandInvocation(Remove-PSBreakpoint): "Remove-PSBreakpoint"
Transcript started, output file is ./transcript-avas-2017-09-12-11-13-00.txt
09/12/2017 11:13:00 - Nacitani json konfiguracniho souboru
09/12/2017 11:13:03 - Dokonceno nacitani json konfiguracniho souboru
18944000
DELL   - 1072009 | BIOS Date: 12/22/16 01:25:40 Ver: A20.00

value               DateTime
-----               --------
22.12.2016 0:00:00  čtvrtek 22. prosince 2016 1:00:00






































































MICA
420
07.09.2017 13:38:19 čtvrtek 7. září 2017 15:38:19
00000409
sicz.local

Not Installed





Not Installed



24.03.2017 20:35:51 pátek 24. března 2017 21:35:51



















































































































































































































































































































































































Not Installed
                    úterý 5. září 2017 6:09:54







































00000405























































































































































































































































































































































































































































































































































































































































































































































































































































































































































































































































































































































































































































































































































































































































































































































































































































































































































































































































































































































































































































































































































































































































































































































































































































































































































































Microsoft Windows 10 Pro
10.0.15063



































































































































































































































































0






















































































































































































0
NN
C:\WINDOWS\system32
00000405
20975616
C:\WINDOWS\TEMP
N
caith
False












































































































21
33
C:\WINDOWS
8
16289
Transcript started, output file is ./transcript2017-09-12-11-13-08.txt
2017/09/12 11:13:08, INF, Comparing hotfixes between the 2 hosts......
PS C:\avas> TerminatingError(Add-Content): "Cannot bind argument to parameter 'Path' because it is null."
Add-Content : Cannot bind argument to parameter 'Path' because it is null.
At C:\avas\hotfixy-logika.ps1:34 char:33
+            $bytes | add-content $logfile -enc byte
+                                 ~~~~~~~~
    + CategoryInfo          : InvalidData: (:) [Add-Content], ParameterBindingValidationException
    + FullyQualifiedErrorId : ParameterArgumentValidationErrorNullNotAllowed,Microsoft.PowerShell.Commands.AddContentCom
mand
Add-Content : Cannot bind argument to parameter 'Path' because it is null.
At C:\avas\hotfixy-logika.ps1:34 char:33
+            $bytes | add-content $logfile -enc byte
+                                 ~~~~~~~~
    + CategoryInfo          : InvalidData: (:) [Add-Content], ParameterBindingValidationException
    + FullyQualifiedErrorId : ParameterArgumentValidationErrorNullNotAllowed,Microsoft.PowerShell.Commands.AddContentCommand

PS C:\avas> TerminatingError(Compare-Object): "Cannot bind argument to parameter 'ReferenceObject' because it is null."
Compare-Object : Cannot bind argument to parameter 'ReferenceObject' because it is null.
At C:\avas\avas-ok.ps1:84 char:61
+ ...     {$comparedHotfixes = compare-object $fobjColl[0].hotfixes $fobjCo ...
+                                             ~~~~~~~~~~~~~~~~~~~~~
    + CategoryInfo          : InvalidData: (:) [Compare-Object], ParameterBindingValidationException
    + FullyQualifiedErrorId : ParameterArgumentValidationErrorNullNotAllowed,Microsoft.PowerShell.Commands.CompareObject
Command
Compare-Object : Cannot bind argument to parameter 'ReferenceObject' because it is null.
At C:\avas\avas-ok.ps1:84 char:61
+ ...     {$comparedHotfixes = compare-object $fobjColl[0].hotfixes $fobjCo ...
+                                             ~~~~~~~~~~~~~~~~~~~~~
    + CategoryInfo          : InvalidData: (:) [Compare-Object], ParameterBindingValidationException
    + FullyQualifiedErrorId : ParameterArgumentValidationErrorNullNotAllowed,Microsoft.PowerShell.Commands.CompareObjectCommand

[done]
PS C:\avas> TerminatingError(Add-Content): "Cannot bind argument to parameter 'Path' because it is null."
Add-Content : Cannot bind argument to parameter 'Path' because it is null.
At C:\avas\hotfixy-logika.ps1:38 char:24
+            Add-Content $logfile $message
+                        ~~~~~~~~
    + CategoryInfo          : InvalidData: (:) [Add-Content], ParameterBindingValidationException
    + FullyQualifiedErrorId : ParameterArgumentValidationErrorNullNotAllowed,Microsoft.PowerShell.Commands.AddContentCom
mand
Add-Content : Cannot bind argument to parameter 'Path' because it is null.
At C:\avas\hotfixy-logika.ps1:38 char:24
+            Add-Content $logfile $message
+                        ~~~~~~~~
    + CategoryInfo          : InvalidData: (:) [Add-Content], ParameterBindingValidationException
    + FullyQualifiedErrorId : ParameterArgumentValidationErrorNullNotAllowed,Microsoft.PowerShell.Commands.AddContentCommand



PS C:\avas> @{ 'computerName' = $env:ComputerName; 'processId' = $PID; 'instanceId' = $host.InstanceId }

Name                           Value
----                           -----
processId                      9440
computerName                   DESKTOP-V056PHL
instanceId                     70ee7de7-5b8d-4b9a-ae64-5dc9745f8257


PS C:\avas> CommandInvocation(Get-PSBreakpoint): "Get-PSBreakpoint"
>> ParameterBinding(Get-PSBreakpoint): name="Type"; value="Command"
>> CommandInvocation(Remove-PSBreakpoint): "Remove-PSBreakpoint"
Transcript started, output file is ./transcript2017-09-12-11-13-11.txt
PS C:\avas> TerminatingError(Compare-Object): "Cannot bind argument to parameter 'DifferenceObject' because it is null."
Compare-Object : Cannot bind argument to parameter 'DifferenceObject' because it is null.
At C:\avas\hotfixy.ps1:6 char:60
+ ... Object -ReferenceObject $default -DifferenceObject $installed  -Prope ...
+                                                        ~~~~~~~~~~
    + CategoryInfo          : InvalidData: (:) [Compare-Object], ParameterBindingValidationException
    + FullyQualifiedErrorId : ParameterArgumentValidationErrorNullNotAllowed,Microsoft.PowerShell.Commands.CompareObject
Command
Compare-Object : Cannot bind argument to parameter 'DifferenceObject' because it is null.
At C:\avas\hotfixy.ps1:6 char:60
+ ... Object -ReferenceObject $default -DifferenceObject $installed  -Prope ...
+                                                        ~~~~~~~~~~
    + CategoryInfo          : InvalidData: (:) [Compare-Object], ParameterBindingValidationException
    + FullyQualifiedErrorId : ParameterArgumentValidationErrorNullNotAllowed,Microsoft.PowerShell.Commands.CompareObjectCommand



Scope               : System.Management.ManagementScope
Path                : \\MICA\root\cimv2:Win32_QuickFixEngineering.HotFixID="KB4022405",ServicePackInEffect=""
Options             : System.Management.ObjectGetOptions
ClassPath           : \\MICA\root\cimv2:Win32_QuickFixEngineering
Properties          : System.Management.PropertyData System.Management.PropertyData System.Management.PropertyData System.Management.PropertyData System.Management.Prop
                      ertyData System.Management.PropertyData System.Management.PropertyData System.Management.PropertyData System.Management.PropertyData System.Manage
                      ment.PropertyData System.Management.PropertyData
SystemProperties    : System.Management.PropertyData System.Management.PropertyData System.Management.PropertyData System.Management.PropertyData System.Management.Prop
                      ertyData System.Management.PropertyData System.Management.PropertyData System.Management.PropertyData System.Management.PropertyData System.Manage
                      ment.PropertyData
Qualifiers          : System.Management.QualifierData System.Management.QualifierData System.Management.QualifierData System.Management.QualifierData
Site                :
Container           :
PSComputerName      : MICA
InstalledOn         : @{value=13.06.2017 22:00:00; DateTime=středa 14. června 2017 0:00:00}
__GENUS             : 2
__CLASS             : Win32_QuickFixEngineering
__SUPERCLASS        : CIM_LogicalElement
__DYNASTY           : CIM_ManagedSystemElement
__RELPATH           : Win32_QuickFixEngineering.HotFixID="KB4022405",ServicePackInEffect=""
__PROPERTY_COUNT    : 11
__DERIVATION        : CIM_LogicalElement CIM_ManagedSystemElement
__SERVER            : MICA
__NAMESPACE         : root\cimv2
__PATH              : \\MICA\root\cimv2:Win32_QuickFixEngineering.HotFixID="KB4022405",ServicePackInEffect=""
Caption             : http://support.microsoft.com/?kbid=4022405
CSName              : MICA
Description         : Update
FixComments         :
HotFixID            : KB4022405
InstallDate         :
InstalledBy         : NT AUTHORITY\SYSTEM
Name                :
ServicePackInEffect :
Status              :

Scope               : System.Management.ManagementScope
Path                : \\MICA\root\cimv2:Win32_QuickFixEngineering.HotFixID="KB4034662",ServicePackInEffect=""
Options             : System.Management.ObjectGetOptions
ClassPath           : \\MICA\root\cimv2:Win32_QuickFixEngineering
Properties          : System.Management.PropertyData System.Management.PropertyData System.Management.PropertyData System.Management.PropertyData System.Management.Prop
                      ertyData System.Management.PropertyData System.Management.PropertyData System.Management.PropertyData System.Management.PropertyData System.Manage
                      ment.PropertyData System.Management.PropertyData
SystemProperties    : System.Management.PropertyData System.Management.PropertyData System.Management.PropertyData System.Management.PropertyData System.Management.Prop
                      ertyData System.Management.PropertyData System.Management.PropertyData System.Management.PropertyData System.Management.PropertyData System.Manage
                      ment.PropertyData
Qualifiers          : System.Management.QualifierData System.Management.QualifierData System.Management.QualifierData System.Management.QualifierData
Site                :
Container           :
PSComputerName      : MICA
InstalledOn         : @{value=09.08.2017 22:00:00; DateTime=čtvrtek 10. srpna 2017 0:00:00}
__GENUS             : 2
__CLASS             : Win32_QuickFixEngineering
__SUPERCLASS        : CIM_LogicalElement
__DYNASTY           : CIM_ManagedSystemElement
__RELPATH           : Win32_QuickFixEngineering.HotFixID="KB4034662",ServicePackInEffect=""
__PROPERTY_COUNT    : 11
__DERIVATION        : CIM_LogicalElement CIM_ManagedSystemElement
__SERVER            : MICA
__NAMESPACE         : root\cimv2
__PATH              : \\MICA\root\cimv2:Win32_QuickFixEngineering.HotFixID="KB4034662",ServicePackInEffect=""
Caption             : http://support.microsoft.com/?kbid=4034662
CSName              : MICA
Description         : Security Update
FixComments         :
HotFixID            : KB4034662
InstallDate         :
InstalledBy         : NT AUTHORITY\SYSTEM
Name                :
ServicePackInEffect :
Status              :

Scope               : System.Management.ManagementScope
Path                : \\MICA\root\cimv2:Win32_QuickFixEngineering.HotFixID="KB4034674",ServicePackInEffect=""
Options             : System.Management.ObjectGetOptions
ClassPath           : \\MICA\root\cimv2:Win32_QuickFixEngineering
Properties          : System.Management.PropertyData System.Management.PropertyData System.Management.PropertyData System.Management.PropertyData System.Management.Prop
                      ertyData System.Management.PropertyData System.Management.PropertyData System.Management.PropertyData System.Management.PropertyData System.Manage
                      ment.PropertyData System.Management.PropertyData
SystemProperties    : System.Management.PropertyData System.Management.PropertyData System.Management.PropertyData System.Management.PropertyData System.Management.Prop
                      ertyData System.Management.PropertyData System.Management.PropertyData System.Management.PropertyData System.Management.PropertyData System.Manage
                      ment.PropertyData
Qualifiers          : System.Management.QualifierData System.Management.QualifierData System.Management.QualifierData System.Management.QualifierData
Site                :
Container           :
PSComputerName      : MICA
InstalledOn         : @{value=11.08.2017 22:00:00; DateTime=sobota 12. srpna 2017 0:00:00}
__GENUS             : 2
__CLASS             : Win32_QuickFixEngineering
__SUPERCLASS        : CIM_LogicalElement
__DYNASTY           : CIM_ManagedSystemElement
__RELPATH           : Win32_QuickFixEngineering.HotFixID="KB4034674",ServicePackInEffect=""
__PROPERTY_COUNT    : 11
__DERIVATION        : CIM_LogicalElement CIM_ManagedSystemElement
__SERVER            : MICA
__NAMESPACE         : root\cimv2
__PATH              : \\MICA\root\cimv2:Win32_QuickFixEngineering.HotFixID="KB4034674",ServicePackInEffect=""
Caption             : http://support.microsoft.com/?kbid=4034674
CSName              : MICA
Description         : Security Update
FixComments         :
HotFixID            : KB4034674
InstallDate         :
InstalledBy         : NT AUTHORITY\SYSTEM
Name                :
ServicePackInEffect :
Status              :



PS C:\avas> @{ 'computerName' = $env:ComputerName; 'processId' = $PID; 'instanceId' = $host.InstanceId }

Name                           Value
----                           -----
processId                      9440
computerName                   DESKTOP-V056PHL
instanceId                     70ee7de7-5b8d-4b9a-ae64-5dc9745f8257


