**********************
Windows PowerShell transcript start
Start time: 20170908124559
Username: DESKTOP-V056PHL\lukas
RunAs User: DESKTOP-V056PHL\lukas
Configuration Name: 
Machine: DESKTOP-V056PHL (Microsoft Windows NT 10.0.16281.0)
Host Application: C:\Windows\System32\WindowsPowerShell\v1.0\powershell.exe -NoProfile -NonInteractive -ExecutionPolicy Bypass -Command & 'C:\Users\lukas\.vscode\extensions\ms-vscode.powershell-1.4.2\scripts\Start-EditorServices.ps1' -EditorServicesVersion '1.4.1' -HostName 'Visual Studio Code Host' -HostProfileId 'Microsoft.VSCode' -HostVersion '1.4.2' -AdditionalModules @('PowerShellEditorServices.VSCode') -BundledModulesPath 'C:\Users\lukas\.vscode\extensions\ms-vscode.powershell-1.4.2\modules' -EnableConsoleRepl -LogLevel 'Normal' -LogPath 'C:\Users\lukas\.vscode\extensions\ms-vscode.powershell-1.4.2\logs\1504861354-dd961e7f-5520-4f10-a8de-6d4f817f461e1504861349061\EditorServices.log' -SessionDetailsPath 'C:\Users\lukas\.vscode\extensions\ms-vscode.powershell-1.4.2\sessions\PSES-VSCode-11944-752647' -FeatureFlags @()
Process ID: 11608
PSVersion: 5.1.16281.1000
PSEdition: Desktop
PSCompatibleVersions: 1.0, 2.0, 3.0, 4.0, 5.0, 5.1.16281.1000
BuildVersion: 10.0.16281.1000
CLRVersion: 4.0.30319.42000
WSManStackVersion: 3.0
PSRemotingProtocolVersion: 2.3
SerializationVersion: 1.1.0.1
**********************
Transcript started, output file is ./transcript2017-09-08-12-45-59.txt
PS C:\avas> @{ 'computerName' = $env:ComputerName; 'processId' = $PID; 'instanceId' = $host.InstanceId }

Name                           Value
----                           -----
processId                      11608
computerName                   DESKTOP-V056PHL
instanceId                     71646db7-335b-4e39-bb31-ba0f766cc97f


PS C:\avas> CommandInvocation(Get-Command): "Get-Command"
>> ParameterBinding(Get-Command): name="ErrorAction"; value="Ignore"
>> ParameterBinding(Get-Command): name="Name"; value="Get-Content"

CommandType     Name                                               Version    Source
-----------     ----                                               -------    ------
Cmdlet          Get-Content                                        3.1.0.0    Microsoft.PowerShell.Management


PS C:\avas> CommandInvocation(Get-Help): "Get-Help"
>> ParameterBinding(Get-Help): name="ErrorAction"; value="Ignore"
>> ParameterBinding(Get-Help): name="Name"; value="Get-Content"

NAME
    Get-Content

SYNTAX
    Get-Content [-Path] <string[]> [-ReadCount <long>] [-TotalCount <long>] [-Tail <int>] [-Filter <string>] [-Include <string[]>] [-Exclude <string[]>] [-Force] [-Cred
    ential <pscredential>] [-UseTransaction] [-Delimiter <string>] [-Wait] [-Raw] [-Encoding {Unknown | String | Unicode | Byte | BigEndianUnicode | UTF8 | UTF7 | UTF32
     | Ascii | Default | Oem | BigEndianUTF32}] [-Stream <string>]  [<CommonParameters>]

    Get-Content -LiteralPath <string[]> [-ReadCount <long>] [-TotalCount <long>] [-Tail <int>] [-Filter <string>] [-Include <string[]>] [-Exclude <string[]>] [-Force] [
    -Credential <pscredential>] [-UseTransaction] [-Delimiter <string>] [-Wait] [-Raw] [-Encoding {Unknown | String | Unicode | Byte | BigEndianUnicode | UTF8 | UTF7 |
    UTF32 | Ascii | Default | Oem | BigEndianUTF32}] [-Stream <string>]  [<CommonParameters>]


ALIASES
    gc
    cat
    type


REMARKS
    Get-Help cannot find the Help files for this cmdlet on this computer. It is displaying only partial help.
        -- To download and install Help files for the module that includes this cmdlet, use Update-Help.
        -- To view the Help topic for this cmdlet online, type: "Get-Help Get-Content -Online" or
           go to https://go.microsoft.com/fwlink/?LinkID=113310.



PS C:\avas> CommandInvocation(Get-Command): "Get-Command"
>> ParameterBinding(Get-Command): name="ErrorAction"; value="Ignore"
>> ParameterBinding(Get-Command): name="Name"; value="ConvertFrom-Json"

CommandType     Name                                               Version    Source
-----------     ----                                               -------    ------
Cmdlet          ConvertFrom-Json                                   3.1.0.0    Microsoft.PowerShell.Utility


PS C:\avas> CommandInvocation(Get-Help): "Get-Help"
>> ParameterBinding(Get-Help): name="ErrorAction"; value="Ignore"
>> ParameterBinding(Get-Help): name="Name"; value="ConvertFrom-Json"

NAME
    ConvertFrom-Json

SYNTAX
    ConvertFrom-Json [-InputObject] <string>  [<CommonParameters>]


ALIASES
    None


REMARKS
    Get-Help cannot find the Help files for this cmdlet on this computer. It is displaying only partial help.
        -- To download and install Help files for the module that includes this cmdlet, use Update-Help.
        -- To view the Help topic for this cmdlet online, type: "Get-Help ConvertFrom-Json -Online" or
           go to https://go.microsoft.com/fwlink/?LinkID=217031.



PS C:\avas> CommandInvocation(Get-Command): "Get-Command"
>> ParameterBinding(Get-Command): name="ErrorAction"; value="Ignore"
>> ParameterBinding(Get-Command): name="Name"; value="Compare-Json"

CommandType     Name                                               Version    Source
-----------     ----                                               -------    ------
Function        Compare-Json


PS C:\avas> CommandInvocation(Get-Help): "Get-Help"
>> ParameterBinding(Get-Help): name="ErrorAction"; value="Ignore"
>> ParameterBinding(Get-Help): name="Name"; value="Compare-Json"

NAME
    Compare-Json

SYNTAX
    Compare-Json


ALIASES
    None


REMARKS
    None



PS C:\avas> CommandInvocation(Get-Command): "Get-Command"
>> ParameterBinding(Get-Command): name="ErrorAction"; value="Ignore"
>> ParameterBinding(Get-Command): name="Name"; value="Configuration"

CommandType     Name                                               Version    Source
-----------     ----                                               -------    ------
Function        Configuration                                      1.1        PSDesiredStateConfiguration


PS C:\avas> CommandInvocation(Get-Help): "Get-Help"
>> ParameterBinding(Get-Help): name="ErrorAction"; value="Ignore"
>> ParameterBinding(Get-Help): name="Name"; value="Configuration"

NAME
    Configuration

SYNTAX
    Configuration [[-ResourceModuleTuplesToImport] <List[Tuple[string[],ModuleSpecification[],version]]>] [[-OutputPath] <Object>] [[-Name] <Object>] [[-Body] <scriptbl
    ock>] [[-ArgsToBody] <hashtable>] [[-ConfigurationData] <hashtable>] [[-InstanceName] <string>]  [<CommonParameters>]


ALIASES
    None


REMARKS
    Get-Help cannot find the Help files for this cmdlet on this computer. It is displaying only partial help.
        -- To download and install Help files for the module that includes this cmdlet, use Update-Help.
        -- To view the Help topic for this cmdlet online, type: "Get-Help Configuration -Online" or
           go to https://go.microsoft.com/fwlink/?LinkId=517195.



PS C:\avas> CommandInvocation(Get-Command): "Get-Command"
>> ParameterBinding(Get-Command): name="ErrorAction"; value="Ignore"
>> ParameterBinding(Get-Command): name="Name"; value="Convert-Path"

CommandType     Name                                               Version    Source
-----------     ----                                               -------    ------
Cmdlet          Convert-Path                                       3.1.0.0    Microsoft.PowerShell.Management


PS C:\avas> CommandInvocation(Get-Help): "Get-Help"
>> ParameterBinding(Get-Help): name="ErrorAction"; value="Ignore"
>> ParameterBinding(Get-Help): name="Name"; value="Convert-Path"

NAME
    Convert-Path

SYNTAX
    Convert-Path [-Path] <string[]> [-UseTransaction]  [<CommonParameters>]

    Convert-Path -LiteralPath <string[]> [-UseTransaction]  [<CommonParameters>]


ALIASES
    cvpa


REMARKS
    Get-Help cannot find the Help files for this cmdlet on this computer. It is displaying only partial help.
        -- To download and install Help files for the module that includes this cmdlet, use Update-Help.
        -- To view the Help topic for this cmdlet online, type: "Get-Help Convert-Path -Online" or
           go to https://go.microsoft.com/fwlink/?LinkID=113289.



PS C:\avas> CommandInvocation(Get-Command): "Get-Command"
>> ParameterBinding(Get-Command): name="ErrorAction"; value="Ignore"
>> ParameterBinding(Get-Command): name="Name"; value="Convert-Path"

CommandType     Name                                               Version    Source
-----------     ----                                               -------    ------
Cmdlet          Convert-Path                                       3.1.0.0    Microsoft.PowerShell.Management


PS C:\avas> CommandInvocation(Get-Help): "Get-Help"
>> ParameterBinding(Get-Help): name="ErrorAction"; value="Ignore"
>> ParameterBinding(Get-Help): name="Name"; value="Convert-Path"

NAME
    Convert-Path

SYNTAX
    Convert-Path [-Path] <string[]> [-UseTransaction]  [<CommonParameters>]

    Convert-Path -LiteralPath <string[]> [-UseTransaction]  [<CommonParameters>]


ALIASES
    cvpa


REMARKS
    Get-Help cannot find the Help files for this cmdlet on this computer. It is displaying only partial help.
        -- To download and install Help files for the module that includes this cmdlet, use Update-Help.
        -- To view the Help topic for this cmdlet online, type: "Get-Help Convert-Path -Online" or
           go to https://go.microsoft.com/fwlink/?LinkID=113289.



PS C:\avas> CommandInvocation(Get-Command): "Get-Command"
>> ParameterBinding(Get-Command): name="ErrorAction"; value="Ignore"
>> ParameterBinding(Get-Command): name="Name"; value="Convert-String"

CommandType     Name                                               Version    Source
-----------     ----                                               -------    ------
Cmdlet          Convert-String                                     3.1.0.0    Microsoft.PowerShell.Utility


PS C:\avas> CommandInvocation(Get-Help): "Get-Help"
>> ParameterBinding(Get-Help): name="ErrorAction"; value="Ignore"
>> ParameterBinding(Get-Help): name="Name"; value="Convert-String"

NAME
    Convert-String

SYNTAX
    Convert-String -InputObject <string> [-Example <List[psobject]>]  [<CommonParameters>]


ALIASES
    None


REMARKS
    Get-Help cannot find the Help files for this cmdlet on this computer. It is displaying only partial help.
        -- To download and install Help files for the module that includes this cmdlet, use Update-Help.
        -- To view the Help topic for this cmdlet online, type: "Get-Help Convert-String -Online" or
           go to https://go.microsoft.com/fwlink/?LinkId=528577.



PS C:\avas> CommandInvocation(Get-Command): "Get-Command"
>> ParameterBinding(Get-Command): name="ErrorAction"; value="Ignore"
>> ParameterBinding(Get-Command): name="Name"; value="ConvertFrom-CIPolicy"

CommandType     Name                                               Version    Source
-----------     ----                                               -------    ------
Cmdlet          ConvertFrom-CIPolicy                               1.0        ConfigCI


PS C:\avas> CommandInvocation(Get-Help): "Get-Help"
>> ParameterBinding(Get-Help): name="ErrorAction"; value="Ignore"
>> ParameterBinding(Get-Help): name="Name"; value="ConvertFrom-CIPolicy"

NAME
    ConvertFrom-CIPolicy

SYNTAX
    ConvertFrom-CIPolicy [-XmlFilePath] <string> [-BinaryFilePath] <string>  [<CommonParameters>]


ALIASES
    None


REMARKS
    Get-Help cannot find the Help files for this cmdlet on this computer. It is displaying only partial help.
        -- To download and install Help files for the module that includes this cmdlet, use Update-Help.



PS C:\avas> CommandInvocation(Get-Command): "Get-Command"
>> ParameterBinding(Get-Command): name="ErrorAction"; value="Ignore"
>> ParameterBinding(Get-Command): name="Name"; value="ConvertFrom-Csv"

CommandType     Name                                               Version    Source
-----------     ----                                               -------    ------
Cmdlet          ConvertFrom-Csv                                    3.1.0.0    Microsoft.PowerShell.Utility


PS C:\avas> CommandInvocation(Get-Help): "Get-Help"
>> ParameterBinding(Get-Help): name="ErrorAction"; value="Ignore"
>> ParameterBinding(Get-Help): name="Name"; value="ConvertFrom-Csv"

NAME
    ConvertFrom-Csv

SYNTAX
    ConvertFrom-Csv [-InputObject] <psobject[]> [[-Delimiter] <char>] [-Header <string[]>]  [<CommonParameters>]

    ConvertFrom-Csv [-InputObject] <psobject[]> -UseCulture [-Header <string[]>]  [<CommonParameters>]


ALIASES
    None


REMARKS
    Get-Help cannot find the Help files for this cmdlet on this computer. It is displaying only partial help.
        -- To download and install Help files for the module that includes this cmdlet, use Update-Help.
        -- To view the Help topic for this cmdlet online, type: "Get-Help ConvertFrom-Csv -Online" or
           go to https://go.microsoft.com/fwlink/?LinkID=135201.



PS C:\avas> CommandInvocation(Get-Command): "Get-Command"
>> ParameterBinding(Get-Command): name="ErrorAction"; value="Ignore"
>> ParameterBinding(Get-Command): name="Name"; value="ConvertFrom-Json"

CommandType     Name                                               Version    Source
-----------     ----                                               -------    ------
Cmdlet          ConvertFrom-Json                                   3.1.0.0    Microsoft.PowerShell.Utility


PS C:\avas> CommandInvocation(Get-Help): "Get-Help"
>> ParameterBinding(Get-Help): name="ErrorAction"; value="Ignore"
>> ParameterBinding(Get-Help): name="Name"; value="ConvertFrom-Json"

NAME
    ConvertFrom-Json

SYNTAX
    ConvertFrom-Json [-InputObject] <string>  [<CommonParameters>]


ALIASES
    None


REMARKS
    Get-Help cannot find the Help files for this cmdlet on this computer. It is displaying only partial help.
        -- To download and install Help files for the module that includes this cmdlet, use Update-Help.
        -- To view the Help topic for this cmdlet online, type: "Get-Help ConvertFrom-Json -Online" or
           go to https://go.microsoft.com/fwlink/?LinkID=217031.



PS C:\avas> CommandInvocation(Get-Command): "Get-Command"
>> ParameterBinding(Get-Command): name="ErrorAction"; value="Ignore"
>> ParameterBinding(Get-Command): name="Name"; value="Compare-Object"

CommandType     Name                                               Version    Source
-----------     ----                                               -------    ------
Cmdlet          Compare-Object                                     3.1.0.0    Microsoft.PowerShell.Utility


PS C:\avas> CommandInvocation(Get-Command): "Get-Command"
>> ParameterBinding(Get-Command): name="ErrorAction"; value="Ignore"
>> ParameterBinding(Get-Command): name="Name"; value="C:"

CommandType     Name                                               Version    Source
-----------     ----                                               -------    ------
Function        C:


PS C:\avas> CommandInvocation(Get-Help): "Get-Help"
>> ParameterBinding(Get-Help): name="ErrorAction"; value="Ignore"
>> ParameterBinding(Get-Help): name="Name"; value="C:"

NAME
    C:

SYNTAX
    C:


ALIASES
    None


REMARKS
    None



PS C:\avas> CommandInvocation(Get-Command): "Get-Command"
>> ParameterBinding(Get-Command): name="ErrorAction"; value="Ignore"
>> ParameterBinding(Get-Command): name="Name"; value="C"
PS C:\avas> CommandInvocation(Get-Command): "Get-Command"
>> ParameterBinding(Get-Command): name="ErrorAction"; value="Ignore"
>> ParameterBinding(Get-Command): name="Name"; value="Compare-Json"

CommandType     Name                                               Version    Source
-----------     ----                                               -------    ------
Function        Compare-Json


PS C:\avas> CommandInvocation(Get-Help): "Get-Help"
>> ParameterBinding(Get-Help): name="ErrorAction"; value="Ignore"
>> ParameterBinding(Get-Help): name="Name"; value="Compare-Json"

NAME
    Compare-Json

SYNTAX
    Compare-Json


ALIASES
    None


REMARKS
    None



PS C:\avas> CommandInvocation(Get-Command): "Get-Command"
>> ParameterBinding(Get-Command): name="ErrorAction"; value="Ignore"
>> ParameterBinding(Get-Command): name="Name"; value="Configuration"

CommandType     Name                                               Version    Source
-----------     ----                                               -------    ------
Function        Configuration                                      1.1        PSDesiredStateConfiguration


PS C:\avas> CommandInvocation(Get-Help): "Get-Help"
>> ParameterBinding(Get-Help): name="ErrorAction"; value="Ignore"
>> ParameterBinding(Get-Help): name="Name"; value="Configuration"

NAME
    Configuration

SYNTAX
    Configuration [[-ResourceModuleTuplesToImport] <List[Tuple[string[],ModuleSpecification[],version]]>] [[-OutputPath] <Object>] [[-Name] <Object>] [[-Body] <scriptbl
    ock>] [[-ArgsToBody] <hashtable>] [[-ConfigurationData] <hashtable>] [[-InstanceName] <string>]  [<CommonParameters>]


ALIASES
    None


REMARKS
    Get-Help cannot find the Help files for this cmdlet on this computer. It is displaying only partial help.
        -- To download and install Help files for the module that includes this cmdlet, use Update-Help.
        -- To view the Help topic for this cmdlet online, type: "Get-Help Configuration -Online" or
           go to https://go.microsoft.com/fwlink/?LinkId=517195.



PS C:\avas> CommandInvocation(Get-Command): "Get-Command"
>> ParameterBinding(Get-Command): name="ErrorAction"; value="Ignore"
>> ParameterBinding(Get-Command): name="Name"; value="Confirm-SecureBootUEFI"

CommandType     Name                                               Version    Source
-----------     ----                                               -------    ------
Cmdlet          Confirm-SecureBootUEFI                             2.0.0.0    SecureBoot


PS C:\avas> CommandInvocation(Get-Help): "Get-Help"
>> ParameterBinding(Get-Help): name="ErrorAction"; value="Ignore"
>> ParameterBinding(Get-Help): name="Name"; value="Confirm-SecureBootUEFI"

NAME
    Confirm-SecureBootUEFI

SYNTAX
    Confirm-SecureBootUEFI  [<CommonParameters>]


ALIASES
    None


REMARKS
    Get-Help cannot find the Help files for this cmdlet on this computer. It is displaying only partial help.
        -- To download and install Help files for the module that includes this cmdlet, use Update-Help.



PS C:\avas> CommandInvocation(Get-Command): "Get-Command"
>> ParameterBinding(Get-Command): name="ErrorAction"; value="Ignore"
>> ParameterBinding(Get-Command): name="Name"; value="Connect-IscsiTarget"

CommandType     Name                                               Version    Source
-----------     ----                                               -------    ------
Function        Connect-IscsiTarget                                1.0.0.0    iSCSI


PS C:\avas> CommandInvocation(Get-Help): "Get-Help"
>> ParameterBinding(Get-Help): name="ErrorAction"; value="Ignore"
>> ParameterBinding(Get-Help): name="Name"; value="Connect-IscsiTarget"

NAME
    Connect-IscsiTarget

SYNTAX
    Connect-IscsiTarget -NodeAddress <string> [-TargetPortalAddress <string>] [-TargetPortalPortNumber <uint16>] [-InitiatorPortalAddress <string>] [-IsDataDigest <bool
    >] [-IsHeaderDigest <bool>] [-IsPersistent <bool>] [-ReportToPnP <bool>] [-AuthenticationType <string>] [-IsMultipathEnabled <bool>] [-InitiatorInstanceName <string
    >] [-ChapUsername <string>] [-ChapSecret <string>] [-CimSession <CimSession[]>] [-ThrottleLimit <int>] [-AsJob]  [<CommonParameters>]

    Connect-IscsiTarget -InputObject <ciminstance[]> [-TargetPortalAddress <string>] [-TargetPortalPortNumber <uint16>] [-InitiatorPortalAddress <string>] [-IsDataDiges
    t <bool>] [-IsHeaderDigest <bool>] [-ReportToPnP <bool>] [-AuthenticationType <string>] [-IsMultipathEnabled <bool>] [-InitiatorInstanceName <string>] [-ChapUsernam
    e <string>] [-ChapSecret <string>] [-CimSession <CimSession[]>] [-ThrottleLimit <int>] [-AsJob]  [<CommonParameters>]


ALIASES
    None


REMARKS
    Get-Help cannot find the Help files for this cmdlet on this computer. It is displaying only partial help.
        -- To download and install Help files for the module that includes this cmdlet, use Update-Help.



PS C:\avas> CommandInvocation(Get-Command): "Get-Command"
>> ParameterBinding(Get-Command): name="ErrorAction"; value="Ignore"
>> ParameterBinding(Get-Command): name="Name"; value="Connect-PSSession"

CommandType     Name                                               Version    Source
-----------     ----                                               -------    ------
Cmdlet          Connect-PSSession                                  3.0.0.0    Microsoft.PowerShell.Core


PS C:\avas> CommandInvocation(Get-Help): "Get-Help"
>> ParameterBinding(Get-Help): name="ErrorAction"; value="Ignore"
>> ParameterBinding(Get-Help): name="Name"; value="Connect-PSSession"

NAME
    Connect-PSSession

SYNTAX
    Connect-PSSession -Name <string[]> [-ThrottleLimit <int>] [-WhatIf] [-Confirm]  [<CommonParameters>]

    Connect-PSSession [-Session] <PSSession[]> [-ThrottleLimit <int>] [-WhatIf] [-Confirm]  [<CommonParameters>]

    Connect-PSSession -ComputerName <string[]> -InstanceId <guid[]> [-ApplicationName <string>] [-ConfigurationName <string>] [-Credential <pscredential>] [-Authenticat
    ion {Default | Basic | Negotiate | NegotiateWithImplicitCredential | Credssp | Digest | Kerberos}] [-CertificateThumbprint <string>] [-Port <int>] [-UseSSL] [-Sessi
    onOption <PSSessionOption>] [-ThrottleLimit <int>] [-WhatIf] [-Confirm]  [<CommonParameters>]

    Connect-PSSession [-ComputerName] <string[]> [-ApplicationName <string>] [-ConfigurationName <string>] [-Name <string[]>] [-Credential <pscredential>] [-Authenticat
    ion {Default | Basic | Negotiate | NegotiateWithImplicitCredential | Credssp | Digest | Kerberos}] [-CertificateThumbprint <string>] [-Port <int>] [-UseSSL] [-Sessi
    onOption <PSSessionOption>] [-ThrottleLimit <int>] [-WhatIf] [-Confirm]  [<CommonParameters>]

    Connect-PSSession [-ConnectionUri] <uri[]> [-ConfigurationName <string>] [-AllowRedirection] [-Name <string[]>] [-Credential <pscredential>] [-Authentication {Defau
    lt | Basic | Negotiate | NegotiateWithImplicitCredential | Credssp | Digest | Kerberos}] [-CertificateThumbprint <string>] [-SessionOption <PSSessionOption>] [-Thro
    ttleLimit <int>] [-WhatIf] [-Confirm]  [<CommonParameters>]

    Connect-PSSession [-ConnectionUri] <uri[]> -InstanceId <guid[]> [-ConfigurationName <string>] [-AllowRedirection] [-Credential <pscredential>] [-Authentication {Def
    ault | Basic | Negotiate | NegotiateWithImplicitCredential | Credssp | Digest | Kerberos}] [-CertificateThumbprint <string>] [-SessionOption <PSSessionOption>] [-Th
    rottleLimit <int>] [-WhatIf] [-Confirm]  [<CommonParameters>]

    Connect-PSSession -InstanceId <guid[]> [-ThrottleLimit <int>] [-WhatIf] [-Confirm]  [<CommonParameters>]

    Connect-PSSession [-Id] <int[]> [-ThrottleLimit <int>] [-WhatIf] [-Confirm]  [<CommonParameters>]


ALIASES
    cnsn


REMARKS
    Get-Help cannot find the Help files for this cmdlet on this computer. It is displaying only partial help.
        -- To download and install Help files for the module that includes this cmdlet, use Update-Help.
        -- To view the Help topic for this cmdlet online, type: "Get-Help Connect-PSSession -Online" or
           go to https://go.microsoft.com/fwlink/?LinkID=210604.



PS C:\avas> CommandInvocation(Get-Command): "Get-Command"
>> ParameterBinding(Get-Command): name="ErrorAction"; value="Ignore"
>> ParameterBinding(Get-Command): name="Name"; value="Connect-VirtualDisk"

CommandType     Name                                               Version    Source
-----------     ----                                               -------    ------
Function        Connect-VirtualDisk                                2.0.0.0    Storage


PS C:\avas> CommandInvocation(Get-Help): "Get-Help"
>> ParameterBinding(Get-Help): name="ErrorAction"; value="Ignore"
>> ParameterBinding(Get-Help): name="Name"; value="Connect-VirtualDisk"

NAME
    Connect-VirtualDisk

SYNTAX
    Connect-VirtualDisk [-FriendlyName] <string[]> [-StorageNodeName <string>] [-CimSession <CimSession[]>] [-ThrottleLimit <int>] [-AsJob] [-PassThru]  [<CommonParamet
    ers>]

    Connect-VirtualDisk -UniqueId <string[]> [-StorageNodeName <string>] [-CimSession <CimSession[]>] [-ThrottleLimit <int>] [-AsJob] [-PassThru]  [<CommonParameters>]

    Connect-VirtualDisk -Name <string[]> [-StorageNodeName <string>] [-CimSession <CimSession[]>] [-ThrottleLimit <int>] [-AsJob] [-PassThru]  [<CommonParameters>]

    Connect-VirtualDisk -InputObject <CimInstance#MSFT_VirtualDisk[]> [-StorageNodeName <string>] [-CimSession <CimSession[]>] [-ThrottleLimit <int>] [-AsJob] [-PassThr
    u]  [<CommonParameters>]


ALIASES
    None


REMARKS
    Get-Help cannot find the Help files for this cmdlet on this computer. It is displaying only partial help.
        -- To download and install Help files for the module that includes this cmdlet, use Update-Help.



PS C:\avas> CommandInvocation(Get-PSBreakpoint): "Get-PSBreakpoint"
>> ParameterBinding(Get-PSBreakpoint): name="Type"; value="Command"
>> CommandInvocation(Remove-PSBreakpoint): "Remove-PSBreakpoint"
PS C:\avas> CommandInvocation(Get-Command): "Get-Command"
>> ParameterBinding(Get-Command): name="ErrorAction"; value="Ignore"
>> ParameterBinding(Get-Command): name="Name"; value="Connect-PSSession"

CommandType     Name                                               Version    Source
-----------     ----                                               -------    ------
Cmdlet          Connect-PSSession                                  3.0.0.0    Microsoft.PowerShell.Core


PS C:\avas> CommandInvocation(Get-Help): "Get-Help"
>> ParameterBinding(Get-Help): name="ErrorAction"; value="Ignore"
>> ParameterBinding(Get-Help): name="Name"; value="Connect-PSSession"

NAME
    Connect-PSSession

SYNTAX
    Connect-PSSession -Name <string[]> [-ThrottleLimit <int>] [-WhatIf] [-Confirm]  [<CommonParameters>]

    Connect-PSSession [-Session] <PSSession[]> [-ThrottleLimit <int>] [-WhatIf] [-Confirm]  [<CommonParameters>]

    Connect-PSSession -ComputerName <string[]> -InstanceId <guid[]> [-ApplicationName <string>] [-ConfigurationName <string>] [-Credential <pscredential>] [-Authenticat
    ion {Default | Basic | Negotiate | NegotiateWithImplicitCredential | Credssp | Digest | Kerberos}] [-CertificateThumbprint <string>] [-Port <int>] [-UseSSL] [-Sessi
    onOption <PSSessionOption>] [-ThrottleLimit <int>] [-WhatIf] [-Confirm]  [<CommonParameters>]

    Connect-PSSession [-ComputerName] <string[]> [-ApplicationName <string>] [-ConfigurationName <string>] [-Name <string[]>] [-Credential <pscredential>] [-Authenticat
    ion {Default | Basic | Negotiate | NegotiateWithImplicitCredential | Credssp | Digest | Kerberos}] [-CertificateThumbprint <string>] [-Port <int>] [-UseSSL] [-Sessi
    onOption <PSSessionOption>] [-ThrottleLimit <int>] [-WhatIf] [-Confirm]  [<CommonParameters>]

    Connect-PSSession [-ConnectionUri] <uri[]> [-ConfigurationName <string>] [-AllowRedirection] [-Name <string[]>] [-Credential <pscredential>] [-Authentication {Defau
    lt | Basic | Negotiate | NegotiateWithImplicitCredential | Credssp | Digest | Kerberos}] [-CertificateThumbprint <string>] [-SessionOption <PSSessionOption>] [-Thro
    ttleLimit <int>] [-WhatIf] [-Confirm]  [<CommonParameters>]

    Connect-PSSession [-ConnectionUri] <uri[]> -InstanceId <guid[]> [-ConfigurationName <string>] [-AllowRedirection] [-Credential <pscredential>] [-Authentication {Def
    ault | Basic | Negotiate | NegotiateWithImplicitCredential | Credssp | Digest | Kerberos}] [-CertificateThumbprint <string>] [-SessionOption <PSSessionOption>] [-Th
    rottleLimit <int>] [-WhatIf] [-Confirm]  [<CommonParameters>]

    Connect-PSSession -InstanceId <guid[]> [-ThrottleLimit <int>] [-WhatIf] [-Confirm]  [<CommonParameters>]

    Connect-PSSession [-Id] <int[]> [-ThrottleLimit <int>] [-WhatIf] [-Confirm]  [<CommonParameters>]


ALIASES
    cnsn


REMARKS
    Get-Help cannot find the Help files for this cmdlet on this computer. It is displaying only partial help.
        -- To download and install Help files for the module that includes this cmdlet, use Update-Help.
        -- To view the Help topic for this cmdlet online, type: "Get-Help Connect-PSSession -Online" or
           go to https://go.microsoft.com/fwlink/?LinkID=210604.



PS C:\avas> CommandInvocation(Get-Command): "Get-Command"
>> ParameterBinding(Get-Command): name="ErrorAction"; value="Ignore"
>> ParameterBinding(Get-Command): name="Name"; value="Connect-IscsiTarget"

CommandType     Name                                               Version    Source
-----------     ----                                               -------    ------
Function        Connect-IscsiTarget                                1.0.0.0    iSCSI


PS C:\avas> CommandInvocation(Get-Help): "Get-Help"
>> ParameterBinding(Get-Help): name="ErrorAction"; value="Ignore"
>> ParameterBinding(Get-Help): name="Name"; value="Connect-IscsiTarget"

NAME
    Connect-IscsiTarget

SYNTAX
    Connect-IscsiTarget -NodeAddress <string> [-TargetPortalAddress <string>] [-TargetPortalPortNumber <uint16>] [-InitiatorPortalAddress <string>] [-IsDataDigest <bool
    >] [-IsHeaderDigest <bool>] [-IsPersistent <bool>] [-ReportToPnP <bool>] [-AuthenticationType <string>] [-IsMultipathEnabled <bool>] [-InitiatorInstanceName <string
    >] [-ChapUsername <string>] [-ChapSecret <string>] [-CimSession <CimSession[]>] [-ThrottleLimit <int>] [-AsJob]  [<CommonParameters>]

    Connect-IscsiTarget -InputObject <ciminstance[]> [-TargetPortalAddress <string>] [-TargetPortalPortNumber <uint16>] [-InitiatorPortalAddress <string>] [-IsDataDiges
    t <bool>] [-IsHeaderDigest <bool>] [-ReportToPnP <bool>] [-AuthenticationType <string>] [-IsMultipathEnabled <bool>] [-InitiatorInstanceName <string>] [-ChapUsernam
    e <string>] [-ChapSecret <string>] [-CimSession <CimSession[]>] [-ThrottleLimit <int>] [-AsJob]  [<CommonParameters>]


ALIASES
    None


REMARKS
    Get-Help cannot find the Help files for this cmdlet on this computer. It is displaying only partial help.
        -- To download and install Help files for the module that includes this cmdlet, use Update-Help.



PS C:\avas> CommandInvocation(Get-Command): "Get-Command"
>> ParameterBinding(Get-Command): name="ErrorAction"; value="Ignore"
>> ParameterBinding(Get-Command): name="Name"; value="Connect-PSSession"

CommandType     Name                                               Version    Source
-----------     ----                                               -------    ------
Cmdlet          Connect-PSSession                                  3.0.0.0    Microsoft.PowerShell.Core


PS C:\avas> CommandInvocation(Get-Help): "Get-Help"
>> ParameterBinding(Get-Help): name="ErrorAction"; value="Ignore"
>> ParameterBinding(Get-Help): name="Name"; value="Connect-PSSession"

NAME
    Connect-PSSession

SYNTAX
    Connect-PSSession -Name <string[]> [-ThrottleLimit <int>] [-WhatIf] [-Confirm]  [<CommonParameters>]

    Connect-PSSession [-Session] <PSSession[]> [-ThrottleLimit <int>] [-WhatIf] [-Confirm]  [<CommonParameters>]

    Connect-PSSession -ComputerName <string[]> -InstanceId <guid[]> [-ApplicationName <string>] [-ConfigurationName <string>] [-Credential <pscredential>] [-Authenticat
    ion {Default | Basic | Negotiate | NegotiateWithImplicitCredential | Credssp | Digest | Kerberos}] [-CertificateThumbprint <string>] [-Port <int>] [-UseSSL] [-Sessi
    onOption <PSSessionOption>] [-ThrottleLimit <int>] [-WhatIf] [-Confirm]  [<CommonParameters>]

    Connect-PSSession [-ComputerName] <string[]> [-ApplicationName <string>] [-ConfigurationName <string>] [-Name <string[]>] [-Credential <pscredential>] [-Authenticat
    ion {Default | Basic | Negotiate | NegotiateWithImplicitCredential | Credssp | Digest | Kerberos}] [-CertificateThumbprint <string>] [-Port <int>] [-UseSSL] [-Sessi
    onOption <PSSessionOption>] [-ThrottleLimit <int>] [-WhatIf] [-Confirm]  [<CommonParameters>]

    Connect-PSSession [-ConnectionUri] <uri[]> [-ConfigurationName <string>] [-AllowRedirection] [-Name <string[]>] [-Credential <pscredential>] [-Authentication {Defau
    lt | Basic | Negotiate | NegotiateWithImplicitCredential | Credssp | Digest | Kerberos}] [-CertificateThumbprint <string>] [-SessionOption <PSSessionOption>] [-Thro
    ttleLimit <int>] [-WhatIf] [-Confirm]  [<CommonParameters>]

    Connect-PSSession [-ConnectionUri] <uri[]> -InstanceId <guid[]> [-ConfigurationName <string>] [-AllowRedirection] [-Credential <pscredential>] [-Authentication {Def
    ault | Basic | Negotiate | NegotiateWithImplicitCredential | Credssp | Digest | Kerberos}] [-CertificateThumbprint <string>] [-SessionOption <PSSessionOption>] [-Th
    rottleLimit <int>] [-WhatIf] [-Confirm]  [<CommonParameters>]

    Connect-PSSession -InstanceId <guid[]> [-ThrottleLimit <int>] [-WhatIf] [-Confirm]  [<CommonParameters>]

    Connect-PSSession [-Id] <int[]> [-ThrottleLimit <int>] [-WhatIf] [-Confirm]  [<CommonParameters>]


ALIASES
    cnsn


REMARKS
    Get-Help cannot find the Help files for this cmdlet on this computer. It is displaying only partial help.
        -- To download and install Help files for the module that includes this cmdlet, use Update-Help.
        -- To view the Help topic for this cmdlet online, type: "Get-Help Connect-PSSession -Online" or
           go to https://go.microsoft.com/fwlink/?LinkID=210604.



PS C:\avas> CommandInvocation(Get-Command): "Get-Command"
>> ParameterBinding(Get-Command): name="ErrorAction"; value="Ignore"
>> ParameterBinding(Get-Command): name="Name"; value="Connect-VirtualDisk"

CommandType     Name                                               Version    Source
-----------     ----                                               -------    ------
Function        Connect-VirtualDisk                                2.0.0.0    Storage


PS C:\avas> CommandInvocation(Get-Help): "Get-Help"
>> ParameterBinding(Get-Help): name="ErrorAction"; value="Ignore"
>> ParameterBinding(Get-Help): name="Name"; value="Connect-VirtualDisk"

NAME
    Connect-VirtualDisk

SYNTAX
    Connect-VirtualDisk [-FriendlyName] <string[]> [-StorageNodeName <string>] [-CimSession <CimSession[]>] [-ThrottleLimit <int>] [-AsJob] [-PassThru]  [<CommonParamet
    ers>]

    Connect-VirtualDisk -UniqueId <string[]> [-StorageNodeName <string>] [-CimSession <CimSession[]>] [-ThrottleLimit <int>] [-AsJob] [-PassThru]  [<CommonParameters>]

    Connect-VirtualDisk -Name <string[]> [-StorageNodeName <string>] [-CimSession <CimSession[]>] [-ThrottleLimit <int>] [-AsJob] [-PassThru]  [<CommonParameters>]

    Connect-VirtualDisk -InputObject <CimInstance#MSFT_VirtualDisk[]> [-StorageNodeName <string>] [-CimSession <CimSession[]>] [-ThrottleLimit <int>] [-AsJob] [-PassThr
    u]  [<CommonParameters>]


ALIASES
    None


REMARKS
    Get-Help cannot find the Help files for this cmdlet on this computer. It is displaying only partial help.
        -- To download and install Help files for the module that includes this cmdlet, use Update-Help.



PS C:\avas> CommandInvocation(Get-Command): "Get-Command"
>> ParameterBinding(Get-Command): name="ErrorAction"; value="Ignore"
>> ParameterBinding(Get-Command): name="Name"; value="Connect-WSMan"

CommandType     Name                                               Version    Source
-----------     ----                                               -------    ------
Cmdlet          Connect-WSMan                                      3.0.0.0    Microsoft.WSMan.Management


PS C:\avas> CommandInvocation(Get-Help): "Get-Help"
>> ParameterBinding(Get-Help): name="ErrorAction"; value="Ignore"
>> ParameterBinding(Get-Help): name="Name"; value="Connect-WSMan"

NAME
    Connect-WSMan

SYNTAX
    Connect-WSMan [[-ComputerName] <string>] [-ApplicationName <string>] [-OptionSet <hashtable>] [-Port <int>] [-SessionOption <SessionOption>] [-UseSSL] [-Credential
    <pscredential>] [-Authentication {None | Default | Digest | Negotiate | Basic | Kerberos | ClientCertificate | Credssp}] [-CertificateThumbprint <string>]  [<Common
    Parameters>]

    Connect-WSMan [-ConnectionURI <uri>] [-OptionSet <hashtable>] [-Port <int>] [-SessionOption <SessionOption>] [-Credential <pscredential>] [-Authentication {None | D
    efault | Digest | Negotiate | Basic | Kerberos | ClientCertificate | Credssp}] [-CertificateThumbprint <string>]  [<CommonParameters>]


ALIASES
    None


REMARKS
    Get-Help cannot find the Help files for this cmdlet on this computer. It is displaying only partial help.
        -- To download and install Help files for the module that includes this cmdlet, use Update-Help.
        -- To view the Help topic for this cmdlet online, type: "Get-Help Connect-WSMan -Online" or
           go to https://go.microsoft.com/fwlink/?LinkId=141437.



PS C:\avas> CommandInvocation(Get-Command): "Get-Command"
>> ParameterBinding(Get-Command): name="ErrorAction"; value="Ignore"
>> ParameterBinding(Get-Command): name="Name"; value="Context"

CommandType     Name                                               Version    Source
-----------     ----                                               -------    ------
Function        Context                                            3.4.0      Pester


PS C:\avas> CommandInvocation(Get-Help): "Get-Help"
>> ParameterBinding(Get-Help): name="ErrorAction"; value="Ignore"
>> ParameterBinding(Get-Help): name="Name"; value="Context"

NAME
    Context

SYNOPSIS
    Provides logical grouping of It blocks within a single Describe block. Any Mocks defined
    inside a Context are removed at the end of the Context scope, as are any files or folders
    added to the TestDrive during the Context block's execution. Any BeforeEach or AfterEach
    blocks defined inside a Context also only apply to tests within that Context .


SYNTAX
    Context [-Name] <String> [[-Fixture] <ScriptBlock>] [<CommonParameters>]


DESCRIPTION


RELATED LINKS
    Describe
    It
    BeforeEach
    AfterEach
    about_Should
    about_Mocking
    about_TestDrive

REMARKS
    To see the examples, type: "get-help Context -examples".
    For more information, type: "get-help Context -detailed".
    For technical information, type: "get-help Context -full".
    For online help, type: "get-help Context -online"


PS C:\avas> CommandInvocation(Get-Command): "Get-Command"
>> ParameterBinding(Get-Command): name="ErrorAction"; value="Ignore"
>> ParameterBinding(Get-Command): name="Name"; value="Convert-Path"

CommandType     Name                                               Version    Source
-----------     ----                                               -------    ------
Cmdlet          Convert-Path                                       3.1.0.0    Microsoft.PowerShell.Management


PS C:\avas> CommandInvocation(Get-Help): "Get-Help"
>> ParameterBinding(Get-Help): name="ErrorAction"; value="Ignore"
>> ParameterBinding(Get-Help): name="Name"; value="Convert-Path"

NAME
    Convert-Path

SYNTAX
    Convert-Path [-Path] <string[]> [-UseTransaction]  [<CommonParameters>]

    Convert-Path -LiteralPath <string[]> [-UseTransaction]  [<CommonParameters>]


ALIASES
    cvpa


REMARKS
    Get-Help cannot find the Help files for this cmdlet on this computer. It is displaying only partial help.
        -- To download and install Help files for the module that includes this cmdlet, use Update-Help.
        -- To view the Help topic for this cmdlet online, type: "Get-Help Convert-Path -Online" or
           go to https://go.microsoft.com/fwlink/?LinkID=113289.



PS C:\avas> CommandInvocation(Get-Command): "Get-Command"
>> ParameterBinding(Get-Command): name="ErrorAction"; value="Ignore"
>> ParameterBinding(Get-Command): name="Name"; value="Convert-String"

CommandType     Name                                               Version    Source
-----------     ----                                               -------    ------
Cmdlet          Convert-String                                     3.1.0.0    Microsoft.PowerShell.Utility


PS C:\avas> CommandInvocation(Get-Help): "Get-Help"
>> ParameterBinding(Get-Help): name="ErrorAction"; value="Ignore"
>> ParameterBinding(Get-Help): name="Name"; value="Convert-String"

NAME
    Convert-String

SYNTAX
    Convert-String -InputObject <string> [-Example <List[psobject]>]  [<CommonParameters>]


ALIASES
    None


REMARKS
    Get-Help cannot find the Help files for this cmdlet on this computer. It is displaying only partial help.
        -- To download and install Help files for the module that includes this cmdlet, use Update-Help.
        -- To view the Help topic for this cmdlet online, type: "Get-Help Convert-String -Online" or
           go to https://go.microsoft.com/fwlink/?LinkId=528577.



PS C:\avas> CommandInvocation(Get-Command): "Get-Command"
>> ParameterBinding(Get-Command): name="ErrorAction"; value="Ignore"
>> ParameterBinding(Get-Command): name="Name"; value="ConvertFrom-CIPolicy"

CommandType     Name                                               Version    Source
-----------     ----                                               -------    ------
Cmdlet          ConvertFrom-CIPolicy                               1.0        ConfigCI


PS C:\avas> CommandInvocation(Get-Help): "Get-Help"
>> ParameterBinding(Get-Help): name="ErrorAction"; value="Ignore"
>> ParameterBinding(Get-Help): name="Name"; value="ConvertFrom-CIPolicy"

NAME
    ConvertFrom-CIPolicy

SYNTAX
    ConvertFrom-CIPolicy [-XmlFilePath] <string> [-BinaryFilePath] <string>  [<CommonParameters>]


ALIASES
    None


REMARKS
    Get-Help cannot find the Help files for this cmdlet on this computer. It is displaying only partial help.
        -- To download and install Help files for the module that includes this cmdlet, use Update-Help.



PS C:\avas> CommandInvocation(Get-Command): "Get-Command"
>> ParameterBinding(Get-Command): name="ErrorAction"; value="Ignore"
>> ParameterBinding(Get-Command): name="Name"; value="ConvertFrom-Csv"

CommandType     Name                                               Version    Source
-----------     ----                                               -------    ------
Cmdlet          ConvertFrom-Csv                                    3.1.0.0    Microsoft.PowerShell.Utility


PS C:\avas> CommandInvocation(Get-Help): "Get-Help"
>> ParameterBinding(Get-Help): name="ErrorAction"; value="Ignore"
>> ParameterBinding(Get-Help): name="Name"; value="ConvertFrom-Csv"

NAME
    ConvertFrom-Csv

SYNTAX
    ConvertFrom-Csv [-InputObject] <psobject[]> [[-Delimiter] <char>] [-Header <string[]>]  [<CommonParameters>]

    ConvertFrom-Csv [-InputObject] <psobject[]> -UseCulture [-Header <string[]>]  [<CommonParameters>]


ALIASES
    None


REMARKS
    Get-Help cannot find the Help files for this cmdlet on this computer. It is displaying only partial help.
        -- To download and install Help files for the module that includes this cmdlet, use Update-Help.
        -- To view the Help topic for this cmdlet online, type: "Get-Help ConvertFrom-Csv -Online" or
           go to https://go.microsoft.com/fwlink/?LinkID=135201.



PS C:\avas> CommandInvocation(Get-Command): "Get-Command"
>> ParameterBinding(Get-Command): name="ErrorAction"; value="Ignore"
>> ParameterBinding(Get-Command): name="Name"; value="ConvertFrom-Json"

CommandType     Name                                               Version    Source
-----------     ----                                               -------    ------
Cmdlet          ConvertFrom-Json                                   3.1.0.0    Microsoft.PowerShell.Utility


PS C:\avas> CommandInvocation(Get-Help): "Get-Help"
>> ParameterBinding(Get-Help): name="ErrorAction"; value="Ignore"
>> ParameterBinding(Get-Help): name="Name"; value="ConvertFrom-Json"

NAME
    ConvertFrom-Json

SYNTAX
    ConvertFrom-Json [-InputObject] <string>  [<CommonParameters>]


ALIASES
    None


REMARKS
    Get-Help cannot find the Help files for this cmdlet on this computer. It is displaying only partial help.
        -- To download and install Help files for the module that includes this cmdlet, use Update-Help.
        -- To view the Help topic for this cmdlet online, type: "Get-Help ConvertFrom-Json -Online" or
           go to https://go.microsoft.com/fwlink/?LinkID=217031.



PS C:\avas> CommandInvocation(Get-Command): "Get-Command"
>> ParameterBinding(Get-Command): name="ErrorAction"; value="Ignore"
>> ParameterBinding(Get-Command): name="Name"; value="ConvertFrom-Json"

CommandType     Name                                               Version    Source
-----------     ----                                               -------    ------
Cmdlet          ConvertFrom-Json                                   3.1.0.0    Microsoft.PowerShell.Utility


PS C:\avas> CommandInvocation(Get-Help): "Get-Help"
>> ParameterBinding(Get-Help): name="ErrorAction"; value="Ignore"
>> ParameterBinding(Get-Help): name="Name"; value="ConvertFrom-Json"

NAME
    ConvertFrom-Json

SYNTAX
    ConvertFrom-Json [-InputObject] <string>  [<CommonParameters>]


ALIASES
    None


REMARKS
    Get-Help cannot find the Help files for this cmdlet on this computer. It is displaying only partial help.
        -- To download and install Help files for the module that includes this cmdlet, use Update-Help.
        -- To view the Help topic for this cmdlet online, type: "Get-Help ConvertFrom-Json -Online" or
           go to https://go.microsoft.com/fwlink/?LinkID=217031.



PS C:\avas> CommandInvocation(Get-Command): "Get-Command"
>> ParameterBinding(Get-Command): name="ErrorAction"; value="Ignore"
>> ParameterBinding(Get-Command): name="Name"; value="Get-Content"

CommandType     Name                                               Version    Source
-----------     ----                                               -------    ------
Cmdlet          Get-Content                                        3.1.0.0    Microsoft.PowerShell.Management


PS C:\avas> CommandInvocation(Get-Help): "Get-Help"
>> ParameterBinding(Get-Help): name="ErrorAction"; value="Ignore"
>> ParameterBinding(Get-Help): name="Name"; value="Get-Content"

NAME
    Get-Content

SYNTAX
    Get-Content [-Path] <string[]> [-ReadCount <long>] [-TotalCount <long>] [-Tail <int>] [-Filter <string>] [-Include <string[]>] [-Exclude <string[]>] [-Force] [-Cred
    ential <pscredential>] [-UseTransaction] [-Delimiter <string>] [-Wait] [-Raw] [-Encoding {Unknown | String | Unicode | Byte | BigEndianUnicode | UTF8 | UTF7 | UTF32
     | Ascii | Default | Oem | BigEndianUTF32}] [-Stream <string>]  [<CommonParameters>]

    Get-Content -LiteralPath <string[]> [-ReadCount <long>] [-TotalCount <long>] [-Tail <int>] [-Filter <string>] [-Include <string[]>] [-Exclude <string[]>] [-Force] [
    -Credential <pscredential>] [-UseTransaction] [-Delimiter <string>] [-Wait] [-Raw] [-Encoding {Unknown | String | Unicode | Byte | BigEndianUnicode | UTF8 | UTF7 |
    UTF32 | Ascii | Default | Oem | BigEndianUTF32}] [-Stream <string>]  [<CommonParameters>]


ALIASES
    gc
    cat
    type


REMARKS
    Get-Help cannot find the Help files for this cmdlet on this computer. It is displaying only partial help.
        -- To download and install Help files for the module that includes this cmdlet, use Update-Help.
        -- To view the Help topic for this cmdlet online, type: "Get-Help Get-Content -Online" or
           go to https://go.microsoft.com/fwlink/?LinkID=113310.



