**********************
Windows PowerShell transcript start
Start time: 20170912162828
Username: DESKTOP-V056PHL\lukas
RunAs User: DESKTOP-V056PHL\lukas
Configuration Name: 
Machine: DESKTOP-V056PHL (Microsoft Windows NT 10.0.16353.0)
Host Application: C:\WINDOWS\System32\WindowsPowerShell\v1.0\powershell.exe -NoProfile -NonInteractive -ExecutionPolicy Bypass -Command & 'C:\Users\lukas\.vscode\extensions\ms-vscode.powershell-1.4.2\scripts\Start-EditorServices.ps1' -EditorServicesVersion '1.4.1' -HostName 'Visual Studio Code Host' -HostProfileId 'Microsoft.VSCode' -HostVersion '1.4.2' -AdditionalModules @('PowerShellEditorServices.VSCode') -BundledModulesPath 'C:\Users\lukas\.vscode\extensions\ms-vscode.powershell-1.4.2\modules' -EnableConsoleRepl -LogLevel 'Normal' -LogPath 'C:\Users\lukas\.vscode\extensions\ms-vscode.powershell-1.4.2\logs\1505222757-4186a34b-a61e-4ef1-b866-10bb0d6bb4361505222746696\EditorServices.log' -SessionDetailsPath 'C:\Users\lukas\.vscode\extensions\ms-vscode.powershell-1.4.2\sessions\PSES-VSCode-8032-329842' -FeatureFlags @()
Process ID: 16324
PSVersion: 5.1.16353.1000
PSEdition: Desktop
PSCompatibleVersions: 1.0, 2.0, 3.0, 4.0, 5.0, 5.1.16353.1000
BuildVersion: 10.0.16353.1000
CLRVersion: 4.0.30319.42000
WSManStackVersion: 3.0
PSRemotingProtocolVersion: 2.3
SerializationVersion: 1.1.0.1
**********************
Transcript started, output file is ./transcript2017-09-12-04-28-28.txt

PS C:\avas> TerminatingError(Where-Object): "Cannot validate argument on parameter 'Property'. The argument is null or empty. Provide an argument that is not null or empty, and then try the command again."
Where-Object : Cannot validate argument on parameter 'Property'. The argument is null or empty. Provide an argument that
 is not null or empty, and then try the command again.
At C:\avas\sluzby.ps1:7 char:112
+ ... ct $installed  -Property DisplayName | where $_.SideIndicator -EQ "=> ...
+                                                  ~~~~~~~~~~~~~~~~
    + CategoryInfo          : InvalidData: (:) [Where-Object], ParameterBindingValidationException
    + FullyQualifiedErrorId : ParameterArgumentValidationError,Microsoft.PowerShell.Commands.WhereObjectCommand
Export-Csv : Cannot bind argument to parameter 'InputObject' because it is null.
At C:\avas\sluzby.ps1:10 char:13
+ $vysledek | Export-Csv C:\avas\sluzby$(get-date -f yyyy-MM-dd-hh-mm-s ...
+             ~~~~~~~~~~~~~~~~~~~~~~~~~~~~~~~~~~~~~~~~~~~~~~~~~~~~~~~~~
    + CategoryInfo          : InvalidData: (:) [Export-Csv], ParameterBindingValidationException
    + FullyQualifiedErrorId : ParameterArgumentValidationErrorNullNotAllowed,Microsoft.PowerShell.Commands.ExportCsvComm
and
DisplayName                                                           SideIndicator
-----------                                                           -------------
AssignedAccessManager Service                                         =>
Capability Access Manager Service                                     =>
Connected Devices Platform User Service_3477b                         =>
DevicesFlow_3477b                                                     =>
Diagnostic Execution Service                                          =>
Fax                                                                   =>
GraphicsPerfSvc                                                       =>
Služba Aktualizace Google (gupdate)                                   =>
Služba Aktualizace Google (gupdatem)                                  =>
Windows Store Install Service                                         =>
MessagingService_3477b                                                =>
Mozilla Maintenance Service                                           =>
Windows Defender Firewall                                             =>
NVIDIA Display Container LS                                           =>
Sync Host_3477b                                                       =>
Contact Data_3477b                                                    =>
PrintWorkflow_3477b                                                   =>
Windows PushToInstall Service                                         =>
Spatial Data Service                                                  =>
Web Account Manager                                                   =>
User Data Storage_3477b                                               =>
User Data Access_3477b                                                =>
WarpJITSvc                                                            =>
Local Profile Assistant Service                                       =>
Windows Media Player Network Sharing Service                          =>
Work Folders                                                          =>
Windows Push Notifications User Service_3477b                         =>
Adobe Acrobat Update Service                                          <=
Microsoft Monitoring Agent Audit Forwarding                           <=
Connected Devices Platform User Service_46504                         <=
DevicesFlow_46504                                                     <=
Intel(R) PROSet/Wireless Event Log                                    <=
Windows Presentation Foundation Font Cache 3.0.0.0                    <=
Google Update Service (gupdate)                                       <=
Google Update Service (gupdatem)                                      <=
Microsoft Monitoring Agent                                            <=
Host Network Service                                                  <=
HomeGroup Listener                                                    <=
Intel(R) Rapid Storage Technology                                     <=
Intel Bluetooth Service                                               <=
Intel(R) HD Graphics Control Panel Service                            <=
Intel(R) Capability Licensing Service TCP IP Interface                <=
Intel(R) PROSet Monitoring Service                                    <=
Intel(R) Security Assist                                              <=
Windows Phone IP over USB Transport (IpOverUsbSvc)                    <=
Intel(R) Security Assist Helper                                       <=
Intel(R) Dynamic Application Loader Host Interface Service            <=
Intel(R) Management and Security Application Local Management Service <=
MessagingService_46504                                                <=
Microsoft Dependency Agent                                            <=
Windows Firewall                                                      <=
Wireless PAN DHCP Server                                              <=
Net Driver HPZ12                                                      <=
Sync Host_46504                                                       <=
Contact Data_46504                                                    <=
Pml Driver HPZ12                                                      <=
Intel(R) PROSet/Wireless Registry Service                             <=
Realtek Audio Service                                                 <=
Sandboxie Service                                                     <=
Skype Updater                                                         <=
SQL Server VSS Writer                                                 <=
TeamViewer 12                                                         <=
TokenBroker                                                           <=
User Data Storage_46504                                               <=
User Data Access_46504                                                <=
Unified Write Filter Servicing Helper Service                         <=
Veeam Agent for Microsoft Windows                                     <=
Hyper-V Host Compute Service                                          <=
Hyper-V Virtual Machine Management                                    <=
VMware USB Arbitration Service                                        <=
LPA Service                                                           <=
Windows Push Notifications User Service_46504                         <=
Windows Driver Foundation - User-mode Driver Framework                <=
Intel(R) PROSet/Wireless Zero Configuration Service                   <=
Where-Object : Cannot validate argument on parameter 'Property'. The argument is null or empty. Provide an argument that is not null or empty, and then try the command
again.
At C:\avas\sluzby.ps1:7 char:112
+ ... ct $installed  -Property DisplayName | where $_.SideIndicator -EQ "=> ...
+                                                  ~~~~~~~~~~~~~~~~
    + CategoryInfo          : InvalidData: (:) [Where-Object], ParameterBindingValidationException
    + FullyQualifiedErrorId : ParameterArgumentValidationError,Microsoft.PowerShell.Commands.WhereObjectCommand

Export-Csv : Cannot bind argument to parameter 'InputObject' because it is null.
At C:\avas\sluzby.ps1:10 char:13
+ $vysledek | Export-Csv C:\avas\sluzby$(get-date -f yyyy-MM-dd-hh-mm-s ...
+             ~~~~~~~~~~~~~~~~~~~~~~~~~~~~~~~~~~~~~~~~~~~~~~~~~~~~~~~~~
    + CategoryInfo          : InvalidData: (:) [Export-Csv], ParameterBindingValidationException
    + FullyQualifiedErrorId : ParameterArgumentValidationErrorNullNotAllowed,Microsoft.PowerShell.Commands.ExportCsvCommand



PS C:\avas> @{ 'computerName' = $env:ComputerName; 'processId' = $PID; 'instanceId' = $host.InstanceId }

Name                           Value
----                           -----
processId                      16324
computerName                   DESKTOP-V056PHL
instanceId                     629f5bf8-7b37-4ac2-b498-8ee545aa3140


PS C:\avas> CommandInvocation(Get-Command): "Get-Command"
>> ParameterBinding(Get-Command): name="ErrorAction"; value="Ignore"
>> ParameterBinding(Get-Command): name="Name"; value="New-Object"

CommandType     Name                                               Version    Source
-----------     ----                                               -------    ------
Cmdlet          New-Object                                         3.1.0.0    Microsoft.PowerShell.Utility


PS C:\avas> CommandInvocation(Get-Help): "Get-Help"
>> ParameterBinding(Get-Help): name="ErrorAction"; value="Ignore"
>> ParameterBinding(Get-Help): name="Name"; value="New-Object"

NAME
    New-Object

SYNOPSIS
    Creates an instance of a Microsoft .NET Framework or COM object.


SYNTAX
    New-Object [-TypeName] <String> [[-ArgumentList] <Object[]>] [-Property <IDictionary>] [<CommonParameters>]

    New-Object [-ComObject] <String> [-Property <IDictionary>] [-Strict] [<CommonParameters>]


DESCRIPTION
    The New-Object cmdlet creates an instance of a .NET Framework or COM object.

    You can specify either the type of a .NET Framework class or a ProgID of a COM object. By default, you type the fully qualified name of a .NET Framework class and t
    he cmdlet returns a reference to an instance of that class. To create an instance of a COM object, use the ComObject parameter and specify the ProgID of the object
    as its value.


RELATED LINKS
    Online Version: http://go.microsoft.com/fwlink/?LinkId=821835
    Compare-Object
    Group-Object
    Measure-Object
    Select-Object
    Sort-Object
    Tee-Object

REMARKS
    To see the examples, type: "get-help New-Object -examples".
    For more information, type: "get-help New-Object -detailed".
    For technical information, type: "get-help New-Object -full".
    For online help, type: "get-help New-Object -online"


PS C:\avas> CommandInvocation(Get-PSBreakpoint): "Get-PSBreakpoint"
>> ParameterBinding(Get-PSBreakpoint): name="Type"; value="Command"
>> CommandInvocation(Remove-PSBreakpoint): "Remove-PSBreakpoint"
Transcript started, output file is ./transcript2017-09-12-04-28-39.txt
09/12/2017 16:28:39 - Nacitani json konfiguracniho souboru
09/12/2017 16:28:43 - Dokonce nacitani json konfiguracniho souboru
09/12/2017 16:28:43 - zjisteni zda je uzivatel admin
WARNING: Ujistete se ze spoustite AVAS jako administrator! Provedte spusteni jako administrator nebo nemusi vse funogvat korektne!!
09/12/2017 16:28:43 - ukonceno zjistovani zda je uzivatel admin
09/12/2017 16:28:43 - uzivatel je admin pokracuje dalsi spusteni skriptu
09/12/2017 16:28:43 - Nacitam GUI
09/12/2017 16:28:43 Probiha nacitani GUI
09/12/2017 16:28:51 GUI bylo nacteno
09/12/2017 16:28:51 Okno aplikace bylo uspesne nacteno
09/12/2017 16:28:51 Okno aplikace bylo uspesne zavreno
PS C:\avas> @{ 'computerName' = $env:ComputerName; 'processId' = $PID; 'instanceId' = $host.InstanceId }

Name                           Value
----                           -----
processId                      16324
computerName                   DESKTOP-V056PHL
instanceId                     629f5bf8-7b37-4ac2-b498-8ee545aa3140


PS C:\avas> CommandInvocation(Get-Command): "Get-Command"
>> ParameterBinding(Get-Command): name="ErrorAction"; value="Ignore"
>> ParameterBinding(Get-Command): name="Name"; value="New-Object"

CommandType     Name                                               Version    Source
-----------     ----                                               -------    ------
Cmdlet          New-Object                                         3.1.0.0    Microsoft.PowerShell.Utility


PS C:\avas> CommandInvocation(Get-Help): "Get-Help"
>> ParameterBinding(Get-Help): name="ErrorAction"; value="Ignore"
>> ParameterBinding(Get-Help): name="Name"; value="New-Object"

NAME
    New-Object

SYNOPSIS
    Creates an instance of a Microsoft .NET Framework or COM object.


SYNTAX
    New-Object [-TypeName] <String> [[-ArgumentList] <Object[]>] [-Property <IDictionary>] [<CommonParameters>]

    New-Object [-ComObject] <String> [-Property <IDictionary>] [-Strict] [<CommonParameters>]


DESCRIPTION
    The New-Object cmdlet creates an instance of a .NET Framework or COM object.

    You can specify either the type of a .NET Framework class or a ProgID of a COM object. By default, you type the fully qualified name of a .NET Framework class and t
    he cmdlet returns a reference to an instance of that class. To create an instance of a COM object, use the ComObject parameter and specify the ProgID of the object
    as its value.


RELATED LINKS
    Online Version: http://go.microsoft.com/fwlink/?LinkId=821835
    Compare-Object
    Group-Object
    Measure-Object
    Select-Object
    Sort-Object
    Tee-Object

REMARKS
    To see the examples, type: "get-help New-Object -examples".
    For more information, type: "get-help New-Object -detailed".
    For technical information, type: "get-help New-Object -full".
    For online help, type: "get-help New-Object -online"


PS C:\avas> CommandInvocation(Get-Command): "Get-Command"
>> ParameterBinding(Get-Command): name="ErrorAction"; value="Ignore"
>> ParameterBinding(Get-Command): name="Name"; value="Get-Content"

CommandType     Name                                               Version    Source
-----------     ----                                               -------    ------
Cmdlet          Get-Content                                        3.1.0.0    Microsoft.PowerShell.Management


PS C:\avas> CommandInvocation(Get-Help): "Get-Help"
>> ParameterBinding(Get-Help): name="ErrorAction"; value="Ignore"
>> ParameterBinding(Get-Help): name="Name"; value="Get-Content"

NAME
    Get-Content

SYNOPSIS
    Gets the contents of a file.


SYNTAX
    Get-Content [-Credential <PSCredential>] [-Delimiter <String>] [-Encoding {Unknown | String | Unicode | Byte | BigEndianUnicode | UTF8 | UTF7 | UTF32 | Ascii | Defa
    ult | Oem | BigEndianUTF32}] [-Exclude <String[]>] [-Filter <String>] [-Force] [-Include <String[]>] -LiteralPath <String[]> [-Raw] [-ReadCount <Int64>] [-Stream <S
    tring>] [-Tail <Int32>] [-TotalCount <Int64>] [-UseTransaction] [-Wait] [<CommonParameters>]

    Get-Content [-Path] <String[]> [-Credential <PSCredential>] [-Delimiter <String>] [-Encoding {Unknown | String | Unicode | Byte | BigEndianUnicode | UTF8 | UTF7 | U
    TF32 | Ascii | Default | Oem | BigEndianUTF32}] [-Exclude <String[]>] [-Filter <String>] [-Force] [-Include <String[]>] [-Raw] [-ReadCount <Int64>] [-Stream <String
    >] [-Tail <Int32>] [-TotalCount <Int64>] [-UseTransaction] [-Wait] [<CommonParameters>]

    Get-Content [-Delimiter <string>] [-Encoding {Unknown | String | Unicode | Byte | BigEndianUnicode | UTF8 | UTF7 | UTF32 | Ascii | Default | Oem}] [-Force] [-Raw <s
    witch>] [-Stream <string>] [-Wait] [-UseTransaction] [<CommonParameters>]


DESCRIPTION
    The Get-Content cmdlet gets the content of the item at the location specified by the path, such as the text in a file. It reads the content one line at a time and r
    eturns a collection of objects, each of which represents a line of content.

    Beginning in Windows PowerShell 3.0, this cmdlet can also get a specified number of lines from the beginning or end of an item.
    In file system drives, you can use the the Get-Content cmdlet to get content that you display at the command line, save in a variable for processing, or write to an
    other file. It is not valid on folders.

    Note: This custom cmdlet help file explains how the Get-Content cmdlet works in a file system drive. For information about the Get-Content cmdlet in all drives, typ
    e "Get-Help Get-Content -Path $null" or see Get-Content at http://go.microsoft.com/fwlink/?LinkID=113310.


RELATED LINKS
    Online version: http://technet.microsoft.com/library/hh847788(v=wps.630).aspx
    Get-Content (generic); http://go.microsoft.com/fwlink/?LinkID=113310
    FileSystem Provider
    Clear-Content
    Get-Content
    Get-ChildItem
    Get-Content
    Get-Item
    Remove-Item
    Set-Content
    Test-Path

REMARKS
    To see the examples, type: "get-help Get-Content -examples".
    For more information, type: "get-help Get-Content -detailed".
    For technical information, type: "get-help Get-Content -full".
    For online help, type: "get-help Get-Content -online"


PS C:\avas> CommandInvocation(Get-PSBreakpoint): "Get-PSBreakpoint"
>> ParameterBinding(Get-PSBreakpoint): name="Type"; value="Command"
>> CommandInvocation(Remove-PSBreakpoint): "Remove-PSBreakpoint"
Transcript started, output file is ./transcript-avas-2017-09-12-04-29-58.txt
09/12/2017 16:29:58 - Nacitani json konfiguracniho souboru
09/12/2017 16:30:02 - Dokonceno nacitani json konfiguracniho souboru
18944000
DELL   - 1072009 | BIOS Date: 12/22/16 01:25:40 Ver: A20.00

value               DateTime
-----               --------
22.12.2016 0:00:00  čtvrtek 22. prosince 2016 1:00:00






































































MICA
420
07.09.2017 13:38:19 čtvrtek 7. září 2017 15:38:19
00000409
sicz.local

Not Installed





Not Installed



24.03.2017 20:35:51 pátek 24. března 2017 21:35:51



















































































































































































































































































































































































Not Installed
                    úterý 5. září 2017 6:09:54







































00000405























































































































































































































































































































































































































































































































































































































































































































































































































































































































































































































































































































































































































































































































































































































































































































































































































































































































































































































































































































































































































































































































































































































































































































































































































































































































































































Microsoft Windows 10 Pro
10.0.15063



































































































































































































































































0






















































































































































































0
NN
C:\WINDOWS\system32
00000405
20975616
C:\WINDOWS\TEMP
N
caith
False












































































































21
33
C:\WINDOWS
8
16289
2017/09/12 16:30:06, INF, Comparing hotfixes between the 2 hosts......
PS C:\avas> TerminatingError(Add-Content): "Cannot bind argument to parameter 'Path' because it is null."
Add-Content : Cannot bind argument to parameter 'Path' because it is null.
At C:\avas\hotfixy-logika.ps1:34 char:33
+            $bytes | add-content $logfile -enc byte
+                                 ~~~~~~~~
    + CategoryInfo          : InvalidData: (:) [Add-Content], ParameterBindingValidationException
    + FullyQualifiedErrorId : ParameterArgumentValidationErrorNullNotAllowed,Microsoft.PowerShell.Commands.AddContentCom
mand
Add-Content : Cannot bind argument to parameter 'Path' because it is null.
At C:\avas\hotfixy-logika.ps1:34 char:33
+            $bytes | add-content $logfile -enc byte
+                                 ~~~~~~~~
    + CategoryInfo          : InvalidData: (:) [Add-Content], ParameterBindingValidationException
    + FullyQualifiedErrorId : ParameterArgumentValidationErrorNullNotAllowed,Microsoft.PowerShell.Commands.AddContentCommand

PS C:\avas> TerminatingError(Compare-Object): "Cannot bind argument to parameter 'ReferenceObject' because it is null."
Compare-Object : Cannot bind argument to parameter 'ReferenceObject' because it is null.
At C:\avas\Untitled-1-1-1-1.ps1:78 char:61
+ ...     {$comparedHotfixes = compare-object $fobjColl[0].hotfixes $fobjCo ...
+                                             ~~~~~~~~~~~~~~~~~~~~~
    + CategoryInfo          : InvalidData: (:) [Compare-Object], ParameterBindingValidationException
    + FullyQualifiedErrorId : ParameterArgumentValidationErrorNullNotAllowed,Microsoft.PowerShell.Commands.CompareObject
Command
Compare-Object : Cannot bind argument to parameter 'ReferenceObject' because it is null.
At C:\avas\Untitled-1-1-1-1.ps1:78 char:61
+ ...     {$comparedHotfixes = compare-object $fobjColl[0].hotfixes $fobjCo ...
+                                             ~~~~~~~~~~~~~~~~~~~~~
    + CategoryInfo          : InvalidData: (:) [Compare-Object], ParameterBindingValidationException
    + FullyQualifiedErrorId : ParameterArgumentValidationErrorNullNotAllowed,Microsoft.PowerShell.Commands.CompareObjectCommand

[done]
PS C:\avas> TerminatingError(Add-Content): "Cannot bind argument to parameter 'Path' because it is null."
Add-Content : Cannot bind argument to parameter 'Path' because it is null.
At C:\avas\hotfixy-logika.ps1:38 char:24
+            Add-Content $logfile $message
+                        ~~~~~~~~
    + CategoryInfo          : InvalidData: (:) [Add-Content], ParameterBindingValidationException
    + FullyQualifiedErrorId : ParameterArgumentValidationErrorNullNotAllowed,Microsoft.PowerShell.Commands.AddContentCom
mand
Add-Content : Cannot bind argument to parameter 'Path' because it is null.
At C:\avas\hotfixy-logika.ps1:38 char:24
+            Add-Content $logfile $message
+                        ~~~~~~~~
    + CategoryInfo          : InvalidData: (:) [Add-Content], ParameterBindingValidationException
    + FullyQualifiedErrorId : ParameterArgumentValidationErrorNullNotAllowed,Microsoft.PowerShell.Commands.AddContentCommand

PS C:\avas> TerminatingError(Compare-Object): "A positional parameter cannot be found that accepts argument 'â€property DisplayName, DisplayVersion, Publisher | Where .SideIndicator â€eq'."
Compare-Object : A positional parameter cannot be found that accepts argument 'â€property DisplayName, DisplayVersion, P
ublisher | Where .SideIndicator â€eq'.
At C:\avas\Untitled-1-1-1-1.ps1:138 char:1
+ Compare-Object $app $app2 â€“property DisplayName, DisplayVersion, Pu ...
+ ~~~~~~~~~~~~~~~~~~~~~~~~~~~~~~~~~~~~~~~~~~~~~~~~~~~~~~~~~~~~~~~~~~~~~
    + CategoryInfo          : InvalidArgument: (:) [Compare-Object], ParameterBindingException
    + FullyQualifiedErrorId : PositionalParameterNotFound,Microsoft.PowerShell.Commands.CompareObjectCommand
Compare-Object : A positional parameter cannot be found that accepts argument 'â€property DisplayName, DisplayVersion, Publisher | Where .SideIndicator â€eq'.
At C:\avas\Untitled-1-1-1-1.ps1:138 char:1
+ Compare-Object $app $app2 â€“property DisplayName, DisplayVersion, Pu ...
+ ~~~~~~~~~~~~~~~~~~~~~~~~~~~~~~~~~~~~~~~~~~~~~~~~~~~~~~~~~~~~~~~~~~~~~
    + CategoryInfo          : InvalidArgument: (:) [Compare-Object], ParameterBindingException
    + FullyQualifiedErrorId : PositionalParameterNotFound,Microsoft.PowerShell.Commands.CompareObjectCommand

















Publisher      : Microsoft Corporation
DisplayVersion : 10.0.26624
DisplayName    : Universal CRT Extension SDK

Publisher      : Microsoft Corporation
DisplayVersion : 10.1.15063.468
DisplayName    : Universal CRT Headers Libraries and Sources

Publisher      : Microsoft Corporation
DisplayVersion : 10.0.26624
DisplayName    : Universal CRT Headers Libraries and Sources

Publisher      : Microsoft Corporation
DisplayVersion : 14.11.25506
DisplayName    : Visual C++ Library CRT Appx Package

Publisher      : Microsoft Corporation
DisplayVersion : 14.11.25507
DisplayName    : Visual C++ Library CRT Appx Package

Publisher      : Microsoft Corporation
DisplayVersion : 10.1.15063.468
DisplayName    : Universal CRT Extension SDK



PS C:\avas> @{ 'computerName' = $env:ComputerName; 'processId' = $PID; 'instanceId' = $host.InstanceId }

Name                           Value
----                           -----
processId                      16324
computerName                   DESKTOP-V056PHL
instanceId                     629f5bf8-7b37-4ac2-b498-8ee545aa3140


PS C:\avas> CommandInvocation(Get-Command): "Get-Command"
>> ParameterBinding(Get-Command): name="ErrorAction"; value="Ignore"
>> ParameterBinding(Get-Command): name="Name"; value="ConvertFrom-Json"

CommandType     Name                                               Version    Source
-----------     ----                                               -------    ------
Cmdlet          ConvertFrom-Json                                   3.1.0.0    Microsoft.PowerShell.Utility


PS C:\avas> CommandInvocation(Get-Help): "Get-Help"
>> ParameterBinding(Get-Help): name="ErrorAction"; value="Ignore"
>> ParameterBinding(Get-Help): name="Name"; value="ConvertFrom-Json"

NAME
    ConvertFrom-Json

SYNOPSIS
    Converts a JSON-formatted string to a custom object.


SYNTAX
    ConvertFrom-Json [-InputObject] <String> [<CommonParameters>]


DESCRIPTION
    The ConvertFrom-Json cmdlet converts a JavaScript Object Notation (JSON) formatted string to a custom PSCustomObject object that has a property for each field in th
    e JSON string. JSON is commonly used by web sites to provide a textual representation of objects.

    To generate a JSON string from any object, use the ConvertTo-Json cmdlet.

    This cmdlet was introduced in Windows PowerShell 3.0.


RELATED LINKS
    Online Version: http://go.microsoft.com/fwlink/?LinkId=821753
    An Introduction to JavaScript Object Notation (JSON) in JavaScript and .NET http://msdn.microsoft.com/en-us/library/bb299886.aspx
    ConvertTo-Json
    Invoke-WebRequest
    Invoke-RestMethod

REMARKS
    To see the examples, type: "get-help ConvertFrom-Json -examples".
    For more information, type: "get-help ConvertFrom-Json -detailed".
    For technical information, type: "get-help ConvertFrom-Json -full".
    For online help, type: "get-help ConvertFrom-Json -online"


