**********************
Windows PowerShell transcript start
Start time: 20171006102738
Username: DESKTOP-TBE27PS\lukas
RunAs User: DESKTOP-TBE27PS\lukas
Configuration Name: 
Machine: DESKTOP-TBE27PS (Microsoft Windows NT 10.0.17004.0)
Host Application: C:\Windows\System32\WindowsPowerShell\v1.0\powershell_ise.exe
Process ID: 13672
PSVersion: 5.1.17004.1000
PSEdition: Desktop
PSCompatibleVersions: 1.0, 2.0, 3.0, 4.0, 5.0, 5.1.17004.1000
BuildVersion: 10.0.17004.1000
CLRVersion: 4.0.30319.42000
WSManStackVersion: 3.0
PSRemotingProtocolVersion: 2.3
SerializationVersion: 1.1.0.1
**********************
PS C:\WINDOWS\system32> ParameterBinding(Trace-SteroidsOutput): name="InputObject"; value="Transcript started, output file is D:\SICZ\avas\AVAS_LuKA\AVAS_2017_10_06.log"
Transcript started, output file is D:\SICZ\avas\AVAS_LuKA\AVAS_2017_10_06.log
PS C:\WINDOWS\system32> TerminatingError(): "The pipeline has been stopped."
PS C:\WINDOWS\system32> TerminatingError(): "The pipeline has been stopped."
PS C:\WINDOWS\system32> CommandInvocation(Trace-SteroidsOutput): "Trace-SteroidsOutput"
PS C:\WINDOWS\system32> ParameterBinding(Trace-SteroidsOutput): name="InputObject"; value="Transcript started, output file is ./transcript2017-10-06-10-35-27.txt"
Transcript started, output file is ./transcript2017-10-06-10-35-27.txt
WARNING: Skript je nutne spustit s opravneni Administrator! Spustne skript znovu!
PS C:\WINDOWS\system32> ParameterBinding(Trace-SteroidsOutput): name="InputObject"; value="Transcript started, output file is D:\SICZ\avas\AVAS_LuKA\AVAS_2017_10_06.log"
Transcript started, output file is D:\SICZ\avas\AVAS_LuKA\AVAS_2017_10_06.log
PS C:\WINDOWS\system32> ParameterBinding(Trace-SteroidsOutput): name="InputObject"; value="Cancel"
Cancel
PS C:\WINDOWS\system32> CommandInvocation(Trace-SteroidsOutput): "Trace-SteroidsOutput"
PS C:\WINDOWS\system32> ParameterBinding(Trace-SteroidsOutput): name="InputObject"; value="Transcript started, output file is ./transcript2017-10-06-10-36-14.txt"
Transcript started, output file is ./transcript2017-10-06-10-36-14.txt
WARNING: Skript je nutne spustit s opravneni Administrator! Spustne skript znovu!
PS C:\WINDOWS\system32> ParameterBinding(Trace-SteroidsOutput): name="InputObject"; value="Transcript started, output file is D:\SICZ\avas\AVAS_LuKA\AVAS_2017_10_06.log"
Transcript started, output file is D:\SICZ\avas\AVAS_LuKA\AVAS_2017_10_06.log
PS C:\WINDOWS\system32> ParameterBinding(Trace-SteroidsOutput): name="InputObject"; value="Cancel"
Cancel
PS C:\WINDOWS\system32> CommandInvocation(Trace-SteroidsOutput): "Trace-SteroidsOutput"
PS C:\WINDOWS\system32> ParameterBinding(Trace-SteroidsOutput): name="InputObject"; value="Transcript started, output file is ./transcript2017-10-06-10-40-37.txt"
Transcript started, output file is ./transcript2017-10-06-10-40-37.txt
WARNING: Skript je nutne spustit s opravneni Administrator! Spustne skript znovu!
PS C:\WINDOWS\system32> ParameterBinding(Trace-SteroidsOutput): name="InputObject"; value="Transcript started, output file is D:\SICZ\avas\AVAS_LuKA\AVAS_2017_10_06.log"
Transcript started, output file is D:\SICZ\avas\AVAS_LuKA\AVAS_2017_10_06.log
PS C:\WINDOWS\system32> ParameterBinding(Trace-SteroidsOutput): name="InputObject"; value="Cancel"
Cancel
PS C:\WINDOWS\system32> CommandInvocation(Trace-SteroidsOutput): "Trace-SteroidsOutput"
PS C:\WINDOWS\system32> ParameterBinding(Trace-SteroidsOutput): name="InputObject"; value="Transcript started, output file is ./transcript2017-10-06-10-42-17.txt"
Transcript started, output file is ./transcript2017-10-06-10-42-17.txt
WARNING: Skript je nutne spustit s opravneni Administrator! Spustne skript znovu!
PS C:\WINDOWS\system32> ParameterBinding(Trace-SteroidsOutput): name="InputObject"; value="Transcript started, output file is D:\SICZ\avas\AVAS_LuKA\AVAS_2017_10_06.log"
Transcript started, output file is D:\SICZ\avas\AVAS_LuKA\AVAS_2017_10_06.log
PS C:\WINDOWS\system32> ParameterBinding(Trace-SteroidsOutput): name="InputObject"; value="Cancel"
Cancel
**********************
Windows PowerShell transcript end
End time: 20171006105036
**********************
